Step: 1
[POMCP] applicable values:
        navigate(brl_robot, dock_station, stem_01): 0.9213026523510662
        navigate(brl_robot, dock_station, stem_02): 1.468213920500816

[POMCP] Selected: navigate(brl_robot, dock_station, stem_02)
[POMCP] Average simulation time:  0.0078
[POMCP] Average select time:  0.0
[Planner] Selected action: navigate(brl_robot, dock_station, stem_02)
[Planner] Observation:  ['located(brl_robot,stem_01)']
    [Feedback] method=ours, confidence=0.5569, threshold=0.0000, trigger=False
    [Planner] Updated confidence: 0.5568639170693561
    [Belief Diff]
      + add (1): located(brl_robot,stem_02)
      - del (1): located(brl_robot,dock_station)
[TIME] step_total=0.7854s (search=0.7850s, execute=0.0001s, update=0.0001s, interaction=0.0000s, pruning=0.0001s, overhead=0.0001s)
==================

Step: 2
[POMCP] applicable values:
        navigate(brl_robot, stem_02, dock_station): 1.275073598996896
        navigate(brl_robot, stem_02, stem_01): 0.4481074030106774
        detect(brl_robot, stem_02): 1.8645452904715183

[POMCP] Selected: detect(brl_robot, stem_02)
[POMCP] Average simulation time:  0.0084
[POMCP] Average select time:  0.0
[Planner] Selected action: detect(brl_robot, stem_02)
[Planner] Observation:  ['observed(tomato3)', 'observed(tomato4)', 'ripe(tomato3)', 'ripe(tomato4)']
    [Feedback] method=ours, confidence=0.2537, threshold=0.0000, trigger=False
    [Planner] Updated confidence: 0.2536542280784656
    [Belief Diff]
      + add (6): at(tomato3,stem_02), at(tomato4,stem_02), observed(tomato3), observed(tomato4), ripe(tomato3), ripe(tomato4)
      - del (0): -
[TIME] step_total=0.8469s (search=0.8423s, execute=0.0005s, update=0.0032s, interaction=0.0001s, pruning=0.0007s, overhead=0.0001s)
==================

Step: 3
[POMCP] applicable values:
        navigate(brl_robot, stem_02, dock_station): 0.0
        navigate(brl_robot, stem_02, stem_01): 1.188164810719254
        detect(brl_robot, stem_02): 1.6890188948862472
        pick(brl_robot, tomato3, stem_02): 0.8804475608708409
        pick(brl_robot, tomato4, stem_02): 0.0

[POMCP] Selected: detect(brl_robot, stem_02)
[POMCP] Average simulation time:  0.0079
[POMCP] Average select time:  0.0
[Planner] Selected action: detect(brl_robot, stem_02)
[Planner] Observation:  ['observed(tomato3)', 'observed(tomato4)', 'ripe(tomato3)', 'ripe(tomato4)']
    [Feedback] method=ours, confidence=0.2350, threshold=0.0000, trigger=False
    [Planner] Updated confidence: 0.23496025354218408
    [Belief Diff]
      + add (0): -
      - del (0): -
[TIME] step_total=0.7909s (search=0.7879s, execute=0.0005s, update=0.0022s, interaction=0.0000s, pruning=0.0002s, overhead=0.0001s)
==================

Step: 4
[POMCP] applicable values:
        navigate(brl_robot, stem_02, dock_station): 0.0
        navigate(brl_robot, stem_02, stem_01): 0.0
        detect(brl_robot, stem_02): 0.0
        pick(brl_robot, tomato3, stem_02): 5.592805393176822
        pick(brl_robot, tomato4, stem_02): 0.0

[POMCP] Selected: pick(brl_robot, tomato3, stem_02)
[POMCP] Average simulation time:  0.009
[POMCP] Average select time:  0.0
[Planner] Selected action: pick(brl_robot, tomato3, stem_02)
[Planner] Observation:  ['holding(brl_robot,tomato3)', 'holded(tomato3,brl_robot)']
    [Feedback] method=ours, confidence=0.9911, threshold=0.0000, trigger=False
    [Planner] Updated confidence: 0.9911090029016445
    [Belief Diff]
      + add (2): holding(brl_robot,tomato3), holded(tomato3,brl_robot)
      - del (2): handempty(brl_robot), at(tomato3,stem_02)
[TIME] step_total=0.8959s (search=0.8955s, execute=0.0001s, update=0.0001s, interaction=0.0000s, pruning=0.0001s, overhead=0.0001s)
==================

Step: 5
[POMCP] applicable values:
        scan(brl_robot, tomato3): 7.017490641985503
        place(brl_robot, tomato3): 1.1003166716294135
        discard(brl_robot, tomato3): 2.3653842370294176

[POMCP] Selected: scan(brl_robot, tomato3)
[POMCP] Average simulation time:  0.0092
[POMCP] Average select time:  0.0
[Planner] Selected action: scan(brl_robot, tomato3)
[Planner] Observation:  ['rotten(tomato3)']
    [Feedback] method=ours, confidence=0.8298, threshold=0.0000, trigger=False
    [Planner] Updated confidence: 0.8297849519323612
    [Belief Diff]
      + add (2): rotten(tomato3), scanned(tomato3)
      - del (1): ripe(tomato3)
[TIME] step_total=0.9249s (search=0.9241s, execute=0.0001s, update=0.0001s, interaction=0.0000s, pruning=0.0005s, overhead=0.0001s)
==================

Step: 6
[POMCP] applicable values:
        scan(brl_robot, tomato3): 0.0
        discard(brl_robot, tomato3): 6.407247212296919

[POMCP] Selected: discard(brl_robot, tomato3)
[POMCP] Average simulation time:  0.011
[POMCP] Average select time:  0.0
[Planner] Selected action: discard(brl_robot, tomato3)
[Planner] Observation:  ['discarded(tomato3)', 'handempty(brl_robot)']
    [Feedback] method=ours, confidence=0.9991, threshold=0.0000, trigger=False
    [Planner] Updated confidence: 0.9991337690875827
    [Belief Diff]
      + add (2): discarded(tomato3), handempty(brl_robot)
      - del (2): holding(brl_robot,tomato3), holded(tomato3,brl_robot)
[TIME] step_total=1.1008s (search=1.1004s, execute=0.0002s, update=0.0001s, interaction=0.0000s, pruning=0.0001s, overhead=0.0001s)
==================

Step: 7
[POMCP] applicable values:
        navigate(brl_robot, stem_02, dock_station): 0.0
        navigate(brl_robot, stem_02, stem_01): 1.3541793913156135
        detect(brl_robot, stem_02): 1.9851894129405272
        pick(brl_robot, tomato4, stem_02): 0.0

[POMCP] Selected: detect(brl_robot, stem_02)
[POMCP] Average simulation time:  0.0117
[POMCP] Average select time:  0.0
[Planner] Selected action: detect(brl_robot, stem_02)
[Planner] Observation:  ['observed(tomato4)', 'ripe(tomato4)']
    [Feedback] method=ours, confidence=0.1305, threshold=0.0000, trigger=False
    [Planner] Updated confidence: 0.13049571344331368
    [Belief Diff]
      + add (0): -
      - del (0): -
[TIME] step_total=1.1800s (search=1.1737s, execute=0.0024s, update=0.0027s, interaction=0.0000s, pruning=0.0010s, overhead=0.0001s)
==================

Step: 8
[POMCP] applicable values:
        navigate(brl_robot, stem_02, dock_station): 1.4044389868741762
        navigate(brl_robot, stem_02, stem_01): 1.4503896905137912
        detect(brl_robot, stem_02): 0.0
        pick(brl_robot, tomato4, stem_02): 0.8553384846262554

[POMCP] Selected: navigate(brl_robot, stem_02, stem_01)
[POMCP] Average simulation time:  0.01
[POMCP] Average select time:  0.0
[Planner] Selected action: navigate(brl_robot, stem_02, stem_01)
[Planner] Observation:  ['located(brl_robot,stem_01)']
    [Feedback] method=ours, confidence=0.9346, threshold=0.0000, trigger=False
    [Planner] Updated confidence: 0.9345542342360682
    [Belief Diff]
      + add (1): located(brl_robot,stem_01)
      - del (1): located(brl_robot,stem_02)
[TIME] step_total=0.9986s (search=0.9981s, execute=0.0002s, update=0.0001s, interaction=0.0000s, pruning=0.0002s, overhead=0.0001s)
==================

Step: 9
[POMCP] applicable values:
        navigate(brl_robot, stem_01, dock_station): 1.2168714373022447
        navigate(brl_robot, stem_01, stem_02): 1.16270984873816
        detect(brl_robot, stem_01): 1.0102640861524075

[POMCP] Selected: navigate(brl_robot, stem_01, dock_station)
[POMCP] Average simulation time:  0.0095
[POMCP] Average select time:  0.0
[Planner] Selected action: navigate(brl_robot, stem_01, dock_station)
[Planner] Observation:  ['located(brl_robot,dock_station)']
    [Feedback] method=ours, confidence=0.9557, threshold=0.0000, trigger=False
    [Planner] Updated confidence: 0.9557128003364287
    [Belief Diff]
      + add (1): located(brl_robot,dock_station)
      - del (1): located(brl_robot,stem_01)
[TIME] step_total=0.9521s (search=0.9514s, execute=0.0002s, update=0.0001s, interaction=0.0000s, pruning=0.0003s, overhead=0.0001s)
==================

Step: 10
[POMCP] applicable values:
        navigate(brl_robot, dock_station, stem_01): 1.4442268763486132
        navigate(brl_robot, dock_station, stem_02): 1.02987121825969

[POMCP] Selected: navigate(brl_robot, dock_station, stem_01)
[POMCP] Average simulation time:  0.011
[POMCP] Average select time:  0.0
[Planner] Selected action: navigate(brl_robot, dock_station, stem_01)
[Planner] Observation:  ['located(brl_robot,stem_01)']
    [Feedback] method=ours, confidence=0.9325, threshold=0.0000, trigger=False
    [Planner] Updated confidence: 0.9325077913717994
    [Belief Diff]
      + add (1): located(brl_robot,stem_01)
      - del (1): located(brl_robot,dock_station)
[TIME] step_total=1.0993s (search=1.0988s, execute=0.0002s, update=0.0001s, interaction=0.0000s, pruning=0.0002s, overhead=0.0001s)
==================

Step: 11
[POMCP] applicable values:
        navigate(brl_robot, stem_01, dock_station): 1.2582009556379092
        navigate(brl_robot, stem_01, stem_02): 1.9607754448662036
        detect(brl_robot, stem_01): 1.320835463076439

[POMCP] Selected: navigate(brl_robot, stem_01, stem_02)
[POMCP] Average simulation time:  0.0112
[POMCP] Average select time:  0.0
[Planner] Selected action: navigate(brl_robot, stem_01, stem_02)
[Planner] Observation:  ['located(brl_robot,stem_02)']
    [Feedback] method=ours, confidence=0.9239, threshold=0.0000, trigger=False
    [Planner] Updated confidence: 0.9239013228345061
    [Belief Diff]
      + add (1): located(brl_robot,stem_02)
      - del (1): located(brl_robot,stem_01)
[TIME] step_total=1.1217s (search=1.1210s, execute=0.0002s, update=0.0001s, interaction=0.0000s, pruning=0.0003s, overhead=0.0001s)
==================

Step: 12
[POMCP] applicable values:
        navigate(brl_robot, stem_02, dock_station): 0.0
        navigate(brl_robot, stem_02, stem_01): 0.0
        detect(brl_robot, stem_02): 2.3582412679159734
        pick(brl_robot, tomato4, stem_02): 0.0

[POMCP] Selected: detect(brl_robot, stem_02)
[POMCP] Average simulation time:  0.011
[POMCP] Average select time:  0.0
[Planner] Selected action: detect(brl_robot, stem_02)
[Planner] Observation:  ['observed(tomato4)', 'ripe(tomato4)']
    [Feedback] method=ours, confidence=0.0786, threshold=0.0000, trigger=False
    [Planner] Updated confidence: 0.07857674590900754
    [Belief Diff]
      + add (0): -
      - del (0): -
[TIME] step_total=1.1081s (search=1.1016s, execute=0.0024s, update=0.0027s, interaction=0.0000s, pruning=0.0013s, overhead=0.0001s)
==================

Step: 13
[POMCP] applicable values:
        navigate(brl_robot, stem_02, dock_station): 0.5871426551527015
        navigate(brl_robot, stem_02, stem_01): 1.4011641616229544
        detect(brl_robot, stem_02): 0.0
        pick(brl_robot, tomato4, stem_02): 0.9769584194711538

[POMCP] Selected: navigate(brl_robot, stem_02, stem_01)
[POMCP] Average simulation time:  0.01
[POMCP] Average select time:  0.0
[Planner] Selected action: navigate(brl_robot, stem_02, stem_01)
[Planner] Observation:  ['located(brl_robot,dock_station)']
    [Feedback] method=ours, confidence=0.2755, threshold=0.0000, trigger=False
    [Planner] Updated confidence: 0.275495481595994
    [Belief Diff]
      + add (1): located(brl_robot,stem_01)
      - del (1): located(brl_robot,stem_02)
[TIME] step_total=1.0025s (search=1.0020s, execute=0.0002s, update=0.0001s, interaction=0.0000s, pruning=0.0001s, overhead=0.0001s)
==================

Step: 14
[POMCP] applicable values:
        navigate(brl_robot, stem_01, dock_station): 1.1725955925440101
        navigate(brl_robot, stem_01, stem_02): 1.393023411703459
        detect(brl_robot, stem_01): 1.5465789326242136

[POMCP] Selected: detect(brl_robot, stem_01)
[POMCP] Average simulation time:  0.0113
[POMCP] Average select time:  0.0
[Planner] Selected action: detect(brl_robot, stem_01)
[Planner] Observation:  ['observed(tomato1)', 'observed(tomato2)', 'ripe(tomato1)', 'unripe(tomato2)']
    [Feedback] method=ours, confidence=0.3374, threshold=0.0000, trigger=False
    [Planner] Updated confidence: 0.33735067561928533
    [Belief Diff]
      + add (6): at(tomato1,stem_01), at(tomato2,stem_01), observed(tomato1), observed(tomato2), ripe(tomato1), unripe(tomato2)
      - del (0): -
[TIME] step_total=1.1323s (search=1.1263s, execute=0.0023s, update=0.0029s, interaction=0.0000s, pruning=0.0007s, overhead=0.0001s)
==================

Step: 15
[POMCP] applicable values:
        navigate(brl_robot, stem_01, dock_station): 0.0
        navigate(brl_robot, stem_01, stem_02): 4.0196253980284125
        detect(brl_robot, stem_01): 0.0
        pick(brl_robot, tomato1, stem_01): 0.0

[POMCP] Selected: navigate(brl_robot, stem_01, stem_02)
[POMCP] Average simulation time:  0.0086
[POMCP] Average select time:  0.0
[Planner] Selected action: navigate(brl_robot, stem_01, stem_02)
[Planner] Observation:  ['located(brl_robot,stem_02)']
    [Feedback] method=ours, confidence=0.9263, threshold=0.0000, trigger=False
    [Planner] Updated confidence: 0.9262528314763473
    [Belief Diff]
      + add (1): located(brl_robot,stem_02)
      - del (1): located(brl_robot,stem_01)
[TIME] step_total=0.8636s (search=0.8631s, execute=0.0002s, update=0.0001s, interaction=0.0000s, pruning=0.0001s, overhead=0.0001s)
==================

Step: 16
[POMCP] applicable values:
        navigate(brl_robot, stem_02, dock_station): 1.3575104166666665
        navigate(brl_robot, stem_02, stem_01): 0.0
        detect(brl_robot, stem_02): 1.8018696585798182
        pick(brl_robot, tomato4, stem_02): 4.856058538898162

[POMCP] Selected: pick(brl_robot, tomato4, stem_02)
[POMCP] Average simulation time:  0.009
[POMCP] Average select time:  0.0
[Planner] Selected action: pick(brl_robot, tomato4, stem_02)
[Planner] Observation:  ['holding(brl_robot,tomato4)', 'holded(tomato4,brl_robot)']
    [Feedback] method=ours, confidence=0.9954, threshold=0.0000, trigger=False
    [Planner] Updated confidence: 0.9954026823206082
    [Belief Diff]
      + add (2): holding(brl_robot,tomato4), holded(tomato4,brl_robot)
      - del (2): at(tomato4,stem_02), handempty(brl_robot)
[TIME] step_total=0.9042s (search=0.9034s, execute=0.0002s, update=0.0001s, interaction=0.0000s, pruning=0.0002s, overhead=0.0001s)
==================

Step: 17
[POMCP] applicable values:
        scan(brl_robot, tomato4): 5.9710419649075215
        place(brl_robot, tomato4): 1.8867680126765363
        discard(brl_robot, tomato4): 0.0

[POMCP] Selected: scan(brl_robot, tomato4)
[POMCP] Average simulation time:  0.0093
[POMCP] Average select time:  0.0
[Planner] Selected action: scan(brl_robot, tomato4)
[Planner] Observation:  ['ripe(tomato4)']
    [Feedback] method=ours, confidence=0.5185, threshold=0.0000, trigger=False
    [Planner] Updated confidence: 0.5184803093149517
    [Belief Diff]
      + add (1): scanned(tomato4)
      - del (0): -
[TIME] step_total=0.9358s (search=0.9349s, execute=0.0001s, update=0.0001s, interaction=0.0000s, pruning=0.0006s, overhead=0.0001s)
==================

Step: 18
[POMCP] applicable values:
        scan(brl_robot, tomato4): 0.0
        place(brl_robot, tomato4): 7.255158648840626
        discard(brl_robot, tomato4): 0.0

[POMCP] Selected: place(brl_robot, tomato4)
[POMCP] Average simulation time:  0.0101
[POMCP] Average select time:  0.0
[Planner] Selected action: place(brl_robot, tomato4)
[Planner] Observation:  []
    [Feedback] method=ours, confidence=0.9192, threshold=0.0000, trigger=False
    [Planner] Updated confidence: 0.9192357107233737
    [Belief Diff]
      + add (2): loaded(tomato4,brl_robot), handempty(brl_robot)
      - del (2): holding(brl_robot,tomato4), holded(tomato4,brl_robot)
[TIME] step_total=1.0085s (search=1.0081s, execute=0.0002s, update=0.0001s, interaction=0.0000s, pruning=0.0001s, overhead=0.0001s)
==================

Step: 19
[POMCP] applicable values:
        navigate(brl_robot, stem_02, dock_station): 0.0
        navigate(brl_robot, stem_02, stem_01): 0.0
        detect(brl_robot, stem_02): 2.9623211321730314

[POMCP] Selected: detect(brl_robot, stem_02)
[POMCP] Average simulation time:  0.0103
[POMCP] Average select time:  0.0
[Planner] Selected action: detect(brl_robot, stem_02)
[Planner] Observation:  []
    [Feedback] method=ours, confidence=0.0002, threshold=0.0000, trigger=False
    [Planner] Updated confidence: 0.00021454414913757436
    [Belief Diff]
      + add (0): -
      - del (0): -
[TIME] step_total=1.0375s (search=1.0312s, execute=0.0025s, update=0.0022s, interaction=0.0000s, pruning=0.0014s, overhead=0.0001s)
==================

Step: 20
[POMCP] applicable values:
        navigate(brl_robot, stem_02, dock_station): 1.400359618080133
        navigate(brl_robot, stem_02, stem_01): 3.639611578101847
        detect(brl_robot, stem_02): 1.3088616950705063

[POMCP] Selected: navigate(brl_robot, stem_02, stem_01)
[POMCP] Average simulation time:  0.0101
[POMCP] Average select time:  0.0
[Planner] Selected action: navigate(brl_robot, stem_02, stem_01)
[Planner] Observation:  ['located(brl_robot,stem_01)']
    [Feedback] method=ours, confidence=0.9796, threshold=0.0000, trigger=False
    [Planner] Updated confidence: 0.9795910260046998
    [Belief Diff]
      + add (1): located(brl_robot,stem_01)
      - del (1): located(brl_robot,stem_02)
[TIME] step_total=1.0060s (search=1.0055s, execute=0.0002s, update=0.0001s, interaction=0.0000s, pruning=0.0001s, overhead=0.0001s)
==================

Step: 21
[POMCP] applicable values:
        navigate(brl_robot, stem_01, dock_station): 0.0
        navigate(brl_robot, stem_01, stem_02): 0.0
        detect(brl_robot, stem_01): 0.0
        pick(brl_robot, tomato1, stem_01): 4.535546543080023

[POMCP] Selected: pick(brl_robot, tomato1, stem_01)
[POMCP] Average simulation time:  0.0102
[POMCP] Average select time:  0.0
[Planner] Selected action: pick(brl_robot, tomato1, stem_01)
[Planner] Observation:  ['holding(brl_robot,tomato1)', 'holded(tomato1,brl_robot)']
    [Feedback] method=ours, confidence=0.9926, threshold=0.0000, trigger=False
    [Planner] Updated confidence: 0.9926378127009304
    [Belief Diff]
      + add (2): holding(brl_robot,tomato1), holded(tomato1,brl_robot)
      - del (2): at(tomato1,stem_01), handempty(brl_robot)
[TIME] step_total=1.0163s (search=1.0159s, execute=0.0002s, update=0.0001s, interaction=0.0000s, pruning=0.0001s, overhead=0.0001s)
==================

Step: 22
[POMCP] applicable values:
        scan(brl_robot, tomato1): 4.997459233739486
        place(brl_robot, tomato1): 0.0
        discard(brl_robot, tomato1): 0.0

[POMCP] Selected: scan(brl_robot, tomato1)
[POMCP] Average simulation time:  0.0098
[POMCP] Average select time:  0.0
[Planner] Selected action: scan(brl_robot, tomato1)
[Planner] Observation:  ['ripe(tomato1)']
    [Feedback] method=ours, confidence=0.7357, threshold=0.0000, trigger=False
    [Planner] Updated confidence: 0.7357047366373797
    [Belief Diff]
      + add (1): scanned(tomato1)
      - del (0): -
[TIME] step_total=0.9850s (search=0.9842s, execute=0.0001s, update=0.0001s, interaction=0.0000s, pruning=0.0004s, overhead=0.0001s)
==================

Step: 23
[POMCP] applicable values:
        scan(brl_robot, tomato1): 0.0
        place(brl_robot, tomato1): 5.303743544138082
        discard(brl_robot, tomato1): 0.0

[POMCP] Selected: place(brl_robot, tomato1)
[POMCP] Average simulation time:  0.0092
[POMCP] Average select time:  0.0
[Planner] Selected action: place(brl_robot, tomato1)
[Planner] Observation:  ['loaded(tomato1,brl_robot)', 'handempty(brl_robot)']
    [Feedback] method=ours, confidence=0.9993, threshold=0.0000, trigger=False
    [Planner] Updated confidence: 0.9993209242557527
    [Belief Diff]
      + add (2): loaded(tomato1,brl_robot), handempty(brl_robot)
      - del (2): holding(brl_robot,tomato1), holded(tomato1,brl_robot)
[TIME] step_total=0.9175s (search=0.9172s, execute=0.0002s, update=0.0001s, interaction=0.0000s, pruning=0.0000s, overhead=0.0001s)
[TIME SUMMARY]
avg search: 0.9814s
avg execute: 0.0006s
avg update: 0.0008s
avg interaction: 0.0000s
avg pruning: 0.0004s
avg step wall: 0.9832s
total wall clock: 22.6142s
=============Action Log=============
[STEP 1]: navigate(brl_robot, dock_station, stem_02)
[STEP 2]: detect(brl_robot, stem_02)
[STEP 3]: detect(brl_robot, stem_02)
[STEP 4]: pick(brl_robot, tomato3, stem_02)
[STEP 5]: scan(brl_robot, tomato3)
[STEP 6]: discard(brl_robot, tomato3)
[STEP 7]: detect(brl_robot, stem_02)
[STEP 8]: navigate(brl_robot, stem_02, stem_01)
[STEP 9]: navigate(brl_robot, stem_01, dock_station)
[STEP 10]: navigate(brl_robot, dock_station, stem_01)
[STEP 11]: navigate(brl_robot, stem_01, stem_02)
[STEP 12]: detect(brl_robot, stem_02)
[STEP 13]: navigate(brl_robot, stem_02, stem_01)
[STEP 14]: detect(brl_robot, stem_01)
[STEP 15]: navigate(brl_robot, stem_01, stem_02)
[STEP 16]: pick(brl_robot, tomato4, stem_02)
[STEP 17]: scan(brl_robot, tomato4)
[STEP 18]: place(brl_robot, tomato4)
[STEP 19]: detect(brl_robot, stem_02)
[STEP 20]: navigate(brl_robot, stem_02, stem_01)
[STEP 21]: pick(brl_robot, tomato1, stem_01)
[STEP 22]: scan(brl_robot, tomato1)
[STEP 23]: place(brl_robot, tomato1)
=============Final Knowledge=============
at(tomato2,stem_01)
discarded(tomato3)
handempty(brl_robot)
loaded(tomato1,brl_robot)
loaded(tomato4,brl_robot)
located(brl_robot,stem_01)
location(dock_station)
location(stem_01)
location(stem_02)
observed(tomato1)
observed(tomato2)
observed(tomato3)
observed(tomato4)
ripe(tomato1)
ripe(tomato4)
robot(brl_robot)
rotten(tomato3)
scanned(tomato1)
scanned(tomato3)
scanned(tomato4)
stem(stem_01)
stem(stem_02)
tomato(tomato1)
tomato(tomato2)
tomato(tomato3)
tomato(tomato4)
unripe(tomato2)
=============Query=============
Total Query 0
=============Action Schema Summary=============
detect: actions=6, questions=0, expected_questions_per_action=0.0000
discard: actions=1, questions=0, expected_questions_per_action=0.0000
navigate: actions=8, questions=0, expected_questions_per_action=0.0000
pick: actions=3, questions=0, expected_questions_per_action=0.0000
place: actions=2, questions=0, expected_questions_per_action=0.0000
scan: actions=3, questions=0, expected_questions_per_action=0.0000
=============Log File=============
/home/changmin/PyProject/00_BRL-CF/experiments_logs/system_log/e1_threshold/tomato/scene_02_step50/ours/oracle/tau_0-0/exp_tomato_20260803_221656_125432.txt
