Step: 1
[POMCP] applicable values:
        navigate(brl_robot, dock_station, stem_01): 0.0
        navigate(brl_robot, dock_station, stem_02): 1.86713016008073

[POMCP] Selected: navigate(brl_robot, dock_station, stem_02)
[POMCP] Average simulation time:  0.0078
[POMCP] Average select time:  0.0
[Planner] Selected action: navigate(brl_robot, dock_station, stem_02)
[Planner] Observation:  ['located(brl_robot,stem_02)']
    [Feedback] method=ours, confidence=0.9615, threshold=0.0000, trigger=False
    [Planner] Updated confidence: 0.9614575499129687
    [Belief Diff]
      + add (1): located(brl_robot,stem_02)
      - del (1): located(brl_robot,dock_station)
[TIME] step_total=0.7795s (search=0.7790s, execute=0.0002s, update=0.0002s, interaction=0.0001s, pruning=0.0001s, overhead=0.0001s)
==================

Step: 2
[POMCP] applicable values:
        navigate(brl_robot, stem_02, dock_station): 0.5501583358147066
        navigate(brl_robot, stem_02, stem_01): 0.609593723894412
        detect(brl_robot, stem_02): 2.0644611695592245

[POMCP] Selected: detect(brl_robot, stem_02)
[POMCP] Average simulation time:  0.0084
[POMCP] Average select time:  0.0
[Planner] Selected action: detect(brl_robot, stem_02)
[Planner] Observation:  ['observed(tomato3)', 'observed(tomato4)', 'ripe(tomato3)', 'ripe(tomato4)']
    [Feedback] method=ours, confidence=0.2724, threshold=0.0000, trigger=False
    [Planner] Updated confidence: 0.27244073953078973
    [Belief Diff]
      + add (6): at(tomato3,stem_02), at(tomato4,stem_02), observed(tomato3), observed(tomato4), ripe(tomato3), ripe(tomato4)
      - del (0): -
[TIME] step_total=0.8440s (search=0.8396s, execute=0.0005s, update=0.0032s, interaction=0.0000s, pruning=0.0005s, overhead=0.0001s)
==================

Step: 3
[POMCP] applicable values:
        navigate(brl_robot, stem_02, dock_station): 1.2287454641366817
        navigate(brl_robot, stem_02, stem_01): 0.0
        detect(brl_robot, stem_02): 1.7164144619311168
        pick(brl_robot, tomato3, stem_02): 4.095212612151264
        pick(brl_robot, tomato4, stem_02): 0.0

[POMCP] Selected: pick(brl_robot, tomato3, stem_02)
[POMCP] Average simulation time:  0.009
[POMCP] Average select time:  0.0
[Planner] Selected action: pick(brl_robot, tomato3, stem_02)
[Planner] Observation:  ['holding(brl_robot,tomato3)', 'holded(tomato3,brl_robot)']
    [Feedback] method=ours, confidence=0.9963, threshold=0.0000, trigger=False
    [Planner] Updated confidence: 0.9962665796909274
    [Belief Diff]
      + add (2): holding(brl_robot,tomato3), holded(tomato3,brl_robot)
      - del (2): handempty(brl_robot), at(tomato3,stem_02)
[TIME] step_total=0.8969s (search=0.8964s, execute=0.0002s, update=0.0001s, interaction=0.0000s, pruning=0.0002s, overhead=0.0001s)
==================

Step: 4
[POMCP] applicable values:
        scan(brl_robot, tomato3): 6.749701434414063
        place(brl_robot, tomato3): 1.2964269134114585
        discard(brl_robot, tomato3): 0.0

[POMCP] Selected: scan(brl_robot, tomato3)
[POMCP] Average simulation time:  0.0104
[POMCP] Average select time:  0.0
[Planner] Selected action: scan(brl_robot, tomato3)
[Planner] Observation:  ['rotten(tomato3)']
    [Feedback] method=ours, confidence=0.8558, threshold=0.0000, trigger=False
    [Planner] Updated confidence: 0.8557900795232345
    [Belief Diff]
      + add (2): rotten(tomato3), scanned(tomato3)
      - del (1): ripe(tomato3)
[TIME] step_total=1.0413s (search=1.0406s, execute=0.0001s, update=0.0001s, interaction=0.0000s, pruning=0.0004s, overhead=0.0001s)
==================

Step: 5
[POMCP] applicable values:
        scan(brl_robot, tomato3): 3.301665575399383
        discard(brl_robot, tomato3): 6.227216337567921

[POMCP] Selected: discard(brl_robot, tomato3)
[POMCP] Average simulation time:  0.0117
[POMCP] Average select time:  0.0
[Planner] Selected action: discard(brl_robot, tomato3)
[Planner] Observation:  ['discarded(tomato3)', 'handempty(brl_robot)']
    [Feedback] method=ours, confidence=0.9990, threshold=0.0000, trigger=False
    [Planner] Updated confidence: 0.9990211161998706
    [Belief Diff]
      + add (2): discarded(tomato3), handempty(brl_robot)
      - del (2): holding(brl_robot,tomato3), holded(tomato3,brl_robot)
[TIME] step_total=1.1712s (search=1.1708s, execute=0.0002s, update=0.0001s, interaction=0.0000s, pruning=0.0001s, overhead=0.0001s)
==================

Step: 6
[POMCP] applicable values:
        navigate(brl_robot, stem_02, dock_station): 0.7512956816139563
        navigate(brl_robot, stem_02, stem_01): 0.5230472676582587
        detect(brl_robot, stem_02): 1.933381988349228
        pick(brl_robot, tomato4, stem_02): 0.34843361268264755

[POMCP] Selected: detect(brl_robot, stem_02)
[POMCP] Average simulation time:  0.0116
[POMCP] Average select time:  0.0
[Planner] Selected action: detect(brl_robot, stem_02)
[Planner] Observation:  ['observed(tomato4)', 'ripe(tomato4)']
    [Feedback] method=ours, confidence=0.1396, threshold=0.0000, trigger=False
    [Planner] Updated confidence: 0.13962992773374172
    [Belief Diff]
      + add (0): -
      - del (0): -
[TIME] step_total=1.1697s (search=1.1634s, execute=0.0026s, update=0.0028s, interaction=0.0000s, pruning=0.0008s, overhead=0.0001s)
==================

Step: 7
[POMCP] applicable values:
        navigate(brl_robot, stem_02, dock_station): 1.1365046231997973
        navigate(brl_robot, stem_02, stem_01): 0.0
        detect(brl_robot, stem_02): 0.7656773531334083
        pick(brl_robot, tomato4, stem_02): 0.0

[POMCP] Selected: navigate(brl_robot, stem_02, dock_station)
[POMCP] Average simulation time:  0.0106
[POMCP] Average select time:  0.0
[Planner] Selected action: navigate(brl_robot, stem_02, dock_station)
[Planner] Observation:  ['located(brl_robot,dock_station)']
    [Feedback] method=ours, confidence=0.9426, threshold=0.0000, trigger=False
    [Planner] Updated confidence: 0.9425768528269669
    [Belief Diff]
      + add (1): located(brl_robot,dock_station)
      - del (1): located(brl_robot,stem_02)
[TIME] step_total=1.0639s (search=1.0634s, execute=0.0002s, update=0.0001s, interaction=0.0000s, pruning=0.0001s, overhead=0.0001s)
==================

Step: 8
[POMCP] applicable values:
        navigate(brl_robot, dock_station, stem_01): 0.6448174479166666
        navigate(brl_robot, dock_station, stem_02): 1.4020481984310813

[POMCP] Selected: navigate(brl_robot, dock_station, stem_02)
[POMCP] Average simulation time:  0.0116
[POMCP] Average select time:  0.0
[Planner] Selected action: navigate(brl_robot, dock_station, stem_02)
[Planner] Observation:  ['located(brl_robot,stem_02)']
    [Feedback] method=ours, confidence=0.9744, threshold=0.0000, trigger=False
    [Planner] Updated confidence: 0.9743584363133878
    [Belief Diff]
      + add (1): located(brl_robot,stem_02)
      - del (1): located(brl_robot,dock_station)
[TIME] step_total=1.1598s (search=1.1593s, execute=0.0002s, update=0.0001s, interaction=0.0000s, pruning=0.0001s, overhead=0.0001s)
==================

Step: 9
[POMCP] applicable values:
        navigate(brl_robot, stem_02, dock_station): 1.3755561416529054
        navigate(brl_robot, stem_02, stem_01): 0.0
        detect(brl_robot, stem_02): 1.602028667526147
        pick(brl_robot, tomato4, stem_02): 0.0

[POMCP] Selected: detect(brl_robot, stem_02)
[POMCP] Average simulation time:  0.0127
[POMCP] Average select time:  0.0
[Planner] Selected action: detect(brl_robot, stem_02)
[Planner] Observation:  ['observed(tomato4)', 'unripe(tomato4)']
    [Feedback] method=ours, confidence=0.0107, threshold=0.0000, trigger=False
    [Planner] Updated confidence: 0.010699413049874096
    [Belief Diff]
      + add (1): unripe(tomato4)
      - del (1): ripe(tomato4)
[TIME] step_total=1.2751s (search=1.2687s, execute=0.0025s, update=0.0028s, interaction=0.0000s, pruning=0.0009s, overhead=0.0001s)
==================

Step: 10
[POMCP] applicable values:
        navigate(brl_robot, stem_02, dock_station): 0.1617667724868545
        navigate(brl_robot, stem_02, stem_01): 0.4653570565933576
        detect(brl_robot, stem_02): 1.054360489010573

[POMCP] Selected: detect(brl_robot, stem_02)
[POMCP] Average simulation time:  0.0106
[POMCP] Average select time:  0.0
[Planner] Selected action: detect(brl_robot, stem_02)
[Planner] Observation:  ['observed(tomato4)', 'ripe(tomato4)']
    [Feedback] method=ours, confidence=0.0662, threshold=0.0000, trigger=False
    [Planner] Updated confidence: 0.06620112337211304
    [Belief Diff]
      + add (1): ripe(tomato4)
      - del (1): unripe(tomato4)
[TIME] step_total=1.0617s (search=1.0560s, execute=0.0025s, update=0.0028s, interaction=0.0000s, pruning=0.0002s, overhead=0.0001s)
==================

Step: 11
[POMCP] applicable values:
        navigate(brl_robot, stem_02, dock_station): 0.0
        navigate(brl_robot, stem_02, stem_01): 0.0
        detect(brl_robot, stem_02): 0.0
        pick(brl_robot, tomato4, stem_02): 4.7557218187831545

[POMCP] Selected: pick(brl_robot, tomato4, stem_02)
[POMCP] Average simulation time:  0.0097
[POMCP] Average select time:  0.0
[Planner] Selected action: pick(brl_robot, tomato4, stem_02)
[Planner] Observation:  ['holding(brl_robot,tomato4)', 'holded(tomato4,brl_robot)']
    [Feedback] method=ours, confidence=0.9943, threshold=0.0000, trigger=False
    [Planner] Updated confidence: 0.9943193459433652
    [Belief Diff]
      + add (2): holding(brl_robot,tomato4), holded(tomato4,brl_robot)
      - del (2): at(tomato4,stem_02), handempty(brl_robot)
[TIME] step_total=0.9697s (search=0.9693s, execute=0.0002s, update=0.0001s, interaction=0.0000s, pruning=0.0001s, overhead=0.0001s)
==================

Step: 12
[POMCP] applicable values:
        scan(brl_robot, tomato4): 5.396916155296956
        place(brl_robot, tomato4): 0.0
        discard(brl_robot, tomato4): 0.0

[POMCP] Selected: scan(brl_robot, tomato4)
[POMCP] Average simulation time:  0.01
[POMCP] Average select time:  0.0
[Planner] Selected action: scan(brl_robot, tomato4)
[Planner] Observation:  ['ripe(tomato4)']
    [Feedback] method=ours, confidence=0.6293, threshold=0.0000, trigger=False
    [Planner] Updated confidence: 0.6292724768732197
    [Belief Diff]
      + add (1): scanned(tomato4)
      - del (0): -
[TIME] step_total=1.0032s (search=1.0025s, execute=0.0001s, update=0.0001s, interaction=0.0000s, pruning=0.0004s, overhead=0.0001s)
==================

Step: 13
[POMCP] applicable values:
        scan(brl_robot, tomato4): 4.670833333333333
        place(brl_robot, tomato4): 5.852980528852577
        discard(brl_robot, tomato4): 0.0

[POMCP] Selected: place(brl_robot, tomato4)
[POMCP] Average simulation time:  0.0116
[POMCP] Average select time:  0.0
[Planner] Selected action: place(brl_robot, tomato4)
[Planner] Observation:  []
    [Feedback] method=ours, confidence=0.9192, threshold=0.0000, trigger=False
    [Planner] Updated confidence: 0.9192357107233737
    [Belief Diff]
      + add (2): loaded(tomato4,brl_robot), handempty(brl_robot)
      - del (2): holded(tomato4,brl_robot), holding(brl_robot,tomato4)
[TIME] step_total=1.1576s (search=1.1571s, execute=0.0002s, update=0.0001s, interaction=0.0000s, pruning=0.0001s, overhead=0.0001s)
==================

Step: 14
[POMCP] applicable values:
        navigate(brl_robot, stem_02, dock_station): 0.887304485509075
        navigate(brl_robot, stem_02, stem_01): 0.0
        detect(brl_robot, stem_02): 1.1173130081726699

[POMCP] Selected: detect(brl_robot, stem_02)
[POMCP] Average simulation time:  0.0123
[POMCP] Average select time:  0.0
[Planner] Selected action: detect(brl_robot, stem_02)
[Planner] Observation:  []
    [Feedback] method=ours, confidence=0.0002, threshold=0.0000, trigger=False
    [Planner] Updated confidence: 0.00021454414913757436
    [Belief Diff]
      + add (0): -
      - del (0): -
[TIME] step_total=1.2373s (search=1.2312s, execute=0.0027s, update=0.0022s, interaction=0.0000s, pruning=0.0010s, overhead=0.0001s)
==================

Step: 15
[POMCP] applicable values:
        navigate(brl_robot, stem_02, dock_station): 0.42778506939958744
        navigate(brl_robot, stem_02, stem_01): 0.0
        detect(brl_robot, stem_02): 1.3474222346327338

[POMCP] Selected: detect(brl_robot, stem_02)
[POMCP] Average simulation time:  0.011
[POMCP] Average select time:  0.0
[Planner] Selected action: detect(brl_robot, stem_02)
[Planner] Observation:  []
    [Feedback] method=ours, confidence=0.0002, threshold=0.0000, trigger=False
    [Planner] Updated confidence: 0.00021454414913757436
    [Belief Diff]
      + add (0): -
      - del (0): -
[TIME] step_total=1.1038s (search=1.0986s, execute=0.0026s, update=0.0022s, interaction=0.0000s, pruning=0.0003s, overhead=0.0001s)
==================

Step: 16
[POMCP] applicable values:
        navigate(brl_robot, stem_02, dock_station): 0.0
        navigate(brl_robot, stem_02, stem_01): 0.5795537591781261
        detect(brl_robot, stem_02): 1.3269468702245113

[POMCP] Selected: detect(brl_robot, stem_02)
[POMCP] Average simulation time:  0.0121
[POMCP] Average select time:  0.0
[Planner] Selected action: detect(brl_robot, stem_02)
[Planner] Observation:  []
    [Feedback] method=ours, confidence=0.0002, threshold=0.0000, trigger=False
    [Planner] Updated confidence: 0.00021454414913757436
    [Belief Diff]
      + add (0): -
      - del (0): -
[TIME] step_total=1.2152s (search=1.2100s, execute=0.0026s, update=0.0022s, interaction=0.0000s, pruning=0.0003s, overhead=0.0001s)
==================

Step: 17
[POMCP] applicable values:
        navigate(brl_robot, stem_02, dock_station): 0.7988560750416385
        navigate(brl_robot, stem_02, stem_01): 0.0
        detect(brl_robot, stem_02): 0.3160000512646999

[POMCP] Selected: navigate(brl_robot, stem_02, dock_station)
[POMCP] Average simulation time:  0.0115
[POMCP] Average select time:  0.0
[Planner] Selected action: navigate(brl_robot, stem_02, dock_station)
[Planner] Observation:  ['located(brl_robot,dock_station)']
    [Feedback] method=ours, confidence=0.9854, threshold=0.0000, trigger=False
    [Planner] Updated confidence: 0.9853570218089022
    [Belief Diff]
      + add (1): located(brl_robot,dock_station)
      - del (1): located(brl_robot,stem_02)
[TIME] step_total=1.1474s (search=1.1469s, execute=0.0002s, update=0.0001s, interaction=0.0000s, pruning=0.0001s, overhead=0.0001s)
==================

Step: 18
[POMCP] applicable values:
        navigate(brl_robot, dock_station, stem_01): 0.7130755138679289
        navigate(brl_robot, dock_station, stem_02): 1.5030662447243195

[POMCP] Selected: navigate(brl_robot, dock_station, stem_02)
[POMCP] Average simulation time:  0.011
[POMCP] Average select time:  0.0
[Planner] Selected action: navigate(brl_robot, dock_station, stem_02)
[Planner] Observation:  ['located(brl_robot,stem_02)']
    [Feedback] method=ours, confidence=0.9737, threshold=0.0000, trigger=False
    [Planner] Updated confidence: 0.9736887026014772
    [Belief Diff]
      + add (1): located(brl_robot,stem_02)
      - del (1): located(brl_robot,dock_station)
[TIME] step_total=1.1001s (search=1.0994s, execute=0.0002s, update=0.0001s, interaction=0.0000s, pruning=0.0003s, overhead=0.0001s)
==================

Step: 19
[POMCP] applicable values:
        navigate(brl_robot, stem_02, dock_station): 0.0
        navigate(brl_robot, stem_02, stem_01): 0.0
        detect(brl_robot, stem_02): 2.3588661058582687

[POMCP] Selected: detect(brl_robot, stem_02)
[POMCP] Average simulation time:  0.0119
[POMCP] Average select time:  0.0
[Planner] Selected action: detect(brl_robot, stem_02)
[Planner] Observation:  []
    [Feedback] method=ours, confidence=0.0002, threshold=0.0000, trigger=False
    [Planner] Updated confidence: 0.00021454414913757436
    [Belief Diff]
      + add (0): -
      - del (0): -
[TIME] step_total=1.1977s (search=1.1916s, execute=0.0031s, update=0.0022s, interaction=0.0000s, pruning=0.0006s, overhead=0.0001s)
==================

Step: 20
[POMCP] applicable values:
        navigate(brl_robot, stem_02, dock_station): 0.0
        navigate(brl_robot, stem_02, stem_01): 0.9194190381330316
        detect(brl_robot, stem_02): 1.0264096489774694

[POMCP] Selected: detect(brl_robot, stem_02)
[POMCP] Average simulation time:  0.0112
[POMCP] Average select time:  0.0
[Planner] Selected action: detect(brl_robot, stem_02)
[Planner] Observation:  []
    [Feedback] method=ours, confidence=0.0002, threshold=0.0000, trigger=False
    [Planner] Updated confidence: 0.00021454414913757436
    [Belief Diff]
      + add (0): -
      - del (0): -
[TIME] step_total=1.1296s (search=1.1243s, execute=0.0026s, update=0.0022s, interaction=0.0001s, pruning=0.0003s, overhead=0.0001s)
==================

Step: 21
[POMCP] applicable values:
        navigate(brl_robot, stem_02, dock_station): 0.323533544973709
        navigate(brl_robot, stem_02, stem_01): 1.0066266284907623
        detect(brl_robot, stem_02): 0.9389623109000772

[POMCP] Selected: navigate(brl_robot, stem_02, stem_01)
[POMCP] Average simulation time:  0.0118
[POMCP] Average select time:  0.0
[Planner] Selected action: navigate(brl_robot, stem_02, stem_01)
[Planner] Observation:  ['located(brl_robot,stem_01)']
    [Feedback] method=ours, confidence=0.9490, threshold=0.0000, trigger=False
    [Planner] Updated confidence: 0.9489596005300596
    [Belief Diff]
      + add (1): located(brl_robot,stem_01)
      - del (1): located(brl_robot,stem_02)
[TIME] step_total=1.1810s (search=1.1805s, execute=0.0002s, update=0.0001s, interaction=0.0000s, pruning=0.0002s, overhead=0.0001s)
==================

Step: 22
[POMCP] applicable values:
        navigate(brl_robot, stem_01, dock_station): 0.40441693121713623
        navigate(brl_robot, stem_01, stem_02): 0.5403600876626368
        detect(brl_robot, stem_01): 1.819135597693078

[POMCP] Selected: detect(brl_robot, stem_01)
[POMCP] Average simulation time:  0.0121
[POMCP] Average select time:  0.0
[Planner] Selected action: detect(brl_robot, stem_01)
[Planner] Observation:  ['observed(tomato1)', 'observed(tomato2)', 'unripe(tomato1)', 'unripe(tomato2)']
    [Feedback] method=ours, confidence=0.3978, threshold=0.0000, trigger=False
    [Planner] Updated confidence: 0.3977755764941916
    [Belief Diff]
      + add (6): at(tomato1,stem_01), at(tomato2,stem_01), observed(tomato1), observed(tomato2), unripe(tomato1), unripe(tomato2)
      - del (0): -
[TIME] step_total=1.2137s (search=1.2087s, execute=0.0024s, update=0.0022s, interaction=0.0000s, pruning=0.0003s, overhead=0.0001s)
==================

Step: 23
[POMCP] applicable values:
        navigate(brl_robot, stem_01, dock_station): 0.8069940964024536
        navigate(brl_robot, stem_01, stem_02): 1.04985233575103
        detect(brl_robot, stem_01): 0.0

[POMCP] Selected: navigate(brl_robot, stem_01, stem_02)
[POMCP] Average simulation time:  0.0104
[POMCP] Average select time:  0.0
[Planner] Selected action: navigate(brl_robot, stem_01, stem_02)
[Planner] Observation:  ['located(brl_robot,stem_02)']
    [Feedback] method=ours, confidence=0.9820, threshold=0.0000, trigger=False
    [Planner] Updated confidence: 0.9820228395157713
    [Belief Diff]
      + add (1): located(brl_robot,stem_02)
      - del (1): located(brl_robot,stem_01)
[TIME] step_total=1.0433s (search=1.0427s, execute=0.0002s, update=0.0001s, interaction=0.0000s, pruning=0.0001s, overhead=0.0001s)
==================

Step: 24
[POMCP] applicable values:
        navigate(brl_robot, stem_02, dock_station): 1.551679829062333
        navigate(brl_robot, stem_02, stem_01): 0.0
        detect(brl_robot, stem_02): 0.8425015884349363

[POMCP] Selected: navigate(brl_robot, stem_02, dock_station)
[POMCP] Average simulation time:  0.0107
[POMCP] Average select time:  0.0
[Planner] Selected action: navigate(brl_robot, stem_02, dock_station)
[Planner] Observation:  ['located(brl_robot,dock_station)']
    [Feedback] method=ours, confidence=0.9582, threshold=0.0000, trigger=False
    [Planner] Updated confidence: 0.9581937248728185
    [Belief Diff]
      + add (1): located(brl_robot,dock_station)
      - del (1): located(brl_robot,stem_02)
[TIME] step_total=1.0678s (search=1.0673s, execute=0.0002s, update=0.0001s, interaction=0.0000s, pruning=0.0001s, overhead=0.0001s)
==================

Step: 25
[POMCP] applicable values:
        navigate(brl_robot, dock_station, stem_01): 1.7839257685970469
        navigate(brl_robot, dock_station, stem_02): 1.0118506754447172

[POMCP] Selected: navigate(brl_robot, dock_station, stem_01)
[POMCP] Average simulation time:  0.0125
[POMCP] Average select time:  0.0
[Planner] Selected action: navigate(brl_robot, dock_station, stem_01)
[Planner] Observation:  ['located(brl_robot,stem_01)']
    [Feedback] method=ours, confidence=0.9439, threshold=0.0000, trigger=False
    [Planner] Updated confidence: 0.9439499553623576
    [Belief Diff]
      + add (1): located(brl_robot,stem_01)
      - del (1): located(brl_robot,dock_station)
[TIME] step_total=1.2471s (search=1.2464s, execute=0.0002s, update=0.0001s, interaction=0.0000s, pruning=0.0003s, overhead=0.0001s)
==================

Step: 26
[POMCP] applicable values:
        navigate(brl_robot, stem_01, dock_station): 0.0
        navigate(brl_robot, stem_01, stem_02): 0.0
        detect(brl_robot, stem_01): 2.218466373150702

[POMCP] Selected: detect(brl_robot, stem_01)
[POMCP] Average simulation time:  0.0122
[POMCP] Average select time:  0.0
[Planner] Selected action: detect(brl_robot, stem_01)
[Planner] Observation:  ['observed(tomato1)', 'observed(tomato2)', 'ripe(tomato1)', 'unripe(tomato2)']
    [Feedback] method=ours, confidence=0.5306, threshold=0.0000, trigger=False
    [Planner] Updated confidence: 0.5306175090096963
    [Belief Diff]
      + add (1): ripe(tomato1)
      - del (1): unripe(tomato1)
[TIME] step_total=1.2289s (search=1.2236s, execute=0.0023s, update=0.0022s, interaction=0.0000s, pruning=0.0007s, overhead=0.0001s)
==================

Step: 27
[POMCP] applicable values:
        navigate(brl_robot, stem_01, dock_station): 2.6509586979186195
        navigate(brl_robot, stem_01, stem_02): 0.8117796823478859
        detect(brl_robot, stem_01): 0.8230553332022215
        pick(brl_robot, tomato1, stem_01): 0.0

[POMCP] Selected: navigate(brl_robot, stem_01, dock_station)
[POMCP] Average simulation time:  0.0097
[POMCP] Average select time:  0.0
[Planner] Selected action: navigate(brl_robot, stem_01, dock_station)
[Planner] Observation:  ['located(brl_robot,stem_01)']
    [Feedback] method=ours, confidence=0.2942, threshold=0.0000, trigger=False
    [Planner] Updated confidence: 0.2941858150341239
    [Belief Diff]
      + add (0): -
      - del (0): -
[TIME] step_total=0.9667s (search=0.9658s, execute=0.0002s, update=0.0001s, interaction=0.0000s, pruning=0.0006s, overhead=0.0001s)
==================

Step: 28
[POMCP] applicable values:
        navigate(brl_robot, stem_01, dock_station): 0.0
        navigate(brl_robot, stem_01, stem_02): 0.0
        detect(brl_robot, stem_01): 1.5786531630490284
        pick(brl_robot, tomato1, stem_01): 4.305445098490379

[POMCP] Selected: pick(brl_robot, tomato1, stem_01)
[POMCP] Average simulation time:  0.0109
[POMCP] Average select time:  0.0
[Planner] Selected action: pick(brl_robot, tomato1, stem_01)
[Planner] Observation:  ['holding(brl_robot,tomato1)', 'holded(tomato1,brl_robot)']
    [Feedback] method=ours, confidence=0.9978, threshold=0.0000, trigger=False
    [Planner] Updated confidence: 0.9977522121773003
    [Belief Diff]
      + add (2): holding(brl_robot,tomato1), holded(tomato1,brl_robot)
      - del (2): handempty(brl_robot), at(tomato1,stem_01)
[TIME] step_total=1.0944s (search=1.0939s, execute=0.0002s, update=0.0001s, interaction=0.0000s, pruning=0.0002s, overhead=0.0001s)
==================

Step: 29
[POMCP] applicable values:
        scan(brl_robot, tomato1): 5.05620860940392
        place(brl_robot, tomato1): 0.0
        discard(brl_robot, tomato1): 0.0

[POMCP] Selected: scan(brl_robot, tomato1)
[POMCP] Average simulation time:  0.0102
[POMCP] Average select time:  0.0
[Planner] Selected action: scan(brl_robot, tomato1)
[Planner] Observation:  ['ripe(tomato1)']
    [Feedback] method=ours, confidence=0.7923, threshold=0.0000, trigger=False
    [Planner] Updated confidence: 0.7922723075696869
    [Belief Diff]
      + add (1): scanned(tomato1)
      - del (0): -
[TIME] step_total=1.0203s (search=1.0195s, execute=0.0002s, update=0.0001s, interaction=0.0000s, pruning=0.0005s, overhead=0.0001s)
==================

Step: 30
[POMCP] applicable values:
        scan(brl_robot, tomato1): 2.375
        place(brl_robot, tomato1): 5.388417794576911
        discard(brl_robot, tomato1): 0.0

[POMCP] Selected: place(brl_robot, tomato1)
[POMCP] Average simulation time:  0.0103
[POMCP] Average select time:  0.0001
[Planner] Selected action: place(brl_robot, tomato1)
[Planner] Observation:  ['loaded(tomato1,brl_robot)', 'handempty(brl_robot)']
    [Feedback] method=ours, confidence=0.9995, threshold=0.0000, trigger=False
    [Planner] Updated confidence: 0.99949517074584
    [Belief Diff]
      + add (2): loaded(tomato1,brl_robot), handempty(brl_robot)
      - del (2): holded(tomato1,brl_robot), holding(brl_robot,tomato1)
[TIME] step_total=1.0299s (search=1.0295s, execute=0.0002s, update=0.0001s, interaction=0.0000s, pruning=0.0000s, overhead=0.0001s)
[TIME SUMMARY]
avg search: 1.0915s
avg execute: 0.0010s
avg update: 0.0010s
avg interaction: 0.0000s
avg pruning: 0.0003s
avg step wall: 1.0939s
total wall clock: 32.8182s
=============Action Log=============
[STEP 1]: navigate(brl_robot, dock_station, stem_02)
[STEP 2]: detect(brl_robot, stem_02)
[STEP 3]: pick(brl_robot, tomato3, stem_02)
[STEP 4]: scan(brl_robot, tomato3)
[STEP 5]: discard(brl_robot, tomato3)
[STEP 6]: detect(brl_robot, stem_02)
[STEP 7]: navigate(brl_robot, stem_02, dock_station)
[STEP 8]: navigate(brl_robot, dock_station, stem_02)
[STEP 9]: detect(brl_robot, stem_02)
[STEP 10]: detect(brl_robot, stem_02)
[STEP 11]: pick(brl_robot, tomato4, stem_02)
[STEP 12]: scan(brl_robot, tomato4)
[STEP 13]: place(brl_robot, tomato4)
[STEP 14]: detect(brl_robot, stem_02)
[STEP 15]: detect(brl_robot, stem_02)
[STEP 16]: detect(brl_robot, stem_02)
[STEP 17]: navigate(brl_robot, stem_02, dock_station)
[STEP 18]: navigate(brl_robot, dock_station, stem_02)
[STEP 19]: detect(brl_robot, stem_02)
[STEP 20]: detect(brl_robot, stem_02)
[STEP 21]: navigate(brl_robot, stem_02, stem_01)
[STEP 22]: detect(brl_robot, stem_01)
[STEP 23]: navigate(brl_robot, stem_01, stem_02)
[STEP 24]: navigate(brl_robot, stem_02, dock_station)
[STEP 25]: navigate(brl_robot, dock_station, stem_01)
[STEP 26]: detect(brl_robot, stem_01)
[STEP 27]: navigate(brl_robot, stem_01, dock_station)
[STEP 28]: pick(brl_robot, tomato1, stem_01)
[STEP 29]: scan(brl_robot, tomato1)
[STEP 30]: place(brl_robot, tomato1)
=============Final Knowledge=============
at(tomato2,stem_01)
discarded(tomato3)
handempty(brl_robot)
loaded(tomato1,brl_robot)
loaded(tomato4,brl_robot)
located(brl_robot,stem_01)
location(dock_station)
location(stem_01)
location(stem_02)
observed(tomato1)
observed(tomato2)
observed(tomato3)
observed(tomato4)
ripe(tomato1)
ripe(tomato4)
robot(brl_robot)
rotten(tomato3)
scanned(tomato1)
scanned(tomato3)
scanned(tomato4)
stem(stem_01)
stem(stem_02)
tomato(tomato1)
tomato(tomato2)
tomato(tomato3)
tomato(tomato4)
unripe(tomato2)
=============Query=============
Total Query 0
=============Action Schema Summary=============
detect: actions=11, questions=0, expected_questions_per_action=0.0000
discard: actions=1, questions=0, expected_questions_per_action=0.0000
navigate: actions=10, questions=0, expected_questions_per_action=0.0000
pick: actions=3, questions=0, expected_questions_per_action=0.0000
place: actions=2, questions=0, expected_questions_per_action=0.0000
scan: actions=3, questions=0, expected_questions_per_action=0.0000
=============Log File=============
/home/changmin/PyProject/00_BRL-CF/experiments_logs/system_log/e1_threshold/tomato/scene_02_step50/ours/oracle/tau_0-0/exp_tomato_20260803_221149_829100.txt
