Step: 1
[POMCP] applicable values:
        navigate(brl_robot, dock_station, stem_01): 1.272058360237242
        navigate(brl_robot, dock_station, stem_02): 1.2988760321242199

[POMCP] Selected: navigate(brl_robot, dock_station, stem_02)
[POMCP] Average simulation time:  0.0077
[POMCP] Average select time:  0.0
[Planner] Selected action: navigate(brl_robot, dock_station, stem_02)
[Planner] Observation:  ['located(brl_robot,stem_02)']
    [Feedback] method=ours, confidence=0.9693, threshold=0.0000, trigger=False
    [Planner] Updated confidence: 0.9693142898979912
    [Belief Diff]
      + add (1): located(brl_robot,stem_02)
      - del (1): located(brl_robot,dock_station)
[TIME] step_total=0.7702s (search=0.7696s, execute=0.0001s, update=0.0001s, interaction=0.0000s, pruning=0.0002s, overhead=0.0001s)
==================

Step: 2
[POMCP] applicable values:
        navigate(brl_robot, stem_02, dock_station): 0.7721520502662551
        navigate(brl_robot, stem_02, stem_01): 1.882320290685481
        detect(brl_robot, stem_02): 1.4926015703836126

[POMCP] Selected: navigate(brl_robot, stem_02, stem_01)
[POMCP] Average simulation time:  0.0077
[POMCP] Average select time:  0.0
[Planner] Selected action: navigate(brl_robot, stem_02, stem_01)
[Planner] Observation:  ['located(brl_robot,stem_01)']
    [Feedback] method=ours, confidence=0.9676, threshold=0.0000, trigger=False
    [Planner] Updated confidence: 0.9676102308660174
    [Belief Diff]
      + add (1): located(brl_robot,stem_01)
      - del (1): located(brl_robot,stem_02)
[TIME] step_total=0.7736s (search=0.7731s, execute=0.0001s, update=0.0001s, interaction=0.0000s, pruning=0.0001s, overhead=0.0001s)
==================

Step: 3
[POMCP] applicable values:
        navigate(brl_robot, stem_01, dock_station): 0.7484211740479735
        navigate(brl_robot, stem_01, stem_02): 0.0
        detect(brl_robot, stem_01): 1.9557393070634514

[POMCP] Selected: detect(brl_robot, stem_01)
[POMCP] Average simulation time:  0.0089
[POMCP] Average select time:  0.0
[Planner] Selected action: detect(brl_robot, stem_01)
[Planner] Observation:  ['observed(tomato1)', 'observed(tomato2)', 'ripe(tomato1)', 'unripe(tomato2)']
    [Feedback] method=ours, confidence=0.3264, threshold=0.0000, trigger=False
    [Planner] Updated confidence: 0.3264035867496383
    [Belief Diff]
      + add (6): at(tomato1,stem_01), at(tomato2,stem_01), observed(tomato1), observed(tomato2), ripe(tomato1), unripe(tomato2)
      - del (0): -
[TIME] step_total=0.8957s (search=0.8856s, execute=0.0005s, update=0.0091s, interaction=0.0000s, pruning=0.0004s, overhead=0.0001s)
==================

Step: 4
[POMCP] applicable values:
        navigate(brl_robot, stem_01, dock_station): 1.364705679042971
        navigate(brl_robot, stem_01, stem_02): 1.6731934097279137
        detect(brl_robot, stem_01): 0.0
        pick(brl_robot, tomato1, stem_01): 4.465941012939779

[POMCP] Selected: pick(brl_robot, tomato1, stem_01)
[POMCP] Average simulation time:  0.0076
[POMCP] Average select time:  0.0
[Planner] Selected action: pick(brl_robot, tomato1, stem_01)
[Planner] Observation:  ['holding(brl_robot,tomato1)', 'holded(tomato1,brl_robot)']
    [Feedback] method=ours, confidence=0.9918, threshold=0.0000, trigger=False
    [Planner] Updated confidence: 0.9917513244738672
    [Belief Diff]
      + add (2): holding(brl_robot,tomato1), holded(tomato1,brl_robot)
      - del (2): at(tomato1,stem_01), handempty(brl_robot)
[TIME] step_total=0.7647s (search=0.7642s, execute=0.0001s, update=0.0001s, interaction=0.0000s, pruning=0.0002s, overhead=0.0001s)
==================

Step: 5
[POMCP] applicable values:
        scan(brl_robot, tomato1): 5.766358710699873
        place(brl_robot, tomato1): 0.0
        discard(brl_robot, tomato1): 0.0

[POMCP] Selected: scan(brl_robot, tomato1)
[POMCP] Average simulation time:  0.0105
[POMCP] Average select time:  0.0
[Planner] Selected action: scan(brl_robot, tomato1)
[Planner] Observation:  ['ripe(tomato1)']
    [Feedback] method=ours, confidence=0.4826, threshold=0.0000, trigger=False
    [Planner] Updated confidence: 0.48256928899077844
    [Belief Diff]
      + add (1): scanned(tomato1)
      - del (0): -
[TIME] step_total=1.0530s (search=1.0524s, execute=0.0001s, update=0.0001s, interaction=0.0000s, pruning=0.0003s, overhead=0.0001s)
==================

Step: 6
[POMCP] applicable values:
        scan(brl_robot, tomato1): 4.75
        place(brl_robot, tomato1): 6.683311988314983
        discard(brl_robot, tomato1): 0.0

[POMCP] Selected: place(brl_robot, tomato1)
[POMCP] Average simulation time:  0.0113
[POMCP] Average select time:  0.0
[Planner] Selected action: place(brl_robot, tomato1)
[Planner] Observation:  ['loaded(tomato1,brl_robot)', 'handempty(brl_robot)']
    [Feedback] method=ours, confidence=0.9997, threshold=0.0000, trigger=False
    [Planner] Updated confidence: 0.9997445692445911
    [Belief Diff]
      + add (2): loaded(tomato1,brl_robot), handempty(brl_robot)
      - del (2): holding(brl_robot,tomato1), holded(tomato1,brl_robot)
[TIME] step_total=1.1344s (search=1.1340s, execute=0.0001s, update=0.0001s, interaction=0.0000s, pruning=0.0001s, overhead=0.0001s)
==================

Step: 7
[POMCP] applicable values:
        navigate(brl_robot, stem_01, dock_station): 1.1975619057854023
        navigate(brl_robot, stem_01, stem_02): 0.0
        detect(brl_robot, stem_01): 2.4572771730251612

[POMCP] Selected: detect(brl_robot, stem_01)
[POMCP] Average simulation time:  0.0118
[POMCP] Average select time:  0.0
[Planner] Selected action: detect(brl_robot, stem_01)
[Planner] Observation:  ['observed(tomato2)', 'unripe(tomato2)']
    [Feedback] method=ours, confidence=0.0533, threshold=0.0000, trigger=False
    [Planner] Updated confidence: 0.05327187881040685
    [Belief Diff]
      + add (0): -
      - del (0): -
[TIME] step_total=1.1884s (search=1.1821s, execute=0.0025s, update=0.0028s, interaction=0.0000s, pruning=0.0009s, overhead=0.0001s)
==================

Step: 8
[POMCP] applicable values:
        navigate(brl_robot, stem_01, dock_station): 0.0
        navigate(brl_robot, stem_01, stem_02): 1.4094600834899664
        detect(brl_robot, stem_01): 1.6323853145998535

[POMCP] Selected: detect(brl_robot, stem_01)
[POMCP] Average simulation time:  0.0108
[POMCP] Average select time:  0.0
[Planner] Selected action: detect(brl_robot, stem_01)
[Planner] Observation:  ['observed(tomato2)', 'unripe(tomato2)']
    [Feedback] method=ours, confidence=0.0656, threshold=0.0000, trigger=False
    [Planner] Updated confidence: 0.06557273688299348
    [Belief Diff]
      + add (0): -
      - del (0): -
[TIME] step_total=1.0815s (search=1.0758s, execute=0.0025s, update=0.0028s, interaction=0.0000s, pruning=0.0003s, overhead=0.0001s)
==================

Step: 9
[POMCP] applicable values:
        navigate(brl_robot, stem_01, dock_station): 0.5688000922764598
        navigate(brl_robot, stem_01, stem_02): 0.0
        detect(brl_robot, stem_01): 1.8175714976881947

[POMCP] Selected: detect(brl_robot, stem_01)
[POMCP] Average simulation time:  0.0119
[POMCP] Average select time:  0.0
[Planner] Selected action: detect(brl_robot, stem_01)
[Planner] Observation:  ['observed(tomato2)', 'unripe(tomato2)']
    [Feedback] method=ours, confidence=0.0972, threshold=0.0000, trigger=False
    [Planner] Updated confidence: 0.09716907675680553
    [Belief Diff]
      + add (0): -
      - del (0): -
[TIME] step_total=1.1925s (search=1.1869s, execute=0.0025s, update=0.0028s, interaction=0.0000s, pruning=0.0003s, overhead=0.0001s)
==================

Step: 10
[POMCP] applicable values:
        navigate(brl_robot, stem_01, dock_station): 0.6386522420688904
        navigate(brl_robot, stem_01, stem_02): 0.0
        detect(brl_robot, stem_01): 1.080159642274627

[POMCP] Selected: detect(brl_robot, stem_01)
[POMCP] Average simulation time:  0.0116
[POMCP] Average select time:  0.0
[Planner] Selected action: detect(brl_robot, stem_01)
[Planner] Observation:  ['observed(tomato2)', 'unripe(tomato2)']
    [Feedback] method=ours, confidence=0.1001, threshold=0.0000, trigger=False
    [Planner] Updated confidence: 0.10012709058124869
    [Belief Diff]
      + add (0): -
      - del (0): -
[TIME] step_total=1.1635s (search=1.1575s, execute=0.0026s, update=0.0029s, interaction=0.0001s, pruning=0.0004s, overhead=0.0001s)
==================

Step: 11
[POMCP] applicable values:
        navigate(brl_robot, stem_01, dock_station): 1.1582466993980816
        navigate(brl_robot, stem_01, stem_02): 0.0
        detect(brl_robot, stem_01): 0.9483433605336149

[POMCP] Selected: navigate(brl_robot, stem_01, dock_station)
[POMCP] Average simulation time:  0.0107
[POMCP] Average select time:  0.0
[Planner] Selected action: navigate(brl_robot, stem_01, dock_station)
[Planner] Observation:  ['located(brl_robot,dock_station)']
    [Feedback] method=ours, confidence=0.9784, threshold=0.0000, trigger=False
    [Planner] Updated confidence: 0.9783545682593532
    [Belief Diff]
      + add (1): located(brl_robot,dock_station)
      - del (1): located(brl_robot,stem_01)
[TIME] step_total=1.0663s (search=1.0659s, execute=0.0002s, update=0.0001s, interaction=0.0000s, pruning=0.0001s, overhead=0.0001s)
==================

Step: 12
[POMCP] applicable values:
        navigate(brl_robot, dock_station, stem_01): 1.819355306845856
        navigate(brl_robot, dock_station, stem_02): 0.552850359407552

[POMCP] Selected: navigate(brl_robot, dock_station, stem_01)
[POMCP] Average simulation time:  0.0115
[POMCP] Average select time:  0.0
[Planner] Selected action: navigate(brl_robot, dock_station, stem_01)
[Planner] Observation:  ['located(brl_robot,stem_01)']
    [Feedback] method=ours, confidence=0.9616, threshold=0.0000, trigger=False
    [Planner] Updated confidence: 0.961586042806942
    [Belief Diff]
      + add (1): located(brl_robot,stem_01)
      - del (1): located(brl_robot,dock_station)
[TIME] step_total=1.1473s (search=1.1468s, execute=0.0002s, update=0.0001s, interaction=0.0000s, pruning=0.0002s, overhead=0.0001s)
==================

Step: 13
[POMCP] applicable values:
        navigate(brl_robot, stem_01, dock_station): 1.2362817580264585
        navigate(brl_robot, stem_01, stem_02): 0.0
        detect(brl_robot, stem_01): 2.3383980794460957

[POMCP] Selected: detect(brl_robot, stem_01)
[POMCP] Average simulation time:  0.0119
[POMCP] Average select time:  0.0
[Planner] Selected action: detect(brl_robot, stem_01)
[Planner] Observation:  ['observed(tomato2)', 'unripe(tomato2)']
    [Feedback] method=ours, confidence=0.0932, threshold=0.0000, trigger=False
    [Planner] Updated confidence: 0.09315139697059538
    [Belief Diff]
      + add (0): -
      - del (0): -
[TIME] step_total=1.2008s (search=1.1946s, execute=0.0025s, update=0.0028s, interaction=0.0000s, pruning=0.0008s, overhead=0.0001s)
==================

Step: 14
[POMCP] applicable values:
        navigate(brl_robot, stem_01, dock_station): 0.6855058021710673
        navigate(brl_robot, stem_01, stem_02): 0.0
        detect(brl_robot, stem_01): 1.4215214888474603

[POMCP] Selected: detect(brl_robot, stem_01)
[POMCP] Average simulation time:  0.0107
[POMCP] Average select time:  0.0
[Planner] Selected action: detect(brl_robot, stem_01)
[Planner] Observation:  ['observed(tomato2)', 'ripe(tomato2)']
    [Feedback] method=ours, confidence=0.0197, threshold=0.0000, trigger=False
    [Planner] Updated confidence: 0.019657783668778572
    [Belief Diff]
      + add (1): ripe(tomato2)
      - del (1): unripe(tomato2)
[TIME] step_total=1.0798s (search=1.0741s, execute=0.0025s, update=0.0028s, interaction=0.0000s, pruning=0.0004s, overhead=0.0001s)
==================

Step: 15
[POMCP] applicable values:
        navigate(brl_robot, stem_01, dock_station): 0.0
        navigate(brl_robot, stem_01, stem_02): 1.0148963563579139
        detect(brl_robot, stem_01): 1.5465323857582758
        pick(brl_robot, tomato2, stem_01): 0.0

[POMCP] Selected: detect(brl_robot, stem_01)
[POMCP] Average simulation time:  0.0111
[POMCP] Average select time:  0.0
[Planner] Selected action: detect(brl_robot, stem_01)
[Planner] Observation:  ['observed(tomato2)', 'unripe(tomato2)']
    [Feedback] method=ours, confidence=0.1582, threshold=0.0000, trigger=False
    [Planner] Updated confidence: 0.15818830742779277
    [Belief Diff]
      + add (1): unripe(tomato2)
      - del (1): ripe(tomato2)
[TIME] step_total=1.1152s (search=1.1095s, execute=0.0025s, update=0.0028s, interaction=0.0000s, pruning=0.0003s, overhead=0.0001s)
==================

Step: 16
[POMCP] applicable values:
        navigate(brl_robot, stem_01, dock_station): 0.8129212880300539
        navigate(brl_robot, stem_01, stem_02): 0.6793279483868823
        detect(brl_robot, stem_01): 1.2342519912960297

[POMCP] Selected: detect(brl_robot, stem_01)
[POMCP] Average simulation time:  0.011
[POMCP] Average select time:  0.0
[Planner] Selected action: detect(brl_robot, stem_01)
[Planner] Observation:  ['observed(tomato2)', 'unripe(tomato2)']
    [Feedback] method=ours, confidence=0.0477, threshold=0.0000, trigger=False
    [Planner] Updated confidence: 0.047703138594122674
    [Belief Diff]
      + add (0): -
      - del (0): -
[TIME] step_total=1.1031s (search=1.0976s, execute=0.0025s, update=0.0028s, interaction=0.0000s, pruning=0.0002s, overhead=0.0001s)
==================

Step: 17
[POMCP] applicable values:
        navigate(brl_robot, stem_01, dock_station): 0.4503000730521973
        navigate(brl_robot, stem_01, stem_02): 1.3543743889104807
        detect(brl_robot, stem_01): 0.0

[POMCP] Selected: navigate(brl_robot, stem_01, stem_02)
[POMCP] Average simulation time:  0.0108
[POMCP] Average select time:  0.0
[Planner] Selected action: navigate(brl_robot, stem_01, stem_02)
[Planner] Observation:  ['located(brl_robot,stem_02)']
    [Feedback] method=ours, confidence=0.9647, threshold=0.0000, trigger=False
    [Planner] Updated confidence: 0.9646825544513576
    [Belief Diff]
      + add (1): located(brl_robot,stem_02)
      - del (1): located(brl_robot,stem_01)
[TIME] step_total=1.0766s (search=1.0761s, execute=0.0002s, update=0.0001s, interaction=0.0000s, pruning=0.0001s, overhead=0.0001s)
==================

Step: 18
[POMCP] applicable values:
        navigate(brl_robot, stem_02, dock_station): 1.25279582075159
        navigate(brl_robot, stem_02, stem_01): 1.2989658120626755
        detect(brl_robot, stem_02): 1.572461718311973

[POMCP] Selected: detect(brl_robot, stem_02)
[POMCP] Average simulation time:  0.0116
[POMCP] Average select time:  0.0
[Planner] Selected action: detect(brl_robot, stem_02)
[Planner] Observation:  ['observed(tomato3)', 'observed(tomato4)', 'ripe(tomato3)', 'ripe(tomato4)']
    [Feedback] method=ours, confidence=0.3310, threshold=0.0000, trigger=False
    [Planner] Updated confidence: 0.33104796694177185
    [Belief Diff]
      + add (6): at(tomato3,stem_02), at(tomato4,stem_02), observed(tomato3), observed(tomato4), ripe(tomato3), ripe(tomato4)
      - del (0): -
[TIME] step_total=1.1621s (search=1.1559s, execute=0.0024s, update=0.0030s, interaction=0.0000s, pruning=0.0007s, overhead=0.0001s)
==================

Step: 19
[POMCP] applicable values:
        navigate(brl_robot, stem_02, dock_station): 0.0
        navigate(brl_robot, stem_02, stem_01): 1.2156201959743425
        detect(brl_robot, stem_02): 0.0
        pick(brl_robot, tomato3, stem_02): 0.0
        pick(brl_robot, tomato4, stem_02): 5.65117645320424

[POMCP] Selected: pick(brl_robot, tomato4, stem_02)
[POMCP] Average simulation time:  0.0096
[POMCP] Average select time:  0.0
[Planner] Selected action: pick(brl_robot, tomato4, stem_02)
[Planner] Observation:  ['holding(brl_robot,tomato4)', 'holded(tomato4,brl_robot)']
    [Feedback] method=ours, confidence=0.9837, threshold=0.0000, trigger=False
    [Planner] Updated confidence: 0.9837106469966879
    [Belief Diff]
      + add (2): holding(brl_robot,tomato4), holded(tomato4,brl_robot)
      - del (2): at(tomato4,stem_02), handempty(brl_robot)
[TIME] step_total=0.9654s (search=0.9649s, execute=0.0001s, update=0.0001s, interaction=0.0000s, pruning=0.0001s, overhead=0.0001s)
==================

Step: 20
[POMCP] applicable values:
        scan(brl_robot, tomato4): 6.864701543018058
        place(brl_robot, tomato4): 2.701800438313184
        discard(brl_robot, tomato4): 2.036265625

[POMCP] Selected: scan(brl_robot, tomato4)
[POMCP] Average simulation time:  0.0098
[POMCP] Average select time:  0.0
[Planner] Selected action: scan(brl_robot, tomato4)
[Planner] Observation:  ['ripe(tomato4)']
    [Feedback] method=ours, confidence=0.6356, threshold=0.0000, trigger=False
    [Planner] Updated confidence: 0.6355996994712723
    [Belief Diff]
      + add (1): scanned(tomato4)
      - del (0): -
[TIME] step_total=0.9766s (search=0.9759s, execute=0.0001s, update=0.0001s, interaction=0.0000s, pruning=0.0004s, overhead=0.0001s)
==================

Step: 21
[POMCP] applicable values:
        scan(brl_robot, tomato4): 4.316673846971415
        place(brl_robot, tomato4): 6.732249392357168
        discard(brl_robot, tomato4): 0.0

[POMCP] Selected: place(brl_robot, tomato4)
[POMCP] Average simulation time:  0.011
[POMCP] Average select time:  0.0
[Planner] Selected action: place(brl_robot, tomato4)
[Planner] Observation:  ['loaded(tomato4,brl_robot)', 'handempty(brl_robot)']
    [Feedback] method=ours, confidence=0.9998, threshold=0.0000, trigger=False
    [Planner] Updated confidence: 0.999784421543335
    [Belief Diff]
      + add (2): loaded(tomato4,brl_robot), handempty(brl_robot)
      - del (2): holded(tomato4,brl_robot), holding(brl_robot,tomato4)
[TIME] step_total=1.0984s (search=1.0979s, execute=0.0002s, update=0.0001s, interaction=0.0000s, pruning=0.0001s, overhead=0.0001s)
==================

Step: 22
[POMCP] applicable values:
        navigate(brl_robot, stem_02, dock_station): 0.0
        navigate(brl_robot, stem_02, stem_01): 2.5994983958117777
        detect(brl_robot, stem_02): 0.0
        pick(brl_robot, tomato3, stem_02): 0.0

[POMCP] Selected: navigate(brl_robot, stem_02, stem_01)
[POMCP] Average simulation time:  0.0113
[POMCP] Average select time:  0.0
[Planner] Selected action: navigate(brl_robot, stem_02, stem_01)
[Planner] Observation:  ['located(brl_robot,stem_01)']
    [Feedback] method=ours, confidence=0.9513, threshold=0.0000, trigger=False
    [Planner] Updated confidence: 0.951287016229169
    [Belief Diff]
      + add (1): located(brl_robot,stem_01)
      - del (1): located(brl_robot,stem_02)
[TIME] step_total=1.1318s (search=1.1312s, execute=0.0002s, update=0.0001s, interaction=0.0000s, pruning=0.0002s, overhead=0.0001s)
==================

Step: 23
[POMCP] applicable values:
        navigate(brl_robot, stem_01, dock_station): 0.6223120656792998
        navigate(brl_robot, stem_01, stem_02): 0.0
        detect(brl_robot, stem_01): 3.277258163602917

[POMCP] Selected: detect(brl_robot, stem_01)
[POMCP] Average simulation time:  0.0118
[POMCP] Average select time:  0.0
[Planner] Selected action: detect(brl_robot, stem_01)
[Planner] Observation:  ['observed(tomato2)', 'ripe(tomato2)']
    [Feedback] method=ours, confidence=0.0084, threshold=0.0000, trigger=False
    [Planner] Updated confidence: 0.008386623970182194
    [Belief Diff]
      + add (1): ripe(tomato2)
      - del (1): unripe(tomato2)
[TIME] step_total=1.1834s (search=1.1771s, execute=0.0024s, update=0.0022s, interaction=0.0000s, pruning=0.0015s, overhead=0.0001s)
==================

Step: 24
[POMCP] applicable values:
        navigate(brl_robot, stem_01, dock_station): 0.0
        navigate(brl_robot, stem_01, stem_02): 0.0
        detect(brl_robot, stem_01): 1.203681789175957
        pick(brl_robot, tomato2, stem_01): 3.8272776225219287

[POMCP] Selected: pick(brl_robot, tomato2, stem_01)
[POMCP] Average simulation time:  0.0104
[POMCP] Average select time:  0.0
[Planner] Selected action: pick(brl_robot, tomato2, stem_01)
[Planner] Observation:  ['holding(brl_robot,tomato2)', 'holded(tomato2,brl_robot)']
    [Feedback] method=ours, confidence=0.9966, threshold=0.0000, trigger=False
    [Planner] Updated confidence: 0.9966051452271498
    [Belief Diff]
      + add (2): holding(brl_robot,tomato2), holded(tomato2,brl_robot)
      - del (2): at(tomato2,stem_01), handempty(brl_robot)
[TIME] step_total=1.0418s (search=1.0414s, execute=0.0002s, update=0.0001s, interaction=0.0000s, pruning=0.0000s, overhead=0.0001s)
[TIME SUMMARY]
avg search: 1.0537s
avg execute: 0.0011s
avg update: 0.0016s
avg interaction: 0.0000s
avg pruning: 0.0003s
avg step wall: 1.0569s
total wall clock: 25.3665s
=============Action Log=============
[STEP 1]: navigate(brl_robot, dock_station, stem_02)
[STEP 2]: navigate(brl_robot, stem_02, stem_01)
[STEP 3]: detect(brl_robot, stem_01)
[STEP 4]: pick(brl_robot, tomato1, stem_01)
[STEP 5]: scan(brl_robot, tomato1)
[STEP 6]: place(brl_robot, tomato1)
[STEP 7]: detect(brl_robot, stem_01)
[STEP 8]: detect(brl_robot, stem_01)
[STEP 9]: detect(brl_robot, stem_01)
[STEP 10]: detect(brl_robot, stem_01)
[STEP 11]: navigate(brl_robot, stem_01, dock_station)
[STEP 12]: navigate(brl_robot, dock_station, stem_01)
[STEP 13]: detect(brl_robot, stem_01)
[STEP 14]: detect(brl_robot, stem_01)
[STEP 15]: detect(brl_robot, stem_01)
[STEP 16]: detect(brl_robot, stem_01)
[STEP 17]: navigate(brl_robot, stem_01, stem_02)
[STEP 18]: detect(brl_robot, stem_02)
[STEP 19]: pick(brl_robot, tomato4, stem_02)
[STEP 20]: scan(brl_robot, tomato4)
[STEP 21]: place(brl_robot, tomato4)
[STEP 22]: navigate(brl_robot, stem_02, stem_01)
[STEP 23]: detect(brl_robot, stem_01)
[STEP 24]: pick(brl_robot, tomato2, stem_01)
=============Final Knowledge=============
at(tomato3,stem_02)
holded(tomato2,brl_robot)
holding(brl_robot,tomato2)
loaded(tomato1,brl_robot)
loaded(tomato4,brl_robot)
located(brl_robot,stem_01)
location(dock_station)
location(stem_01)
location(stem_02)
observed(tomato1)
observed(tomato2)
observed(tomato3)
observed(tomato4)
ripe(tomato1)
ripe(tomato2)
ripe(tomato3)
ripe(tomato4)
robot(brl_robot)
scanned(tomato1)
scanned(tomato4)
stem(stem_01)
stem(stem_02)
tomato(tomato1)
tomato(tomato2)
tomato(tomato3)
tomato(tomato4)
=============Query=============
Total Query 0
=============Action Schema Summary=============
detect: actions=11, questions=0, expected_questions_per_action=0.0000
navigate: actions=6, questions=0, expected_questions_per_action=0.0000
pick: actions=3, questions=0, expected_questions_per_action=0.0000
place: actions=2, questions=0, expected_questions_per_action=0.0000
scan: actions=2, questions=0, expected_questions_per_action=0.0000
=============Log File=============
/home/changmin/PyProject/00_BRL-CF/experiments_logs/system_log/e1_threshold/tomato/scene_02_step50/ours/oracle/tau_0-0/exp_tomato_20260803_221905_844948.txt
