Step: 1
[POMCP] applicable values:
        navigate(brl_robot, dock_station, stem_01): 1.4720386779561856
        navigate(brl_robot, dock_station, stem_02): 0.42570203286014346

[POMCP] Selected: navigate(brl_robot, dock_station, stem_01)
[POMCP] Average simulation time:  0.0075
[POMCP] Average select time:  0.0
[Planner] Selected action: navigate(brl_robot, dock_station, stem_01)
[Planner] Observation:  ['located(brl_robot,stem_01)']
    [Feedback] method=ours, confidence=0.9606, threshold=0.2000, trigger=False
    [Planner] Updated confidence: 0.9606233048496291
    [Belief Diff]
      + add (1): located(brl_robot,stem_01)
      - del (1): located(brl_robot,dock_station)
[TIME] step_total=0.7487s (search=0.7482s, execute=0.0001s, update=0.0001s, interaction=0.0000s, pruning=0.0001s, overhead=0.0001s)
==================

Step: 2
[POMCP] applicable values:
        navigate(brl_robot, stem_01, dock_station): 0.5392225749561816
        navigate(brl_robot, stem_01, stem_02): 1.4832163565774232
        detect(brl_robot, stem_01): 1.221010035269171

[POMCP] Selected: navigate(brl_robot, stem_01, stem_02)
[POMCP] Average simulation time:  0.0083
[POMCP] Average select time:  0.0
[Planner] Selected action: navigate(brl_robot, stem_01, stem_02)
[Planner] Observation:  ['located(brl_robot,stem_02)']
    [Feedback] method=ours, confidence=0.9556, threshold=0.2000, trigger=False
    [Planner] Updated confidence: 0.9556493404250228
    [Belief Diff]
      + add (1): located(brl_robot,stem_02)
      - del (1): located(brl_robot,stem_01)
[TIME] step_total=0.8276s (search=0.8270s, execute=0.0002s, update=0.0001s, interaction=0.0000s, pruning=0.0003s, overhead=0.0001s)
==================

Step: 3
[POMCP] applicable values:
        navigate(brl_robot, stem_02, dock_station): 1.2911160029275468
        navigate(brl_robot, stem_02, stem_01): 1.4136229817790835
        detect(brl_robot, stem_02): 1.6133609967861449

[POMCP] Selected: detect(brl_robot, stem_02)
[POMCP] Average simulation time:  0.0086
[POMCP] Average select time:  0.0
[Planner] Selected action: detect(brl_robot, stem_02)
[Planner] Observation:  ['observed(tomato3)', 'observed(tomato4)', 'ripe(tomato3)', 'ripe(tomato4)']
    [Feedback] method=ours, confidence=0.2632, threshold=0.2000, trigger=False
    [Planner] Updated confidence: 0.2632050730343445
    [Belief Diff]
      + add (6): at(tomato3,stem_02), at(tomato4,stem_02), observed(tomato3), observed(tomato4), ripe(tomato3), ripe(tomato4)
      - del (0): -
[TIME] step_total=0.8627s (search=0.8584s, execute=0.0005s, update=0.0032s, interaction=0.0000s, pruning=0.0005s, overhead=0.0001s)
==================

Step: 4
[POMCP] applicable values:
        navigate(brl_robot, stem_02, dock_station): 0.0
        navigate(brl_robot, stem_02, stem_01): 0.0
        detect(brl_robot, stem_02): 2.1902350419377283
        pick(brl_robot, tomato3, stem_02): 0.0
        pick(brl_robot, tomato4, stem_02): 6.673763172769937

[POMCP] Selected: pick(brl_robot, tomato4, stem_02)
[POMCP] Average simulation time:  0.0091
[POMCP] Average select time:  0.0
[Planner] Selected action: pick(brl_robot, tomato4, stem_02)
[Planner] Observation:  ['holding(brl_robot,tomato4)', 'holded(tomato4,brl_robot)']
    [Feedback] method=ours, confidence=0.9991, threshold=0.2000, trigger=False
    [Planner] Updated confidence: 0.9991136229340108
    [Belief Diff]
      + add (2): holding(brl_robot,tomato4), holded(tomato4,brl_robot)
      - del (2): at(tomato4,stem_02), handempty(brl_robot)
[TIME] step_total=0.9146s (search=0.9141s, execute=0.0002s, update=0.0001s, interaction=0.0000s, pruning=0.0001s, overhead=0.0001s)
==================

Step: 5
[POMCP] applicable values:
        scan(brl_robot, tomato4): 8.423101698420854
        place(brl_robot, tomato4): 0.0
        discard(brl_robot, tomato4): 0.0

[POMCP] Selected: scan(brl_robot, tomato4)
[POMCP] Average simulation time:  0.0097
[POMCP] Average select time:  0.0
[Planner] Selected action: scan(brl_robot, tomato4)
[Planner] Observation:  ['ripe(tomato4)']
    [Feedback] method=ours, confidence=0.6534, threshold=0.2000, trigger=False
    [Planner] Updated confidence: 0.6534323288340453
    [Belief Diff]
      + add (1): scanned(tomato4)
      - del (0): -
[TIME] step_total=0.9688s (search=0.9680s, execute=0.0001s, update=0.0001s, interaction=0.0000s, pruning=0.0004s, overhead=0.0001s)
==================

Step: 6
[POMCP] applicable values:
        scan(brl_robot, tomato4): 0.0
        place(brl_robot, tomato4): 9.50663198574832
        discard(brl_robot, tomato4): 0.0

[POMCP] Selected: place(brl_robot, tomato4)
[POMCP] Average simulation time:  0.01
[POMCP] Average select time:  0.0
[Planner] Selected action: place(brl_robot, tomato4)
[Planner] Observation:  []
    [Feedback] method=ours, confidence=0.9192, threshold=0.2000, trigger=False
    [Planner] Updated confidence: 0.9192357107233737
    [Belief Diff]
      + add (2): loaded(tomato4,brl_robot), handempty(brl_robot)
      - del (2): holding(brl_robot,tomato4), holded(tomato4,brl_robot)
[TIME] step_total=1.0012s (search=1.0007s, execute=0.0002s, update=0.0001s, interaction=0.0000s, pruning=0.0001s, overhead=0.0001s)
==================

Step: 7
[POMCP] applicable values:
        navigate(brl_robot, stem_02, dock_station): 2.2471385929449417
        navigate(brl_robot, stem_02, stem_01): 0.0
        detect(brl_robot, stem_02): 1.7458432402343749
        pick(brl_robot, tomato3, stem_02): 5.263957007279621

[POMCP] Selected: pick(brl_robot, tomato3, stem_02)
[POMCP] Average simulation time:  0.0104
[POMCP] Average select time:  0.0
[Planner] Selected action: pick(brl_robot, tomato3, stem_02)
[Planner] Observation:  ['holding(brl_robot,tomato3)', 'holded(tomato3,brl_robot)']
    [Feedback] method=ours, confidence=0.9859, threshold=0.2000, trigger=False
    [Planner] Updated confidence: 0.9858797239141702
    [Belief Diff]
      + add (2): holding(brl_robot,tomato3), holded(tomato3,brl_robot)
      - del (2): handempty(brl_robot), at(tomato3,stem_02)
[TIME] step_total=1.0392s (search=1.0388s, execute=0.0002s, update=0.0001s, interaction=0.0000s, pruning=0.0001s, overhead=0.0001s)
==================

Step: 8
[POMCP] applicable values:
        scan(brl_robot, tomato3): 5.953941366335283
        place(brl_robot, tomato3): 1.4220002306911494
        discard(brl_robot, tomato3): 1.7458432402343749

[POMCP] Selected: scan(brl_robot, tomato3)
[POMCP] Average simulation time:  0.0114
[POMCP] Average select time:  0.0
[Planner] Selected action: scan(brl_robot, tomato3)
[Planner] Observation:  ['rotten(tomato3)']
    [Feedback] method=ours, confidence=0.6367, threshold=0.2000, trigger=False
    [Planner] Updated confidence: 0.6367229109228715
    [Belief Diff]
      + add (2): rotten(tomato3), scanned(tomato3)
      - del (1): ripe(tomato3)
[TIME] step_total=1.1421s (search=1.1405s, execute=0.0002s, update=0.0001s, interaction=0.0000s, pruning=0.0012s, overhead=0.0001s)
==================

Step: 9
[POMCP] applicable values:
        scan(brl_robot, tomato3): 3.318384006338268
        discard(brl_robot, tomato3): 6.2968373480565365

[POMCP] Selected: discard(brl_robot, tomato3)
[POMCP] Average simulation time:  0.0115
[POMCP] Average select time:  0.0
[Planner] Selected action: discard(brl_robot, tomato3)
[Planner] Observation:  ['discarded(tomato3)', 'handempty(brl_robot)']
    [Feedback] method=ours, confidence=0.9990, threshold=0.2000, trigger=False
    [Planner] Updated confidence: 0.9989539985757652
    [Belief Diff]
      + add (2): discarded(tomato3), handempty(brl_robot)
      - del (2): holded(tomato3,brl_robot), holding(brl_robot,tomato3)
[TIME] step_total=1.1514s (search=1.1510s, execute=0.0002s, update=0.0001s, interaction=0.0000s, pruning=0.0001s, overhead=0.0001s)
==================

Step: 10
[POMCP] applicable values:
        navigate(brl_robot, stem_02, dock_station): 0.0
        navigate(brl_robot, stem_02, stem_01): 1.5072934987887732
        detect(brl_robot, stem_02): 0.0

[POMCP] Selected: navigate(brl_robot, stem_02, stem_01)
[POMCP] Average simulation time:  0.0118
[POMCP] Average select time:  0.0
[Planner] Selected action: navigate(brl_robot, stem_02, stem_01)
[Planner] Observation:  ['located(brl_robot,stem_01)']
    [Feedback] method=ours, confidence=0.9361, threshold=0.2000, trigger=False
    [Planner] Updated confidence: 0.9361058650531806
    [Belief Diff]
      + add (1): located(brl_robot,stem_01)
      - del (1): located(brl_robot,stem_02)
[TIME] step_total=1.1761s (search=1.1754s, execute=0.0002s, update=0.0001s, interaction=0.0000s, pruning=0.0002s, overhead=0.0001s)
==================

Step: 11
[POMCP] applicable values:
        navigate(brl_robot, stem_01, dock_station): 0.0
        navigate(brl_robot, stem_01, stem_02): 0.0
        detect(brl_robot, stem_01): 2.260748427666367

[POMCP] Selected: detect(brl_robot, stem_01)
[POMCP] Average simulation time:  0.012
[POMCP] Average select time:  0.0
[Planner] Selected action: detect(brl_robot, stem_01)
[Planner] Observation:  ['observed(tomato1)', 'observed(tomato2)', 'ripe(tomato2)', 'unripe(tomato1)']
    [Feedback] method=ours, confidence=0.3050, threshold=0.2000, trigger=False
    [Planner] Updated confidence: 0.3050373086019259
    [Belief Diff]
      + add (6): at(tomato1,stem_01), at(tomato2,stem_01), observed(tomato1), observed(tomato2), ripe(tomato2), unripe(tomato1)
      - del (0): -
[TIME] step_total=1.2028s (search=1.1965s, execute=0.0024s, update=0.0022s, interaction=0.0000s, pruning=0.0015s, overhead=0.0001s)
==================

Step: 12
[POMCP] applicable values:
        navigate(brl_robot, stem_01, dock_station): 0.5825951686141585
        navigate(brl_robot, stem_01, stem_02): 0.831982100267243
        detect(brl_robot, stem_01): 0.0
        pick(brl_robot, tomato2, stem_01): 4.398989133683769

[POMCP] Selected: pick(brl_robot, tomato2, stem_01)
[POMCP] Average simulation time:  0.0101
[POMCP] Average select time:  0.0
[Planner] Selected action: pick(brl_robot, tomato2, stem_01)
[Planner] Observation:  ['holding(brl_robot,tomato2)', 'holded(tomato2,brl_robot)']
    [Feedback] method=ours, confidence=0.9994, threshold=0.2000, trigger=False
    [Planner] Updated confidence: 0.9994086307240552
    [Belief Diff]
      + add (2): holding(brl_robot,tomato2), holded(tomato2,brl_robot)
      - del (2): handempty(brl_robot), at(tomato2,stem_01)
[TIME] step_total=1.0118s (search=1.0114s, execute=0.0002s, update=0.0001s, interaction=0.0000s, pruning=0.0000s, overhead=0.0001s)
[TIME SUMMARY]
avg search: 1.0025s
avg execute: 0.0004s
avg update: 0.0005s
avg interaction: 0.0000s
avg pruning: 0.0004s
avg step wall: 1.0039s
total wall clock: 12.0470s
=============Action Log=============
[STEP 1]: navigate(brl_robot, dock_station, stem_01)
[STEP 2]: navigate(brl_robot, stem_01, stem_02)
[STEP 3]: detect(brl_robot, stem_02)
[STEP 4]: pick(brl_robot, tomato4, stem_02)
[STEP 5]: scan(brl_robot, tomato4)
[STEP 6]: place(brl_robot, tomato4)
[STEP 7]: pick(brl_robot, tomato3, stem_02)
[STEP 8]: scan(brl_robot, tomato3)
[STEP 9]: discard(brl_robot, tomato3)
[STEP 10]: navigate(brl_robot, stem_02, stem_01)
[STEP 11]: detect(brl_robot, stem_01)
[STEP 12]: pick(brl_robot, tomato2, stem_01)
=============Final Knowledge=============
at(tomato1,stem_01)
discarded(tomato3)
holded(tomato2,brl_robot)
holding(brl_robot,tomato2)
loaded(tomato4,brl_robot)
located(brl_robot,stem_01)
location(dock_station)
location(stem_01)
location(stem_02)
observed(tomato1)
observed(tomato2)
observed(tomato3)
observed(tomato4)
ripe(tomato2)
ripe(tomato4)
robot(brl_robot)
rotten(tomato3)
scanned(tomato3)
scanned(tomato4)
stem(stem_01)
stem(stem_02)
tomato(tomato1)
tomato(tomato2)
tomato(tomato3)
tomato(tomato4)
unripe(tomato1)
=============Query=============
Total Query 0
=============Action Schema Summary=============
detect: actions=2, questions=0, expected_questions_per_action=0.0000
discard: actions=1, questions=0, expected_questions_per_action=0.0000
navigate: actions=3, questions=0, expected_questions_per_action=0.0000
pick: actions=3, questions=0, expected_questions_per_action=0.0000
place: actions=1, questions=0, expected_questions_per_action=0.0000
scan: actions=2, questions=0, expected_questions_per_action=0.0000
=============Log File=============
/home/changmin/PyProject/00_BRL-CF/experiments_logs/system_log/e1_threshold/tomato/scene_02_step50/ours/oracle/tau_0-2/exp_tomato_20260803_223547_853297.txt
