Step: 1
[POMCP] applicable values:
        navigate(brl_robot, dock_station, stem_01): 1.5366181264662082
        navigate(brl_robot, dock_station, stem_02): 0.0

[POMCP] Selected: navigate(brl_robot, dock_station, stem_01)
[POMCP] Average simulation time:  0.0085
[POMCP] Average select time:  0.0
[Planner] Selected action: navigate(brl_robot, dock_station, stem_01)
[Planner] Observation:  ['located(brl_robot,stem_01)']
    [Feedback] method=ours, confidence=0.9385, threshold=0.8000, trigger=False
    [Planner] Updated confidence: 0.938466913952608
    [Belief Diff]
      + add (1): located(brl_robot,stem_01)
      - del (1): located(brl_robot,dock_station)
[TIME] step_total=0.8503s (search=0.8497s, execute=0.0002s, update=0.0002s, interaction=0.0001s, pruning=0.0001s, overhead=0.0001s)
==================

Step: 2
[POMCP] applicable values:
        navigate(brl_robot, stem_01, dock_station): 1.0673908316488472
        navigate(brl_robot, stem_01, stem_02): 0.0
        detect(brl_robot, stem_01): 2.0205396323386657

[POMCP] Selected: detect(brl_robot, stem_01)
[POMCP] Average simulation time:  0.0093
[POMCP] Average select time:  0.0
[Planner] Selected action: detect(brl_robot, stem_01)
[Planner] Observation:  ['observed(tomato1)', 'observed(tomato2)', 'ripe(tomato1)', 'unripe(tomato2)']
    [Feedback] method=ours, confidence=0.2633, threshold=0.8000, trigger=True
    [Planner] Current confidence: 0.26332839748521997
    [Query] Q: at(tomato3,stem_01) is True?
    [Query] T: at(tomato3,stem_01)=True?
    [Query] A: False
    [Planner] Reduced 81 --> 27
    [Planner] Current confidence: 0.3508870741194767
    [Query] Q: at(tomato4,stem_01) is True?
    [Query] T: at(tomato4,stem_01)=True?
    [Query] A: False
    [Planner] Reduced 27 --> 9
    [Planner] Current confidence: 0.5261626838241145
    [Query] Q: ripe(tomato1) is True?
    [Query] T: ripe(tomato1)=True?
    [Query] A: True
    [Planner] Reduced 9 --> 3
    [Planner] Current confidence: 0.590250002621488
    [Query] Q: unripe(tomato2) is True?
    [Query] T: unripe(tomato2)=True?
    [Query] A: True
    [Planner] Reduced 3 --> 1
    [Planner] Updated confidence: 1.0
    [Belief Diff]
      + add (6): at(tomato1,stem_01), at(tomato2,stem_01), observed(tomato1), observed(tomato2), ripe(tomato1), unripe(tomato2)
      - del (0): -
[TIME] step_total=0.9373s (search=0.9264s, execute=0.0005s, update=0.0034s, interaction=0.0061s, pruning=0.0008s, overhead=0.0001s)
==================

Step: 3
[POMCP] applicable values:
        navigate(brl_robot, stem_01, dock_station): 0.813093683434143
        navigate(brl_robot, stem_01, stem_02): 0.0
        detect(brl_robot, stem_01): 1.030278396014041
        pick(brl_robot, tomato1, stem_01): 4.939109822626038

[POMCP] Selected: pick(brl_robot, tomato1, stem_01)
[POMCP] Average simulation time:  0.0105
[POMCP] Average select time:  0.0
[Planner] Selected action: pick(brl_robot, tomato1, stem_01)
[Planner] Observation:  ['holding(brl_robot,tomato1)', 'holded(tomato1,brl_robot)']
    [Feedback] method=ours, confidence=0.9913, threshold=0.8000, trigger=False
    [Planner] Updated confidence: 0.9913205496975553
    [Belief Diff]
      + add (2): holding(brl_robot,tomato1), holded(tomato1,brl_robot)
      - del (2): handempty(brl_robot), at(tomato1,stem_01)
[TIME] step_total=1.0500s (search=1.0495s, execute=0.0002s, update=0.0001s, interaction=0.0000s, pruning=0.0002s, overhead=0.0001s)
==================

Step: 4
[POMCP] applicable values:
        scan(brl_robot, tomato1): 5.791371042434356
        place(brl_robot, tomato1): 2.8589787325102853
        discard(brl_robot, tomato1): 0.0

[POMCP] Selected: scan(brl_robot, tomato1)
[POMCP] Average simulation time:  0.0123
[POMCP] Average select time:  0.0
[Planner] Selected action: scan(brl_robot, tomato1)
[Planner] Observation:  ['ripe(tomato1)']
    [Feedback] method=ours, confidence=0.5767, threshold=0.8000, trigger=True
    [Planner] Current confidence: 0.5767124749271035
    [Query] Q: ripe(tomato1) is True?
    [Query] T: ripe(tomato1)=True?
    [Query] A: True
    [Planner] Reduced 2 --> 1
    [Planner] Updated confidence: 1.0
    [Belief Diff]
      + add (1): scanned(tomato1)
      - del (0): -
[TIME] step_total=1.2268s (search=1.2256s, execute=0.0002s, update=0.0001s, interaction=0.0002s, pruning=0.0006s, overhead=0.0001s)
==================

Step: 5
[POMCP] applicable values:
        scan(brl_robot, tomato1): 2.375
        place(brl_robot, tomato1): 6.27677312693509
        discard(brl_robot, tomato1): 0.0

[POMCP] Selected: place(brl_robot, tomato1)
[POMCP] Average simulation time:  0.0126
[POMCP] Average select time:  0.0
[Planner] Selected action: place(brl_robot, tomato1)
[Planner] Observation:  ['loaded(tomato1,brl_robot)', 'handempty(brl_robot)']
    [Feedback] method=ours, confidence=0.9973, threshold=0.8000, trigger=False
    [Planner] Updated confidence: 0.9973035644006305
    [Belief Diff]
      + add (2): loaded(tomato1,brl_robot), handempty(brl_robot)
      - del (2): holded(tomato1,brl_robot), holding(brl_robot,tomato1)
[TIME] step_total=1.2625s (search=1.2620s, execute=0.0002s, update=0.0001s, interaction=0.0000s, pruning=0.0001s, overhead=0.0001s)
==================

Step: 6
[POMCP] applicable values:
        navigate(brl_robot, stem_01, dock_station): 0.6380998063032429
        navigate(brl_robot, stem_01, stem_02): 0.7297641531133916
        detect(brl_robot, stem_01): 1.8558448506742842

[POMCP] Selected: detect(brl_robot, stem_01)
[POMCP] Average simulation time:  0.0123
[POMCP] Average select time:  0.0
[Planner] Selected action: detect(brl_robot, stem_01)
[Planner] Observation:  ['observed(tomato2)', 'ripe(tomato2)']
    [Feedback] method=ours, confidence=0.0107, threshold=0.8000, trigger=True
    [Planner] Current confidence: 0.010663866207877404
    [Query] Q: ripe(tomato2) is True?
    [Query] T: ripe(tomato2)=True?
    [Query] A: False
    [Planner] Reduced 18 --> 9
    [Planner] Current confidence: 0.00021454414913757436
    [Query] Q: at(tomato3,stem_01) is True?
    [Query] T: at(tomato3,stem_01)=True?
    [Query] A: False
    [Planner] Reduced 9 --> 3
    [Planner] Current confidence: 0.00020089199550132886
    [Query] Q: at(tomato4,stem_01) is True?
    [Query] T: at(tomato4,stem_01)=True?
    [Query] A: False
    [Planner] Reduced 3 --> 1
    [Planner] Updated confidence: 1.0
    [Belief Diff]
      + add (0): -
      - del (0): -
[TIME] step_total=1.2399s (search=1.2315s, execute=0.0027s, update=0.0028s, interaction=0.0014s, pruning=0.0014s, overhead=0.0001s)
==================

Step: 7
[POMCP] applicable values:
        navigate(brl_robot, stem_01, dock_station): 1.0531704871075842
        navigate(brl_robot, stem_01, stem_02): 0.0
        detect(brl_robot, stem_01): 1.7401879859078961

[POMCP] Selected: detect(brl_robot, stem_01)
[POMCP] Average simulation time:  0.0119
[POMCP] Average select time:  0.0
[Planner] Selected action: detect(brl_robot, stem_01)
[Planner] Observation:  ['observed(tomato2)', 'ripe(tomato2)']
    [Feedback] method=ours, confidence=0.0060, threshold=0.8000, trigger=True
    [Planner] Current confidence: 0.006014491393374066
    [Query] Q: ripe(tomato2) is True?
    [Query] T: ripe(tomato2)=True?
    [Query] A: False
    [Planner] Reduced 18 --> 9
    [Planner] Current confidence: 0.00021454414913768538
    [Query] Q: at(tomato3,stem_01) is True?
    [Query] T: at(tomato3,stem_01)=True?
    [Query] A: False
    [Planner] Reduced 9 --> 3
    [Planner] Current confidence: 0.00020089199550132886
    [Query] Q: at(tomato4,stem_01) is True?
    [Query] T: at(tomato4,stem_01)=True?
    [Query] A: False
    [Planner] Reduced 3 --> 1
    [Planner] Updated confidence: 1.0
    [Belief Diff]
      + add (0): -
      - del (0): -
[TIME] step_total=1.1941s (search=1.1867s, execute=0.0026s, update=0.0028s, interaction=0.0014s, pruning=0.0005s, overhead=0.0001s)
==================

Step: 8
[POMCP] applicable values:
        navigate(brl_robot, stem_01, dock_station): 0.873641454119822
        navigate(brl_robot, stem_01, stem_02): 1.4928231040195545
        detect(brl_robot, stem_01): 1.6968488331247076

[POMCP] Selected: detect(brl_robot, stem_01)
[POMCP] Average simulation time:  0.0121
[POMCP] Average select time:  0.0
[Planner] Selected action: detect(brl_robot, stem_01)
[Planner] Observation:  ['observed(tomato2)', 'unripe(tomato2)']
    [Feedback] method=ours, confidence=0.1287, threshold=0.8000, trigger=True
    [Planner] Current confidence: 0.12871655447894215
    [Query] Q: at(tomato3,stem_01) is True?
    [Query] T: at(tomato3,stem_01)=True?
    [Query] A: False
    [Planner] Reduced 18 --> 6
    [Planner] Current confidence: 0.20746536459032294
    [Query] Q: at(tomato4,stem_01) is True?
    [Query] T: at(tomato4,stem_01)=True?
    [Query] A: False
    [Planner] Reduced 6 --> 2
    [Planner] Current confidence: 0.5359573602880394
    [Query] Q: ripe(tomato2) is True?
    [Query] T: ripe(tomato2)=True?
    [Query] A: False
    [Planner] Reduced 2 --> 1
    [Planner] Updated confidence: 1.0
    [Belief Diff]
      + add (0): -
      - del (0): -
[TIME] step_total=1.2205s (search=1.2133s, execute=0.0026s, update=0.0028s, interaction=0.0012s, pruning=0.0005s, overhead=0.0001s)
==================

Step: 9
[POMCP] applicable values:
        navigate(brl_robot, stem_01, dock_station): 0.0
        navigate(brl_robot, stem_01, stem_02): 0.34843361268264755
        detect(brl_robot, stem_01): 1.537112147616273

[POMCP] Selected: detect(brl_robot, stem_01)
[POMCP] Average simulation time:  0.0117
[POMCP] Average select time:  0.0
[Planner] Selected action: detect(brl_robot, stem_01)
[Planner] Observation:  ['observed(tomato2)', 'ripe(tomato2)']
    [Feedback] method=ours, confidence=0.0084, threshold=0.8000, trigger=True
    [Planner] Current confidence: 0.008426020717633653
    [Query] Q: ripe(tomato2) is True?
    [Query] T: ripe(tomato2)=True?
    [Query] A: False
    [Planner] Reduced 18 --> 9
    [Planner] Current confidence: 0.0002145441491377964
    [Query] Q: at(tomato3,stem_01) is True?
    [Query] T: at(tomato3,stem_01)=True?
    [Query] A: False
    [Planner] Reduced 9 --> 3
    [Planner] Current confidence: 0.00020089199550132886
    [Query] Q: at(tomato4,stem_01) is True?
    [Query] T: at(tomato4,stem_01)=True?
    [Query] A: False
    [Planner] Reduced 3 --> 1
    [Planner] Updated confidence: 1.0
    [Belief Diff]
      + add (0): -
      - del (0): -
[TIME] step_total=1.1812s (search=1.1738s, execute=0.0025s, update=0.0028s, interaction=0.0014s, pruning=0.0005s, overhead=0.0001s)
==================

Step: 10
[POMCP] applicable values:
        navigate(brl_robot, stem_01, dock_station): 1.1015551297617252
        navigate(brl_robot, stem_01, stem_02): 0.44035699136452616
        detect(brl_robot, stem_01): 0.0

[POMCP] Selected: navigate(brl_robot, stem_01, dock_station)
[POMCP] Average simulation time:  0.0114
[POMCP] Average select time:  0.0
[Planner] Selected action: navigate(brl_robot, stem_01, dock_station)
[Planner] Observation:  ['located(brl_robot,dock_station)']
    [Feedback] method=ours, confidence=0.9454, threshold=0.8000, trigger=False
    [Planner] Updated confidence: 0.9453874151529753
    [Belief Diff]
      + add (1): located(brl_robot,dock_station)
      - del (1): located(brl_robot,stem_01)
[TIME] step_total=1.1364s (search=1.1358s, execute=0.0002s, update=0.0001s, interaction=0.0000s, pruning=0.0001s, overhead=0.0001s)
==================

Step: 11
[POMCP] applicable values:
        navigate(brl_robot, dock_station, stem_01): 1.4292745202825432
        navigate(brl_robot, dock_station, stem_02): 1.0741119144581417

[POMCP] Selected: navigate(brl_robot, dock_station, stem_01)
[POMCP] Average simulation time:  0.0119
[POMCP] Average select time:  0.0
[Planner] Selected action: navigate(brl_robot, dock_station, stem_01)
[Planner] Observation:  ['located(brl_robot,dock_station)']
    [Feedback] method=ours, confidence=0.5499, threshold=0.8000, trigger=True
    [Planner] Current confidence: 0.5498501294790928
    [Query] Q: located(brl_robot,stem_01) is True?
    [Query] T: located(brl_robot,stem_01)=True?
    [Query] A: True
    [Planner] Reduced 3 --> 1
    [Planner] Updated confidence: 1.0
    [Belief Diff]
      + add (1): located(brl_robot,stem_01)
      - del (1): located(brl_robot,dock_station)
[TIME] step_total=1.1873s (search=1.1861s, execute=0.0002s, update=0.0001s, interaction=0.0003s, pruning=0.0005s, overhead=0.0001s)
==================

Step: 12
[POMCP] applicable values:
        navigate(brl_robot, stem_01, dock_station): 1.0166609949322432
        navigate(brl_robot, stem_01, stem_02): 0.0
        detect(brl_robot, stem_01): 2.1008867910842786

[POMCP] Selected: detect(brl_robot, stem_01)
[POMCP] Average simulation time:  0.0121
[POMCP] Average select time:  0.0
[Planner] Selected action: detect(brl_robot, stem_01)
[Planner] Observation:  ['observed(tomato2)', 'unripe(tomato2)']
    [Feedback] method=ours, confidence=0.0499, threshold=0.8000, trigger=True
    [Planner] Current confidence: 0.049888988759983155
    [Query] Q: at(tomato3,stem_01) is True?
    [Query] T: at(tomato3,stem_01)=True?
    [Query] A: False
    [Planner] Reduced 18 --> 6
    [Planner] Current confidence: 0.08030488666194546
    [Query] Q: at(tomato4,stem_01) is True?
    [Query] T: at(tomato4,stem_01)=True?
    [Query] A: False
    [Planner] Reduced 6 --> 2
    [Planner] Current confidence: 0.20725228994360512
    [Query] Q: ripe(tomato2) is True?
    [Query] T: ripe(tomato2)=True?
    [Query] A: False
    [Planner] Reduced 2 --> 1
    [Planner] Updated confidence: 1.0
    [Belief Diff]
      + add (0): -
      - del (0): -
[TIME] step_total=1.2220s (search=1.2139s, execute=0.0028s, update=0.0029s, interaction=0.0012s, pruning=0.0011s, overhead=0.0001s)
==================

Step: 13
[POMCP] applicable values:
        navigate(brl_robot, stem_01, dock_station): 1.679011171081784
        navigate(brl_robot, stem_01, stem_02): 1.8066111194835668
        detect(brl_robot, stem_01): 1.728538381205822

[POMCP] Selected: navigate(brl_robot, stem_01, stem_02)
[POMCP] Average simulation time:  0.0109
[POMCP] Average select time:  0.0
[Planner] Selected action: navigate(brl_robot, stem_01, stem_02)
[Planner] Observation:  ['located(brl_robot,stem_02)']
    [Feedback] method=ours, confidence=0.9771, threshold=0.8000, trigger=False
    [Planner] Updated confidence: 0.977126695497072
    [Belief Diff]
      + add (1): located(brl_robot,stem_02)
      - del (1): located(brl_robot,stem_01)
[TIME] step_total=1.0932s (search=1.0924s, execute=0.0002s, update=0.0001s, interaction=0.0000s, pruning=0.0004s, overhead=0.0001s)
==================

Step: 14
[POMCP] applicable values:
        navigate(brl_robot, stem_02, dock_station): 0.0
        navigate(brl_robot, stem_02, stem_01): 1.1882739968590008
        detect(brl_robot, stem_02): 1.5532217325773496

[POMCP] Selected: detect(brl_robot, stem_02)
[POMCP] Average simulation time:  0.0112
[POMCP] Average select time:  0.0
[Planner] Selected action: detect(brl_robot, stem_02)
[Planner] Observation:  ['observed(tomato3)', 'observed(tomato4)', 'ripe(tomato3)', 'ripe(tomato4)']
    [Feedback] method=ours, confidence=0.4128, threshold=0.8000, trigger=True
    [Planner] Current confidence: 0.4128087902180312
    [Query] Q: at(tomato2,stem_02) is True?
    [Query] T: at(tomato2,stem_02)=True?
    [Query] A: False
    [Planner] Reduced 27 --> 9
    [Planner] Current confidence: 0.619045936494862
    [Query] Q: ripe(tomato4) is True?
    [Query] T: ripe(tomato4)=True?
    [Query] A: True
    [Planner] Reduced 9 --> 3
    [Planner] Current confidence: 0.6914852057254908
    [Query] Q: ripe(tomato3) is True?
    [Query] T: ripe(tomato3)=True?
    [Query] A: True
    [Planner] Reduced 3 --> 1
    [Planner] Updated confidence: 1.0
    [Belief Diff]
      + add (6): at(tomato3,stem_02), at(tomato4,stem_02), observed(tomato3), observed(tomato4), ripe(tomato3), ripe(tomato4)
      - del (0): -
[TIME] step_total=1.1289s (search=1.1209s, execute=0.0025s, update=0.0031s, interaction=0.0016s, pruning=0.0007s, overhead=0.0001s)
==================

Step: 15
[POMCP] applicable values:
        navigate(brl_robot, stem_02, dock_station): 0.7350918906249999
        navigate(brl_robot, stem_02, stem_01): 0.0
        detect(brl_robot, stem_02): 0.0
        pick(brl_robot, tomato3, stem_02): 5.7552174595227505
        pick(brl_robot, tomato4, stem_02): 0.0

[POMCP] Selected: pick(brl_robot, tomato3, stem_02)
[POMCP] Average simulation time:  0.0091
[POMCP] Average select time:  0.0001
[Planner] Selected action: pick(brl_robot, tomato3, stem_02)
[Planner] Observation:  ['holding(brl_robot,tomato3)', 'holded(tomato3,brl_robot)']
    [Feedback] method=ours, confidence=0.9957, threshold=0.8000, trigger=False
    [Planner] Updated confidence: 0.995745585053126
    [Belief Diff]
      + add (2): holding(brl_robot,tomato3), holded(tomato3,brl_robot)
      - del (2): at(tomato3,stem_02), handempty(brl_robot)
[TIME] step_total=0.9153s (search=0.9148s, execute=0.0002s, update=0.0001s, interaction=0.0000s, pruning=0.0001s, overhead=0.0001s)
==================

Step: 16
[POMCP] applicable values:
        scan(brl_robot, tomato3): 7.67567201589956
        place(brl_robot, tomato3): 0.0
        discard(brl_robot, tomato3): 0.0

[POMCP] Selected: scan(brl_robot, tomato3)
[POMCP] Average simulation time:  0.0095
[POMCP] Average select time:  0.0
[Planner] Selected action: scan(brl_robot, tomato3)
[Planner] Observation:  ['rotten(tomato3)']
    [Feedback] method=ours, confidence=0.4882, threshold=0.8000, trigger=True
    [Planner] Current confidence: 0.4881643493991179
    [Query] Q: ripe(tomato3) is True?
    [Query] T: ripe(tomato3)=True?
    [Query] A: False
    [Planner] Reduced 2 --> 1
    [Planner] Updated confidence: 1.0
    [Belief Diff]
      + add (2): rotten(tomato3), scanned(tomato3)
      - del (1): ripe(tomato3)
[TIME] step_total=0.9483s (search=0.9471s, execute=0.0002s, update=0.0001s, interaction=0.0002s, pruning=0.0007s, overhead=0.0001s)
==================

Step: 17
[POMCP] applicable values:
        scan(brl_robot, tomato3): 3.611889149311523
        discard(brl_robot, tomato3): 8.91569597346827

[POMCP] Selected: discard(brl_robot, tomato3)
[POMCP] Average simulation time:  0.0096
[POMCP] Average select time:  0.0
[Planner] Selected action: discard(brl_robot, tomato3)
[Planner] Observation:  ['discarded(tomato3)', 'handempty(brl_robot)']
    [Feedback] method=ours, confidence=0.9988, threshold=0.8000, trigger=False
    [Planner] Updated confidence: 0.9987924467478638
    [Belief Diff]
      + add (2): discarded(tomato3), handempty(brl_robot)
      - del (2): holded(tomato3,brl_robot), holding(brl_robot,tomato3)
[TIME] step_total=0.9598s (search=0.9592s, execute=0.0002s, update=0.0001s, interaction=0.0000s, pruning=0.0001s, overhead=0.0001s)
==================

Step: 18
[POMCP] applicable values:
        navigate(brl_robot, stem_02, dock_station): 0.0
        navigate(brl_robot, stem_02, stem_01): 0.0
        detect(brl_robot, stem_02): 0.0
        pick(brl_robot, tomato4, stem_02): 4.826172880691437

[POMCP] Selected: pick(brl_robot, tomato4, stem_02)
[POMCP] Average simulation time:  0.0118
[POMCP] Average select time:  0.0
[Planner] Selected action: pick(brl_robot, tomato4, stem_02)
[Planner] Observation:  ['holding(brl_robot,tomato4)', 'holded(tomato4,brl_robot)']
    [Feedback] method=ours, confidence=0.9956, threshold=0.8000, trigger=False
    [Planner] Updated confidence: 0.9955529119105303
    [Belief Diff]
      + add (2): holding(brl_robot,tomato4), holded(tomato4,brl_robot)
      - del (2): at(tomato4,stem_02), handempty(brl_robot)
[TIME] step_total=1.1833s (search=1.1826s, execute=0.0002s, update=0.0001s, interaction=0.0000s, pruning=0.0003s, overhead=0.0001s)
==================

Step: 19
[POMCP] applicable values:
        scan(brl_robot, tomato4): 5.928192364591965
        place(brl_robot, tomato4): 0.0
        discard(brl_robot, tomato4): 0.0

[POMCP] Selected: scan(brl_robot, tomato4)
[POMCP] Average simulation time:  0.0126
[POMCP] Average select time:  0.0
[Planner] Selected action: scan(brl_robot, tomato4)
[Planner] Observation:  ['ripe(tomato4)']
    [Feedback] method=ours, confidence=0.7550, threshold=0.8000, trigger=True
    [Planner] Current confidence: 0.7549924159363812
    [Query] Q: ripe(tomato4) is True?
    [Query] T: ripe(tomato4)=True?
    [Query] A: True
    [Planner] Reduced 2 --> 1
    [Planner] Updated confidence: 1.0
    [Belief Diff]
      + add (1): scanned(tomato4)
      - del (0): -
[TIME] step_total=1.2635s (search=1.2616s, execute=0.0002s, update=0.0001s, interaction=0.0002s, pruning=0.0013s, overhead=0.0001s)
==================

Step: 20
[POMCP] applicable values:
        scan(brl_robot, tomato4): 3.6412143375588455
        place(brl_robot, tomato4): 6.815583952713875
        discard(brl_robot, tomato4): 0.0

[POMCP] Selected: place(brl_robot, tomato4)
[POMCP] Average simulation time:  0.0123
[POMCP] Average select time:  0.0
[Planner] Selected action: place(brl_robot, tomato4)
[Planner] Observation:  ['loaded(tomato4,brl_robot)', 'handempty(brl_robot)']
    [Feedback] method=ours, confidence=0.9992, threshold=0.8000, trigger=False
    [Planner] Updated confidence: 0.9991510516038258
    [Belief Diff]
      + add (2): loaded(tomato4,brl_robot), handempty(brl_robot)
      - del (2): holded(tomato4,brl_robot), holding(brl_robot,tomato4)
[TIME] step_total=1.2301s (search=1.2297s, execute=0.0002s, update=0.0001s, interaction=0.0000s, pruning=0.0000s, overhead=0.0001s)
[TIME SUMMARY]
avg search: 1.1181s
avg execute: 0.0009s
avg update: 0.0011s
avg interaction: 0.0008s
avg pruning: 0.0005s
avg step wall: 1.1215s
total wall clock: 22.4309s
=============Action Log=============
[STEP 1]: navigate(brl_robot, dock_station, stem_01)
[STEP 2]: detect(brl_robot, stem_01)
[STEP 3]: pick(brl_robot, tomato1, stem_01)
[STEP 4]: scan(brl_robot, tomato1)
[STEP 5]: place(brl_robot, tomato1)
[STEP 6]: detect(brl_robot, stem_01)
[STEP 7]: detect(brl_robot, stem_01)
[STEP 8]: detect(brl_robot, stem_01)
[STEP 9]: detect(brl_robot, stem_01)
[STEP 10]: navigate(brl_robot, stem_01, dock_station)
[STEP 11]: navigate(brl_robot, dock_station, stem_01)
[STEP 12]: detect(brl_robot, stem_01)
[STEP 13]: navigate(brl_robot, stem_01, stem_02)
[STEP 14]: detect(brl_robot, stem_02)
[STEP 15]: pick(brl_robot, tomato3, stem_02)
[STEP 16]: scan(brl_robot, tomato3)
[STEP 17]: discard(brl_robot, tomato3)
[STEP 18]: pick(brl_robot, tomato4, stem_02)
[STEP 19]: scan(brl_robot, tomato4)
[STEP 20]: place(brl_robot, tomato4)
=============Final Knowledge=============
at(tomato2,stem_01)
discarded(tomato3)
handempty(brl_robot)
loaded(tomato1,brl_robot)
loaded(tomato4,brl_robot)
located(brl_robot,stem_02)
location(dock_station)
location(stem_01)
location(stem_02)
observed(tomato1)
observed(tomato2)
observed(tomato3)
observed(tomato4)
ripe(tomato1)
ripe(tomato4)
robot(brl_robot)
rotten(tomato3)
scanned(tomato1)
scanned(tomato3)
scanned(tomato4)
stem(stem_01)
stem(stem_02)
tomato(tomato1)
tomato(tomato2)
tomato(tomato3)
tomato(tomato4)
unripe(tomato2)
=============Query=============
Total Query 26
=============Action Schema Summary=============
detect: actions=7, questions=22, expected_questions_per_action=3.1429
discard: actions=1, questions=0, expected_questions_per_action=0.0000
navigate: actions=4, questions=1, expected_questions_per_action=0.2500
pick: actions=3, questions=0, expected_questions_per_action=0.0000
place: actions=2, questions=0, expected_questions_per_action=0.0000
scan: actions=3, questions=3, expected_questions_per_action=1.0000
=============Log File=============
/home/changmin/PyProject/00_BRL-CF/experiments_logs/system_log/e2_ablation/tomato/scene_02_step50/ours/oracle/exp_tomato_20260804_113209_314286.txt
