Step: 1
[POMCP] applicable values:
        navigate(brl_robot, dock_station, stem_01): 1.209707972407226
        navigate(brl_robot, dock_station, stem_02): 1.5877969639810703

[POMCP] Selected: navigate(brl_robot, dock_station, stem_02)
[POMCP] Average simulation time:  0.008
[POMCP] Average select time:  0.0
[Planner] Selected action: navigate(brl_robot, dock_station, stem_02)
[Planner] Observation:  ['located(brl_robot,stem_01)']
    [Feedback] method=ours, confidence=0.2979, threshold=0.0000, trigger=False
    [Planner] Updated confidence: 0.29790530225778766
    [Belief Diff]
      + add (1): located(brl_robot,stem_01)
      - del (1): located(brl_robot,dock_station)
[TIME] step_total=0.8006s (search=0.8000s, execute=0.0001s, update=0.0001s, interaction=0.0000s, pruning=0.0002s, overhead=0.0001s)
==================

Step: 2
[POMCP] applicable values:
        navigate(brl_robot, stem_01, dock_station): 0.0
        navigate(brl_robot, stem_01, stem_02): 0.5148199024513767
        detect(brl_robot, stem_01): 1.8098220854691127

[POMCP] Selected: detect(brl_robot, stem_01)
[POMCP] Average simulation time:  0.0085
[POMCP] Average select time:  0.0
[Planner] Selected action: detect(brl_robot, stem_01)
[Planner] Observation:  ['observed(tomato1)', 'observed(tomato2)', 'ripe(tomato1)', 'ripe(tomato2)']
    [Feedback] method=ours, confidence=0.2624, threshold=0.0000, trigger=False
    [Planner] Updated confidence: 0.26238121749901044
    [Belief Diff]
      + add (6): at(tomato1,stem_01), at(tomato2,stem_01), observed(tomato1), observed(tomato2), ripe(tomato1), ripe(tomato2)
      - del (0): -
[TIME] step_total=0.8507s (search=0.8466s, execute=0.0005s, update=0.0033s, interaction=0.0000s, pruning=0.0003s, overhead=0.0001s)
==================

Step: 3
[POMCP] applicable values:
        navigate(brl_robot, stem_01, dock_station): 0.0
        navigate(brl_robot, stem_01, stem_02): 2.7348120082661773
        detect(brl_robot, stem_01): 1.7924296120427095
        pick(brl_robot, tomato1, stem_01): 2.5648300304234652
        pick(brl_robot, tomato2, stem_01): 5.507933408210517

[POMCP] Selected: pick(brl_robot, tomato2, stem_01)
[POMCP] Average simulation time:  0.0084
[POMCP] Average select time:  0.0
[Planner] Selected action: pick(brl_robot, tomato2, stem_01)
[Planner] Observation:  ['holding(brl_robot,tomato2)', 'holded(tomato2,brl_robot)']
    [Feedback] method=ours, confidence=0.9972, threshold=0.0000, trigger=False
    [Planner] Updated confidence: 0.9971617268563212
    [Belief Diff]
      + add (2): holding(brl_robot,tomato2), holded(tomato2,brl_robot)
      - del (2): handempty(brl_robot), at(tomato2,stem_01)
[TIME] step_total=0.8444s (search=0.8439s, execute=0.0002s, update=0.0001s, interaction=0.0000s, pruning=0.0001s, overhead=0.0001s)
==================

Step: 4
[POMCP] applicable values:
        scan(brl_robot, tomato2): 6.916476699560682
        place(brl_robot, tomato2): 2.1434375
        discard(brl_robot, tomato2): 3.151247048623046

[POMCP] Selected: scan(brl_robot, tomato2)
[POMCP] Average simulation time:  0.0096
[POMCP] Average select time:  0.0
[Planner] Selected action: scan(brl_robot, tomato2)
[Planner] Observation:  ['rotten(tomato2)']
    [Feedback] method=ours, confidence=0.0936, threshold=0.0000, trigger=False
    [Planner] Updated confidence: 0.0935931711693554
    [Belief Diff]
      + add (2): rotten(tomato2), scanned(tomato2)
      - del (1): ripe(tomato2)
[TIME] step_total=0.9572s (search=0.9566s, execute=0.0001s, update=0.0001s, interaction=0.0000s, pruning=0.0003s, overhead=0.0001s)
==================

Step: 5
[POMCP] applicable values:
        scan(brl_robot, tomato2): 2.1434375
        discard(brl_robot, tomato2): 6.371443013539592

[POMCP] Selected: discard(brl_robot, tomato2)
[POMCP] Average simulation time:  0.0101
[POMCP] Average select time:  0.0
[Planner] Selected action: discard(brl_robot, tomato2)
[Planner] Observation:  ['discarded(tomato2)', 'handempty(brl_robot)']
    [Feedback] method=ours, confidence=0.9993, threshold=0.0000, trigger=False
    [Planner] Updated confidence: 0.9993340509045762
    [Belief Diff]
      + add (2): discarded(tomato2), handempty(brl_robot)
      - del (2): holded(tomato2,brl_robot), holding(brl_robot,tomato2)
[TIME] step_total=1.0122s (search=1.0119s, execute=0.0002s, update=0.0001s, interaction=0.0000s, pruning=0.0000s, overhead=0.0001s)
[TIME SUMMARY]
avg search: 0.8918s
avg execute: 0.0002s
avg update: 0.0007s
avg interaction: 0.0000s
avg pruning: 0.0002s
avg step wall: 0.8930s
total wall clock: 4.4652s
=============Action Log=============
[STEP 1]: navigate(brl_robot, dock_station, stem_02)
[STEP 2]: detect(brl_robot, stem_01)
[STEP 3]: pick(brl_robot, tomato2, stem_01)
[STEP 4]: scan(brl_robot, tomato2)
[STEP 5]: discard(brl_robot, tomato2)
=============Final Knowledge=============
at(tomato1,stem_01)
discarded(tomato2)
handempty(brl_robot)
located(brl_robot,stem_01)
location(dock_station)
location(stem_01)
location(stem_02)
observed(tomato1)
observed(tomato2)
ripe(tomato1)
robot(brl_robot)
rotten(tomato2)
scanned(tomato2)
stem(stem_01)
stem(stem_02)
tomato(tomato1)
tomato(tomato2)
tomato(tomato3)
tomato(tomato4)
=============Query=============
Total Query 0
=============Action Schema Summary=============
detect: actions=1, questions=0, expected_questions_per_action=0.0000
discard: actions=1, questions=0, expected_questions_per_action=0.0000
navigate: actions=1, questions=0, expected_questions_per_action=0.0000
pick: actions=1, questions=0, expected_questions_per_action=0.0000
scan: actions=1, questions=0, expected_questions_per_action=0.0000
=============Log File=============
/home/changmin/PyProject/00_BRL-CF/experiments_logs/system_log/e1_threshold/tomato/scene_04_step50/ours/oracle/tau_0-0/exp_tomato_20260804_025923_494128.txt
