Step: 1
[POMCP] applicable values:
        navigate(brl_robot, dock_station, stem_01): 0.7258755761237737
        navigate(brl_robot, dock_station, stem_02): 1.351985172334986

[POMCP] Selected: navigate(brl_robot, dock_station, stem_02)
[POMCP] Average simulation time:  0.0072
[POMCP] Average select time:  0.0
[Planner] Selected action: navigate(brl_robot, dock_station, stem_02)
[Planner] Observation:  ['located(brl_robot,dock_station)']
    [Feedback] method=ours, confidence=0.2822, threshold=0.0000, trigger=False
    [Planner] Updated confidence: 0.28221309108604475
    [Belief Diff]
      + add (1): located(brl_robot,stem_02)
      - del (1): located(brl_robot,dock_station)
[TIME] step_total=0.7230s (search=0.7225s, execute=0.0001s, update=0.0001s, interaction=0.0000s, pruning=0.0001s, overhead=0.0001s)
==================

Step: 2
[POMCP] applicable values:
        navigate(brl_robot, stem_02, dock_station): 1.3774103593535276
        navigate(brl_robot, stem_02, stem_01): 1.9130746221973813
        detect(brl_robot, stem_02): 0.641677604099381

[POMCP] Selected: navigate(brl_robot, stem_02, stem_01)
[POMCP] Average simulation time:  0.0078
[POMCP] Average select time:  0.0
[Planner] Selected action: navigate(brl_robot, stem_02, stem_01)
[Planner] Observation:  ['located(brl_robot,stem_01)']
    [Feedback] method=ours, confidence=0.9750, threshold=0.0000, trigger=False
    [Planner] Updated confidence: 0.9750302150206288
    [Belief Diff]
      + add (1): located(brl_robot,stem_01)
      - del (1): located(brl_robot,stem_02)
[TIME] step_total=0.7797s (search=0.7791s, execute=0.0001s, update=0.0001s, interaction=0.0000s, pruning=0.0002s, overhead=0.0001s)
==================

Step: 3
[POMCP] applicable values:
        navigate(brl_robot, stem_01, dock_station): 0.0
        navigate(brl_robot, stem_01, stem_02): 1.4842085344895317
        detect(brl_robot, stem_01): 1.8540330367617635

[POMCP] Selected: detect(brl_robot, stem_01)
[POMCP] Average simulation time:  0.0085
[POMCP] Average select time:  0.0
[Planner] Selected action: detect(brl_robot, stem_01)
[Planner] Observation:  ['observed(tomato1)', 'observed(tomato2)', 'ripe(tomato1)', 'unripe(tomato2)']
    [Feedback] method=ours, confidence=0.3112, threshold=0.0000, trigger=False
    [Planner] Updated confidence: 0.311197643454705
    [Belief Diff]
      + add (6): at(tomato1,stem_01), at(tomato2,stem_01), observed(tomato1), observed(tomato2), ripe(tomato1), unripe(tomato2)
      - del (0): -
[TIME] step_total=0.8556s (search=0.8513s, execute=0.0004s, update=0.0032s, interaction=0.0000s, pruning=0.0005s, overhead=0.0001s)
==================

Step: 4
[POMCP] applicable values:
        navigate(brl_robot, stem_01, dock_station): 2.3987862448736363
        navigate(brl_robot, stem_01, stem_02): 1.315576965135604
        detect(brl_robot, stem_01): 1.8097811713042795
        pick(brl_robot, tomato1, stem_01): 0.0

[POMCP] Selected: navigate(brl_robot, stem_01, dock_station)
[POMCP] Average simulation time:  0.0076
[POMCP] Average select time:  0.0
[Planner] Selected action: navigate(brl_robot, stem_01, dock_station)
[Planner] Observation:  ['located(brl_robot,dock_station)']
    [Feedback] method=ours, confidence=0.9572, threshold=0.0000, trigger=False
    [Planner] Updated confidence: 0.9572381021453309
    [Belief Diff]
      + add (1): located(brl_robot,dock_station)
      - del (1): located(brl_robot,stem_01)
[TIME] step_total=0.7561s (search=0.7556s, execute=0.0002s, update=0.0001s, interaction=0.0000s, pruning=0.0002s, overhead=0.0001s)
==================

Step: 5
[POMCP] applicable values:
        navigate(brl_robot, dock_station, stem_01): 1.7492526475505434
        navigate(brl_robot, dock_station, stem_02): 1.7491953100740103

[POMCP] Selected: navigate(brl_robot, dock_station, stem_01)
[POMCP] Average simulation time:  0.0075
[POMCP] Average select time:  0.0
[Planner] Selected action: navigate(brl_robot, dock_station, stem_01)
[Planner] Observation:  ['located(brl_robot,stem_01)']
    [Feedback] method=ours, confidence=0.9651, threshold=0.0000, trigger=False
    [Planner] Updated confidence: 0.9650714436489015
    [Belief Diff]
      + add (1): located(brl_robot,stem_01)
      - del (1): located(brl_robot,dock_station)
[TIME] step_total=0.7544s (search=0.7537s, execute=0.0002s, update=0.0001s, interaction=0.0000s, pruning=0.0003s, overhead=0.0001s)
==================

Step: 6
[POMCP] applicable values:
        navigate(brl_robot, stem_01, dock_station): 3.2303961210864185
        navigate(brl_robot, stem_01, stem_02): 0.0
        detect(brl_robot, stem_01): 1.7120753510683164
        pick(brl_robot, tomato1, stem_01): 0.0

[POMCP] Selected: navigate(brl_robot, stem_01, dock_station)
[POMCP] Average simulation time:  0.0074
[POMCP] Average select time:  0.0
[Planner] Selected action: navigate(brl_robot, stem_01, dock_station)
[Planner] Observation:  ['located(brl_robot,stem_02)']
    [Feedback] method=ours, confidence=0.2708, threshold=0.0000, trigger=False
    [Planner] Updated confidence: 0.2708133898134628
    [Belief Diff]
      + add (1): located(brl_robot,dock_station)
      - del (1): located(brl_robot,stem_01)
[TIME] step_total=0.7442s (search=0.7438s, execute=0.0001s, update=0.0001s, interaction=0.0000s, pruning=0.0001s, overhead=0.0001s)
==================

Step: 7
[POMCP] applicable values:
        navigate(brl_robot, dock_station, stem_01): 4.256776540442828
        navigate(brl_robot, dock_station, stem_02): 0.0

[POMCP] Selected: navigate(brl_robot, dock_station, stem_01)
[POMCP] Average simulation time:  0.0086
[POMCP] Average select time:  0.0
[Planner] Selected action: navigate(brl_robot, dock_station, stem_01)
[Planner] Observation:  ['located(brl_robot,stem_01)']
    [Feedback] method=ours, confidence=0.9471, threshold=0.0000, trigger=False
    [Planner] Updated confidence: 0.9470776537136623
    [Belief Diff]
      + add (1): located(brl_robot,stem_01)
      - del (1): located(brl_robot,dock_station)
[TIME] step_total=0.8633s (search=0.8628s, execute=0.0002s, update=0.0001s, interaction=0.0000s, pruning=0.0001s, overhead=0.0001s)
==================

Step: 8
[POMCP] applicable values:
        navigate(brl_robot, stem_01, dock_station): 1.472652677551011
        navigate(brl_robot, stem_01, stem_02): 0.0
        detect(brl_robot, stem_01): 0.0
        pick(brl_robot, tomato1, stem_01): 5.06674376073484

[POMCP] Selected: pick(brl_robot, tomato1, stem_01)
[POMCP] Average simulation time:  0.0094
[POMCP] Average select time:  0.0
[Planner] Selected action: pick(brl_robot, tomato1, stem_01)
[Planner] Observation:  ['holding(brl_robot,tomato1)', 'holded(tomato1,brl_robot)']
    [Feedback] method=ours, confidence=0.9892, threshold=0.0000, trigger=False
    [Planner] Updated confidence: 0.9892280081396723
    [Belief Diff]
      + add (2): holding(brl_robot,tomato1), holded(tomato1,brl_robot)
      - del (2): at(tomato1,stem_01), handempty(brl_robot)
[TIME] step_total=0.9430s (search=0.9426s, execute=0.0001s, update=0.0001s, interaction=0.0000s, pruning=0.0001s, overhead=0.0001s)
==================

Step: 9
[POMCP] applicable values:
        scan(brl_robot, tomato1): 5.826605766886273
        place(brl_robot, tomato1): 1.496842348095947
        discard(brl_robot, tomato1): 0.0

[POMCP] Selected: scan(brl_robot, tomato1)
[POMCP] Average simulation time:  0.0108
[POMCP] Average select time:  0.0
[Planner] Selected action: scan(brl_robot, tomato1)
[Planner] Observation:  ['rotten(tomato1)']
    [Feedback] method=ours, confidence=0.4834, threshold=0.0000, trigger=False
    [Planner] Updated confidence: 0.48344932174438693
    [Belief Diff]
      + add (2): rotten(tomato1), scanned(tomato1)
      - del (1): ripe(tomato1)
[TIME] step_total=1.0799s (search=1.0785s, execute=0.0001s, update=0.0001s, interaction=0.0000s, pruning=0.0011s, overhead=0.0001s)
==================

Step: 10
[POMCP] applicable values:
        scan(brl_robot, tomato1): 4.75
        discard(brl_robot, tomato1): 6.506020258475855

[POMCP] Selected: discard(brl_robot, tomato1)
[POMCP] Average simulation time:  0.0113
[POMCP] Average select time:  0.0
[Planner] Selected action: discard(brl_robot, tomato1)
[Planner] Observation:  ['discarded(tomato1)', 'handempty(brl_robot)']
    [Feedback] method=ours, confidence=0.9991, threshold=0.0000, trigger=False
    [Planner] Updated confidence: 0.9990706149672772
    [Belief Diff]
      + add (2): discarded(tomato1), handempty(brl_robot)
      - del (2): holded(tomato1,brl_robot), holding(brl_robot,tomato1)
[TIME] step_total=1.1274s (search=1.1270s, execute=0.0002s, update=0.0001s, interaction=0.0000s, pruning=0.0001s, overhead=0.0001s)
==================

Step: 11
[POMCP] applicable values:
        navigate(brl_robot, stem_01, dock_station): 1.0987718101443804
        navigate(brl_robot, stem_01, stem_02): 0.9025407984883234
        detect(brl_robot, stem_01): 1.9371859917392318

[POMCP] Selected: detect(brl_robot, stem_01)
[POMCP] Average simulation time:  0.0113
[POMCP] Average select time:  0.0
[Planner] Selected action: detect(brl_robot, stem_01)
[Planner] Observation:  ['observed(tomato2)', 'unripe(tomato2)']
    [Feedback] method=ours, confidence=0.0653, threshold=0.0000, trigger=False
    [Planner] Updated confidence: 0.06526021219029099
    [Belief Diff]
      + add (0): -
      - del (0): -
[TIME] step_total=1.1399s (search=1.1330s, execute=0.0025s, update=0.0027s, interaction=0.0000s, pruning=0.0016s, overhead=0.0001s)
==================

Step: 12
[POMCP] applicable values:
        navigate(brl_robot, stem_01, dock_station): 0.0
        navigate(brl_robot, stem_01, stem_02): 1.0692328020789257
        detect(brl_robot, stem_01): 1.616213091289632

[POMCP] Selected: detect(brl_robot, stem_01)
[POMCP] Average simulation time:  0.0103
[POMCP] Average select time:  0.0
[Planner] Selected action: detect(brl_robot, stem_01)
[Planner] Observation:  ['observed(tomato2)', 'unripe(tomato2)']
    [Feedback] method=ours, confidence=0.1516, threshold=0.0000, trigger=False
    [Planner] Updated confidence: 0.15159971358341873
    [Belief Diff]
      + add (0): -
      - del (0): -
[TIME] step_total=1.0310s (search=1.0255s, execute=0.0024s, update=0.0027s, interaction=0.0000s, pruning=0.0002s, overhead=0.0001s)
==================

Step: 13
[POMCP] applicable values:
        navigate(brl_robot, stem_01, dock_station): 0.0
        navigate(brl_robot, stem_01, stem_02): 0.9763592342604256
        detect(brl_robot, stem_01): 0.6547933372756667

[POMCP] Selected: navigate(brl_robot, stem_01, stem_02)
[POMCP] Average simulation time:  0.0108
[POMCP] Average select time:  0.0
[Planner] Selected action: navigate(brl_robot, stem_01, stem_02)
[Planner] Observation:  ['located(brl_robot,stem_02)']
    [Feedback] method=ours, confidence=0.9569, threshold=0.0000, trigger=False
    [Planner] Updated confidence: 0.9569199643494414
    [Belief Diff]
      + add (1): located(brl_robot,stem_02)
      - del (1): located(brl_robot,stem_01)
[TIME] step_total=1.0810s (search=1.0805s, execute=0.0002s, update=0.0001s, interaction=0.0000s, pruning=0.0001s, overhead=0.0001s)
==================

Step: 14
[POMCP] applicable values:
        navigate(brl_robot, stem_02, dock_station): 1.3060835642486217
        navigate(brl_robot, stem_02, stem_01): 0.0
        detect(brl_robot, stem_02): 0.6270114700810268

[POMCP] Selected: navigate(brl_robot, stem_02, dock_station)
[POMCP] Average simulation time:  0.0104
[POMCP] Average select time:  0.0
[Planner] Selected action: navigate(brl_robot, stem_02, dock_station)
[Planner] Observation:  ['located(brl_robot,stem_01)']
    [Feedback] method=ours, confidence=0.2830, threshold=0.0000, trigger=False
    [Planner] Updated confidence: 0.2830394820640375
    [Belief Diff]
      + add (1): located(brl_robot,stem_01)
      - del (1): located(brl_robot,stem_02)
[TIME] step_total=1.0361s (search=1.0351s, execute=0.0002s, update=0.0001s, interaction=0.0000s, pruning=0.0005s, overhead=0.0001s)
==================

Step: 15
[POMCP] applicable values:
        navigate(brl_robot, stem_01, dock_station): 1.0635416789174807
        navigate(brl_robot, stem_01, stem_02): 0.9607560549052295
        detect(brl_robot, stem_01): 0.39390588107788077

[POMCP] Selected: navigate(brl_robot, stem_01, dock_station)
[POMCP] Average simulation time:  0.0103
[POMCP] Average select time:  0.0
[Planner] Selected action: navigate(brl_robot, stem_01, dock_station)
[Planner] Observation:  ['located(brl_robot,dock_station)']
    [Feedback] method=ours, confidence=0.9468, threshold=0.0000, trigger=False
    [Planner] Updated confidence: 0.9467644062966241
    [Belief Diff]
      + add (1): located(brl_robot,dock_station)
      - del (1): located(brl_robot,stem_01)
[TIME] step_total=1.0345s (search=1.0338s, execute=0.0002s, update=0.0001s, interaction=0.0000s, pruning=0.0003s, overhead=0.0001s)
==================

Step: 16
[POMCP] applicable values:
        navigate(brl_robot, dock_station, stem_01): 0.0
        navigate(brl_robot, dock_station, stem_02): 1.1245364252639924

[POMCP] Selected: navigate(brl_robot, dock_station, stem_02)
[POMCP] Average simulation time:  0.0108
[POMCP] Average select time:  0.0
[Planner] Selected action: navigate(brl_robot, dock_station, stem_02)
[Planner] Observation:  ['located(brl_robot,stem_02)']
    [Feedback] method=ours, confidence=0.9467, threshold=0.0000, trigger=False
    [Planner] Updated confidence: 0.9467017702665442
    [Belief Diff]
      + add (1): located(brl_robot,stem_02)
      - del (1): located(brl_robot,dock_station)
[TIME] step_total=1.0782s (search=1.0778s, execute=0.0001s, update=0.0001s, interaction=0.0000s, pruning=0.0001s, overhead=0.0001s)
==================

Step: 17
[POMCP] applicable values:
        navigate(brl_robot, stem_02, dock_station): 0.8950420742819365
        navigate(brl_robot, stem_02, stem_01): 0.0
        detect(brl_robot, stem_02): 1.8296472974120304

[POMCP] Selected: detect(brl_robot, stem_02)
[POMCP] Average simulation time:  0.0109
[POMCP] Average select time:  0.0
[Planner] Selected action: detect(brl_robot, stem_02)
[Planner] Observation:  ['observed(tomato3)', 'observed(tomato4)', 'ripe(tomato3)', 'ripe(tomato4)']
    [Feedback] method=ours, confidence=0.4463, threshold=0.0000, trigger=False
    [Planner] Updated confidence: 0.44631573610575137
    [Belief Diff]
      + add (6): at(tomato3,stem_02), at(tomato4,stem_02), observed(tomato3), observed(tomato4), ripe(tomato3), ripe(tomato4)
      - del (0): -
[TIME] step_total=1.0941s (search=1.0880s, execute=0.0024s, update=0.0029s, interaction=0.0000s, pruning=0.0006s, overhead=0.0001s)
==================

Step: 18
[POMCP] applicable values:
        navigate(brl_robot, stem_02, dock_station): 1.2378732118122884
        navigate(brl_robot, stem_02, stem_01): 0.829275539111328
        detect(brl_robot, stem_02): 1.9130107615242646
        pick(brl_robot, tomato3, stem_02): 1.0453008380479427
        pick(brl_robot, tomato4, stem_02): 0.0

[POMCP] Selected: detect(brl_robot, stem_02)
[POMCP] Average simulation time:  0.0106
[POMCP] Average select time:  0.0
[Planner] Selected action: detect(brl_robot, stem_02)
[Planner] Observation:  ['observed(tomato3)', 'observed(tomato4)', 'ripe(tomato3)', 'ripe(tomato4)']
    [Feedback] method=ours, confidence=0.1817, threshold=0.0000, trigger=False
    [Planner] Updated confidence: 0.18173214410508354
    [Belief Diff]
      + add (0): -
      - del (0): -
[TIME] step_total=1.0624s (search=1.0572s, execute=0.0023s, update=0.0026s, interaction=0.0000s, pruning=0.0002s, overhead=0.0001s)
==================

Step: 19
[POMCP] applicable values:
        navigate(brl_robot, stem_02, dock_station): 0.0
        navigate(brl_robot, stem_02, stem_01): 0.0
        detect(brl_robot, stem_02): 1.1003166716294135
        pick(brl_robot, tomato3, stem_02): 5.704502953753437
        pick(brl_robot, tomato4, stem_02): 0.0

[POMCP] Selected: pick(brl_robot, tomato3, stem_02)
[POMCP] Average simulation time:  0.009
[POMCP] Average select time:  0.0
[Planner] Selected action: pick(brl_robot, tomato3, stem_02)
[Planner] Observation:  ['holding(brl_robot,tomato3)', 'holded(tomato3,brl_robot)']
    [Feedback] method=ours, confidence=0.9956, threshold=0.0000, trigger=False
    [Planner] Updated confidence: 0.9956441147171738
    [Belief Diff]
      + add (2): holding(brl_robot,tomato3), holded(tomato3,brl_robot)
      - del (2): handempty(brl_robot), at(tomato3,stem_02)
[TIME] step_total=0.8958s (search=0.8953s, execute=0.0002s, update=0.0001s, interaction=0.0001s, pruning=0.0001s, overhead=0.0001s)
==================

Step: 20
[POMCP] applicable values:
        scan(brl_robot, tomato3): 6.744752640791582
        place(brl_robot, tomato3): 2.993684696191894
        discard(brl_robot, tomato3): 0.0

[POMCP] Selected: scan(brl_robot, tomato3)
[POMCP] Average simulation time:  0.0089
[POMCP] Average select time:  0.0
[Planner] Selected action: scan(brl_robot, tomato3)
[Planner] Observation:  ['ripe(tomato3)']
    [Feedback] method=ours, confidence=0.8277, threshold=0.0000, trigger=False
    [Planner] Updated confidence: 0.8276825088508383
    [Belief Diff]
      + add (1): scanned(tomato3)
      - del (0): -
[TIME] step_total=0.8909s (search=0.8901s, execute=0.0001s, update=0.0001s, interaction=0.0000s, pruning=0.0004s, overhead=0.0001s)
==================

Step: 21
[POMCP] applicable values:
        scan(brl_robot, tomato3): 2.25625
        place(brl_robot, tomato3): 9.029441999423558
        discard(brl_robot, tomato3): 2.438374895577648

[POMCP] Selected: place(brl_robot, tomato3)
[POMCP] Average simulation time:  0.0092
[POMCP] Average select time:  0.0
[Planner] Selected action: place(brl_robot, tomato3)
[Planner] Observation:  ['loaded(tomato3,brl_robot)', 'handempty(brl_robot)']
    [Feedback] method=ours, confidence=0.9993, threshold=0.0000, trigger=False
    [Planner] Updated confidence: 0.9992717113653672
    [Belief Diff]
      + add (2): loaded(tomato3,brl_robot), handempty(brl_robot)
      - del (2): holding(brl_robot,tomato3), holded(tomato3,brl_robot)
[TIME] step_total=0.9176s (search=0.9171s, execute=0.0002s, update=0.0001s, interaction=0.0000s, pruning=0.0001s, overhead=0.0001s)
==================

Step: 22
[POMCP] applicable values:
        navigate(brl_robot, stem_02, dock_station): 0.6289226708921787
        navigate(brl_robot, stem_02, stem_01): 0.609593723894412
        detect(brl_robot, stem_02): 0.4965178980727728
        pick(brl_robot, tomato4, stem_02): 4.739834831178908

[POMCP] Selected: pick(brl_robot, tomato4, stem_02)
[POMCP] Average simulation time:  0.01
[POMCP] Average select time:  0.0
[Planner] Selected action: pick(brl_robot, tomato4, stem_02)
[Planner] Observation:  ['holding(brl_robot,tomato4)', 'holded(tomato4,brl_robot)']
    [Feedback] method=ours, confidence=0.9989, threshold=0.0000, trigger=False
    [Planner] Updated confidence: 0.9989486308603346
    [Belief Diff]
      + add (2): holding(brl_robot,tomato4), holded(tomato4,brl_robot)
      - del (2): handempty(brl_robot), at(tomato4,stem_02)
[TIME] step_total=1.0017s (search=1.0012s, execute=0.0001s, update=0.0001s, interaction=0.0000s, pruning=0.0001s, overhead=0.0001s)
==================

Step: 23
[POMCP] applicable values:
        scan(brl_robot, tomato4): 5.518329163758363
        place(brl_robot, tomato4): 0.0
        discard(brl_robot, tomato4): 2.036265625

[POMCP] Selected: scan(brl_robot, tomato4)
[POMCP] Average simulation time:  0.0107
[POMCP] Average select time:  0.0
[Planner] Selected action: scan(brl_robot, tomato4)
[Planner] Observation:  ['ripe(tomato4)']
    [Feedback] method=ours, confidence=0.7145, threshold=0.0000, trigger=False
    [Planner] Updated confidence: 0.7144820889827328
    [Belief Diff]
      + add (1): scanned(tomato4)
      - del (0): -
[TIME] step_total=1.0683s (search=1.0669s, execute=0.0002s, update=0.0001s, interaction=0.0000s, pruning=0.0010s, overhead=0.0001s)
==================

Step: 24
[POMCP] applicable values:
        scan(brl_robot, tomato4): 3.7525
        place(brl_robot, tomato4): 6.396921797010368
        discard(brl_robot, tomato4): 0.0

[POMCP] Selected: place(brl_robot, tomato4)
[POMCP] Average simulation time:  0.0118
[POMCP] Average select time:  0.0
[Planner] Selected action: place(brl_robot, tomato4)
[Planner] Observation:  ['loaded(tomato4,brl_robot)', 'handempty(brl_robot)']
    [Feedback] method=ours, confidence=0.9992, threshold=0.0000, trigger=False
    [Planner] Updated confidence: 0.999199468456756
    [Belief Diff]
      + add (2): loaded(tomato4,brl_robot), handempty(brl_robot)
      - del (2): holded(tomato4,brl_robot), holding(brl_robot,tomato4)
[TIME] step_total=1.1829s (search=1.1825s, execute=0.0002s, update=0.0001s, interaction=0.0000s, pruning=0.0000s, overhead=0.0001s)
[TIME SUMMARY]
avg search: 0.9625s
avg execute: 0.0005s
avg update: 0.0007s
avg interaction: 0.0000s
avg pruning: 0.0003s
avg step wall: 0.9642s
total wall clock: 23.1412s
=============Action Log=============
[STEP 1]: navigate(brl_robot, dock_station, stem_02)
[STEP 2]: navigate(brl_robot, stem_02, stem_01)
[STEP 3]: detect(brl_robot, stem_01)
[STEP 4]: navigate(brl_robot, stem_01, dock_station)
[STEP 5]: navigate(brl_robot, dock_station, stem_01)
[STEP 6]: navigate(brl_robot, stem_01, dock_station)
[STEP 7]: navigate(brl_robot, dock_station, stem_01)
[STEP 8]: pick(brl_robot, tomato1, stem_01)
[STEP 9]: scan(brl_robot, tomato1)
[STEP 10]: discard(brl_robot, tomato1)
[STEP 11]: detect(brl_robot, stem_01)
[STEP 12]: detect(brl_robot, stem_01)
[STEP 13]: navigate(brl_robot, stem_01, stem_02)
[STEP 14]: navigate(brl_robot, stem_02, dock_station)
[STEP 15]: navigate(brl_robot, stem_01, dock_station)
[STEP 16]: navigate(brl_robot, dock_station, stem_02)
[STEP 17]: detect(brl_robot, stem_02)
[STEP 18]: detect(brl_robot, stem_02)
[STEP 19]: pick(brl_robot, tomato3, stem_02)
[STEP 20]: scan(brl_robot, tomato3)
[STEP 21]: place(brl_robot, tomato3)
[STEP 22]: pick(brl_robot, tomato4, stem_02)
[STEP 23]: scan(brl_robot, tomato4)
[STEP 24]: place(brl_robot, tomato4)
=============Final Knowledge=============
at(tomato2,stem_01)
discarded(tomato1)
handempty(brl_robot)
loaded(tomato3,brl_robot)
loaded(tomato4,brl_robot)
located(brl_robot,stem_02)
location(dock_station)
location(stem_01)
location(stem_02)
observed(tomato1)
observed(tomato2)
observed(tomato3)
observed(tomato4)
ripe(tomato3)
ripe(tomato4)
robot(brl_robot)
rotten(tomato1)
scanned(tomato1)
scanned(tomato3)
scanned(tomato4)
stem(stem_01)
stem(stem_02)
tomato(tomato1)
tomato(tomato2)
tomato(tomato3)
tomato(tomato4)
unripe(tomato2)
=============Query=============
Total Query 0
=============Action Schema Summary=============
detect: actions=5, questions=0, expected_questions_per_action=0.0000
discard: actions=1, questions=0, expected_questions_per_action=0.0000
navigate: actions=10, questions=0, expected_questions_per_action=0.0000
pick: actions=3, questions=0, expected_questions_per_action=0.0000
place: actions=2, questions=0, expected_questions_per_action=0.0000
scan: actions=3, questions=0, expected_questions_per_action=0.0000
=============Log File=============
/home/changmin/PyProject/00_BRL-CF/experiments_logs/system_log/e1_threshold/tomato/scene_05_step50/ours/oracle/tau_0-0/exp_tomato_20260804_052443_872202.txt
