Step: 1
[POMCP] applicable values:
        detect_waste(brl_robot): 3.7021564888234475

[POMCP] Selected: detect_waste(brl_robot)
[POMCP] Average simulation time:  0.0143
[POMCP] Average select time:  0.0
[Planner] Selected action: detect_waste(brl_robot)
[Planner] Observation:  ['can(waste4)', 'detected(waste1)', 'detected(waste2)', 'detected(waste3)', 'detected(waste4)', 'paper(waste1)', 'plastic(waste2)', 'plastic(waste3)']
    [Feedback] method=ours-random-what, confidence=0.2601, threshold=0.8000, trigger=True
    [Planner] Current confidence: 0.2600783902030088
    [Query] Q: paper(waste4) is True?
    [Query] T: paper(waste4)=True?
    [Query] A: False
    [Planner] Reduced 625 --> 500
    [Planner] Current confidence: 0.26258585407224033
    [Query] Q: paper(waste1) is True?
    [Query] T: paper(waste1)=True?
    [Query] A: True
    [Planner] Reduced 500 --> 100
    [Planner] Current confidence: 0.19389561464686866
    [Query] Q: general(waste3) is True?
    [Query] T: general(waste3)=True?
    [Query] A: False
    [Planner] Reduced 100 --> 80
    [Planner] Current confidence: 0.20584819375998487
    [Query] Q: can(waste3) is True?
    [Query] T: can(waste3)=True?
    [Query] A: False
    [Planner] Reduced 80 --> 60
    [Planner] Current confidence: 0.22143165470940196
    [Query] Q: can(waste2) is True?
    [Query] T: can(waste2)=True?
    [Query] A: False
    [Planner] Reduced 60 --> 48
    [Planner] Current confidence: 0.23577435540867975
    [Query] Q: paper(waste2) is True?
    [Query] T: paper(waste2)=True?
    [Query] A: False
    [Planner] Reduced 48 --> 36
    [Planner] Current confidence: 0.25611773934077553
    [Query] Q: plastic(waste4) is True?
    [Query] T: plastic(waste4)=True?
    [Query] A: False
    [Planner] Reduced 36 --> 27
    [Planner] Current confidence: 0.2523609629749567
    [Query] Q: paper(waste3) is True?
    [Query] T: paper(waste3)=True?
    [Query] A: False
    [Planner] Reduced 27 --> 18
    [Planner] Current confidence: 0.2822126546086495
    [Query] Q: detected(waste4) is True?
    [Query] T: detected(waste4)=True?
    [Query] A: True
    [Planner] Reduced 18 --> 12
    [Planner] Current confidence: 0.2557827037334476
    [Query] Q: plastic(waste3) is True?
    [Query] T: plastic(waste3)=True?
    [Query] A: True
    [Planner] Reduced 12 --> 6
    [Planner] Current confidence: 0.2848999737865753
    [Query] Q: plastic(waste2) is True?
    [Query] T: plastic(waste2)=True?
    [Query] A: False
    [Planner] Reduced 6 --> 4
    [Planner] Current confidence: 0.31669406726915905
    [Query] Q: general(waste2) is True?
    [Query] T: general(waste2)=True?
    [Query] A: True
    [Planner] Reduced 4 --> 2
    [Planner] Current confidence: 0.6333592839522377
    [Query] Q: general(waste4) is True?
    [Query] T: general(waste4)=True?
    [Query] A: False
    [Planner] Reduced 2 --> 1
    [Planner] Updated confidence: 1.0
    [Belief Diff]
      + add (8): can(waste4), detected(waste1), detected(waste2), detected(waste3), detected(waste4), general(waste2), paper(waste1), plastic(waste3)
      - del (0): -
[TIME] step_total=1.5934s (search=1.4254s, execute=0.0058s, update=0.1322s, interaction=0.0295s, pruning=0.0004s, overhead=0.0001s)
==================

Step: 2
[POMCP] applicable values:
        detect_waste(brl_robot): 3.206511125020823
        pick(brl_robot, waste1): 0.0
        pick(brl_robot, waste2): 1.658551078222656
        pick(brl_robot, waste3): 1.2896348958333332
        pick(brl_robot, waste4): 0.0

[POMCP] Selected: detect_waste(brl_robot)
[POMCP] Average simulation time:  0.0138
[POMCP] Average select time:  0.0
[Planner] Selected action: detect_waste(brl_robot)
[Planner] Observation:  ['can(waste4)', 'detected(waste1)', 'detected(waste2)', 'detected(waste3)', 'detected(waste4)', 'paper(waste1)', 'paper(waste2)', 'plastic(waste3)']
    [Feedback] method=ours-random-what, confidence=0.4830, threshold=0.8000, trigger=True
    [Planner] Current confidence: 0.48302597590055185
    [Query] Q: paper(waste4) is True?
    [Query] T: paper(waste4)=True?
    [Query] A: False
    [Planner] Reduced 256 --> 192
    [Planner] Current confidence: 0.4798660176530771
    [Query] Q: plastic(waste2) is True?
    [Query] T: plastic(waste2)=True?
    [Query] A: False
    [Planner] Reduced 192 --> 144
    [Planner] Current confidence: 0.5050284402901141
    [Query] Q: paper(waste3) is True?
    [Query] T: paper(waste3)=True?
    [Query] A: False
    [Planner] Reduced 144 --> 108
    [Planner] Current confidence: 0.4888324525278077
    [Query] Q: can(waste2) is True?
    [Query] T: can(waste2)=True?
    [Query] A: False
    [Planner] Reduced 108 --> 72
    [Planner] Current confidence: 0.5250863040037415
    [Query] Q: can(waste1) is True?
    [Query] T: can(waste1)=True?
    [Query] A: False
    [Planner] Reduced 72 --> 54
    [Planner] Current confidence: 0.5537685423395127
    [Query] Q: can(waste3) is True?
    [Query] T: can(waste3)=True?
    [Query] A: False
    [Planner] Reduced 54 --> 36
    [Planner] Current confidence: 0.5223369402754607
    [Query] Q: general(waste1) is True?
    [Query] T: general(waste1)=True?
    [Query] A: False
    [Planner] Reduced 36 --> 24
    [Planner] Current confidence: 0.5550469280327388
    [Query] Q: can(waste4) is True?
    [Query] T: can(waste4)=True?
    [Query] A: True
    [Planner] Reduced 24 --> 8
    [Planner] Current confidence: 0.4593161321004625
    [Query] Q: general(waste2) is True?
    [Query] T: general(waste2)=True?
    [Query] A: True
    [Planner] Reduced 8 --> 4
    [Planner] Current confidence: 0.6889248322809827
    [Query] Q: plastic(waste1) is True?
    [Query] T: plastic(waste1)=True?
    [Query] A: False
    [Planner] Reduced 4 --> 2
    [Planner] Updated confidence: 0.8988788569815302
    [Belief Diff]
      + add (0): -
      - del (0): -
[TIME] step_total=1.4772s (search=1.3843s, execute=0.0058s, update=0.0640s, interaction=0.0228s, pruning=0.0002s, overhead=0.0001s)
==================

Step: 3
[POMCP] applicable values:
        detect_waste(brl_robot): 0.0
        pick(brl_robot, waste1): 0.0
        pick(brl_robot, waste2): 3.932166125957129
        pick(brl_robot, waste3): 3.3196208331987616
        pick(brl_robot, waste4): 9.952373193532232

[POMCP] Selected: pick(brl_robot, waste4)
[POMCP] Average simulation time:  0.0024
[POMCP] Average select time:  0.0
[Planner] Selected action: pick(brl_robot, waste4)
[Planner] Observation:  ['holding(brl_robot,waste4)']
    [Feedback] method=ours-random-what, confidence=0.8968, threshold=0.8000, trigger=False
    [Planner] Updated confidence: 0.896801138908516
    [Belief Diff]
      + add (1): holding(brl_robot,waste4)
      - del (1): handempty(brl_robot)
[TIME] step_total=0.2390s (search=0.2385s, execute=0.0001s, update=0.0001s, interaction=0.0000s, pruning=0.0002s, overhead=0.0001s)
==================

Step: 4
[POMCP] applicable values:
        place_gw_bin(brl_robot, waste4, gw_bin): 4.286875
        place_paper_bin(brl_robot, waste4, pp_bin): 3.151247048623046
        place_can_bin(brl_robot, waste4, ca_bin): 14.172235515095368
        place_plastic_bin(brl_robot, waste4, pl_bin): 0.0

[POMCP] Selected: place_can_bin(brl_robot, waste4, ca_bin)
[POMCP] Average simulation time:  0.0018
[POMCP] Average select time:  0.0
[Planner] Selected action: place_can_bin(brl_robot, waste4, ca_bin)
[Planner] Observation:  ['in_bin(waste4,ca_bin)', 'handempty(brl_robot)']
    [Feedback] method=ours-random-what, confidence=0.9943, threshold=0.8000, trigger=False
    [Planner] Updated confidence: 0.9942953959899183
    [Belief Diff]
      + add (2): in_bin(waste4,ca_bin), handempty(brl_robot)
      - del (2): detected(waste4), holding(brl_robot,waste4)
[TIME] step_total=0.1781s (search=0.1776s, execute=0.0002s, update=0.0001s, interaction=0.0000s, pruning=0.0002s, overhead=0.0001s)
==================

Step: 5
[POMCP] applicable values:
        detect_waste(brl_robot): 0.0
        pick(brl_robot, waste1): 0.0
        pick(brl_robot, waste2): 0.0
        pick(brl_robot, waste3): 12.351011859902234

[POMCP] Selected: pick(brl_robot, waste3)
[POMCP] Average simulation time:  0.0019
[POMCP] Average select time:  0.0
[Planner] Selected action: pick(brl_robot, waste3)
[Planner] Observation:  ['holding(brl_robot,waste3)']
    [Feedback] method=ours-random-what, confidence=0.9614, threshold=0.8000, trigger=False
    [Planner] Updated confidence: 0.9613570455361214
    [Belief Diff]
      + add (1): holding(brl_robot,waste3)
      - del (1): handempty(brl_robot)
[TIME] step_total=0.1910s (search=0.1905s, execute=0.0001s, update=0.0001s, interaction=0.0000s, pruning=0.0001s, overhead=0.0001s)
==================

Step: 6
[POMCP] applicable values:
        place_gw_bin(brl_robot, waste3, gw_bin): 2.25625
        place_paper_bin(brl_robot, waste3, pp_bin): 2.701800438313184
        place_can_bin(brl_robot, waste3, ca_bin): 0.0
        place_plastic_bin(brl_robot, waste3, pl_bin): 14.336409951103374

[POMCP] Selected: place_plastic_bin(brl_robot, waste3, pl_bin)
[POMCP] Average simulation time:  0.0018
[POMCP] Average select time:  0.0
[Planner] Selected action: place_plastic_bin(brl_robot, waste3, pl_bin)
[Planner] Observation:  ['in_bin(waste3,pl_bin)', 'handempty(brl_robot)']
    [Feedback] method=ours-random-what, confidence=0.9945, threshold=0.8000, trigger=False
    [Planner] Updated confidence: 0.9945082217781713
    [Belief Diff]
      + add (2): in_bin(waste3,pl_bin), handempty(brl_robot)
      - del (2): holding(brl_robot,waste3), detected(waste3)
[TIME] step_total=0.1780s (search=0.1774s, execute=0.0002s, update=0.0001s, interaction=0.0000s, pruning=0.0002s, overhead=0.0001s)
==================

Step: 7
[POMCP] applicable values:
        detect_waste(brl_robot): 0.0
        pick(brl_robot, waste1): 11.427709674662324
        pick(brl_robot, waste2): 0.0

[POMCP] Selected: pick(brl_robot, waste1)
[POMCP] Average simulation time:  0.002
[POMCP] Average select time:  0.0
[Planner] Selected action: pick(brl_robot, waste1)
[Planner] Observation:  ['holding(brl_robot,waste1)']
    [Feedback] method=ours-random-what, confidence=0.9477, threshold=0.8000, trigger=False
    [Planner] Updated confidence: 0.9476779684624846
    [Belief Diff]
      + add (1): holding(brl_robot,waste1)
      - del (1): handempty(brl_robot)
[TIME] step_total=0.1990s (search=0.1984s, execute=0.0002s, update=0.0001s, interaction=0.0000s, pruning=0.0002s, overhead=0.0001s)
==================

Step: 8
[POMCP] applicable values:
        place_gw_bin(brl_robot, waste1, gw_bin): 3.8689046874999997
        place_paper_bin(brl_robot, waste1, pp_bin): 13.252418595401382
        place_can_bin(brl_robot, waste1, ca_bin): 0.0
        place_plastic_bin(brl_robot, waste1, pl_bin): 0.0

[POMCP] Selected: place_paper_bin(brl_robot, waste1, pp_bin)
[POMCP] Average simulation time:  0.0018
[POMCP] Average select time:  0.0
[Planner] Selected action: place_paper_bin(brl_robot, waste1, pp_bin)
[Planner] Observation:  ['holding(brl_robot,waste1)', 'detected(waste1)']
    [Feedback] method=ours-random-what, confidence=0.5577, threshold=0.8000, trigger=True
    [Planner] Current confidence: 0.5577167500063699
    [Query] Q: holding(brl_robot,waste1) is True?
    [Query] T: holding(brl_robot,waste1)=True?
    [Query] A: False
    [Planner] Reduced 2 --> 1
    [Planner] Updated confidence: 1.0
    [Belief Diff]
      + add (2): in_bin(waste1,pp_bin), handempty(brl_robot)
      - del (2): detected(waste1), holding(brl_robot,waste1)
[TIME] step_total=0.1846s (search=0.1838s, execute=0.0002s, update=0.0001s, interaction=0.0002s, pruning=0.0004s, overhead=0.0001s)
==================

Step: 9
[POMCP] applicable values:
        detect_waste(brl_robot): 9.055710890906775
        pick(brl_robot, waste2): 0.0

[POMCP] Selected: detect_waste(brl_robot)
[POMCP] Average simulation time:  0.0019
[POMCP] Average select time:  0.0
[Planner] Selected action: detect_waste(brl_robot)
[Planner] Observation:  ['detected(waste2)', 'general(waste2)']
    [Feedback] method=ours-random-what, confidence=0.3886, threshold=0.8000, trigger=True
    [Planner] Current confidence: 0.3885741787774679
    [Query] Q: general(waste2) is True?
    [Query] T: general(waste2)=True?
    [Query] A: True
    [Planner] Reduced 4 --> 1
    [Planner] Updated confidence: 1.0
    [Belief Diff]
      + add (0): -
      - del (0): -
[TIME] step_total=0.1968s (search=0.1893s, execute=0.0042s, update=0.0007s, interaction=0.0002s, pruning=0.0023s, overhead=0.0001s)
==================

Step: 10
[POMCP] applicable values:
        detect_waste(brl_robot): 0.0
        pick(brl_robot, waste2): 12.245186494606935

[POMCP] Selected: pick(brl_robot, waste2)
[POMCP] Average simulation time:  0.0019
[POMCP] Average select time:  0.0
[Planner] Selected action: pick(brl_robot, waste2)
[Planner] Observation:  ['holding(brl_robot,waste2)']
    [Feedback] method=ours-random-what, confidence=0.9261, threshold=0.8000, trigger=False
    [Planner] Updated confidence: 0.9260787886974636
    [Belief Diff]
      + add (1): holding(brl_robot,waste2)
      - del (1): handempty(brl_robot)
[TIME] step_total=0.1900s (search=0.1895s, execute=0.0002s, update=0.0001s, interaction=0.0000s, pruning=0.0002s, overhead=0.0001s)
==================

Step: 11
[POMCP] applicable values:
        place_gw_bin(brl_robot, waste2, gw_bin): 14.732096541786742
        place_paper_bin(brl_robot, waste2, pp_bin): 0.0
        place_can_bin(brl_robot, waste2, ca_bin): 0.0
        place_plastic_bin(brl_robot, waste2, pl_bin): 0.0

[POMCP] Selected: place_gw_bin(brl_robot, waste2, gw_bin)
[POMCP] Average simulation time:  0.0019
[POMCP] Average select time:  0.0
[Planner] Selected action: place_gw_bin(brl_robot, waste2, gw_bin)
[Planner] Observation:  ['in_bin(waste2,gw_bin)', 'handempty(brl_robot)']
    [Feedback] method=ours-random-what, confidence=0.9781, threshold=0.8000, trigger=False
    [Planner] Updated confidence: 0.978066523738616
    [Belief Diff]
      + add (2): in_bin(waste2,gw_bin), handempty(brl_robot)
      - del (2): detected(waste2), holding(brl_robot,waste2)
[TIME] step_total=0.1885s (search=0.1881s, execute=0.0002s, update=0.0001s, interaction=0.0000s, pruning=0.0000s, overhead=0.0001s)
[TIME SUMMARY]
avg search: 0.4130s
avg execute: 0.0016s
avg update: 0.0180s
avg interaction: 0.0048s
avg pruning: 0.0004s
avg step wall: 0.4378s
total wall clock: 4.8157s
=============Action Log=============
[STEP 1]: detect_waste(brl_robot)
[STEP 2]: detect_waste(brl_robot)
[STEP 3]: pick(brl_robot, waste4)
[STEP 4]: place_can_bin(brl_robot, waste4, ca_bin)
[STEP 5]: pick(brl_robot, waste3)
[STEP 6]: place_plastic_bin(brl_robot, waste3, pl_bin)
[STEP 7]: pick(brl_robot, waste1)
[STEP 8]: place_paper_bin(brl_robot, waste1, pp_bin)
[STEP 9]: detect_waste(brl_robot)
[STEP 10]: pick(brl_robot, waste2)
[STEP 11]: place_gw_bin(brl_robot, waste2, gw_bin)
=============Final Knowledge=============
can(waste4)
can_bin(ca_bin)
general(waste2)
general_bin(gw_bin)
handempty(brl_robot)
in_bin(waste1,pp_bin)
in_bin(waste2,gw_bin)
in_bin(waste3,pl_bin)
in_bin(waste4,ca_bin)
paper(waste1)
paper_bin(pp_bin)
plastic(waste3)
plastic_bin(pl_bin)
robot(brl_robot)
waste(waste1)
waste(waste2)
waste(waste3)
waste(waste4)
=============Query=============
Total Query 25
=============Action Schema Summary=============
detect_waste: actions=3, questions=24, expected_questions_per_action=8.0000
pick: actions=4, questions=0, expected_questions_per_action=0.0000
place_can_bin: actions=1, questions=0, expected_questions_per_action=0.0000
place_gw_bin: actions=1, questions=0, expected_questions_per_action=0.0000
place_paper_bin: actions=1, questions=1, expected_questions_per_action=1.0000
place_plastic_bin: actions=1, questions=0, expected_questions_per_action=0.0000
=============Log File=============
/home/changmin/PyProject/00_BRL-CF/experiments_logs/system_log/e2_ablation/wastesorting/scene_01_step50/ours-random-what/oracle/exp_wastesorting_20260804_150333_588748.txt
