Step: 1
[POMCP] applicable values:
        detect_waste(brl_robot): 3.2745844207486443

[POMCP] Selected: detect_waste(brl_robot)
[POMCP] Average simulation time:  0.0149
[POMCP] Average select time:  0.0
[Planner] Selected action: detect_waste(brl_robot)
[Planner] Observation:  ['can(waste4)', 'detected(waste1)', 'detected(waste2)', 'detected(waste3)', 'detected(waste4)', 'general(waste2)', 'paper(waste1)', 'plastic(waste3)']
    [Feedback] method=ours-random-what, confidence=0.2339, threshold=0.8000, trigger=True
    [Planner] Current confidence: 0.23392325537579317
    [Query] Q: paper(waste2) is True?
    [Query] T: paper(waste2)=True?
    [Query] A: False
    [Planner] Reduced 625 --> 500
    [Planner] Current confidence: 0.24148422592484864
    [Query] Q: paper(waste3) is True?
    [Query] T: paper(waste3)=True?
    [Query] A: False
    [Planner] Reduced 500 --> 400
    [Planner] Current confidence: 0.25138861276441216
    [Query] Q: detected(waste3) is True?
    [Query] T: detected(waste3)=True?
    [Query] A: True
    [Planner] Reduced 400 --> 300
    [Planner] Current confidence: 0.26207307541836355
    [Query] Q: general(waste1) is True?
    [Query] T: general(waste1)=True?
    [Query] A: False
    [Planner] Reduced 300 --> 240
    [Planner] Current confidence: 0.27436313997160333
    [Query] Q: detected(waste2) is True?
    [Query] T: detected(waste2)=True?
    [Query] A: True
    [Planner] Reduced 240 --> 180
    [Planner] Current confidence: 0.28348446429830343
    [Query] Q: plastic(waste1) is True?
    [Query] T: plastic(waste1)=True?
    [Query] A: False
    [Planner] Reduced 180 --> 135
    [Planner] Current confidence: 0.29976468740725026
    [Query] Q: can(waste2) is True?
    [Query] T: can(waste2)=True?
    [Query] A: False
    [Planner] Reduced 135 --> 90
    [Planner] Current confidence: 0.3047877674207371
    [Query] Q: plastic(waste2) is True?
    [Query] T: plastic(waste2)=True?
    [Query] A: False
    [Planner] Reduced 90 --> 45
    [Planner] Current confidence: 0.27705741667691997
    [Query] Q: paper(waste1) is True?
    [Query] T: paper(waste1)=True?
    [Query] A: True
    [Planner] Reduced 45 --> 15
    [Planner] Current confidence: 0.30494578945435313
    [Query] Q: plastic(waste4) is True?
    [Query] T: plastic(waste4)=True?
    [Query] A: False
    [Planner] Reduced 15 --> 12
    [Planner] Current confidence: 0.32768780020533994
    [Query] Q: paper(waste4) is True?
    [Query] T: paper(waste4)=True?
    [Query] A: False
    [Planner] Reduced 12 --> 9
    [Planner] Current confidence: 0.3508389808061887
    [Query] Q: plastic(waste3) is True?
    [Query] T: plastic(waste3)=True?
    [Query] A: True
    [Planner] Reduced 9 --> 3
    [Planner] Current confidence: 0.4267443498203971
    [Query] Q: general(waste4) is True?
    [Query] T: general(waste4)=True?
    [Query] A: False
    [Planner] Reduced 3 --> 2
    [Planner] Current confidence: 0.5049579212510101
    [Query] Q: can(waste4) is True?
    [Query] T: can(waste4)=True?
    [Query] A: True
    [Planner] Reduced 2 --> 1
    [Planner] Updated confidence: 1.0
    [Belief Diff]
      + add (8): can(waste4), detected(waste1), detected(waste2), detected(waste3), detected(waste4), general(waste2), paper(waste1), plastic(waste3)
      - del (0): -
[TIME] step_total=1.6828s (search=1.4940s, execute=0.0060s, update=0.1311s, interaction=0.0514s, pruning=0.0003s, overhead=0.0001s)
==================

Step: 2
[POMCP] applicable values:
        detect_waste(brl_robot): 2.1024265276925487
        pick(brl_robot, waste1): 0.0
        pick(brl_robot, waste2): 2.1434375
        pick(brl_robot, waste3): 10.014126324482127
        pick(brl_robot, waste4): 0.0

[POMCP] Selected: pick(brl_robot, waste3)
[POMCP] Average simulation time:  0.0027
[POMCP] Average select time:  0.0
[Planner] Selected action: pick(brl_robot, waste3)
[Planner] Observation:  ['handempty(brl_robot)']
    [Feedback] method=ours-random-what, confidence=0.0069, threshold=0.8000, trigger=True
    [Planner] Current confidence: 0.0069151683409471865
    [Query] Q: holding(brl_robot,waste3) is True?
    [Query] T: holding(brl_robot,waste3)=True?
    [Query] A: True
    [Planner] Reduced 2 --> 1
    [Planner] Updated confidence: 1.0
    [Belief Diff]
      + add (1): holding(brl_robot,waste3)
      - del (1): handempty(brl_robot)
[TIME] step_total=0.2679s (search=0.2674s, execute=0.0001s, update=0.0001s, interaction=0.0002s, pruning=0.0001s, overhead=0.0001s)
==================

Step: 3
[POMCP] applicable values:
        place_gw_bin(brl_robot, waste3, gw_bin): 0.0
        place_paper_bin(brl_robot, waste3, pp_bin): 5.577716764545897
        place_can_bin(brl_robot, waste3, ca_bin): 0.0
        place_plastic_bin(brl_robot, waste3, pl_bin): 13.978200842190766

[POMCP] Selected: place_plastic_bin(brl_robot, waste3, pl_bin)
[POMCP] Average simulation time:  0.0017
[POMCP] Average select time:  0.0
[Planner] Selected action: place_plastic_bin(brl_robot, waste3, pl_bin)
[Planner] Observation:  ['in_bin(waste3,pl_bin)', 'handempty(brl_robot)']
    [Feedback] method=ours-random-what, confidence=0.9948, threshold=0.8000, trigger=False
    [Planner] Updated confidence: 0.9948372122404272
    [Belief Diff]
      + add (2): in_bin(waste3,pl_bin), handempty(brl_robot)
      - del (2): holding(brl_robot,waste3), detected(waste3)
[TIME] step_total=0.1662s (search=0.1657s, execute=0.0002s, update=0.0001s, interaction=0.0001s, pruning=0.0001s, overhead=0.0001s)
==================

Step: 4
[POMCP] applicable values:
        detect_waste(brl_robot): 0.0
        pick(brl_robot, waste1): 4.02181216015625
        pick(brl_robot, waste2): 2.844000461382299
        pick(brl_robot, waste4): 11.469466796954231

[POMCP] Selected: pick(brl_robot, waste4)
[POMCP] Average simulation time:  0.0017
[POMCP] Average select time:  0.0
[Planner] Selected action: pick(brl_robot, waste4)
[Planner] Observation:  ['handempty(brl_robot)']
    [Feedback] method=ours-random-what, confidence=0.0172, threshold=0.8000, trigger=True
    [Planner] Current confidence: 0.01723681805792243
    [Query] Q: holding(brl_robot,waste4) is True?
    [Query] T: holding(brl_robot,waste4)=True?
    [Query] A: True
    [Planner] Reduced 2 --> 1
    [Planner] Updated confidence: 1.0
    [Belief Diff]
      + add (1): holding(brl_robot,waste4)
      - del (1): handempty(brl_robot)
[TIME] step_total=0.1687s (search=0.1681s, execute=0.0001s, update=0.0001s, interaction=0.0002s, pruning=0.0002s, overhead=0.0001s)
==================

Step: 5
[POMCP] applicable values:
        place_gw_bin(brl_robot, waste4, gw_bin): 3.6754594531249998
        place_paper_bin(brl_robot, waste4, pp_bin): 0.0
        place_can_bin(brl_robot, waste4, ca_bin): 13.424128743909476
        place_plastic_bin(brl_robot, waste4, pl_bin): 4.286875

[POMCP] Selected: place_can_bin(brl_robot, waste4, ca_bin)
[POMCP] Average simulation time:  0.0017
[POMCP] Average select time:  0.0
[Planner] Selected action: place_can_bin(brl_robot, waste4, ca_bin)
[Planner] Observation:  []
    [Feedback] method=ours-random-what, confidence=0.5310, threshold=0.8000, trigger=True
    [Planner] Current confidence: 0.531033259510088
    [Query] Q: handempty(brl_robot) is True?
    [Query] T: handempty(brl_robot)=True?
    [Query] A: True
    [Planner] Reduced 2 --> 1
    [Planner] Updated confidence: 1.0
    [Belief Diff]
      + add (2): in_bin(waste4,ca_bin), handempty(brl_robot)
      - del (2): holding(brl_robot,waste4), detected(waste4)
[TIME] step_total=0.1718s (search=0.1711s, execute=0.0002s, update=0.0001s, interaction=0.0002s, pruning=0.0003s, overhead=0.0001s)
==================

Step: 6
[POMCP] applicable values:
        detect_waste(brl_robot): 4.07253125
        pick(brl_robot, waste1): 10.498444363805337
        pick(brl_robot, waste2): 0.0

[POMCP] Selected: pick(brl_robot, waste1)
[POMCP] Average simulation time:  0.0018
[POMCP] Average select time:  0.0
[Planner] Selected action: pick(brl_robot, waste1)
[Planner] Observation:  ['holding(brl_robot,waste1)']
    [Feedback] method=ours-random-what, confidence=0.9408, threshold=0.8000, trigger=False
    [Planner] Updated confidence: 0.940795303645735
    [Belief Diff]
      + add (1): holding(brl_robot,waste1)
      - del (1): handempty(brl_robot)
[TIME] step_total=0.1852s (search=0.1846s, execute=0.0002s, update=0.0001s, interaction=0.0001s, pruning=0.0003s, overhead=0.0001s)
==================

Step: 7
[POMCP] applicable values:
        place_gw_bin(brl_robot, waste1, gw_bin): 4.07253125
        place_paper_bin(brl_robot, waste1, pp_bin): 11.908916824437705
        place_can_bin(brl_robot, waste1, ca_bin): 0.0
        place_plastic_bin(brl_robot, waste1, pl_bin): 4.286875

[POMCP] Selected: place_paper_bin(brl_robot, waste1, pp_bin)
[POMCP] Average simulation time:  0.0018
[POMCP] Average select time:  0.0
[Planner] Selected action: place_paper_bin(brl_robot, waste1, pp_bin)
[Planner] Observation:  ['in_bin(waste1,pp_bin)', 'handempty(brl_robot)']
    [Feedback] method=ours-random-what, confidence=0.9944, threshold=0.8000, trigger=False
    [Planner] Updated confidence: 0.9943845479864817
    [Belief Diff]
      + add (2): in_bin(waste1,pp_bin), handempty(brl_robot)
      - del (2): detected(waste1), holding(brl_robot,waste1)
[TIME] step_total=0.1818s (search=0.1811s, execute=0.0002s, update=0.0001s, interaction=0.0000s, pruning=0.0003s, overhead=0.0001s)
==================

Step: 8
[POMCP] applicable values:
        detect_waste(brl_robot): 8.118530015334217
        pick(brl_robot, waste2): 0.0

[POMCP] Selected: detect_waste(brl_robot)
[POMCP] Average simulation time:  0.0019
[POMCP] Average select time:  0.0
[Planner] Selected action: detect_waste(brl_robot)
[Planner] Observation:  ['detected(waste2)', 'general(waste2)']
    [Feedback] method=ours-random-what, confidence=0.8318, threshold=0.8000, trigger=False
    [Planner] Updated confidence: 0.8317965657871083
    [Belief Diff]
      + add (0): -
      - del (0): -
[TIME] step_total=0.1940s (search=0.1875s, execute=0.0041s, update=0.0007s, interaction=0.0000s, pruning=0.0017s, overhead=0.0001s)
==================

Step: 9
[POMCP] applicable values:
        detect_waste(brl_robot): 0.0
        pick(brl_robot, waste2): 12.237367373320184

[POMCP] Selected: pick(brl_robot, waste2)
[POMCP] Average simulation time:  0.0019
[POMCP] Average select time:  0.0
[Planner] Selected action: pick(brl_robot, waste2)
[Planner] Observation:  ['holding(brl_robot,waste2)']
    [Feedback] method=ours-random-what, confidence=0.9120, threshold=0.8000, trigger=False
    [Planner] Updated confidence: 0.9119879280715013
    [Belief Diff]
      + add (1): holding(brl_robot,waste2)
      - del (1): handempty(brl_robot)
[TIME] step_total=0.1864s (search=0.1858s, execute=0.0002s, update=0.0001s, interaction=0.0000s, pruning=0.0002s, overhead=0.0001s)
==================

Step: 10
[POMCP] applicable values:
        place_gw_bin(brl_robot, waste2, gw_bin): 14.724353448275858
        place_paper_bin(brl_robot, waste2, pp_bin): 0.0
        place_can_bin(brl_robot, waste2, ca_bin): 0.0
        place_plastic_bin(brl_robot, waste2, pl_bin): 0.0

[POMCP] Selected: place_gw_bin(brl_robot, waste2, gw_bin)
[POMCP] Average simulation time:  0.0019
[POMCP] Average select time:  0.0
[Planner] Selected action: place_gw_bin(brl_robot, waste2, gw_bin)
[Planner] Observation:  ['in_bin(waste2,gw_bin)', 'handempty(brl_robot)']
    [Feedback] method=ours-random-what, confidence=0.9965, threshold=0.8000, trigger=False
    [Planner] Updated confidence: 0.9964931869487077
    [Belief Diff]
      + add (2): in_bin(waste2,gw_bin), handempty(brl_robot)
      - del (2): holding(brl_robot,waste2), detected(waste2)
[TIME] step_total=0.1869s (search=0.1866s, execute=0.0002s, update=0.0001s, interaction=0.0000s, pruning=0.0000s, overhead=0.0001s)
[TIME SUMMARY]
avg search: 0.3192s
avg execute: 0.0011s
avg update: 0.0133s
avg interaction: 0.0052s
avg pruning: 0.0003s
avg step wall: 0.3392s
total wall clock: 3.3919s
=============Action Log=============
[STEP 1]: detect_waste(brl_robot)
[STEP 2]: pick(brl_robot, waste3)
[STEP 3]: place_plastic_bin(brl_robot, waste3, pl_bin)
[STEP 4]: pick(brl_robot, waste4)
[STEP 5]: place_can_bin(brl_robot, waste4, ca_bin)
[STEP 6]: pick(brl_robot, waste1)
[STEP 7]: place_paper_bin(brl_robot, waste1, pp_bin)
[STEP 8]: detect_waste(brl_robot)
[STEP 9]: pick(brl_robot, waste2)
[STEP 10]: place_gw_bin(brl_robot, waste2, gw_bin)
=============Final Knowledge=============
can(waste4)
can_bin(ca_bin)
general(waste2)
general_bin(gw_bin)
handempty(brl_robot)
in_bin(waste1,pp_bin)
in_bin(waste2,gw_bin)
in_bin(waste3,pl_bin)
in_bin(waste4,ca_bin)
paper(waste1)
paper_bin(pp_bin)
plastic(waste3)
plastic_bin(pl_bin)
robot(brl_robot)
waste(waste1)
waste(waste2)
waste(waste3)
waste(waste4)
=============Query=============
Total Query 17
=============Action Schema Summary=============
detect_waste: actions=2, questions=14, expected_questions_per_action=7.0000
pick: actions=4, questions=2, expected_questions_per_action=0.5000
place_can_bin: actions=1, questions=1, expected_questions_per_action=1.0000
place_gw_bin: actions=1, questions=0, expected_questions_per_action=0.0000
place_paper_bin: actions=1, questions=0, expected_questions_per_action=0.0000
place_plastic_bin: actions=1, questions=0, expected_questions_per_action=0.0000
=============Log File=============
/home/changmin/PyProject/00_BRL-CF/experiments_logs/system_log/e2_ablation/wastesorting/scene_01_step50/ours-random-what/oracle/exp_wastesorting_20260804_150434_978647.txt
