Step: 1
[POMCP] applicable values:
        detect_waste(brl_robot): 3.450942977695478

[POMCP] Selected: detect_waste(brl_robot)
[POMCP] Average simulation time:  0.0141
[POMCP] Average select time:  0.0
[Planner] Selected action: detect_waste(brl_robot)
[Planner] Observation:  ['detected(waste1)', 'detected(waste2)', 'detected(waste3)', 'detected(waste4)', 'paper(waste1)', 'paper(waste4)', 'plastic(waste2)', 'plastic(waste3)']
    [Feedback] method=ours-random-what, confidence=0.1003, threshold=0.8000, trigger=True
    [Planner] Current confidence: 0.10027598563351514
    [Query] Q: plastic(waste3) is True?
    [Query] T: plastic(waste3)=True?
    [Query] A: True
    [Planner] Reduced 625 --> 125
    [Planner] Current confidence: 0.07606176779491403
    [Query] Q: detected(waste4) is True?
    [Query] T: detected(waste4)=True?
    [Query] A: True
    [Planner] Reduced 125 --> 100
    [Planner] Current confidence: 0.08045950316576855
    [Query] Q: detected(waste2) is True?
    [Query] T: detected(waste2)=True?
    [Query] A: True
    [Planner] Reduced 100 --> 80
    [Planner] Current confidence: 0.0860451359142076
    [Query] Q: plastic(waste4) is True?
    [Query] T: plastic(waste4)=True?
    [Query] A: False
    [Planner] Reduced 80 --> 60
    [Planner] Current confidence: 0.09289667314557737
    [Query] Q: general(waste4) is True?
    [Query] T: general(waste4)=True?
    [Query] A: False
    [Planner] Reduced 60 --> 40
    [Planner] Current confidence: 0.10301070306792004
    [Query] Q: detected(waste1) is True?
    [Query] T: detected(waste1)=True?
    [Query] A: True
    [Planner] Reduced 40 --> 32
    [Planner] Current confidence: 0.11193033793212437
    [Query] Q: paper(waste1) is True?
    [Query] T: paper(waste1)=True?
    [Query] A: True
    [Planner] Reduced 32 --> 8
    [Planner] Current confidence: 0.05249268519547512
    [Query] Q: general(waste2) is True?
    [Query] T: general(waste2)=True?
    [Query] A: True
    [Planner] Reduced 8 --> 2
    [Planner] Current confidence: 0.05059321026273178
    [Query] Q: can(waste4) is True?
    [Query] T: can(waste4)=True?
    [Query] A: True
    [Planner] Reduced 2 --> 1
    [Planner] Updated confidence: 1.0
    [Belief Diff]
      + add (8): can(waste4), detected(waste1), detected(waste2), detected(waste3), detected(waste4), general(waste2), paper(waste1), plastic(waste3)
      - del (0): -
[TIME] step_total=1.5646s (search=1.4081s, execute=0.0058s, update=0.1289s, interaction=0.0213s, pruning=0.0004s, overhead=0.0001s)
==================

Step: 2
[POMCP] applicable values:
        detect_waste(brl_robot): 3.802647915962751
        pick(brl_robot, waste1): 0.0
        pick(brl_robot, waste2): 8.600741194499633
        pick(brl_robot, waste3): 3.7282736879785645
        pick(brl_robot, waste4): 2.463211135481771

[POMCP] Selected: pick(brl_robot, waste2)
[POMCP] Average simulation time:  0.0032
[POMCP] Average select time:  0.0
[Planner] Selected action: pick(brl_robot, waste2)
[Planner] Observation:  ['holding(brl_robot,waste2)']
    [Feedback] method=ours-random-what, confidence=0.9590, threshold=0.8000, trigger=False
    [Planner] Updated confidence: 0.9590210173589917
    [Belief Diff]
      + add (1): holding(brl_robot,waste2)
      - del (1): handempty(brl_robot)
[TIME] step_total=0.3223s (search=0.3218s, execute=0.0001s, update=0.0001s, interaction=0.0000s, pruning=0.0002s, overhead=0.0001s)
==================

Step: 3
[POMCP] applicable values:
        place_gw_bin(brl_robot, waste2, gw_bin): 13.118761583694646
        place_paper_bin(brl_robot, waste2, pp_bin): 4.151311979166667
        place_can_bin(brl_robot, waste2, ca_bin): 0.0
        place_plastic_bin(brl_robot, waste2, pl_bin): 3.6754594531249998

[POMCP] Selected: place_gw_bin(brl_robot, waste2, gw_bin)
[POMCP] Average simulation time:  0.0016
[POMCP] Average select time:  0.0
[Planner] Selected action: place_gw_bin(brl_robot, waste2, gw_bin)
[Planner] Observation:  ['in_bin(waste2,gw_bin)', 'handempty(brl_robot)']
    [Feedback] method=ours-random-what, confidence=0.9862, threshold=0.8000, trigger=False
    [Planner] Updated confidence: 0.9861575956027286
    [Belief Diff]
      + add (2): in_bin(waste2,gw_bin), handempty(brl_robot)
      - del (2): detected(waste2), holding(brl_robot,waste2)
[TIME] step_total=0.1653s (search=0.1648s, execute=0.0001s, update=0.0001s, interaction=0.0000s, pruning=0.0002s, overhead=0.0001s)
==================

Step: 4
[POMCP] applicable values:
        detect_waste(brl_robot): 0.6302494097246092
        pick(brl_robot, waste1): 0.0
        pick(brl_robot, waste3): 10.272203802537502
        pick(brl_robot, waste4): 0.0

[POMCP] Selected: pick(brl_robot, waste3)
[POMCP] Average simulation time:  0.0016
[POMCP] Average select time:  0.0
[Planner] Selected action: pick(brl_robot, waste3)
[Planner] Observation:  ['holding(brl_robot,waste3)']
    [Feedback] method=ours-random-what, confidence=0.9726, threshold=0.8000, trigger=False
    [Planner] Updated confidence: 0.9725927442018873
    [Belief Diff]
      + add (1): holding(brl_robot,waste3)
      - del (1): handempty(brl_robot)
[TIME] step_total=0.1614s (search=0.1609s, execute=0.0001s, update=0.0001s, interaction=0.0000s, pruning=0.0002s, overhead=0.0001s)
==================

Step: 5
[POMCP] applicable values:
        place_gw_bin(brl_robot, waste3, gw_bin): 0.0
        place_paper_bin(brl_robot, waste3, pp_bin): 0.0
        place_can_bin(brl_robot, waste3, ca_bin): 2.1434375
        place_plastic_bin(brl_robot, waste3, pl_bin): 11.956392645858221

[POMCP] Selected: place_plastic_bin(brl_robot, waste3, pl_bin)
[POMCP] Average simulation time:  0.0016
[POMCP] Average select time:  0.0
[Planner] Selected action: place_plastic_bin(brl_robot, waste3, pl_bin)
[Planner] Observation:  ['in_bin(waste3,pl_bin)', 'handempty(brl_robot)']
    [Feedback] method=ours-random-what, confidence=0.9772, threshold=0.8000, trigger=False
    [Planner] Updated confidence: 0.9772114853508802
    [Belief Diff]
      + add (2): in_bin(waste3,pl_bin), handempty(brl_robot)
      - del (2): holding(brl_robot,waste3), detected(waste3)
[TIME] step_total=0.1612s (search=0.1607s, execute=0.0001s, update=0.0001s, interaction=0.0000s, pruning=0.0002s, overhead=0.0001s)
==================

Step: 6
[POMCP] applicable values:
        detect_waste(brl_robot): 0.0
        pick(brl_robot, waste1): 8.16511368603455
        pick(brl_robot, waste4): 0.0

[POMCP] Selected: pick(brl_robot, waste1)
[POMCP] Average simulation time:  0.0018
[POMCP] Average select time:  0.0
[Planner] Selected action: pick(brl_robot, waste1)
[Planner] Observation:  ['holding(brl_robot,waste1)']
    [Feedback] method=ours-random-what, confidence=0.9048, threshold=0.8000, trigger=False
    [Planner] Updated confidence: 0.9048418956444189
    [Belief Diff]
      + add (1): holding(brl_robot,waste1)
      - del (1): handempty(brl_robot)
[TIME] step_total=0.1760s (search=0.1755s, execute=0.0001s, update=0.0001s, interaction=0.0000s, pruning=0.0002s, overhead=0.0001s)
==================

Step: 7
[POMCP] applicable values:
        place_gw_bin(brl_robot, waste1, gw_bin): 0.0
        place_paper_bin(brl_robot, waste1, pp_bin): 9.270215790998703
        place_can_bin(brl_robot, waste1, ca_bin): 0.0
        place_plastic_bin(brl_robot, waste1, pl_bin): 4.399687500000001

[POMCP] Selected: place_paper_bin(brl_robot, waste1, pp_bin)
[POMCP] Average simulation time:  0.0018
[POMCP] Average select time:  0.0
[Planner] Selected action: place_paper_bin(brl_robot, waste1, pp_bin)
[Planner] Observation:  ['in_bin(waste1,pp_bin)', 'handempty(brl_robot)']
    [Feedback] method=ours-random-what, confidence=0.9803, threshold=0.8000, trigger=False
    [Planner] Updated confidence: 0.9802623708683411
    [Belief Diff]
      + add (2): in_bin(waste1,pp_bin), handempty(brl_robot)
      - del (2): holding(brl_robot,waste1), detected(waste1)
[TIME] step_total=0.1849s (search=0.1843s, execute=0.0002s, update=0.0001s, interaction=0.0000s, pruning=0.0002s, overhead=0.0001s)
==================

Step: 8
[POMCP] applicable values:
        detect_waste(brl_robot): 4.7233686459363
        pick(brl_robot, waste4): 0.0

[POMCP] Selected: detect_waste(brl_robot)
[POMCP] Average simulation time:  0.0017
[POMCP] Average select time:  0.0
[Planner] Selected action: detect_waste(brl_robot)
[Planner] Observation:  ['can(waste4)', 'detected(waste4)']
    [Feedback] method=ours-random-what, confidence=0.3849, threshold=0.8000, trigger=True
    [Planner] Current confidence: 0.38485056392431904
    [Query] Q: can(waste4) is True?
    [Query] T: can(waste4)=True?
    [Query] A: True
    [Planner] Reduced 4 --> 1
    [Planner] Updated confidence: 1.0
    [Belief Diff]
      + add (0): -
      - del (0): -
[TIME] step_total=0.1809s (search=0.1745s, execute=0.0038s, update=0.0007s, interaction=0.0002s, pruning=0.0016s, overhead=0.0001s)
==================

Step: 9
[POMCP] applicable values:
        detect_waste(brl_robot): 4.257460850118019
        pick(brl_robot, waste4): 0.0

[POMCP] Selected: detect_waste(brl_robot)
[POMCP] Average simulation time:  0.0017
[POMCP] Average select time:  0.0
[Planner] Selected action: detect_waste(brl_robot)
[Planner] Observation:  ['can(waste4)', 'detected(waste4)']
    [Feedback] method=ours-random-what, confidence=0.6969, threshold=0.8000, trigger=True
    [Planner] Current confidence: 0.6969280141614842
    [Query] Q: general(waste4) is True?
    [Query] T: general(waste4)=True?
    [Query] A: False
    [Planner] Reduced 4 --> 3
    [Planner] Current confidence: 0.7376546083081906
    [Query] Q: paper(waste4) is True?
    [Query] T: paper(waste4)=True?
    [Query] A: False
    [Planner] Reduced 3 --> 2
    [Planner] Current confidence: 0.7858649279589999
    [Query] Q: plastic(waste4) is True?
    [Query] T: plastic(waste4)=True?
    [Query] A: False
    [Planner] Reduced 2 --> 1
    [Planner] Updated confidence: 1.0
    [Belief Diff]
      + add (0): -
      - del (0): -
[TIME] step_total=0.1785s (search=0.1730s, execute=0.0038s, update=0.0007s, interaction=0.0004s, pruning=0.0006s, overhead=0.0001s)
==================

Step: 10
[POMCP] applicable values:
        detect_waste(brl_robot): 4.996367163544257
        pick(brl_robot, waste4): 0.0

[POMCP] Selected: detect_waste(brl_robot)
[POMCP] Average simulation time:  0.0017
[POMCP] Average select time:  0.0
[Planner] Selected action: detect_waste(brl_robot)
[Planner] Observation:  ['can(waste4)', 'detected(waste4)']
    [Feedback] method=ours-random-what, confidence=0.8482, threshold=0.8000, trigger=False
    [Planner] Updated confidence: 0.8482073777244286
    [Belief Diff]
      + add (0): -
      - del (0): -
[TIME] step_total=0.1719s (search=0.1668s, execute=0.0037s, update=0.0007s, interaction=0.0000s, pruning=0.0007s, overhead=0.0001s)
==================

Step: 11
[POMCP] applicable values:
        detect_waste(brl_robot): 5.241687699746593
        pick(brl_robot, waste4): 0.0

[POMCP] Selected: detect_waste(brl_robot)
[POMCP] Average simulation time:  0.0018
[POMCP] Average select time:  0.0
[Planner] Selected action: detect_waste(brl_robot)
[Planner] Observation:  ['can(waste3)', 'can(waste4)', 'detected(waste3)', 'detected(waste4)']
    [Feedback] method=ours-random-what, confidence=0.7657, threshold=0.8000, trigger=True
    [Planner] Current confidence: 0.7657228072161544
    [Query] Q: can(waste4) is True?
    [Query] T: can(waste4)=True?
    [Query] A: True
    [Planner] Reduced 4 --> 1
    [Planner] Updated confidence: 1.0
    [Belief Diff]
      + add (0): -
      - del (0): -
[TIME] step_total=0.1816s (search=0.1764s, execute=0.0038s, update=0.0007s, interaction=0.0002s, pruning=0.0005s, overhead=0.0001s)
==================

Step: 12
[POMCP] applicable values:
        detect_waste(brl_robot): 3.2338940204518334
        pick(brl_robot, waste4): 0.0

[POMCP] Selected: detect_waste(brl_robot)
[POMCP] Average simulation time:  0.0016
[POMCP] Average select time:  0.0
[Planner] Selected action: detect_waste(brl_robot)
[Planner] Observation:  ['detected(waste4)', 'general(waste4)']
    [Feedback] method=ours-random-what, confidence=0.0331, threshold=0.8000, trigger=True
    [Planner] Current confidence: 0.03313917616006534
    [Query] Q: can(waste4) is True?
    [Query] T: can(waste4)=True?
    [Query] A: True
    [Planner] Reduced 4 --> 1
    [Planner] Updated confidence: 1.0
    [Belief Diff]
      + add (0): -
      - del (0): -
[TIME] step_total=0.1666s (search=0.1615s, execute=0.0038s, update=0.0007s, interaction=0.0002s, pruning=0.0003s, overhead=0.0001s)
==================

Step: 13
[POMCP] applicable values:
        detect_waste(brl_robot): 5.21873451802048
        pick(brl_robot, waste4): 0.0

[POMCP] Selected: detect_waste(brl_robot)
[POMCP] Average simulation time:  0.0017
[POMCP] Average select time:  0.0
[Planner] Selected action: detect_waste(brl_robot)
[Planner] Observation:  ['can(waste4)', 'detected(waste4)']
    [Feedback] method=ours-random-what, confidence=0.4814, threshold=0.8000, trigger=True
    [Planner] Current confidence: 0.48140567676953105
    [Query] Q: can(waste4) is True?
    [Query] T: can(waste4)=True?
    [Query] A: True
    [Planner] Reduced 4 --> 1
    [Planner] Updated confidence: 1.0
    [Belief Diff]
      + add (0): -
      - del (0): -
[TIME] step_total=0.1718s (search=0.1668s, execute=0.0037s, update=0.0007s, interaction=0.0002s, pruning=0.0003s, overhead=0.0001s)
==================

Step: 14
[POMCP] applicable values:
        detect_waste(brl_robot): 5.876103526684447
        pick(brl_robot, waste4): 0.0

[POMCP] Selected: detect_waste(brl_robot)
[POMCP] Average simulation time:  0.0016
[POMCP] Average select time:  0.0
[Planner] Selected action: detect_waste(brl_robot)
[Planner] Observation:  ['can(waste4)', 'detected(waste4)']
    [Feedback] method=ours-random-what, confidence=0.7388, threshold=0.8000, trigger=True
    [Planner] Current confidence: 0.7387970428589967
    [Query] Q: paper(waste4) is True?
    [Query] T: paper(waste4)=True?
    [Query] A: False
    [Planner] Reduced 4 --> 3
    [Planner] Current confidence: 0.7750135459965981
    [Query] Q: general(waste4) is True?
    [Query] T: general(waste4)=True?
    [Query] A: False
    [Planner] Reduced 3 --> 2
    [Planner] Updated confidence: 0.8173242747696046
    [Belief Diff]
      + add (0): -
      - del (0): -
[TIME] step_total=0.1681s (search=0.1631s, execute=0.0037s, update=0.0007s, interaction=0.0003s, pruning=0.0003s, overhead=0.0001s)
==================

Step: 15
[POMCP] applicable values:
        detect_waste(brl_robot): 8.306918640285325
        pick(brl_robot, waste4): 0.0

[POMCP] Selected: detect_waste(brl_robot)
[POMCP] Average simulation time:  0.0018
[POMCP] Average select time:  0.0
[Planner] Selected action: detect_waste(brl_robot)
[Planner] Observation:  ['can(waste4)', 'detected(waste4)']
    [Feedback] method=ours-random-what, confidence=0.5238, threshold=0.8000, trigger=True
    [Planner] Current confidence: 0.5237789213915778
    [Query] Q: general(waste4) is True?
    [Query] T: general(waste4)=True?
    [Query] A: False
    [Planner] Reduced 4 --> 3
    [Planner] Current confidence: 0.5779699305263115
    [Query] Q: paper(waste4) is True?
    [Query] T: paper(waste4)=True?
    [Query] A: False
    [Planner] Reduced 3 --> 2
    [Planner] Current confidence: 0.6464529474909059
    [Query] Q: can(waste4) is True?
    [Query] T: can(waste4)=True?
    [Query] A: True
    [Planner] Reduced 2 --> 1
    [Planner] Updated confidence: 1.0
    [Belief Diff]
      + add (0): -
      - del (0): -
[TIME] step_total=0.1864s (search=0.1810s, execute=0.0039s, update=0.0007s, interaction=0.0004s, pruning=0.0004s, overhead=0.0001s)
==================

Step: 16
[POMCP] applicable values:
        detect_waste(brl_robot): 0.0
        pick(brl_robot, waste4): 12.675203313253013

[POMCP] Selected: pick(brl_robot, waste4)
[POMCP] Average simulation time:  0.0018
[POMCP] Average select time:  0.0
[Planner] Selected action: pick(brl_robot, waste4)
[Planner] Observation:  ['holding(brl_robot,waste4)']
    [Feedback] method=ours-random-what, confidence=0.9387, threshold=0.8000, trigger=False
    [Planner] Updated confidence: 0.9386701082003623
    [Belief Diff]
      + add (1): holding(brl_robot,waste4)
      - del (1): handempty(brl_robot)
[TIME] step_total=0.1763s (search=0.1759s, execute=0.0002s, update=0.0001s, interaction=0.0000s, pruning=0.0001s, overhead=0.0001s)
==================

Step: 17
[POMCP] applicable values:
        place_gw_bin(brl_robot, waste4, gw_bin): 0.0
        place_paper_bin(brl_robot, waste4, pp_bin): 0.0
        place_can_bin(brl_robot, waste4, ca_bin): 14.546036585365858
        place_plastic_bin(brl_robot, waste4, pl_bin): 7.125

[POMCP] Selected: place_can_bin(brl_robot, waste4, ca_bin)
[POMCP] Average simulation time:  0.0018
[POMCP] Average select time:  0.0
[Planner] Selected action: place_can_bin(brl_robot, waste4, ca_bin)
[Planner] Observation:  ['in_bin(waste4,ca_bin)', 'handempty(brl_robot)']
    [Feedback] method=ours-random-what, confidence=0.9915, threshold=0.8000, trigger=False
    [Planner] Updated confidence: 0.991479465271747
    [Belief Diff]
      + add (2): in_bin(waste4,ca_bin), handempty(brl_robot)
      - del (2): detected(waste4), holding(brl_robot,waste4)
[TIME] step_total=0.1805s (search=0.1801s, execute=0.0002s, update=0.0001s, interaction=0.0000s, pruning=0.0000s, overhead=0.0001s)
[TIME SUMMARY]
avg search: 0.2527s
avg execute: 0.0022s
avg update: 0.0079s
avg interaction: 0.0014s
avg pruning: 0.0004s
avg step wall: 0.2646s
total wall clock: 4.4985s
=============Action Log=============
[STEP 1]: detect_waste(brl_robot)
[STEP 2]: pick(brl_robot, waste2)
[STEP 3]: place_gw_bin(brl_robot, waste2, gw_bin)
[STEP 4]: pick(brl_robot, waste3)
[STEP 5]: place_plastic_bin(brl_robot, waste3, pl_bin)
[STEP 6]: pick(brl_robot, waste1)
[STEP 7]: place_paper_bin(brl_robot, waste1, pp_bin)
[STEP 8]: detect_waste(brl_robot)
[STEP 9]: detect_waste(brl_robot)
[STEP 10]: detect_waste(brl_robot)
[STEP 11]: detect_waste(brl_robot)
[STEP 12]: detect_waste(brl_robot)
[STEP 13]: detect_waste(brl_robot)
[STEP 14]: detect_waste(brl_robot)
[STEP 15]: detect_waste(brl_robot)
[STEP 16]: pick(brl_robot, waste4)
[STEP 17]: place_can_bin(brl_robot, waste4, ca_bin)
=============Final Knowledge=============
can(waste4)
can_bin(ca_bin)
general(waste2)
general_bin(gw_bin)
handempty(brl_robot)
in_bin(waste1,pp_bin)
in_bin(waste2,gw_bin)
in_bin(waste3,pl_bin)
in_bin(waste4,ca_bin)
paper(waste1)
paper_bin(pp_bin)
plastic(waste3)
plastic_bin(pl_bin)
robot(brl_robot)
waste(waste1)
waste(waste2)
waste(waste3)
waste(waste4)
=============Query=============
Total Query 21
=============Action Schema Summary=============
detect_waste: actions=9, questions=21, expected_questions_per_action=2.3333
pick: actions=4, questions=0, expected_questions_per_action=0.0000
place_can_bin: actions=1, questions=0, expected_questions_per_action=0.0000
place_gw_bin: actions=1, questions=0, expected_questions_per_action=0.0000
place_paper_bin: actions=1, questions=0, expected_questions_per_action=0.0000
place_plastic_bin: actions=1, questions=0, expected_questions_per_action=0.0000
=============Log File=============
/home/changmin/PyProject/00_BRL-CF/experiments_logs/system_log/e2_ablation/wastesorting/scene_01_step50/ours-random-what/oracle/exp_wastesorting_20260804_150344_709352.txt
