Step: 1
[POMCP] applicable values:
        navigate(brl_robot, dock_station, stem_01): 0.5176478783772778
        navigate(brl_robot, dock_station, stem_02): 1.2337581608236121

[POMCP] Selected: navigate(brl_robot, dock_station, stem_02)
[POMCP] Average simulation time:  0.0073
[POMCP] Average select time:  0.0
[Planner] Selected action: navigate(brl_robot, dock_station, stem_02)
[Planner] Observation:  ['located(brl_robot,stem_02)']
    [Feedback] method=ours, confidence=0.9471, threshold=0.2000, trigger=False
    [Planner] Updated confidence: 0.9470776537136623
    [Belief Diff]
      + add (1): located(brl_robot,stem_02)
      - del (1): located(brl_robot,dock_station)
[TIME] step_total=0.7300s (search=0.7295s, execute=0.0001s, update=0.0001s, interaction=0.0000s, pruning=0.0001s, overhead=0.0001s)
==================

Step: 2
[POMCP] applicable values:
        navigate(brl_robot, stem_02, dock_station): 1.596945676028176
        navigate(brl_robot, stem_02, stem_01): 0.6532733494495736
        detect(brl_robot, stem_02): 0.49894744936531565

[POMCP] Selected: navigate(brl_robot, stem_02, dock_station)
[POMCP] Average simulation time:  0.0075
[POMCP] Average select time:  0.0
[Planner] Selected action: navigate(brl_robot, stem_02, dock_station)
[Planner] Observation:  ['located(brl_robot,stem_01)']
    [Feedback] method=ours, confidence=0.3019, threshold=0.2000, trigger=False
    [Planner] Updated confidence: 0.30193081381566966
    [Belief Diff]
      + add (1): located(brl_robot,dock_station)
      - del (1): located(brl_robot,stem_02)
[TIME] step_total=0.7463s (search=0.7458s, execute=0.0001s, update=0.0001s, interaction=0.0000s, pruning=0.0001s, overhead=0.0001s)
==================

Step: 3
[POMCP] applicable values:
        navigate(brl_robot, dock_station, stem_01): 1.3590111641538885
        navigate(brl_robot, dock_station, stem_02): 1.7750898454423

[POMCP] Selected: navigate(brl_robot, dock_station, stem_02)
[POMCP] Average simulation time:  0.009
[POMCP] Average select time:  0.0
[Planner] Selected action: navigate(brl_robot, dock_station, stem_02)
[Planner] Observation:  ['located(brl_robot,stem_02)']
    [Feedback] method=ours, confidence=0.9580, threshold=0.2000, trigger=False
    [Planner] Updated confidence: 0.9580024524219954
    [Belief Diff]
      + add (1): located(brl_robot,stem_02)
      - del (1): located(brl_robot,dock_station)
[TIME] step_total=0.8986s (search=0.8981s, execute=0.0001s, update=0.0001s, interaction=0.0000s, pruning=0.0002s, overhead=0.0001s)
==================

Step: 4
[POMCP] applicable values:
        navigate(brl_robot, stem_02, dock_station): 1.0746658954093469
        navigate(brl_robot, stem_02, stem_01): 0.7484211740479735
        detect(brl_robot, stem_02): 2.0819206965474173

[POMCP] Selected: detect(brl_robot, stem_02)
[POMCP] Average simulation time:  0.0085
[POMCP] Average select time:  0.0
[Planner] Selected action: detect(brl_robot, stem_02)
[Planner] Observation:  ['observed(tomato3)', 'observed(tomato4)', 'ripe(tomato4)', 'unripe(tomato3)']
    [Feedback] method=ours, confidence=0.2288, threshold=0.2000, trigger=False
    [Planner] Updated confidence: 0.22881931350913942
    [Belief Diff]
      + add (6): at(tomato3,stem_02), at(tomato4,stem_02), observed(tomato3), observed(tomato4), ripe(tomato4), unripe(tomato3)
      - del (0): -
[TIME] step_total=0.8597s (search=0.8549s, execute=0.0005s, update=0.0032s, interaction=0.0001s, pruning=0.0010s, overhead=0.0001s)
==================

Step: 5
[POMCP] applicable values:
        navigate(brl_robot, stem_02, dock_station): 0.0
        navigate(brl_robot, stem_02, stem_01): 0.0
        detect(brl_robot, stem_02): 0.0
        pick(brl_robot, tomato4, stem_02): 4.708469922178438

[POMCP] Selected: pick(brl_robot, tomato4, stem_02)
[POMCP] Average simulation time:  0.0088
[POMCP] Average select time:  0.0
[Planner] Selected action: pick(brl_robot, tomato4, stem_02)
[Planner] Observation:  ['holding(brl_robot,tomato4)', 'holded(tomato4,brl_robot)']
    [Feedback] method=ours, confidence=0.9866, threshold=0.2000, trigger=False
    [Planner] Updated confidence: 0.9866463678395936
    [Belief Diff]
      + add (2): holding(brl_robot,tomato4), holded(tomato4,brl_robot)
      - del (2): handempty(brl_robot), at(tomato4,stem_02)
[TIME] step_total=0.8841s (search=0.8837s, execute=0.0001s, update=0.0001s, interaction=0.0000s, pruning=0.0001s, overhead=0.0001s)
==================

Step: 6
[POMCP] applicable values:
        scan(brl_robot, tomato4): 5.515518306211672
        place(brl_robot, tomato4): 0.0
        discard(brl_robot, tomato4): 0.0

[POMCP] Selected: scan(brl_robot, tomato4)
[POMCP] Average simulation time:  0.0107
[POMCP] Average select time:  0.0
[Planner] Selected action: scan(brl_robot, tomato4)
[Planner] Observation:  ['rotten(tomato4)']
    [Feedback] method=ours, confidence=0.7379, threshold=0.2000, trigger=False
    [Planner] Updated confidence: 0.7379143890262856
    [Belief Diff]
      + add (2): rotten(tomato4), scanned(tomato4)
      - del (1): ripe(tomato4)
[TIME] step_total=1.0724s (search=1.0716s, execute=0.0001s, update=0.0001s, interaction=0.0000s, pruning=0.0005s, overhead=0.0001s)
==================

Step: 7
[POMCP] applicable values:
        scan(brl_robot, tomato4): 4.411265625
        discard(brl_robot, tomato4): 6.088590965610917

[POMCP] Selected: discard(brl_robot, tomato4)
[POMCP] Average simulation time:  0.0105
[POMCP] Average select time:  0.0
[Planner] Selected action: discard(brl_robot, tomato4)
[Planner] Observation:  ['discarded(tomato4)', 'handempty(brl_robot)']
    [Feedback] method=ours, confidence=0.9996, threshold=0.2000, trigger=False
    [Planner] Updated confidence: 0.9995542771245912
    [Belief Diff]
      + add (2): discarded(tomato4), handempty(brl_robot)
      - del (2): holding(brl_robot,tomato4), holded(tomato4,brl_robot)
[TIME] step_total=1.0478s (search=1.0473s, execute=0.0002s, update=0.0001s, interaction=0.0000s, pruning=0.0001s, overhead=0.0001s)
==================

Step: 8
[POMCP] applicable values:
        navigate(brl_robot, stem_02, dock_station): 0.6727600360473651
        navigate(brl_robot, stem_02, stem_01): 1.5048916390354488
        detect(brl_robot, stem_02): 0.9743394605543972

[POMCP] Selected: navigate(brl_robot, stem_02, stem_01)
[POMCP] Average simulation time:  0.0109
[POMCP] Average select time:  0.0
[Planner] Selected action: navigate(brl_robot, stem_02, stem_01)
[Planner] Observation:  ['located(brl_robot,stem_01)']
    [Feedback] method=ours, confidence=0.9479, threshold=0.2000, trigger=False
    [Planner] Updated confidence: 0.9478926342417016
    [Belief Diff]
      + add (1): located(brl_robot,stem_01)
      - del (1): located(brl_robot,stem_02)
[TIME] step_total=1.0957s (search=1.0949s, execute=0.0002s, update=0.0001s, interaction=0.0000s, pruning=0.0005s, overhead=0.0001s)
==================

Step: 9
[POMCP] applicable values:
        navigate(brl_robot, stem_01, dock_station): 0.6661386122228161
        navigate(brl_robot, stem_01, stem_02): 0.9398642511183406
        detect(brl_robot, stem_01): 1.9359778989185912

[POMCP] Selected: detect(brl_robot, stem_01)
[POMCP] Average simulation time:  0.0111
[POMCP] Average select time:  0.0
[Planner] Selected action: detect(brl_robot, stem_01)
[Planner] Observation:  ['observed(tomato1)', 'observed(tomato2)', 'unripe(tomato1)', 'unripe(tomato2)']
    [Feedback] method=ours, confidence=0.4042, threshold=0.2000, trigger=False
    [Planner] Updated confidence: 0.4042375606852201
    [Belief Diff]
      + add (6): at(tomato1,stem_01), at(tomato2,stem_01), observed(tomato1), observed(tomato2), unripe(tomato1), unripe(tomato2)
      - del (0): -
[TIME] step_total=1.1208s (search=1.1144s, execute=0.0024s, update=0.0029s, interaction=0.0000s, pruning=0.0009s, overhead=0.0001s)
==================

Step: 10
[POMCP] applicable values:
        navigate(brl_robot, stem_01, dock_station): 0.0
        navigate(brl_robot, stem_01, stem_02): 0.6365575605222492
        detect(brl_robot, stem_01): 1.1359275199049943

[POMCP] Selected: detect(brl_robot, stem_01)
[POMCP] Average simulation time:  0.0112
[POMCP] Average select time:  0.0
[Planner] Selected action: detect(brl_robot, stem_01)
[Planner] Observation:  ['observed(tomato1)', 'observed(tomato2)', 'unripe(tomato1)', 'unripe(tomato2)']
    [Feedback] method=ours, confidence=0.1717, threshold=0.2000, trigger=True
    [Planner] Current confidence: 0.17172540172536632
    [Query] Q: ripe(tomato1) is True?
    [Query] T: ripe(tomato1)=True?
    [Query] A: True
    [Planner] Reduced 12 --> 6
    [Planner] Updated confidence: 0.2118407623235402
    [Belief Diff]
      + add (1): ripe(tomato1)
      - del (1): unripe(tomato1)
[TIME] step_total=1.1232s (search=1.1155s, execute=0.0024s, update=0.0026s, interaction=0.0023s, pruning=0.0003s, overhead=0.0001s)
==================

Step: 11
[POMCP] applicable values:
        navigate(brl_robot, stem_01, dock_station): 1.2612759263549433
        navigate(brl_robot, stem_01, stem_02): 1.1485591188817577
        detect(brl_robot, stem_01): 0.8645664639227872
        pick(brl_robot, tomato1, stem_01): 4.535229371206357

[POMCP] Selected: pick(brl_robot, tomato1, stem_01)
[POMCP] Average simulation time:  0.0103
[POMCP] Average select time:  0.0
[Planner] Selected action: pick(brl_robot, tomato1, stem_01)
[Planner] Observation:  ['holding(brl_robot,tomato1)', 'holded(tomato1,brl_robot)']
    [Feedback] method=ours, confidence=0.9921, threshold=0.2000, trigger=False
    [Planner] Updated confidence: 0.992109183634514
    [Belief Diff]
      + add (2): holding(brl_robot,tomato1), holded(tomato1,brl_robot)
      - del (2): handempty(brl_robot), at(tomato1,stem_01)
[TIME] step_total=1.0304s (search=1.0298s, execute=0.0002s, update=0.0001s, interaction=0.0000s, pruning=0.0002s, overhead=0.0001s)
==================

Step: 12
[POMCP] applicable values:
        scan(brl_robot, tomato1): 5.471362795010097
        place(brl_robot, tomato1): 0.0
        discard(brl_robot, tomato1): 0.0

[POMCP] Selected: scan(brl_robot, tomato1)
[POMCP] Average simulation time:  0.0095
[POMCP] Average select time:  0.0
[Planner] Selected action: scan(brl_robot, tomato1)
[Planner] Observation:  ['ripe(tomato1)']
    [Feedback] method=ours, confidence=0.5314, threshold=0.2000, trigger=False
    [Planner] Updated confidence: 0.5313503321830038
    [Belief Diff]
      + add (1): scanned(tomato1)
      - del (0): -
[TIME] step_total=0.9459s (search=0.9453s, execute=0.0001s, update=0.0001s, interaction=0.0000s, pruning=0.0002s, overhead=0.0001s)
==================

Step: 13
[POMCP] applicable values:
        scan(brl_robot, tomato1): 0.0
        place(brl_robot, tomato1): 5.967760607674622
        discard(brl_robot, tomato1): 0.0

[POMCP] Selected: place(brl_robot, tomato1)
[POMCP] Average simulation time:  0.0107
[POMCP] Average select time:  0.0
[Planner] Selected action: place(brl_robot, tomato1)
[Planner] Observation:  ['loaded(tomato1,brl_robot)', 'handempty(brl_robot)']
    [Feedback] method=ours, confidence=0.9995, threshold=0.2000, trigger=False
    [Planner] Updated confidence: 0.9995343578652074
    [Belief Diff]
      + add (2): loaded(tomato1,brl_robot), handempty(brl_robot)
      - del (2): holding(brl_robot,tomato1), holded(tomato1,brl_robot)
[TIME] step_total=1.0750s (search=1.0745s, execute=0.0002s, update=0.0001s, interaction=0.0000s, pruning=0.0001s, overhead=0.0001s)
==================

Step: 14
[POMCP] applicable values:
        navigate(brl_robot, stem_01, dock_station): 0.0
        navigate(brl_robot, stem_01, stem_02): 0.5299360906722113
        detect(brl_robot, stem_01): 2.1495312116626946

[POMCP] Selected: detect(brl_robot, stem_01)
[POMCP] Average simulation time:  0.0109
[POMCP] Average select time:  0.0
[Planner] Selected action: detect(brl_robot, stem_01)
[Planner] Observation:  ['observed(tomato2)', 'unripe(tomato2)']
    [Feedback] method=ours, confidence=0.1935, threshold=0.2000, trigger=True
    [Planner] Current confidence: 0.19347711516529742
    [Query] Q: at(tomato3,stem_01) is True?
    [Query] T: at(tomato3,stem_01)=True?
    [Query] A: False
    [Planner] Reduced 6 --> 2
    [Planner] Updated confidence: 0.4997982594617112
    [Belief Diff]
      + add (0): -
      - del (0): -
[TIME] step_total=1.0957s (search=1.0898s, execute=0.0024s, update=0.0021s, interaction=0.0004s, pruning=0.0009s, overhead=0.0001s)
==================

Step: 15
[POMCP] applicable values:
        navigate(brl_robot, stem_01, dock_station): 1.162898046824246
        navigate(brl_robot, stem_01, stem_02): 0.0
        detect(brl_robot, stem_01): 0.0

[POMCP] Selected: navigate(brl_robot, stem_01, dock_station)
[POMCP] Average simulation time:  0.01
[POMCP] Average select time:  0.0
[Planner] Selected action: navigate(brl_robot, stem_01, dock_station)
[Planner] Observation:  ['located(brl_robot,dock_station)']
    [Feedback] method=ours, confidence=0.9268, threshold=0.2000, trigger=False
    [Planner] Updated confidence: 0.9268098569882032
    [Belief Diff]
      + add (1): located(brl_robot,dock_station)
      - del (1): located(brl_robot,stem_01)
[TIME] step_total=1.0045s (search=1.0040s, execute=0.0002s, update=0.0001s, interaction=0.0000s, pruning=0.0001s, overhead=0.0001s)
==================

Step: 16
[POMCP] applicable values:
        navigate(brl_robot, dock_station, stem_01): 1.7174990020957115
        navigate(brl_robot, dock_station, stem_02): 0.6011900975310914

[POMCP] Selected: navigate(brl_robot, dock_station, stem_01)
[POMCP] Average simulation time:  0.0108
[POMCP] Average select time:  0.0
[Planner] Selected action: navigate(brl_robot, dock_station, stem_01)
[Planner] Observation:  ['located(brl_robot,dock_station)']
    [Feedback] method=ours, confidence=0.3052, threshold=0.2000, trigger=False
    [Planner] Updated confidence: 0.30520043291638044
    [Belief Diff]
      + add (1): located(brl_robot,stem_01)
      - del (1): located(brl_robot,dock_station)
[TIME] step_total=1.0830s (search=1.0824s, execute=0.0002s, update=0.0001s, interaction=0.0000s, pruning=0.0001s, overhead=0.0001s)
==================

Step: 17
[POMCP] applicable values:
        navigate(brl_robot, stem_01, dock_station): 1.1481094142577901
        navigate(brl_robot, stem_01, stem_02): 0.0
        detect(brl_robot, stem_01): 2.312755333752482

[POMCP] Selected: detect(brl_robot, stem_01)
[POMCP] Average simulation time:  0.0115
[POMCP] Average select time:  0.0
[Planner] Selected action: detect(brl_robot, stem_01)
[Planner] Observation:  ['observed(tomato2)', 'unripe(tomato2)']
    [Feedback] method=ours, confidence=0.2237, threshold=0.2000, trigger=False
    [Planner] Updated confidence: 0.2237281254371165
    [Belief Diff]
      + add (0): -
      - del (0): -
[TIME] step_total=1.1597s (search=1.1541s, execute=0.0024s, update=0.0022s, interaction=0.0000s, pruning=0.0009s, overhead=0.0001s)
==================

Step: 18
[POMCP] applicable values:
        navigate(brl_robot, stem_01, dock_station): 0.0
        navigate(brl_robot, stem_01, stem_02): 0.0
        detect(brl_robot, stem_01): 1.572194619934131

[POMCP] Selected: detect(brl_robot, stem_01)
[POMCP] Average simulation time:  0.0108
[POMCP] Average select time:  0.0
[Planner] Selected action: detect(brl_robot, stem_01)
[Planner] Observation:  ['observed(tomato2)', 'unripe(tomato2)']
    [Feedback] method=ours, confidence=0.2528, threshold=0.2000, trigger=False
    [Planner] Updated confidence: 0.25283560265358807
    [Belief Diff]
      + add (0): -
      - del (0): -
[TIME] step_total=1.0899s (search=1.0848s, execute=0.0025s, update=0.0021s, interaction=0.0000s, pruning=0.0004s, overhead=0.0001s)
==================

Step: 19
[POMCP] applicable values:
        navigate(brl_robot, stem_01, dock_station): 0.38607602513312755
        navigate(brl_robot, stem_01, stem_02): 0.0
        detect(brl_robot, stem_01): 1.4308688325493577

[POMCP] Selected: detect(brl_robot, stem_01)
[POMCP] Average simulation time:  0.0112
[POMCP] Average select time:  0.0
[Planner] Selected action: detect(brl_robot, stem_01)
[Planner] Observation:  ['observed(tomato2)', 'unripe(tomato2)']
    [Feedback] method=ours, confidence=0.1288, threshold=0.2000, trigger=True
    [Planner] Current confidence: 0.12876964465411866
    [Query] Q: at(tomato3,stem_01) is True?
    [Query] T: at(tomato3,stem_01)=True?
    [Query] A: False
    [Planner] Reduced 6 --> 2
    [Planner] Updated confidence: 0.3325318727932681
    [Belief Diff]
      + add (0): -
      - del (0): -
[TIME] step_total=1.1221s (search=1.1168s, execute=0.0024s, update=0.0021s, interaction=0.0004s, pruning=0.0003s, overhead=0.0001s)
==================

Step: 20
[POMCP] applicable values:
        navigate(brl_robot, stem_01, dock_station): 0.0
        navigate(brl_robot, stem_01, stem_02): 0.5601128148712082
        detect(brl_robot, stem_01): 1.5957078904037694

[POMCP] Selected: detect(brl_robot, stem_01)
[POMCP] Average simulation time:  0.0107
[POMCP] Average select time:  0.0
[Planner] Selected action: detect(brl_robot, stem_01)
[Planner] Observation:  ['observed(tomato2)', 'unripe(tomato2)']
    [Feedback] method=ours, confidence=0.2274, threshold=0.2000, trigger=False
    [Planner] Updated confidence: 0.22740522668287633
    [Belief Diff]
      + add (0): -
      - del (0): -
[TIME] step_total=1.0751s (search=1.0702s, execute=0.0024s, update=0.0021s, interaction=0.0000s, pruning=0.0003s, overhead=0.0001s)
==================

Step: 21
[POMCP] applicable values:
        navigate(brl_robot, stem_01, dock_station): 0.5366746726303767
        navigate(brl_robot, stem_01, stem_02): 0.8108288578316667
        detect(brl_robot, stem_01): 1.86736198814141

[POMCP] Selected: detect(brl_robot, stem_01)
[POMCP] Average simulation time:  0.0106
[POMCP] Average select time:  0.0
[Planner] Selected action: detect(brl_robot, stem_01)
[Planner] Observation:  ['observed(tomato2)', 'unripe(tomato2)']
    [Feedback] method=ours, confidence=0.2245, threshold=0.2000, trigger=False
    [Planner] Updated confidence: 0.2244593147788344
    [Belief Diff]
      + add (0): -
      - del (0): -
[TIME] step_total=1.0621s (search=1.0571s, execute=0.0024s, update=0.0021s, interaction=0.0000s, pruning=0.0004s, overhead=0.0001s)
==================

Step: 22
[POMCP] applicable values:
        navigate(brl_robot, stem_01, dock_station): 0.552850359407552
        navigate(brl_robot, stem_01, stem_02): 0.9607105925497021
        detect(brl_robot, stem_01): 1.4439507617355267

[POMCP] Selected: detect(brl_robot, stem_01)
[POMCP] Average simulation time:  0.0111
[POMCP] Average select time:  0.0
[Planner] Selected action: detect(brl_robot, stem_01)
[Planner] Observation:  ['observed(tomato2)', 'unripe(tomato2)']
    [Feedback] method=ours, confidence=0.1967, threshold=0.2000, trigger=True
    [Planner] Current confidence: 0.19673769647260386
    [Query] Q: at(tomato3,stem_01) is True?
    [Query] T: at(tomato3,stem_01)=True?
    [Query] A: False
    [Planner] Reduced 6 --> 2
    [Planner] Updated confidence: 0.5082267400052353
    [Belief Diff]
      + add (0): -
      - del (0): -
[TIME] step_total=1.1159s (search=1.1107s, execute=0.0024s, update=0.0021s, interaction=0.0004s, pruning=0.0002s, overhead=0.0001s)
==================

Step: 23
[POMCP] applicable values:
        navigate(brl_robot, stem_01, dock_station): 1.0775986237604638
        navigate(brl_robot, stem_01, stem_02): 0.4276692423131277
        detect(brl_robot, stem_01): 0.8745541583670691

[POMCP] Selected: navigate(brl_robot, stem_01, dock_station)
[POMCP] Average simulation time:  0.0101
[POMCP] Average select time:  0.0
[Planner] Selected action: navigate(brl_robot, stem_01, dock_station)
[Planner] Observation:  ['located(brl_robot,dock_station)']
    [Feedback] method=ours, confidence=0.9612, threshold=0.2000, trigger=False
    [Planner] Updated confidence: 0.9612006833218528
    [Belief Diff]
      + add (1): located(brl_robot,dock_station)
      - del (1): located(brl_robot,stem_01)
[TIME] step_total=1.0150s (search=1.0143s, execute=0.0002s, update=0.0001s, interaction=0.0000s, pruning=0.0002s, overhead=0.0001s)
==================

Step: 24
[POMCP] applicable values:
        navigate(brl_robot, dock_station, stem_01): 2.09366974718082
        navigate(brl_robot, dock_station, stem_02): 1.0381962206634388

[POMCP] Selected: navigate(brl_robot, dock_station, stem_01)
[POMCP] Average simulation time:  0.0108
[POMCP] Average select time:  0.0
[Planner] Selected action: navigate(brl_robot, dock_station, stem_01)
[Planner] Observation:  ['located(brl_robot,stem_01)']
    [Feedback] method=ours, confidence=0.9462, threshold=0.2000, trigger=False
    [Planner] Updated confidence: 0.9462008406648459
    [Belief Diff]
      + add (1): located(brl_robot,stem_01)
      - del (1): located(brl_robot,dock_station)
[TIME] step_total=1.0834s (search=1.0829s, execute=0.0002s, update=0.0001s, interaction=0.0000s, pruning=0.0001s, overhead=0.0001s)
==================

Step: 25
[POMCP] applicable values:
        navigate(brl_robot, stem_01, dock_station): 1.0625061212484475
        navigate(brl_robot, stem_01, stem_02): 0.0
        detect(brl_robot, stem_01): 2.9211211748400676

[POMCP] Selected: detect(brl_robot, stem_01)
[POMCP] Average simulation time:  0.0113
[POMCP] Average select time:  0.0
[Planner] Selected action: detect(brl_robot, stem_01)
[Planner] Observation:  ['observed(tomato1)', 'observed(tomato2)', 'ripe(tomato1)', 'unripe(tomato2)']
    [Feedback] method=ours, confidence=0.3105, threshold=0.2000, trigger=False
    [Planner] Updated confidence: 0.31047740787249034
    [Belief Diff]
      + add (0): -
      - del (0): -
[TIME] step_total=1.1379s (search=1.1326s, execute=0.0024s, update=0.0021s, interaction=0.0000s, pruning=0.0007s, overhead=0.0001s)
==================

Step: 26
[POMCP] applicable values:
        navigate(brl_robot, stem_01, dock_station): 0.9873933063096022
        navigate(brl_robot, stem_01, stem_02): 0.6125016443572764
        detect(brl_robot, stem_01): 0.0

[POMCP] Selected: navigate(brl_robot, stem_01, dock_station)
[POMCP] Average simulation time:  0.0101
[POMCP] Average select time:  0.0
[Planner] Selected action: navigate(brl_robot, stem_01, dock_station)
[Planner] Observation:  ['located(brl_robot,dock_station)']
    [Feedback] method=ours, confidence=0.9499, threshold=0.2000, trigger=False
    [Planner] Updated confidence: 0.9499022564654119
    [Belief Diff]
      + add (1): located(brl_robot,dock_station)
      - del (1): located(brl_robot,stem_01)
[TIME] step_total=1.0101s (search=1.0096s, execute=0.0002s, update=0.0001s, interaction=0.0000s, pruning=0.0001s, overhead=0.0001s)
==================

Step: 27
[POMCP] applicable values:
        navigate(brl_robot, dock_station, stem_01): 1.053154047594237
        navigate(brl_robot, dock_station, stem_02): 0.0

[POMCP] Selected: navigate(brl_robot, dock_station, stem_01)
[POMCP] Average simulation time:  0.0099
[POMCP] Average select time:  0.0
[Planner] Selected action: navigate(brl_robot, dock_station, stem_01)
[Planner] Observation:  ['located(brl_robot,dock_station)']
    [Feedback] method=ours, confidence=0.2731, threshold=0.2000, trigger=False
    [Planner] Updated confidence: 0.27313461188616484
    [Belief Diff]
      + add (1): located(brl_robot,stem_01)
      - del (1): located(brl_robot,dock_station)
[TIME] step_total=0.9910s (search=0.9904s, execute=0.0002s, update=0.0001s, interaction=0.0000s, pruning=0.0001s, overhead=0.0001s)
==================

Step: 28
[POMCP] applicable values:
        navigate(brl_robot, stem_01, dock_station): 0.9094393438641633
        navigate(brl_robot, stem_01, stem_02): 0.4364608100585937
        detect(brl_robot, stem_01): 1.2648976366357743

[POMCP] Selected: detect(brl_robot, stem_01)
[POMCP] Average simulation time:  0.0107
[POMCP] Average select time:  0.0
[Planner] Selected action: detect(brl_robot, stem_01)
[Planner] Observation:  ['observed(tomato2)', 'unripe(tomato2)']
    [Feedback] method=ours, confidence=0.2024, threshold=0.2000, trigger=False
    [Planner] Updated confidence: 0.20237988093823855
    [Belief Diff]
      + add (0): -
      - del (0): -
[TIME] step_total=1.0802s (search=1.0748s, execute=0.0024s, update=0.0021s, interaction=0.0000s, pruning=0.0007s, overhead=0.0001s)
==================

Step: 29
[POMCP] applicable values:
        navigate(brl_robot, stem_01, dock_station): 1.1312059801912098
        navigate(brl_robot, stem_01, stem_02): 0.0
        detect(brl_robot, stem_01): 0.5892415276373781

[POMCP] Selected: navigate(brl_robot, stem_01, dock_station)
[POMCP] Average simulation time:  0.0101
[POMCP] Average select time:  0.0
[Planner] Selected action: navigate(brl_robot, stem_01, dock_station)
[Planner] Observation:  ['located(brl_robot,dock_station)']
    [Feedback] method=ours, confidence=0.9641, threshold=0.2000, trigger=False
    [Planner] Updated confidence: 0.9641000153426369
    [Belief Diff]
      + add (1): located(brl_robot,dock_station)
      - del (1): located(brl_robot,stem_01)
[TIME] step_total=1.0141s (search=1.0136s, execute=0.0002s, update=0.0001s, interaction=0.0000s, pruning=0.0001s, overhead=0.0001s)
==================

Step: 30
[POMCP] applicable values:
        navigate(brl_robot, dock_station, stem_01): 1.7569670746891346
        navigate(brl_robot, dock_station, stem_02): 1.2434432000505986

[POMCP] Selected: navigate(brl_robot, dock_station, stem_01)
[POMCP] Average simulation time:  0.0112
[POMCP] Average select time:  0.0
[Planner] Selected action: navigate(brl_robot, dock_station, stem_01)
[Planner] Observation:  ['located(brl_robot,stem_01)']
    [Feedback] method=ours, confidence=0.9656, threshold=0.2000, trigger=False
    [Planner] Updated confidence: 0.9655906396629343
    [Belief Diff]
      + add (1): located(brl_robot,stem_01)
      - del (1): located(brl_robot,dock_station)
[TIME] step_total=1.1241s (search=1.1234s, execute=0.0002s, update=0.0001s, interaction=0.0000s, pruning=0.0003s, overhead=0.0001s)
==================

Step: 31
[POMCP] applicable values:
        navigate(brl_robot, stem_01, dock_station): 1.2604500783970156
        navigate(brl_robot, stem_01, stem_02): 0.8848892975737478
        detect(brl_robot, stem_01): 2.894310396994088

[POMCP] Selected: detect(brl_robot, stem_01)
[POMCP] Average simulation time:  0.0112
[POMCP] Average select time:  0.0
[Planner] Selected action: detect(brl_robot, stem_01)
[Planner] Observation:  ['observed(tomato2)', 'unripe(tomato2)']
    [Feedback] method=ours, confidence=0.1382, threshold=0.2000, trigger=True
    [Planner] Current confidence: 0.13818387260491838
    [Query] Q: at(tomato3,stem_01) is True?
    [Query] T: at(tomato3,stem_01)=True?
    [Query] A: False
    [Planner] Reduced 6 --> 2
    [Planner] Updated confidence: 0.35686729922464
    [Belief Diff]
      + add (0): -
      - del (0): -
[TIME] step_total=1.1265s (search=1.1209s, execute=0.0024s, update=0.0021s, interaction=0.0004s, pruning=0.0006s, overhead=0.0001s)
==================

Step: 32
[POMCP] applicable values:
        navigate(brl_robot, stem_01, dock_station): 0.8263652878069137
        navigate(brl_robot, stem_01, stem_02): 0.7582719473584557
        detect(brl_robot, stem_01): 1.1292221098667943

[POMCP] Selected: detect(brl_robot, stem_01)
[POMCP] Average simulation time:  0.0108
[POMCP] Average select time:  0.0
[Planner] Selected action: detect(brl_robot, stem_01)
[Planner] Observation:  ['observed(tomato2)', 'unripe(tomato2)']
    [Feedback] method=ours, confidence=0.0985, threshold=0.2000, trigger=True
    [Planner] Current confidence: 0.0984687962593217
    [Query] Q: at(tomato3,stem_01) is True?
    [Query] T: at(tomato3,stem_01)=True?
    [Query] A: False
    [Planner] Reduced 6 --> 2
    [Planner] Updated confidence: 0.25420531539428515
    [Belief Diff]
      + add (0): -
      - del (0): -
[TIME] step_total=1.0809s (search=1.0757s, execute=0.0024s, update=0.0021s, interaction=0.0004s, pruning=0.0003s, overhead=0.0001s)
==================

Step: 33
[POMCP] applicable values:
        navigate(brl_robot, stem_01, dock_station): 0.8791533916002455
        navigate(brl_robot, stem_01, stem_02): 1.1935568937592007
        detect(brl_robot, stem_01): 0.0

[POMCP] Selected: navigate(brl_robot, stem_01, stem_02)
[POMCP] Average simulation time:  0.0104
[POMCP] Average select time:  0.0
[Planner] Selected action: navigate(brl_robot, stem_01, stem_02)
[Planner] Observation:  ['located(brl_robot,stem_02)']
    [Feedback] method=ours, confidence=0.9256, threshold=0.2000, trigger=False
    [Planner] Updated confidence: 0.9255720774476555
    [Belief Diff]
      + add (1): located(brl_robot,stem_02)
      - del (1): located(brl_robot,stem_01)
[TIME] step_total=1.0451s (search=1.0446s, execute=0.0002s, update=0.0001s, interaction=0.0000s, pruning=0.0001s, overhead=0.0001s)
==================

Step: 34
[POMCP] applicable values:
        navigate(brl_robot, stem_02, dock_station): 1.007143179620947
        navigate(brl_robot, stem_02, stem_01): 0.8968595530721691
        detect(brl_robot, stem_02): 1.1490480730336545

[POMCP] Selected: detect(brl_robot, stem_02)
[POMCP] Average simulation time:  0.0116
[POMCP] Average select time:  0.0
[Planner] Selected action: detect(brl_robot, stem_02)
[Planner] Observation:  ['observed(tomato3)', 'ripe(tomato3)']
    [Feedback] method=ours, confidence=0.2101, threshold=0.2000, trigger=False
    [Planner] Updated confidence: 0.21005263666447593
    [Belief Diff]
      + add (1): ripe(tomato3)
      - del (1): unripe(tomato3)
[TIME] step_total=1.1648s (search=1.1594s, execute=0.0024s, update=0.0021s, interaction=0.0000s, pruning=0.0007s, overhead=0.0001s)
==================

Step: 35
[POMCP] applicable values:
        navigate(brl_robot, stem_02, dock_station): 0.0
        navigate(brl_robot, stem_02, stem_01): 0.7372564299275292
        detect(brl_robot, stem_02): 0.8554469225620197
        pick(brl_robot, tomato3, stem_02): 4.322177397531202

[POMCP] Selected: pick(brl_robot, tomato3, stem_02)
[POMCP] Average simulation time:  0.0098
[POMCP] Average select time:  0.0
[Planner] Selected action: pick(brl_robot, tomato3, stem_02)
[Planner] Observation:  ['holding(brl_robot,tomato3)', 'holded(tomato3,brl_robot)']
    [Feedback] method=ours, confidence=0.9922, threshold=0.2000, trigger=False
    [Planner] Updated confidence: 0.9922011685472913
    [Belief Diff]
      + add (2): holding(brl_robot,tomato3), holded(tomato3,brl_robot)
      - del (2): handempty(brl_robot), at(tomato3,stem_02)
[TIME] step_total=0.9774s (search=0.9768s, execute=0.0002s, update=0.0001s, interaction=0.0000s, pruning=0.0002s, overhead=0.0001s)
==================

Step: 36
[POMCP] applicable values:
        scan(brl_robot, tomato3): 5.099469889589242
        place(brl_robot, tomato3): 0.0
        discard(brl_robot, tomato3): 2.1008313657486974

[POMCP] Selected: scan(brl_robot, tomato3)
[POMCP] Average simulation time:  0.0106
[POMCP] Average select time:  0.0
[Planner] Selected action: scan(brl_robot, tomato3)
[Planner] Observation:  ['rotten(tomato3)']
    [Feedback] method=ours, confidence=0.0936, threshold=0.2000, trigger=True
    [Planner] Current confidence: 0.0935931711693554
    [Query] Q: ripe(tomato3) is True?
    [Query] T: ripe(tomato3)=True?
    [Query] A: True
    [Planner] Reduced 2 --> 1
    [Planner] Updated confidence: 1.0
    [Belief Diff]
      + add (1): scanned(tomato3)
      - del (0): -
[TIME] step_total=1.0579s (search=1.0569s, execute=0.0001s, update=0.0001s, interaction=0.0002s, pruning=0.0005s, overhead=0.0001s)
==================

Step: 37
[POMCP] applicable values:
        scan(brl_robot, tomato3): 4.251395493489583
        place(brl_robot, tomato3): 6.4812098997230825
        discard(brl_robot, tomato3): 1.8377297265624999

[POMCP] Selected: place(brl_robot, tomato3)
[POMCP] Average simulation time:  0.0113
[POMCP] Average select time:  0.0
[Planner] Selected action: place(brl_robot, tomato3)
[Planner] Observation:  ['loaded(tomato3,brl_robot)', 'handempty(brl_robot)']
    [Feedback] method=ours, confidence=0.9997, threshold=0.2000, trigger=False
    [Planner] Updated confidence: 0.9997206147683216
    [Belief Diff]
      + add (2): loaded(tomato3,brl_robot), handempty(brl_robot)
      - del (2): holding(brl_robot,tomato3), holded(tomato3,brl_robot)
[TIME] step_total=1.1285s (search=1.1281s, execute=0.0002s, update=0.0001s, interaction=0.0000s, pruning=0.0000s, overhead=0.0001s)
[TIME SUMMARY]
avg search: 1.0373s
avg execute: 0.0010s
avg update: 0.0010s
avg interaction: 0.0001s
avg pruning: 0.0003s
avg step wall: 1.0399s
total wall clock: 38.4747s
=============Action Log=============
[STEP 1]: navigate(brl_robot, dock_station, stem_02)
[STEP 2]: navigate(brl_robot, stem_02, dock_station)
[STEP 3]: navigate(brl_robot, dock_station, stem_02)
[STEP 4]: detect(brl_robot, stem_02)
[STEP 5]: pick(brl_robot, tomato4, stem_02)
[STEP 6]: scan(brl_robot, tomato4)
[STEP 7]: discard(brl_robot, tomato4)
[STEP 8]: navigate(brl_robot, stem_02, stem_01)
[STEP 9]: detect(brl_robot, stem_01)
[STEP 10]: detect(brl_robot, stem_01)
[STEP 11]: pick(brl_robot, tomato1, stem_01)
[STEP 12]: scan(brl_robot, tomato1)
[STEP 13]: place(brl_robot, tomato1)
[STEP 14]: detect(brl_robot, stem_01)
[STEP 15]: navigate(brl_robot, stem_01, dock_station)
[STEP 16]: navigate(brl_robot, dock_station, stem_01)
[STEP 17]: detect(brl_robot, stem_01)
[STEP 18]: detect(brl_robot, stem_01)
[STEP 19]: detect(brl_robot, stem_01)
[STEP 20]: detect(brl_robot, stem_01)
[STEP 21]: detect(brl_robot, stem_01)
[STEP 22]: detect(brl_robot, stem_01)
[STEP 23]: navigate(brl_robot, stem_01, dock_station)
[STEP 24]: navigate(brl_robot, dock_station, stem_01)
[STEP 25]: detect(brl_robot, stem_01)
[STEP 26]: navigate(brl_robot, stem_01, dock_station)
[STEP 27]: navigate(brl_robot, dock_station, stem_01)
[STEP 28]: detect(brl_robot, stem_01)
[STEP 29]: navigate(brl_robot, stem_01, dock_station)
[STEP 30]: navigate(brl_robot, dock_station, stem_01)
[STEP 31]: detect(brl_robot, stem_01)
[STEP 32]: detect(brl_robot, stem_01)
[STEP 33]: navigate(brl_robot, stem_01, stem_02)
[STEP 34]: detect(brl_robot, stem_02)
[STEP 35]: pick(brl_robot, tomato3, stem_02)
[STEP 36]: scan(brl_robot, tomato3)
[STEP 37]: place(brl_robot, tomato3)
=============Final Knowledge=============
at(tomato2,stem_01)
discarded(tomato4)
handempty(brl_robot)
loaded(tomato1,brl_robot)
loaded(tomato3,brl_robot)
located(brl_robot,stem_02)
location(dock_station)
location(stem_01)
location(stem_02)
observed(tomato1)
observed(tomato2)
observed(tomato3)
observed(tomato4)
ripe(tomato1)
ripe(tomato3)
robot(brl_robot)
rotten(tomato4)
scanned(tomato1)
scanned(tomato3)
scanned(tomato4)
stem(stem_01)
stem(stem_02)
tomato(tomato1)
tomato(tomato2)
tomato(tomato3)
tomato(tomato4)
unripe(tomato2)
=============Query=============
Total Query 7
=============Action Schema Summary=============
detect: actions=15, questions=6, expected_questions_per_action=0.4000
discard: actions=1, questions=0, expected_questions_per_action=0.0000
navigate: actions=13, questions=0, expected_questions_per_action=0.0000
pick: actions=3, questions=0, expected_questions_per_action=0.0000
place: actions=2, questions=0, expected_questions_per_action=0.0000
scan: actions=3, questions=1, expected_questions_per_action=0.3333
=============Log File=============
/home/changmin/PyProject/00_BRL-CF/experiments_logs/system_log/e1_threshold/tomato/scene_03_step50/ours/oracle/tau_0-2/exp_tomato_20260804_010852_787571.txt
