Step: 1
[POMCP] applicable values:
        navigate(brl_robot, dock_station, stem_01): 0.0
        navigate(brl_robot, dock_station, stem_02): 1.4315608429598756

[POMCP] Selected: navigate(brl_robot, dock_station, stem_02)
[POMCP] Average simulation time:  0.0077
[POMCP] Average select time:  0.0
[Planner] Selected action: navigate(brl_robot, dock_station, stem_02)
[Planner] Observation:  ['located(brl_robot,stem_01)']
    [Feedback] method=ours, confidence=0.3062, threshold=0.2000, trigger=False
    [Planner] Updated confidence: 0.3061800310363425
    [Belief Diff]
      + add (1): located(brl_robot,stem_02)
      - del (1): located(brl_robot,dock_station)
[TIME] step_total=0.7723s (search=0.7719s, execute=0.0001s, update=0.0001s, interaction=0.0000s, pruning=0.0001s, overhead=0.0001s)
==================

Step: 2
[POMCP] applicable values:
        navigate(brl_robot, stem_02, dock_station): 0.9994521691209614
        navigate(brl_robot, stem_02, stem_01): 1.4204069617452777
        detect(brl_robot, stem_02): 2.2051704361889417

[POMCP] Selected: detect(brl_robot, stem_02)
[POMCP] Average simulation time:  0.0089
[POMCP] Average select time:  0.0
[Planner] Selected action: detect(brl_robot, stem_02)
[Planner] Observation:  ['observed(tomato3)', 'observed(tomato4)', 'ripe(tomato3)', 'unripe(tomato4)']
    [Feedback] method=ours, confidence=0.2925, threshold=0.2000, trigger=False
    [Planner] Updated confidence: 0.29245619726196304
    [Belief Diff]
      + add (6): at(tomato3,stem_02), at(tomato4,stem_02), observed(tomato3), observed(tomato4), ripe(tomato3), unripe(tomato4)
      - del (0): -
[TIME] step_total=0.8947s (search=0.8903s, execute=0.0005s, update=0.0033s, interaction=0.0000s, pruning=0.0005s, overhead=0.0001s)
==================

Step: 3
[POMCP] applicable values:
        navigate(brl_robot, stem_02, dock_station): 0.0
        navigate(brl_robot, stem_02, stem_01): 1.7924296120427095
        detect(brl_robot, stem_02): 2.3108696258166552
        pick(brl_robot, tomato3, stem_02): 5.197669405482382

[POMCP] Selected: pick(brl_robot, tomato3, stem_02)
[POMCP] Average simulation time:  0.0101
[POMCP] Average select time:  0.0
[Planner] Selected action: pick(brl_robot, tomato3, stem_02)
[Planner] Observation:  ['holding(brl_robot,tomato3)', 'holded(tomato3,brl_robot)']
    [Feedback] method=ours, confidence=0.9984, threshold=0.2000, trigger=False
    [Planner] Updated confidence: 0.9984175001166091
    [Belief Diff]
      + add (2): holding(brl_robot,tomato3), holded(tomato3,brl_robot)
      - del (2): at(tomato3,stem_02), handempty(brl_robot)
[TIME] step_total=1.0071s (search=1.0067s, execute=0.0001s, update=0.0001s, interaction=0.0000s, pruning=0.0001s, overhead=0.0001s)
==================

Step: 4
[POMCP] applicable values:
        scan(brl_robot, tomato3): 5.755947972745295
        place(brl_robot, tomato3): 2.701800438313184
        discard(brl_robot, tomato3): 1.6176677248685452

[POMCP] Selected: scan(brl_robot, tomato3)
[POMCP] Average simulation time:  0.0106
[POMCP] Average select time:  0.0
[Planner] Selected action: scan(brl_robot, tomato3)
[Planner] Observation:  ['ripe(tomato3)']
    [Feedback] method=ours, confidence=0.6762, threshold=0.2000, trigger=False
    [Planner] Updated confidence: 0.6761670058045155
    [Belief Diff]
      + add (1): scanned(tomato3)
      - del (0): -
[TIME] step_total=1.0596s (search=1.0589s, execute=0.0001s, update=0.0001s, interaction=0.0000s, pruning=0.0004s, overhead=0.0001s)
==================

Step: 5
[POMCP] applicable values:
        scan(brl_robot, tomato3): 2.375
        place(brl_robot, tomato3): 6.337889356952228
        discard(brl_robot, tomato3): 0.0

[POMCP] Selected: place(brl_robot, tomato3)
[POMCP] Average simulation time:  0.0107
[POMCP] Average select time:  0.0
[Planner] Selected action: place(brl_robot, tomato3)
[Planner] Observation:  ['loaded(tomato3,brl_robot)', 'handempty(brl_robot)']
    [Feedback] method=ours, confidence=0.9999, threshold=0.2000, trigger=False
    [Planner] Updated confidence: 0.9999118473681113
    [Belief Diff]
      + add (2): loaded(tomato3,brl_robot), handempty(brl_robot)
      - del (2): holding(brl_robot,tomato3), holded(tomato3,brl_robot)
[TIME] step_total=1.0669s (search=1.0665s, execute=0.0001s, update=0.0001s, interaction=0.0000s, pruning=0.0001s, overhead=0.0001s)
==================

Step: 6
[POMCP] applicable values:
        navigate(brl_robot, stem_02, dock_station): 0.9133819189212247
        navigate(brl_robot, stem_02, stem_01): 1.8197414121872704
        detect(brl_robot, stem_02): 0.0

[POMCP] Selected: navigate(brl_robot, stem_02, stem_01)
[POMCP] Average simulation time:  0.0106
[POMCP] Average select time:  0.0
[Planner] Selected action: navigate(brl_robot, stem_02, stem_01)
[Planner] Observation:  ['located(brl_robot,stem_01)']
    [Feedback] method=ours, confidence=0.9288, threshold=0.2000, trigger=False
    [Planner] Updated confidence: 0.9287908205102154
    [Belief Diff]
      + add (1): located(brl_robot,stem_01)
      - del (1): located(brl_robot,stem_02)
[TIME] step_total=1.0597s (search=1.0591s, execute=0.0002s, update=0.0001s, interaction=0.0000s, pruning=0.0002s, overhead=0.0001s)
==================

Step: 7
[POMCP] applicable values:
        navigate(brl_robot, stem_01, dock_station): 0.0
        navigate(brl_robot, stem_01, stem_02): 0.9085558686563797
        detect(brl_robot, stem_01): 2.3737052611280296

[POMCP] Selected: detect(brl_robot, stem_01)
[POMCP] Average simulation time:  0.0118
[POMCP] Average select time:  0.0
[Planner] Selected action: detect(brl_robot, stem_01)
[Planner] Observation:  ['observed(tomato1)', 'observed(tomato2)', 'ripe(tomato1)', 'ripe(tomato2)']
    [Feedback] method=ours, confidence=0.4029, threshold=0.2000, trigger=False
    [Planner] Updated confidence: 0.4029113906891595
    [Belief Diff]
      + add (6): at(tomato1,stem_01), at(tomato2,stem_01), observed(tomato1), observed(tomato2), ripe(tomato1), ripe(tomato2)
      - del (0): -
[TIME] step_total=1.1865s (search=1.1796s, execute=0.0024s, update=0.0030s, interaction=0.0000s, pruning=0.0013s, overhead=0.0001s)
==================

Step: 8
[POMCP] applicable values:
        navigate(brl_robot, stem_01, dock_station): 2.300306566718929
        navigate(brl_robot, stem_01, stem_02): 0.0
        detect(brl_robot, stem_01): 0.0
        pick(brl_robot, tomato1, stem_01): 5.885647829104246
        pick(brl_robot, tomato2, stem_01): 0.0

[POMCP] Selected: pick(brl_robot, tomato1, stem_01)
[POMCP] Average simulation time:  0.0096
[POMCP] Average select time:  0.0
[Planner] Selected action: pick(brl_robot, tomato1, stem_01)
[Planner] Observation:  ['holding(brl_robot,tomato1)', 'holded(tomato1,brl_robot)']
    [Feedback] method=ours, confidence=0.9911, threshold=0.2000, trigger=False
    [Planner] Updated confidence: 0.9910598010702873
    [Belief Diff]
      + add (2): holding(brl_robot,tomato1), holded(tomato1,brl_robot)
      - del (2): handempty(brl_robot), at(tomato1,stem_01)
[TIME] step_total=0.9559s (search=0.9555s, execute=0.0002s, update=0.0001s, interaction=0.0000s, pruning=0.0001s, overhead=0.0001s)
==================

Step: 9
[POMCP] applicable values:
        scan(brl_robot, tomato1): 7.822000766599354
        place(brl_robot, tomato1): 2.701800438313184
        discard(brl_robot, tomato1): 0.0

[POMCP] Selected: scan(brl_robot, tomato1)
[POMCP] Average simulation time:  0.0087
[POMCP] Average select time:  0.0
[Planner] Selected action: scan(brl_robot, tomato1)
[Planner] Observation:  ['rotten(tomato1)']
    [Feedback] method=ours, confidence=0.8147, threshold=0.2000, trigger=False
    [Planner] Updated confidence: 0.8147458241519996
    [Belief Diff]
      + add (2): rotten(tomato1), scanned(tomato1)
      - del (1): ripe(tomato1)
[TIME] step_total=0.8689s (search=0.8680s, execute=0.0001s, update=0.0001s, interaction=0.0000s, pruning=0.0006s, overhead=0.0001s)
==================

Step: 10
[POMCP] applicable values:
        scan(brl_robot, tomato1): 5.197656084262402
        discard(brl_robot, tomato1): 9.21084016013761

[POMCP] Selected: discard(brl_robot, tomato1)
[POMCP] Average simulation time:  0.0097
[POMCP] Average select time:  0.0
[Planner] Selected action: discard(brl_robot, tomato1)
[Planner] Observation:  ['discarded(tomato1)', 'handempty(brl_robot)']
    [Feedback] method=ours, confidence=0.9994, threshold=0.2000, trigger=False
    [Planner] Updated confidence: 0.9993599258619291
    [Belief Diff]
      + add (2): discarded(tomato1), handempty(brl_robot)
      - del (2): holding(brl_robot,tomato1), holded(tomato1,brl_robot)
[TIME] step_total=0.9748s (search=0.9743s, execute=0.0002s, update=0.0001s, interaction=0.0000s, pruning=0.0001s, overhead=0.0001s)
==================

Step: 11
[POMCP] applicable values:
        navigate(brl_robot, stem_01, dock_station): 0.0
        navigate(brl_robot, stem_01, stem_02): 0.9930357961455455
        detect(brl_robot, stem_01): 0.0
        pick(brl_robot, tomato2, stem_01): 4.918544007435335

[POMCP] Selected: pick(brl_robot, tomato2, stem_01)
[POMCP] Average simulation time:  0.0111
[POMCP] Average select time:  0.0
[Planner] Selected action: pick(brl_robot, tomato2, stem_01)
[Planner] Observation:  ['holding(brl_robot,tomato2)', 'holded(tomato2,brl_robot)']
    [Feedback] method=ours, confidence=0.9959, threshold=0.2000, trigger=False
    [Planner] Updated confidence: 0.995912041911562
    [Belief Diff]
      + add (2): holding(brl_robot,tomato2), holded(tomato2,brl_robot)
      - del (2): handempty(brl_robot), at(tomato2,stem_01)
[TIME] step_total=1.1115s (search=1.1109s, execute=0.0002s, update=0.0001s, interaction=0.0000s, pruning=0.0002s, overhead=0.0001s)
==================

Step: 12
[POMCP] applicable values:
        scan(brl_robot, tomato2): 5.4914198675438195
        place(brl_robot, tomato2): 0.0
        discard(brl_robot, tomato2): 1.4220002306911494

[POMCP] Selected: scan(brl_robot, tomato2)
[POMCP] Average simulation time:  0.0108
[POMCP] Average select time:  0.0
[Planner] Selected action: scan(brl_robot, tomato2)
[Planner] Observation:  ['ripe(tomato2)']
    [Feedback] method=ours, confidence=0.7773, threshold=0.2000, trigger=False
    [Planner] Updated confidence: 0.7773366131089181
    [Belief Diff]
      + add (1): scanned(tomato2)
      - del (0): -
[TIME] step_total=1.0795s (search=1.0783s, execute=0.0001s, update=0.0001s, interaction=0.0000s, pruning=0.0008s, overhead=0.0001s)
==================

Step: 13
[POMCP] applicable values:
        scan(brl_robot, tomato2): 2.844000461382299
        place(brl_robot, tomato2): 5.541171082378173
        discard(brl_robot, tomato2): 1.7458432402343749

[POMCP] Selected: place(brl_robot, tomato2)
[POMCP] Average simulation time:  0.0106
[POMCP] Average select time:  0.0
[Planner] Selected action: place(brl_robot, tomato2)
[Planner] Observation:  ['loaded(tomato2,brl_robot)', 'handempty(brl_robot)']
    [Feedback] method=ours, confidence=0.9969, threshold=0.2000, trigger=False
    [Planner] Updated confidence: 0.9969231050367751
    [Belief Diff]
      + add (2): loaded(tomato2,brl_robot), handempty(brl_robot)
      - del (2): holding(brl_robot,tomato2), holded(tomato2,brl_robot)
[TIME] step_total=1.0560s (search=1.0556s, execute=0.0002s, update=0.0001s, interaction=0.0000s, pruning=0.0000s, overhead=0.0001s)
[TIME SUMMARY]
avg search: 1.0058s
avg execute: 0.0004s
avg update: 0.0006s
avg interaction: 0.0000s
avg pruning: 0.0003s
avg step wall: 1.0072s
total wall clock: 13.0935s
=============Action Log=============
[STEP 1]: navigate(brl_robot, dock_station, stem_02)
[STEP 2]: detect(brl_robot, stem_02)
[STEP 3]: pick(brl_robot, tomato3, stem_02)
[STEP 4]: scan(brl_robot, tomato3)
[STEP 5]: place(brl_robot, tomato3)
[STEP 6]: navigate(brl_robot, stem_02, stem_01)
[STEP 7]: detect(brl_robot, stem_01)
[STEP 8]: pick(brl_robot, tomato1, stem_01)
[STEP 9]: scan(brl_robot, tomato1)
[STEP 10]: discard(brl_robot, tomato1)
[STEP 11]: pick(brl_robot, tomato2, stem_01)
[STEP 12]: scan(brl_robot, tomato2)
[STEP 13]: place(brl_robot, tomato2)
=============Final Knowledge=============
at(tomato4,stem_02)
discarded(tomato1)
handempty(brl_robot)
loaded(tomato2,brl_robot)
loaded(tomato3,brl_robot)
located(brl_robot,stem_01)
location(dock_station)
location(stem_01)
location(stem_02)
observed(tomato1)
observed(tomato2)
observed(tomato3)
observed(tomato4)
ripe(tomato2)
ripe(tomato3)
robot(brl_robot)
rotten(tomato1)
scanned(tomato1)
scanned(tomato2)
scanned(tomato3)
stem(stem_01)
stem(stem_02)
tomato(tomato1)
tomato(tomato2)
tomato(tomato3)
tomato(tomato4)
unripe(tomato4)
=============Query=============
Total Query 0
=============Action Schema Summary=============
detect: actions=2, questions=0, expected_questions_per_action=0.0000
discard: actions=1, questions=0, expected_questions_per_action=0.0000
navigate: actions=2, questions=0, expected_questions_per_action=0.0000
pick: actions=3, questions=0, expected_questions_per_action=0.0000
place: actions=2, questions=0, expected_questions_per_action=0.0000
scan: actions=3, questions=0, expected_questions_per_action=0.0000
=============Log File=============
/home/changmin/PyProject/00_BRL-CF/experiments_logs/system_log/e1_threshold/tomato/scene_04_step50/ours/oracle/tau_0-2/exp_tomato_20260804_032538_603409.txt
