Step: 1
[POMCP] applicable values:
        navigate(brl_robot, dock_station, stem_01): 1.5521407897199113
        navigate(brl_robot, dock_station, stem_02): 0.0

[POMCP] Selected: navigate(brl_robot, dock_station, stem_01)
[POMCP] Average simulation time:  0.0079
[POMCP] Average select time:  0.0
[Planner] Selected action: navigate(brl_robot, dock_station, stem_01)
[Planner] Observation:  ['located(brl_robot,stem_02)']
    [Feedback] method=ours, confidence=0.2994, threshold=0.4000, trigger=True
    [Planner] Current confidence: 0.2994383146006009
    [Query] Q: located(brl_robot,stem_02) is True?
    [Query] T: located(brl_robot,stem_02)=True?
    [Query] A: False
    [Planner] Reduced 3 --> 2
    [Planner] Updated confidence: 0.7025566035349997
    [Belief Diff]
      + add (1): located(brl_robot,stem_01)
      - del (1): located(brl_robot,dock_station)
[TIME] step_total=0.7955s (search=0.7930s, execute=0.0002s, update=0.0002s, interaction=0.0021s, pruning=0.0001s, overhead=0.0001s)
==================

Step: 2
[POMCP] applicable values:
        navigate(brl_robot, stem_01, dock_station): 1.0134589606837359
        navigate(brl_robot, stem_01, stem_02): 1.517614772555214
        detect(brl_robot, stem_01): 1.4078110931524603

[POMCP] Selected: navigate(brl_robot, stem_01, stem_02)
[POMCP] Average simulation time:  0.0095
[POMCP] Average select time:  0.0
[Planner] Selected action: navigate(brl_robot, stem_01, stem_02)
[Planner] Observation:  ['located(brl_robot,stem_02)']
    [Feedback] method=ours, confidence=0.9574, threshold=0.4000, trigger=False
    [Planner] Updated confidence: 0.9574290802693696
    [Belief Diff]
      + add (1): located(brl_robot,stem_02)
      - del (1): located(brl_robot,stem_01)
[TIME] step_total=0.9553s (search=0.9543s, execute=0.0002s, update=0.0001s, interaction=0.0000s, pruning=0.0006s, overhead=0.0001s)
==================

Step: 3
[POMCP] applicable values:
        navigate(brl_robot, stem_02, dock_station): 0.0
        navigate(brl_robot, stem_02, stem_01): 1.486976245227703
        detect(brl_robot, stem_02): 1.817672395670128

[POMCP] Selected: detect(brl_robot, stem_02)
[POMCP] Average simulation time:  0.0088
[POMCP] Average select time:  0.0
[Planner] Selected action: detect(brl_robot, stem_02)
[Planner] Observation:  ['observed(tomato3)', 'observed(tomato4)', 'ripe(tomato4)', 'unripe(tomato3)']
    [Feedback] method=ours, confidence=0.2204, threshold=0.4000, trigger=True
    [Planner] Current confidence: 0.22038183291053848
    [Query] Q: unripe(tomato3) is True?
    [Query] T: unripe(tomato3)=True?
    [Query] A: False
    [Planner] Reduced 81 --> 54
    [Planner] Current confidence: 0.2621987609277099
    [Query] Q: at(tomato1,stem_02) is True?
    [Query] T: at(tomato1,stem_02)=True?
    [Query] A: False
    [Planner] Reduced 54 --> 18
    [Planner] Current confidence: 0.36166957683376055
    [Query] Q: at(tomato2,stem_02) is True?
    [Query] T: at(tomato2,stem_02)=True?
    [Query] A: False
    [Planner] Reduced 18 --> 6
    [Planner] Updated confidence: 0.5832530830292735
    [Belief Diff]
      + add (6): at(tomato3,stem_02), at(tomato4,stem_02), observed(tomato3), observed(tomato4), ripe(tomato3), ripe(tomato4)
      - del (0): -
[TIME] step_total=0.8912s (search=0.8821s, execute=0.0005s, update=0.0033s, interaction=0.0050s, pruning=0.0003s, overhead=0.0001s)
==================

Step: 4
[POMCP] applicable values:
        navigate(brl_robot, stem_02, dock_station): 1.350900219156592
        navigate(brl_robot, stem_02, stem_01): 0.0
        detect(brl_robot, stem_02): 2.3769584871274327
        pick(brl_robot, tomato3, stem_02): 2.233984699052108
        pick(brl_robot, tomato4, stem_02): 6.054688115198106

[POMCP] Selected: pick(brl_robot, tomato4, stem_02)
[POMCP] Average simulation time:  0.0094
[POMCP] Average select time:  0.0
[Planner] Selected action: pick(brl_robot, tomato4, stem_02)
[Planner] Observation:  ['holding(brl_robot,tomato4)', 'holded(tomato4,brl_robot)']
    [Feedback] method=ours, confidence=0.9965, threshold=0.4000, trigger=False
    [Planner] Updated confidence: 0.9964532266129138
    [Belief Diff]
      + add (2): holding(brl_robot,tomato4), holded(tomato4,brl_robot)
      - del (2): at(tomato4,stem_02), handempty(brl_robot)
[TIME] step_total=0.9360s (search=0.9355s, execute=0.0002s, update=0.0001s, interaction=0.0000s, pruning=0.0001s, overhead=0.0001s)
==================

Step: 5
[POMCP] applicable values:
        scan(brl_robot, tomato4): 8.162655342546913
        place(brl_robot, tomato4): 0.0
        discard(brl_robot, tomato4): 0.0

[POMCP] Selected: scan(brl_robot, tomato4)
[POMCP] Average simulation time:  0.0093
[POMCP] Average select time:  0.0
[Planner] Selected action: scan(brl_robot, tomato4)
[Planner] Observation:  ['ripe(tomato4)']
    [Feedback] method=ours, confidence=0.5336, threshold=0.4000, trigger=False
    [Planner] Updated confidence: 0.5335743412964233
    [Belief Diff]
      + add (1): scanned(tomato4)
      - del (0): -
[TIME] step_total=0.9311s (search=0.9305s, execute=0.0001s, update=0.0001s, interaction=0.0000s, pruning=0.0004s, overhead=0.0001s)
==================

Step: 6
[POMCP] applicable values:
        scan(brl_robot, tomato4): 2.0906016760958854
        place(brl_robot, tomato4): 8.994972219315294
        discard(brl_robot, tomato4): 2.200633343258827

[POMCP] Selected: place(brl_robot, tomato4)
[POMCP] Average simulation time:  0.0102
[POMCP] Average select time:  0.0
[Planner] Selected action: place(brl_robot, tomato4)
[Planner] Observation:  ['loaded(tomato4,brl_robot)', 'handempty(brl_robot)']
    [Feedback] method=ours, confidence=0.9973, threshold=0.4000, trigger=False
    [Planner] Updated confidence: 0.9973485867661541
    [Belief Diff]
      + add (2): loaded(tomato4,brl_robot), handempty(brl_robot)
      - del (2): holded(tomato4,brl_robot), holding(brl_robot,tomato4)
[TIME] step_total=1.0238s (search=1.0234s, execute=0.0002s, update=0.0001s, interaction=0.0000s, pruning=0.0001s, overhead=0.0001s)
==================

Step: 7
[POMCP] applicable values:
        navigate(brl_robot, stem_02, dock_station): 0.0
        navigate(brl_robot, stem_02, stem_01): 1.756898755164612
        detect(brl_robot, stem_02): 1.6228072834182323
        pick(brl_robot, tomato3, stem_02): 4.961085110682479

[POMCP] Selected: pick(brl_robot, tomato3, stem_02)
[POMCP] Average simulation time:  0.0105
[POMCP] Average select time:  0.0
[Planner] Selected action: pick(brl_robot, tomato3, stem_02)
[Planner] Observation:  ['holding(brl_robot,tomato3)', 'holded(tomato3,brl_robot)']
    [Feedback] method=ours, confidence=0.9879, threshold=0.4000, trigger=False
    [Planner] Updated confidence: 0.9879363962665078
    [Belief Diff]
      + add (2): holding(brl_robot,tomato3), holded(tomato3,brl_robot)
      - del (2): handempty(brl_robot), at(tomato3,stem_02)
[TIME] step_total=1.0473s (search=1.0468s, execute=0.0002s, update=0.0001s, interaction=0.0000s, pruning=0.0002s, overhead=0.0001s)
==================

Step: 8
[POMCP] applicable values:
        scan(brl_robot, tomato3): 5.524349713917381
        place(brl_robot, tomato3): 0.0
        discard(brl_robot, tomato3): 0.9433840063382681

[POMCP] Selected: scan(brl_robot, tomato3)
[POMCP] Average simulation time:  0.0112
[POMCP] Average select time:  0.0
[Planner] Selected action: scan(brl_robot, tomato3)
[Planner] Observation:  ['rotten(tomato3)']
    [Feedback] method=ours, confidence=0.4704, threshold=0.4000, trigger=False
    [Planner] Updated confidence: 0.47038060931213665
    [Belief Diff]
      + add (2): rotten(tomato3), scanned(tomato3)
      - del (1): ripe(tomato3)
[TIME] step_total=1.1259s (search=1.1243s, execute=0.0001s, update=0.0001s, interaction=0.0000s, pruning=0.0012s, overhead=0.0001s)
==================

Step: 9
[POMCP] applicable values:
        scan(brl_robot, tomato3): 0.0
        discard(brl_robot, tomato3): 6.4952121625311205

[POMCP] Selected: discard(brl_robot, tomato3)
[POMCP] Average simulation time:  0.0104
[POMCP] Average select time:  0.0
[Planner] Selected action: discard(brl_robot, tomato3)
[Planner] Observation:  ['discarded(tomato3)', 'handempty(brl_robot)']
    [Feedback] method=ours, confidence=0.9993, threshold=0.4000, trigger=False
    [Planner] Updated confidence: 0.9993362264095919
    [Belief Diff]
      + add (2): discarded(tomato3), handempty(brl_robot)
      - del (2): holding(brl_robot,tomato3), holded(tomato3,brl_robot)
[TIME] step_total=1.0383s (search=1.0378s, execute=0.0002s, update=0.0001s, interaction=0.0001s, pruning=0.0001s, overhead=0.0001s)
==================

Step: 10
[POMCP] applicable values:
        navigate(brl_robot, stem_02, dock_station): 2.032067888756931
        navigate(brl_robot, stem_02, stem_01): 0.4525034722222221
        detect(brl_robot, stem_02): 0.0

[POMCP] Selected: navigate(brl_robot, stem_02, dock_station)
[POMCP] Average simulation time:  0.0109
[POMCP] Average select time:  0.0
[Planner] Selected action: navigate(brl_robot, stem_02, dock_station)
[Planner] Observation:  ['located(brl_robot,stem_02)']
    [Feedback] method=ours, confidence=0.2749, threshold=0.4000, trigger=True
    [Planner] Current confidence: 0.2748985229004475
    [Query] Q: located(brl_robot,dock_station) is True?
    [Query] T: located(brl_robot,dock_station)=True?
    [Query] A: True
    [Planner] Reduced 3 --> 1
    [Planner] Updated confidence: 1.0
    [Belief Diff]
      + add (1): located(brl_robot,dock_station)
      - del (1): located(brl_robot,stem_02)
[TIME] step_total=1.0871s (search=1.0862s, execute=0.0002s, update=0.0001s, interaction=0.0003s, pruning=0.0003s, overhead=0.0001s)
==================

Step: 11
[POMCP] applicable values:
        navigate(brl_robot, dock_station, stem_01): 0.0
        navigate(brl_robot, dock_station, stem_02): 2.4395086337553096

[POMCP] Selected: navigate(brl_robot, dock_station, stem_02)
[POMCP] Average simulation time:  0.0111
[POMCP] Average select time:  0.0
[Planner] Selected action: navigate(brl_robot, dock_station, stem_02)
[Planner] Observation:  ['located(brl_robot,stem_02)']
    [Feedback] method=ours, confidence=0.9311, threshold=0.4000, trigger=False
    [Planner] Updated confidence: 0.9310824480490493
    [Belief Diff]
      + add (1): located(brl_robot,stem_02)
      - del (1): located(brl_robot,dock_station)
[TIME] step_total=1.1071s (search=1.1065s, execute=0.0002s, update=0.0001s, interaction=0.0000s, pruning=0.0002s, overhead=0.0001s)
==================

Step: 12
[POMCP] applicable values:
        navigate(brl_robot, stem_02, dock_station): 0.5819477467447915
        navigate(brl_robot, stem_02, stem_01): 0.4503000730521973
        detect(brl_robot, stem_02): 2.9608248100258643

[POMCP] Selected: detect(brl_robot, stem_02)
[POMCP] Average simulation time:  0.0115
[POMCP] Average select time:  0.0
[Planner] Selected action: detect(brl_robot, stem_02)
[Planner] Observation:  []
    [Feedback] method=ours, confidence=0.0002, threshold=0.4000, trigger=True
    [Planner] Current confidence: 0.00021454414913757436
    [Query] Q: at(tomato1,stem_02) is True?
    [Query] T: at(tomato1,stem_02)=True?
    [Query] A: False
    [Planner] Reduced 9 --> 3
    [Planner] Current confidence: 0.00020089199550132886
    [Query] Q: at(tomato2,stem_02) is True?
    [Query] T: at(tomato2,stem_02)=True?
    [Query] A: False
    [Planner] Reduced 3 --> 1
    [Planner] Updated confidence: 1.0
    [Belief Diff]
      + add (0): -
      - del (0): -
[TIME] step_total=1.1544s (search=1.1467s, execute=0.0027s, update=0.0022s, interaction=0.0007s, pruning=0.0019s, overhead=0.0001s)
==================

Step: 13
[POMCP] applicable values:
        navigate(brl_robot, stem_02, dock_station): 0.39721431845821825
        navigate(brl_robot, stem_02, stem_01): 0.3773536025353072
        detect(brl_robot, stem_02): 1.7220381285797033

[POMCP] Selected: detect(brl_robot, stem_02)
[POMCP] Average simulation time:  0.0115
[POMCP] Average select time:  0.0
[Planner] Selected action: detect(brl_robot, stem_02)
[Planner] Observation:  []
    [Feedback] method=ours, confidence=0.0002, threshold=0.4000, trigger=True
    [Planner] Current confidence: 0.00021454414913757436
    [Query] Q: at(tomato1,stem_02) is True?
    [Query] T: at(tomato1,stem_02)=True?
    [Query] A: False
    [Planner] Reduced 9 --> 3
    [Planner] Current confidence: 0.00020089199550132886
    [Query] Q: at(tomato2,stem_02) is True?
    [Query] T: at(tomato2,stem_02)=True?
    [Query] A: False
    [Planner] Reduced 3 --> 1
    [Planner] Updated confidence: 1.0
    [Belief Diff]
      + add (0): -
      - del (0): -
[TIME] step_total=1.1523s (search=1.1465s, execute=0.0026s, update=0.0022s, interaction=0.0007s, pruning=0.0003s, overhead=0.0001s)
==================

Step: 14
[POMCP] applicable values:
        navigate(brl_robot, stem_02, dock_station): 0.0
        navigate(brl_robot, stem_02, stem_01): 0.0
        detect(brl_robot, stem_02): 1.1964120250450136

[POMCP] Selected: detect(brl_robot, stem_02)
[POMCP] Average simulation time:  0.0111
[POMCP] Average select time:  0.0
[Planner] Selected action: detect(brl_robot, stem_02)
[Planner] Observation:  []
    [Feedback] method=ours, confidence=0.0002, threshold=0.4000, trigger=True
    [Planner] Current confidence: 0.00021454414913757436
    [Query] Q: at(tomato1,stem_02) is True?
    [Query] T: at(tomato1,stem_02)=True?
    [Query] A: False
    [Planner] Reduced 9 --> 3
    [Planner] Current confidence: 0.00020089199550132886
    [Query] Q: at(tomato2,stem_02) is True?
    [Query] T: at(tomato2,stem_02)=True?
    [Query] A: False
    [Planner] Reduced 3 --> 1
    [Planner] Updated confidence: 1.0
    [Belief Diff]
      + add (0): -
      - del (0): -
[TIME] step_total=1.1144s (search=1.1085s, execute=0.0026s, update=0.0022s, interaction=0.0007s, pruning=0.0003s, overhead=0.0001s)
==================

Step: 15
[POMCP] applicable values:
        navigate(brl_robot, stem_02, dock_station): 0.0
        navigate(brl_robot, stem_02, stem_01): 0.0
        detect(brl_robot, stem_02): 1.7500655863791768

[POMCP] Selected: detect(brl_robot, stem_02)
[POMCP] Average simulation time:  0.012
[POMCP] Average select time:  0.0
[Planner] Selected action: detect(brl_robot, stem_02)
[Planner] Observation:  []
    [Feedback] method=ours, confidence=0.0002, threshold=0.4000, trigger=True
    [Planner] Current confidence: 0.00021454414913757436
    [Query] Q: at(tomato1,stem_02) is True?
    [Query] T: at(tomato1,stem_02)=True?
    [Query] A: False
    [Planner] Reduced 9 --> 3
    [Planner] Current confidence: 0.00020089199550132886
    [Query] Q: at(tomato2,stem_02) is True?
    [Query] T: at(tomato2,stem_02)=True?
    [Query] A: False
    [Planner] Reduced 3 --> 1
    [Planner] Updated confidence: 1.0
    [Belief Diff]
      + add (0): -
      - del (0): -
[TIME] step_total=1.2052s (search=1.1993s, execute=0.0026s, update=0.0022s, interaction=0.0007s, pruning=0.0003s, overhead=0.0001s)
==================

Step: 16
[POMCP] applicable values:
        navigate(brl_robot, stem_02, dock_station): 0.8817618465066286
        navigate(brl_robot, stem_02, stem_01): 0.5548139360988475
        detect(brl_robot, stem_02): 0.2844000461382299

[POMCP] Selected: navigate(brl_robot, stem_02, dock_station)
[POMCP] Average simulation time:  0.0101
[POMCP] Average select time:  0.0
[Planner] Selected action: navigate(brl_robot, stem_02, dock_station)
[Planner] Observation:  ['located(brl_robot,dock_station)']
    [Feedback] method=ours, confidence=0.9338, threshold=0.4000, trigger=False
    [Planner] Updated confidence: 0.9338098649678908
    [Belief Diff]
      + add (1): located(brl_robot,dock_station)
      - del (1): located(brl_robot,stem_02)
[TIME] step_total=1.0066s (search=1.0061s, execute=0.0002s, update=0.0001s, interaction=0.0000s, pruning=0.0001s, overhead=0.0001s)
==================

Step: 17
[POMCP] applicable values:
        navigate(brl_robot, dock_station, stem_01): 0.5305229001778999
        navigate(brl_robot, dock_station, stem_02): 0.9735967065447007

[POMCP] Selected: navigate(brl_robot, dock_station, stem_02)
[POMCP] Average simulation time:  0.0113
[POMCP] Average select time:  0.0
[Planner] Selected action: navigate(brl_robot, dock_station, stem_02)
[Planner] Observation:  ['located(brl_robot,stem_02)']
    [Feedback] method=ours, confidence=0.9364, threshold=0.4000, trigger=False
    [Planner] Updated confidence: 0.9364163426736506
    [Belief Diff]
      + add (1): located(brl_robot,stem_02)
      - del (1): located(brl_robot,dock_station)
[TIME] step_total=1.1267s (search=1.1260s, execute=0.0002s, update=0.0001s, interaction=0.0001s, pruning=0.0002s, overhead=0.0001s)
==================

Step: 18
[POMCP] applicable values:
        navigate(brl_robot, stem_02, dock_station): 0.0
        navigate(brl_robot, stem_02, stem_01): 0.8951524828285075
        detect(brl_robot, stem_02): 1.5623868565158368

[POMCP] Selected: detect(brl_robot, stem_02)
[POMCP] Average simulation time:  0.012
[POMCP] Average select time:  0.0
[Planner] Selected action: detect(brl_robot, stem_02)
[Planner] Observation:  []
    [Feedback] method=ours, confidence=0.0002, threshold=0.4000, trigger=True
    [Planner] Current confidence: 0.00021454414913757436
    [Query] Q: at(tomato1,stem_02) is True?
    [Query] T: at(tomato1,stem_02)=True?
    [Query] A: False
    [Planner] Reduced 9 --> 3
    [Planner] Current confidence: 0.00020089199550132886
    [Query] Q: at(tomato2,stem_02) is True?
    [Query] T: at(tomato2,stem_02)=True?
    [Query] A: False
    [Planner] Reduced 3 --> 1
    [Planner] Updated confidence: 1.0
    [Belief Diff]
      + add (0): -
      - del (0): -
[TIME] step_total=1.2025s (search=1.1958s, execute=0.0027s, update=0.0023s, interaction=0.0007s, pruning=0.0009s, overhead=0.0001s)
==================

Step: 19
[POMCP] applicable values:
        navigate(brl_robot, stem_02, dock_station): 0.6884255280359772
        navigate(brl_robot, stem_02, stem_01): 0.0
        detect(brl_robot, stem_02): 0.9935196432776119

[POMCP] Selected: detect(brl_robot, stem_02)
[POMCP] Average simulation time:  0.0113
[POMCP] Average select time:  0.0
[Planner] Selected action: detect(brl_robot, stem_02)
[Planner] Observation:  []
    [Feedback] method=ours, confidence=0.0002, threshold=0.4000, trigger=True
    [Planner] Current confidence: 0.00021454414913757436
    [Query] Q: at(tomato1,stem_02) is True?
    [Query] T: at(tomato1,stem_02)=True?
    [Query] A: False
    [Planner] Reduced 9 --> 3
    [Planner] Current confidence: 0.00020089199550132886
    [Query] Q: at(tomato2,stem_02) is True?
    [Query] T: at(tomato2,stem_02)=True?
    [Query] A: False
    [Planner] Reduced 3 --> 1
    [Planner] Updated confidence: 1.0
    [Belief Diff]
      + add (0): -
      - del (0): -
[TIME] step_total=1.1359s (search=1.1300s, execute=0.0026s, update=0.0022s, interaction=0.0007s, pruning=0.0003s, overhead=0.0001s)
==================

Step: 20
[POMCP] applicable values:
        navigate(brl_robot, stem_02, dock_station): 0.42125724283028054
        navigate(brl_robot, stem_02, stem_01): 0.6925935664464393
        detect(brl_robot, stem_02): 0.8097225005976878

[POMCP] Selected: detect(brl_robot, stem_02)
[POMCP] Average simulation time:  0.0105
[POMCP] Average select time:  0.0
[Planner] Selected action: detect(brl_robot, stem_02)
[Planner] Observation:  []
    [Feedback] method=ours, confidence=0.0002, threshold=0.4000, trigger=True
    [Planner] Current confidence: 0.00021454414913757436
    [Query] Q: at(tomato1,stem_02) is True?
    [Query] T: at(tomato1,stem_02)=True?
    [Query] A: False
    [Planner] Reduced 9 --> 3
    [Planner] Current confidence: 0.00020089199550132886
    [Query] Q: at(tomato2,stem_02) is True?
    [Query] T: at(tomato2,stem_02)=True?
    [Query] A: False
    [Planner] Reduced 3 --> 1
    [Planner] Updated confidence: 1.0
    [Belief Diff]
      + add (0): -
      - del (0): -
[TIME] step_total=1.0560s (search=1.0499s, execute=0.0026s, update=0.0022s, interaction=0.0007s, pruning=0.0003s, overhead=0.0001s)
==================

Step: 21
[POMCP] applicable values:
        navigate(brl_robot, stem_02, dock_station): 0.8714436554844317
        navigate(brl_robot, stem_02, stem_01): 0.2919890243387724
        detect(brl_robot, stem_02): 1.178756106798244

[POMCP] Selected: detect(brl_robot, stem_02)
[POMCP] Average simulation time:  0.0115
[POMCP] Average select time:  0.0
[Planner] Selected action: detect(brl_robot, stem_02)
[Planner] Observation:  []
    [Feedback] method=ours, confidence=0.0002, threshold=0.4000, trigger=True
    [Planner] Current confidence: 0.00021454414913757436
    [Query] Q: at(tomato1,stem_02) is True?
    [Query] T: at(tomato1,stem_02)=True?
    [Query] A: False
    [Planner] Reduced 9 --> 3
    [Planner] Current confidence: 0.00020089199550132886
    [Query] Q: at(tomato2,stem_02) is True?
    [Query] T: at(tomato2,stem_02)=True?
    [Query] A: False
    [Planner] Reduced 3 --> 1
    [Planner] Updated confidence: 1.0
    [Belief Diff]
      + add (0): -
      - del (0): -
[TIME] step_total=1.1607s (search=1.1548s, execute=0.0026s, update=0.0022s, interaction=0.0007s, pruning=0.0003s, overhead=0.0001s)
==================

Step: 22
[POMCP] applicable values:
        navigate(brl_robot, stem_02, dock_station): 0.8035043203123179
        navigate(brl_robot, stem_02, stem_01): 0.7459976515697905
        detect(brl_robot, stem_02): 0.8655713608592424

[POMCP] Selected: detect(brl_robot, stem_02)
[POMCP] Average simulation time:  0.0107
[POMCP] Average select time:  0.0
[Planner] Selected action: detect(brl_robot, stem_02)
[Planner] Observation:  []
    [Feedback] method=ours, confidence=0.0002, threshold=0.4000, trigger=True
    [Planner] Current confidence: 0.00021454414913757436
    [Query] Q: at(tomato1,stem_02) is True?
    [Query] T: at(tomato1,stem_02)=True?
    [Query] A: False
    [Planner] Reduced 9 --> 3
    [Planner] Current confidence: 0.00020089199550132886
    [Query] Q: at(tomato2,stem_02) is True?
    [Query] T: at(tomato2,stem_02)=True?
    [Query] A: False
    [Planner] Reduced 3 --> 1
    [Planner] Updated confidence: 1.0
    [Belief Diff]
      + add (0): -
      - del (0): -
[TIME] step_total=1.0786s (search=1.0727s, execute=0.0026s, update=0.0022s, interaction=0.0007s, pruning=0.0002s, overhead=0.0001s)
==================

Step: 23
[POMCP] applicable values:
        navigate(brl_robot, stem_02, dock_station): 0.0
        navigate(brl_robot, stem_02, stem_01): 0.0
        detect(brl_robot, stem_02): 1.6544810307277753

[POMCP] Selected: detect(brl_robot, stem_02)
[POMCP] Average simulation time:  0.012
[POMCP] Average select time:  0.0
[Planner] Selected action: detect(brl_robot, stem_02)
[Planner] Observation:  []
    [Feedback] method=ours, confidence=0.0002, threshold=0.4000, trigger=True
    [Planner] Current confidence: 0.00021454414913757436
    [Query] Q: at(tomato1,stem_02) is True?
    [Query] T: at(tomato1,stem_02)=True?
    [Query] A: False
    [Planner] Reduced 9 --> 3
    [Planner] Current confidence: 0.00020089199550132886
    [Query] Q: at(tomato2,stem_02) is True?
    [Query] T: at(tomato2,stem_02)=True?
    [Query] A: False
    [Planner] Reduced 3 --> 1
    [Planner] Updated confidence: 1.0
    [Belief Diff]
      + add (0): -
      - del (0): -
[TIME] step_total=1.2082s (search=1.2022s, execute=0.0026s, update=0.0022s, interaction=0.0007s, pruning=0.0004s, overhead=0.0001s)
==================

Step: 24
[POMCP] applicable values:
        navigate(brl_robot, stem_02, dock_station): 0.6259698654538293
        navigate(brl_robot, stem_02, stem_01): 0.7850949145279065
        detect(brl_robot, stem_02): 0.6126337866720971

[POMCP] Selected: navigate(brl_robot, stem_02, stem_01)
[POMCP] Average simulation time:  0.0109
[POMCP] Average select time:  0.0
[Planner] Selected action: navigate(brl_robot, stem_02, stem_01)
[Planner] Observation:  ['located(brl_robot,stem_01)']
    [Feedback] method=ours, confidence=0.9056, threshold=0.4000, trigger=False
    [Planner] Updated confidence: 0.9056238034479447
    [Belief Diff]
      + add (1): located(brl_robot,stem_01)
      - del (1): located(brl_robot,stem_02)
[TIME] step_total=1.0874s (search=1.0868s, execute=0.0002s, update=0.0001s, interaction=0.0000s, pruning=0.0002s, overhead=0.0001s)
==================

Step: 25
[POMCP] applicable values:
        navigate(brl_robot, stem_01, dock_station): 0.708400154008478
        navigate(brl_robot, stem_01, stem_02): 0.0
        detect(brl_robot, stem_01): 1.1388219298054114

[POMCP] Selected: detect(brl_robot, stem_01)
[POMCP] Average simulation time:  0.011
[POMCP] Average select time:  0.0001
[Planner] Selected action: detect(brl_robot, stem_01)
[Planner] Observation:  ['observed(tomato1)', 'observed(tomato2)', 'unripe(tomato1)', 'unripe(tomato2)']
    [Feedback] method=ours, confidence=0.4605, threshold=0.4000, trigger=False
    [Planner] Updated confidence: 0.46046549415975946
    [Belief Diff]
      + add (6): at(tomato1,stem_01), at(tomato2,stem_01), observed(tomato1), observed(tomato2), unripe(tomato1), unripe(tomato2)
      - del (0): -
[TIME] step_total=1.1094s (search=1.1036s, execute=0.0030s, update=0.0022s, interaction=0.0000s, pruning=0.0004s, overhead=0.0001s)
==================

Step: 26
[POMCP] applicable values:
        navigate(brl_robot, stem_01, dock_station): 0.2128510164300717
        navigate(brl_robot, stem_01, stem_02): 0.0
        detect(brl_robot, stem_01): 0.9454485460463489

[POMCP] Selected: detect(brl_robot, stem_01)
[POMCP] Average simulation time:  0.0119
[POMCP] Average select time:  0.0
[Planner] Selected action: detect(brl_robot, stem_01)
[Planner] Observation:  ['observed(tomato1)', 'observed(tomato2)', 'ripe(tomato1)', 'ripe(tomato2)']
    [Feedback] method=ours, confidence=0.1577, threshold=0.4000, trigger=True
    [Planner] Current confidence: 0.15767737490718858
    [Query] Q: ripe(tomato2) is True?
    [Query] T: ripe(tomato2)=True?
    [Query] A: False
    [Planner] Reduced 4 --> 2
    [Planner] Current confidence: 0.2700231838743973
    [Query] Q: ripe(tomato1) is True?
    [Query] T: ripe(tomato1)=True?
    [Query] A: True
    [Planner] Reduced 2 --> 1
    [Planner] Updated confidence: 1.0
    [Belief Diff]
      + add (1): ripe(tomato1)
      - del (1): unripe(tomato1)
[TIME] step_total=1.1949s (search=1.1894s, execute=0.0024s, update=0.0022s, interaction=0.0005s, pruning=0.0004s, overhead=0.0001s)
==================

Step: 27
[POMCP] applicable values:
        navigate(brl_robot, stem_01, dock_station): 1.103462130559846
        navigate(brl_robot, stem_01, stem_02): 1.0419051493659734
        detect(brl_robot, stem_01): 0.0
        pick(brl_robot, tomato1, stem_01): 4.207506772960853

[POMCP] Selected: pick(brl_robot, tomato1, stem_01)
[POMCP] Average simulation time:  0.0099
[POMCP] Average select time:  0.0
[Planner] Selected action: pick(brl_robot, tomato1, stem_01)
[Planner] Observation:  ['holding(brl_robot,tomato1)', 'holded(tomato1,brl_robot)']
    [Feedback] method=ours, confidence=0.9985, threshold=0.4000, trigger=False
    [Planner] Updated confidence: 0.9984860568349655
    [Belief Diff]
      + add (2): holding(brl_robot,tomato1), holded(tomato1,brl_robot)
      - del (2): at(tomato1,stem_01), handempty(brl_robot)
[TIME] step_total=0.9950s (search=0.9944s, execute=0.0002s, update=0.0001s, interaction=0.0000s, pruning=0.0003s, overhead=0.0001s)
==================

Step: 28
[POMCP] applicable values:
        scan(brl_robot, tomato1): 5.167485258933268
        place(brl_robot, tomato1): 0.0
        discard(brl_robot, tomato1): 0.0

[POMCP] Selected: scan(brl_robot, tomato1)
[POMCP] Average simulation time:  0.0111
[POMCP] Average select time:  0.0
[Planner] Selected action: scan(brl_robot, tomato1)
[Planner] Observation:  ['ripe(tomato1)']
    [Feedback] method=ours, confidence=0.6903, threshold=0.4000, trigger=False
    [Planner] Updated confidence: 0.6903037855115124
    [Belief Diff]
      + add (1): scanned(tomato1)
      - del (0): -
[TIME] step_total=1.1128s (search=1.1121s, execute=0.0002s, update=0.0001s, interaction=0.0000s, pruning=0.0004s, overhead=0.0001s)
==================

Step: 29
[POMCP] applicable values:
        scan(brl_robot, tomato1): 3.012291666666667
        place(brl_robot, tomato1): 5.59759504885693
        discard(brl_robot, tomato1): 0.0

[POMCP] Selected: place(brl_robot, tomato1)
[POMCP] Average simulation time:  0.012
[POMCP] Average select time:  0.0
[Planner] Selected action: place(brl_robot, tomato1)
[Planner] Observation:  ['loaded(tomato1,brl_robot)', 'handempty(brl_robot)']
    [Feedback] method=ours, confidence=0.9995, threshold=0.4000, trigger=False
    [Planner] Updated confidence: 0.9995027524179027
    [Belief Diff]
      + add (2): loaded(tomato1,brl_robot), handempty(brl_robot)
      - del (2): holded(tomato1,brl_robot), holding(brl_robot,tomato1)
[TIME] step_total=1.1978s (search=1.1975s, execute=0.0002s, update=0.0001s, interaction=0.0000s, pruning=0.0000s, overhead=0.0001s)
[TIME SUMMARY]
avg search: 1.0739s
avg execute: 0.0012s
avg update: 0.0011s
avg interaction: 0.0005s
avg pruning: 0.0004s
avg step wall: 1.0772s
total wall clock: 31.2379s
=============Action Log=============
[STEP 1]: navigate(brl_robot, dock_station, stem_01)
[STEP 2]: navigate(brl_robot, stem_01, stem_02)
[STEP 3]: detect(brl_robot, stem_02)
[STEP 4]: pick(brl_robot, tomato4, stem_02)
[STEP 5]: scan(brl_robot, tomato4)
[STEP 6]: place(brl_robot, tomato4)
[STEP 7]: pick(brl_robot, tomato3, stem_02)
[STEP 8]: scan(brl_robot, tomato3)
[STEP 9]: discard(brl_robot, tomato3)
[STEP 10]: navigate(brl_robot, stem_02, dock_station)
[STEP 11]: navigate(brl_robot, dock_station, stem_02)
[STEP 12]: detect(brl_robot, stem_02)
[STEP 13]: detect(brl_robot, stem_02)
[STEP 14]: detect(brl_robot, stem_02)
[STEP 15]: detect(brl_robot, stem_02)
[STEP 16]: navigate(brl_robot, stem_02, dock_station)
[STEP 17]: navigate(brl_robot, dock_station, stem_02)
[STEP 18]: detect(brl_robot, stem_02)
[STEP 19]: detect(brl_robot, stem_02)
[STEP 20]: detect(brl_robot, stem_02)
[STEP 21]: detect(brl_robot, stem_02)
[STEP 22]: detect(brl_robot, stem_02)
[STEP 23]: detect(brl_robot, stem_02)
[STEP 24]: navigate(brl_robot, stem_02, stem_01)
[STEP 25]: detect(brl_robot, stem_01)
[STEP 26]: detect(brl_robot, stem_01)
[STEP 27]: pick(brl_robot, tomato1, stem_01)
[STEP 28]: scan(brl_robot, tomato1)
[STEP 29]: place(brl_robot, tomato1)
=============Final Knowledge=============
at(tomato2,stem_01)
discarded(tomato3)
handempty(brl_robot)
loaded(tomato1,brl_robot)
loaded(tomato4,brl_robot)
located(brl_robot,stem_01)
location(dock_station)
location(stem_01)
location(stem_02)
observed(tomato1)
observed(tomato2)
observed(tomato3)
observed(tomato4)
ripe(tomato1)
ripe(tomato4)
robot(brl_robot)
rotten(tomato3)
scanned(tomato1)
scanned(tomato3)
scanned(tomato4)
stem(stem_01)
stem(stem_02)
tomato(tomato1)
tomato(tomato2)
tomato(tomato3)
tomato(tomato4)
unripe(tomato2)
=============Query=============
Total Query 27
=============Action Schema Summary=============
detect: actions=13, questions=25, expected_questions_per_action=1.9231
discard: actions=1, questions=0, expected_questions_per_action=0.0000
navigate: actions=7, questions=2, expected_questions_per_action=0.2857
pick: actions=3, questions=0, expected_questions_per_action=0.0000
place: actions=2, questions=0, expected_questions_per_action=0.0000
scan: actions=3, questions=0, expected_questions_per_action=0.0000
=============Log File=============
/home/changmin/PyProject/00_BRL-CF/experiments_logs/system_log/e1_threshold/tomato/scene_02_step50/ours/oracle/tau_0-4/exp_tomato_20260803_230449_264143.txt
