Step: 1
[POMCP] applicable values:
        detect_waste(brl_robot): 3.3595094334791376

[POMCP] Selected: detect_waste(brl_robot)
[POMCP] Average simulation time:  0.014
[POMCP] Average select time:  0.0
[Planner] Selected action: detect_waste(brl_robot)
[Planner] Observation:  ['can(waste4)', 'detected(waste1)', 'detected(waste2)', 'detected(waste3)', 'detected(waste4)', 'general(waste2)', 'paper(waste1)', 'plastic(waste3)']
    [Feedback] method=ours, confidence=0.3160, threshold=0.3000, trigger=False
    [Planner] Updated confidence: 0.3159598557640986
    [Belief Diff]
      + add (8): can(waste4), detected(waste1), detected(waste2), detected(waste3), detected(waste4), general(waste2), paper(waste1), plastic(waste3)
      - del (0): -
[TIME] step_total=1.5258s (search=1.3956s, execute=0.0055s, update=0.1243s, interaction=0.0001s, pruning=0.0002s, overhead=0.0001s)
==================

Step: 2
[POMCP] applicable values:
        detect_waste(brl_robot): 0.0
        pick(brl_robot, waste1): 2.0906016760958854
        pick(brl_robot, waste2): 9.21066298207666
        pick(brl_robot, waste3): 3.4916864804687497
        pick(brl_robot, waste4): 4.75

[POMCP] Selected: pick(brl_robot, waste2)
[POMCP] Average simulation time:  0.0022
[POMCP] Average select time:  0.0
[Planner] Selected action: pick(brl_robot, waste2)
[Planner] Observation:  ['holding(brl_robot,waste2)']
    [Feedback] method=ours, confidence=0.9571, threshold=0.3000, trigger=False
    [Planner] Updated confidence: 0.9570729820139702
    [Belief Diff]
      + add (1): holding(brl_robot,waste2)
      - del (1): handempty(brl_robot)
[TIME] step_total=0.2174s (search=0.2171s, execute=0.0001s, update=0.0001s, interaction=0.0000s, pruning=0.0001s, overhead=0.0000s)
==================

Step: 3
[POMCP] applicable values:
        place_gw_bin(brl_robot, waste2, gw_bin): 10.860321634281506
        place_paper_bin(brl_robot, waste2, pp_bin): 4.5125
        place_can_bin(brl_robot, waste2, ca_bin): 5.4675603168459475
        place_plastic_bin(brl_robot, waste2, pl_bin): 4.286875

[POMCP] Selected: place_gw_bin(brl_robot, waste2, gw_bin)
[POMCP] Average simulation time:  0.0019
[POMCP] Average select time:  0.0
[Planner] Selected action: place_gw_bin(brl_robot, waste2, gw_bin)
[Planner] Observation:  ['in_bin(waste2,gw_bin)', 'handempty(brl_robot)']
    [Feedback] method=ours, confidence=0.9997, threshold=0.3000, trigger=False
    [Planner] Updated confidence: 0.9996869251710727
    [Belief Diff]
      + add (2): in_bin(waste2,gw_bin), handempty(brl_robot)
      - del (2): holding(brl_robot,waste2), detected(waste2)
[TIME] step_total=0.1912s (search=0.1909s, execute=0.0001s, update=0.0001s, interaction=0.0000s, pruning=0.0001s, overhead=0.0001s)
==================

Step: 4
[POMCP] applicable values:
        detect_waste(brl_robot): 2.5667104163975245
        pick(brl_robot, waste1): 7.2774411611596355
        pick(brl_robot, waste3): 0.0
        pick(brl_robot, waste4): 0.0

[POMCP] Selected: pick(brl_robot, waste1)
[POMCP] Average simulation time:  0.0017
[POMCP] Average select time:  0.0
[Planner] Selected action: pick(brl_robot, waste1)
[Planner] Observation:  ['holding(brl_robot,waste1)']
    [Feedback] method=ours, confidence=0.9458, threshold=0.3000, trigger=False
    [Planner] Updated confidence: 0.9457903836396581
    [Belief Diff]
      + add (1): holding(brl_robot,waste1)
      - del (1): handempty(brl_robot)
[TIME] step_total=0.1730s (search=0.1726s, execute=0.0001s, update=0.0001s, interaction=0.0000s, pruning=0.0001s, overhead=0.0000s)
==================

Step: 5
[POMCP] applicable values:
        place_gw_bin(brl_robot, waste1, gw_bin): 0.0
        place_paper_bin(brl_robot, waste1, pp_bin): 8.487167505675995
        place_can_bin(brl_robot, waste1, ca_bin): 4.07253125
        place_plastic_bin(brl_robot, waste1, pl_bin): 0.0

[POMCP] Selected: place_paper_bin(brl_robot, waste1, pp_bin)
[POMCP] Average simulation time:  0.0018
[POMCP] Average select time:  0.0
[Planner] Selected action: place_paper_bin(brl_robot, waste1, pp_bin)
[Planner] Observation:  ['in_bin(waste1,pp_bin)', 'handempty(brl_robot)']
    [Feedback] method=ours, confidence=0.9990, threshold=0.3000, trigger=False
    [Planner] Updated confidence: 0.9990312554006915
    [Belief Diff]
      + add (2): in_bin(waste1,pp_bin), handempty(brl_robot)
      - del (2): holding(brl_robot,waste1), detected(waste1)
[TIME] step_total=0.1801s (search=0.1797s, execute=0.0001s, update=0.0001s, interaction=0.0000s, pruning=0.0001s, overhead=0.0000s)
==================

Step: 6
[POMCP] applicable values:
        detect_waste(brl_robot): 4.260546718687788
        pick(brl_robot, waste3): 0.0
        pick(brl_robot, waste4): 1.9033928571428573

[POMCP] Selected: detect_waste(brl_robot)
[POMCP] Average simulation time:  0.0018
[POMCP] Average select time:  0.0
[Planner] Selected action: detect_waste(brl_robot)
[Planner] Observation:  ['detected(waste3)', 'detected(waste4)', 'paper(waste4)', 'plastic(waste3)']
    [Feedback] method=ours, confidence=0.3263, threshold=0.3000, trigger=False
    [Planner] Updated confidence: 0.3263209588728757
    [Belief Diff]
      + add (0): -
      - del (0): -
[TIME] step_total=0.1875s (search=0.1808s, execute=0.0033s, update=0.0028s, interaction=0.0000s, pruning=0.0006s, overhead=0.0000s)
==================

Step: 7
[POMCP] applicable values:
        detect_waste(brl_robot): 0.0
        pick(brl_robot, waste3): 1.07171875
        pick(brl_robot, waste4): 8.280316586641412

[POMCP] Selected: pick(brl_robot, waste4)
[POMCP] Average simulation time:  0.0016
[POMCP] Average select time:  0.0
[Planner] Selected action: pick(brl_robot, waste4)
[Planner] Observation:  ['holding(brl_robot,waste4)']
    [Feedback] method=ours, confidence=0.9131, threshold=0.3000, trigger=False
    [Planner] Updated confidence: 0.9130975602376424
    [Belief Diff]
      + add (1): holding(brl_robot,waste4)
      - del (1): handempty(brl_robot)
[TIME] step_total=0.1571s (search=0.1568s, execute=0.0001s, update=0.0001s, interaction=0.0000s, pruning=0.0001s, overhead=0.0000s)
==================

Step: 8
[POMCP] applicable values:
        place_gw_bin(brl_robot, waste4, gw_bin): 0.0
        place_paper_bin(brl_robot, waste4, pp_bin): 0.0
        place_can_bin(brl_robot, waste4, ca_bin): 10.51564542408408
        place_plastic_bin(brl_robot, waste4, pl_bin): 0.0

[POMCP] Selected: place_can_bin(brl_robot, waste4, ca_bin)
[POMCP] Average simulation time:  0.0017
[POMCP] Average select time:  0.0
[Planner] Selected action: place_can_bin(brl_robot, waste4, ca_bin)
[Planner] Observation:  ['in_bin(waste4,ca_bin)', 'handempty(brl_robot)']
    [Feedback] method=ours, confidence=0.9971, threshold=0.3000, trigger=False
    [Planner] Updated confidence: 0.9971170300634306
    [Belief Diff]
      + add (2): in_bin(waste4,ca_bin), handempty(brl_robot)
      - del (2): holding(brl_robot,waste4), detected(waste4)
[TIME] step_total=0.1675s (search=0.1672s, execute=0.0001s, update=0.0001s, interaction=0.0000s, pruning=0.0001s, overhead=0.0000s)
==================

Step: 9
[POMCP] applicable values:
        detect_waste(brl_robot): 6.849060119329871
        pick(brl_robot, waste3): 0.0

[POMCP] Selected: detect_waste(brl_robot)
[POMCP] Average simulation time:  0.0017
[POMCP] Average select time:  0.0
[Planner] Selected action: detect_waste(brl_robot)
[Planner] Observation:  ['detected(waste3)', 'plastic(waste3)']
    [Feedback] method=ours, confidence=0.5017, threshold=0.3000, trigger=False
    [Planner] Updated confidence: 0.5017086513535035
    [Belief Diff]
      + add (0): -
      - del (0): -
[TIME] step_total=0.1789s (search=0.1736s, execute=0.0037s, update=0.0007s, interaction=0.0000s, pruning=0.0009s, overhead=0.0001s)
==================

Step: 10
[POMCP] applicable values:
        detect_waste(brl_robot): 7.707610736429293
        pick(brl_robot, waste3): 0.0

[POMCP] Selected: detect_waste(brl_robot)
[POMCP] Average simulation time:  0.0018
[POMCP] Average select time:  0.0
[Planner] Selected action: detect_waste(brl_robot)
[Planner] Observation:  ['detected(waste3)', 'plastic(waste3)']
    [Feedback] method=ours, confidence=0.4774, threshold=0.3000, trigger=False
    [Planner] Updated confidence: 0.477432233968903
    [Belief Diff]
      + add (0): -
      - del (0): -
[TIME] step_total=0.1825s (search=0.1779s, execute=0.0034s, update=0.0007s, interaction=0.0001s, pruning=0.0003s, overhead=0.0001s)
==================

Step: 11
[POMCP] applicable values:
        detect_waste(brl_robot): 0.0
        pick(brl_robot, waste3): 12.194203106831393

[POMCP] Selected: pick(brl_robot, waste3)
[POMCP] Average simulation time:  0.0017
[POMCP] Average select time:  0.0
[Planner] Selected action: pick(brl_robot, waste3)
[Planner] Observation:  ['holding(brl_robot,waste3)']
    [Feedback] method=ours, confidence=0.9697, threshold=0.3000, trigger=False
    [Planner] Updated confidence: 0.9696564637919265
    [Belief Diff]
      + add (1): holding(brl_robot,waste3)
      - del (1): handempty(brl_robot)
[TIME] step_total=0.1667s (search=0.1664s, execute=0.0001s, update=0.0001s, interaction=0.0000s, pruning=0.0001s, overhead=0.0000s)
==================

Step: 12
[POMCP] applicable values:
        place_gw_bin(brl_robot, waste3, gw_bin): 0.0
        place_paper_bin(brl_robot, waste3, pp_bin): 0.0
        place_can_bin(brl_robot, waste3, ca_bin): 0.0
        place_plastic_bin(brl_robot, waste3, pl_bin): 14.575451807228912

[POMCP] Selected: place_plastic_bin(brl_robot, waste3, pl_bin)
[POMCP] Average simulation time:  0.0018
[POMCP] Average select time:  0.0
[Planner] Selected action: place_plastic_bin(brl_robot, waste3, pl_bin)
[Planner] Observation:  ['in_bin(waste3,pl_bin)', 'handempty(brl_robot)']
    [Feedback] method=ours, confidence=0.9949, threshold=0.3000, trigger=False
    [Planner] Updated confidence: 0.9948712737515978
    [Belief Diff]
      + add (2): in_bin(waste3,pl_bin), handempty(brl_robot)
      - del (2): holding(brl_robot,waste3), detected(waste3)
[TIME] step_total=0.1790s (search=0.1787s, execute=0.0001s, update=0.0001s, interaction=0.0000s, pruning=0.0000s, overhead=0.0000s)
[TIME SUMMARY]
avg search: 0.2798s
avg execute: 0.0014s
avg update: 0.0107s
avg interaction: 0.0000s
avg pruning: 0.0002s
avg step wall: 0.2922s
total wall clock: 3.5067s
=============Action Log=============
[STEP 1]: detect_waste(brl_robot)
[STEP 2]: pick(brl_robot, waste2)
[STEP 3]: place_gw_bin(brl_robot, waste2, gw_bin)
[STEP 4]: pick(brl_robot, waste1)
[STEP 5]: place_paper_bin(brl_robot, waste1, pp_bin)
[STEP 6]: detect_waste(brl_robot)
[STEP 7]: pick(brl_robot, waste4)
[STEP 8]: place_can_bin(brl_robot, waste4, ca_bin)
[STEP 9]: detect_waste(brl_robot)
[STEP 10]: detect_waste(brl_robot)
[STEP 11]: pick(brl_robot, waste3)
[STEP 12]: place_plastic_bin(brl_robot, waste3, pl_bin)
=============Final Knowledge=============
can(waste4)
can_bin(ca_bin)
general(waste2)
general_bin(gw_bin)
handempty(brl_robot)
in_bin(waste1,pp_bin)
in_bin(waste2,gw_bin)
in_bin(waste3,pl_bin)
in_bin(waste4,ca_bin)
paper(waste1)
paper_bin(pp_bin)
plastic(waste3)
plastic_bin(pl_bin)
robot(brl_robot)
waste(waste1)
waste(waste2)
waste(waste3)
waste(waste4)
=============Query=============
Total Query 0
=============Action Schema Summary=============
detect_waste: actions=4, questions=0, expected_questions_per_action=0.0000
pick: actions=4, questions=0, expected_questions_per_action=0.0000
place_can_bin: actions=1, questions=0, expected_questions_per_action=0.0000
place_gw_bin: actions=1, questions=0, expected_questions_per_action=0.0000
place_paper_bin: actions=1, questions=0, expected_questions_per_action=0.0000
place_plastic_bin: actions=1, questions=0, expected_questions_per_action=0.0000
=============Log File=============
/home/changmin/PyProject/00_BRL-CF/experiments_logs/system_log/e1_threshold/wastesorting/scene_01_step50/ours/oracle/tau_0-3/exp_wastesorting_20260804_075338_191711.txt
