Step: 1
[POMCP] applicable values:
        detect_waste(brl_robot): 3.8694850083111523

[POMCP] Selected: detect_waste(brl_robot)
[POMCP] Average simulation time:  0.0153
[POMCP] Average select time:  0.0
[Planner] Selected action: detect_waste(brl_robot)
[Planner] Observation:  ['detected(waste1)', 'detected(waste2)', 'general(waste1)', 'paper(waste2)']
    [Feedback] method=ours, confidence=0.2895, threshold=0.8000, trigger=True
    [Planner] Current confidence: 0.2894528531461814
    [Query] Q: general(waste1) is True?
    [Query] T: general(waste1)=True?
    [Query] A: False
    [Planner] Reduced 625 --> 500
    [Planner] Current confidence: 0.2944704369171567
    [Query] Q: paper(waste2) is True?
    [Query] T: paper(waste2)=True?
    [Query] A: True
    [Planner] Reduced 500 --> 100
    [Planner] Current confidence: 0.26529325913233326
    [Query] Q: detected(waste3) is True?
    [Query] T: detected(waste3)=True?
    [Query] A: False
    [Planner] Reduced 100 --> 20
    [Planner] Current confidence: 0.20381045294688094
    [Query] Q: detected(waste4) is True?
    [Query] T: detected(waste4)=True?
    [Query] A: False
    [Planner] Reduced 20 --> 4
    [Planner] Current confidence: 2.8853323755129168e-05
    [Query] Q: can(waste1) is True?
    [Query] T: can(waste1)=True?
    [Query] A: False
    [Planner] Reduced 4 --> 3
    [Planner] Current confidence: 2.730676719919778e-05
    [Query] Q: paper(waste1) is True?
    [Query] T: paper(waste1)=True?
    [Query] A: True
    [Planner] Reduced 3 --> 1
    [Planner] Updated confidence: 1.0
    [Belief Diff]
      + add (4): detected(waste1), detected(waste2), paper(waste1), paper(waste2)
      - del (0): -
[TIME] step_total=1.7055s (search=1.5321s, execute=0.0069s, update=0.1336s, interaction=0.0325s, pruning=0.0004s, overhead=0.0001s)
==================

Step: 2
[POMCP] applicable values:
        detect_waste(brl_robot): 0.0
        pick(brl_robot, waste1): 3.438842465377306
        pick(brl_robot, waste2): 6.141216964805596

[POMCP] Selected: pick(brl_robot, waste2)
[POMCP] Average simulation time:  0.0048
[POMCP] Average select time:  0.0
[Planner] Selected action: pick(brl_robot, waste2)
[Planner] Observation:  ['holding(brl_robot,waste2)']
    [Feedback] method=ours, confidence=0.9063, threshold=0.8000, trigger=False
    [Planner] Updated confidence: 0.9062850349195374
    [Belief Diff]
      + add (1): holding(brl_robot,waste2)
      - del (1): handempty(brl_robot)
[TIME] step_total=0.4784s (search=0.4779s, execute=0.0002s, update=0.0001s, interaction=0.0000s, pruning=0.0002s, overhead=0.0000s)
==================

Step: 3
[POMCP] applicable values:
        place_gw_bin(brl_robot, waste2, gw_bin): 4.932904405530596
        place_paper_bin(brl_robot, waste2, pp_bin): 7.344315830790622
        place_can_bin(brl_robot, waste2, ca_bin): 4.5125
        place_plastic_bin(brl_robot, waste2, pl_bin): 5.879024318690827

[POMCP] Selected: place_paper_bin(brl_robot, waste2, pp_bin)
[POMCP] Average simulation time:  0.0041
[POMCP] Average select time:  0.0
[Planner] Selected action: place_paper_bin(brl_robot, waste2, pp_bin)
[Planner] Observation:  ['in_bin(waste2,pp_bin)', 'handempty(brl_robot)']
    [Feedback] method=ours, confidence=0.9897, threshold=0.8000, trigger=False
    [Planner] Updated confidence: 0.9896975213264708
    [Belief Diff]
      + add (2): in_bin(waste2,pp_bin), handempty(brl_robot)
      - del (2): holding(brl_robot,waste2), detected(waste2)
[TIME] step_total=0.4110s (search=0.4105s, execute=0.0001s, update=0.0001s, interaction=0.0000s, pruning=0.0002s, overhead=0.0000s)
==================

Step: 4
[POMCP] applicable values:
        detect_waste(brl_robot): 3.1590329374648483
        pick(brl_robot, waste1): 1.3575104166666665

[POMCP] Selected: detect_waste(brl_robot)
[POMCP] Average simulation time:  0.0043
[POMCP] Average select time:  0.0
[Planner] Selected action: detect_waste(brl_robot)
[Planner] Observation:  ['can(waste4)', 'detected(waste1)', 'detected(waste4)', 'paper(waste1)']
    [Feedback] method=ours, confidence=0.4284, threshold=0.8000, trigger=True
    [Planner] Current confidence: 0.42839045977396384
    [Query] Q: can(waste4) is True?
    [Query] T: can(waste4)=True?
    [Query] A: True
    [Planner] Reduced 100 --> 20
    [Planner] Current confidence: 0.49266577683257295
    [Query] Q: detected(waste3) is True?
    [Query] T: detected(waste3)=True?
    [Query] A: False
    [Planner] Reduced 20 --> 4
    [Planner] Current confidence: 0.6242349357002684
    [Query] Q: paper(waste1) is True?
    [Query] T: paper(waste1)=True?
    [Query] A: True
    [Planner] Reduced 4 --> 1
    [Planner] Updated confidence: 1.0
    [Belief Diff]
      + add (2): can(waste4), detected(waste4)
      - del (0): -
[TIME] step_total=0.4613s (search=0.4332s, execute=0.0042s, update=0.0194s, interaction=0.0034s, pruning=0.0011s, overhead=0.0001s)
==================

Step: 5
[POMCP] applicable values:
        detect_waste(brl_robot): 4.020832377981573
        pick(brl_robot, waste1): 5.713443987830743
        pick(brl_robot, waste4): 0.0

[POMCP] Selected: pick(brl_robot, waste1)
[POMCP] Average simulation time:  0.0021
[POMCP] Average select time:  0.0
[Planner] Selected action: pick(brl_robot, waste1)
[Planner] Observation:  ['holding(brl_robot,waste1)']
    [Feedback] method=ours, confidence=0.9544, threshold=0.8000, trigger=False
    [Planner] Updated confidence: 0.9544024242823279
    [Belief Diff]
      + add (1): holding(brl_robot,waste1)
      - del (1): handempty(brl_robot)
[TIME] step_total=0.2150s (search=0.2146s, execute=0.0001s, update=0.0001s, interaction=0.0000s, pruning=0.0001s, overhead=0.0001s)
==================

Step: 6
[POMCP] applicable values:
        place_gw_bin(brl_robot, waste1, gw_bin): 3.6754594531249998
        place_paper_bin(brl_robot, waste1, pp_bin): 6.919103025072877
        place_can_bin(brl_robot, waste1, ca_bin): 3.6754594531249998
        place_plastic_bin(brl_robot, waste1, pl_bin): 4.222759895833333

[POMCP] Selected: place_paper_bin(brl_robot, waste1, pp_bin)
[POMCP] Average simulation time:  0.0021
[POMCP] Average select time:  0.0
[Planner] Selected action: place_paper_bin(brl_robot, waste1, pp_bin)
[Planner] Observation:  ['in_bin(waste1,pp_bin)', 'handempty(brl_robot)']
    [Feedback] method=ours, confidence=0.9972, threshold=0.8000, trigger=False
    [Planner] Updated confidence: 0.9971941583488877
    [Belief Diff]
      + add (2): in_bin(waste1,pp_bin), handempty(brl_robot)
      - del (2): holding(brl_robot,waste1), detected(waste1)
[TIME] step_total=0.2060s (search=0.2055s, execute=0.0001s, update=0.0001s, interaction=0.0000s, pruning=0.0001s, overhead=0.0001s)
==================

Step: 7
[POMCP] applicable values:
        detect_waste(brl_robot): 2.7645820154327767
        pick(brl_robot, waste4): 0.0

[POMCP] Selected: detect_waste(brl_robot)
[POMCP] Average simulation time:  0.002
[POMCP] Average select time:  0.0
[Planner] Selected action: detect_waste(brl_robot)
[Planner] Observation:  ['can(waste4)', 'detected(waste3)', 'detected(waste4)', 'plastic(waste3)']
    [Feedback] method=ours, confidence=0.2305, threshold=0.8000, trigger=True
    [Planner] Current confidence: 0.23049707344452397
    [Query] Q: plastic(waste3) is True?
    [Query] T: plastic(waste3)=True?
    [Query] A: False
    [Planner] Reduced 20 --> 16
    [Planner] Current confidence: 0.2349431038838543
    [Query] Q: can(waste3) is True?
    [Query] T: can(waste3)=True?
    [Query] A: True
    [Planner] Reduced 16 --> 4
    [Planner] Current confidence: 0.46979967036726644
    [Query] Q: can(waste4) is True?
    [Query] T: can(waste4)=True?
    [Query] A: True
    [Planner] Reduced 4 --> 1
    [Planner] Updated confidence: 1.0
    [Belief Diff]
      + add (2): can(waste3), detected(waste3)
      - del (0): -
[TIME] step_total=0.2120s (search=0.2024s, execute=0.0039s, update=0.0034s, interaction=0.0015s, pruning=0.0009s, overhead=0.0001s)
==================

Step: 8
[POMCP] applicable values:
        detect_waste(brl_robot): 0.0
        pick(brl_robot, waste3): 11.129192418179318
        pick(brl_robot, waste4): 0.0

[POMCP] Selected: pick(brl_robot, waste3)
[POMCP] Average simulation time:  0.0018
[POMCP] Average select time:  0.0
[Planner] Selected action: pick(brl_robot, waste3)
[Planner] Observation:  ['holding(brl_robot,waste3)']
    [Feedback] method=ours, confidence=0.9597, threshold=0.8000, trigger=False
    [Planner] Updated confidence: 0.9596731876241222
    [Belief Diff]
      + add (1): holding(brl_robot,waste3)
      - del (1): handempty(brl_robot)
[TIME] step_total=0.1831s (search=0.1828s, execute=0.0001s, update=0.0001s, interaction=0.0000s, pruning=0.0001s, overhead=0.0001s)
==================

Step: 9
[POMCP] applicable values:
        place_gw_bin(brl_robot, waste3, gw_bin): 0.0
        place_paper_bin(brl_robot, waste3, pp_bin): 0.0
        place_can_bin(brl_robot, waste3, ca_bin): 14.262442339172669
        place_plastic_bin(brl_robot, waste3, pl_bin): 3.8689046874999997

[POMCP] Selected: place_can_bin(brl_robot, waste3, ca_bin)
[POMCP] Average simulation time:  0.0018
[POMCP] Average select time:  0.0
[Planner] Selected action: place_can_bin(brl_robot, waste3, ca_bin)
[Planner] Observation:  ['in_bin(waste3,ca_bin)', 'handempty(brl_robot)']
    [Feedback] method=ours, confidence=0.9922, threshold=0.8000, trigger=False
    [Planner] Updated confidence: 0.9921829670889795
    [Belief Diff]
      + add (2): in_bin(waste3,ca_bin), handempty(brl_robot)
      - del (2): detected(waste3), holding(brl_robot,waste3)
[TIME] step_total=0.1797s (search=0.1791s, execute=0.0002s, update=0.0001s, interaction=0.0000s, pruning=0.0002s, overhead=0.0001s)
==================

Step: 10
[POMCP] applicable values:
        detect_waste(brl_robot): 3.8725340501219794
        pick(brl_robot, waste4): 12.261040567062473

[POMCP] Selected: pick(brl_robot, waste4)
[POMCP] Average simulation time:  0.0019
[POMCP] Average select time:  0.0
[Planner] Selected action: pick(brl_robot, waste4)
[Planner] Observation:  ['holding(brl_robot,waste4)']
    [Feedback] method=ours, confidence=0.9489, threshold=0.8000, trigger=False
    [Planner] Updated confidence: 0.9489411349209285
    [Belief Diff]
      + add (1): holding(brl_robot,waste4)
      - del (1): handempty(brl_robot)
[TIME] step_total=0.1898s (search=0.1892s, execute=0.0002s, update=0.0001s, interaction=0.0000s, pruning=0.0003s, overhead=0.0001s)
==================

Step: 11
[POMCP] applicable values:
        place_gw_bin(brl_robot, waste4, gw_bin): 0.0
        place_paper_bin(brl_robot, waste4, pp_bin): 0.0
        place_can_bin(brl_robot, waste4, ca_bin): 14.532224770642198
        place_plastic_bin(brl_robot, waste4, pl_bin): 0.0

[POMCP] Selected: place_can_bin(brl_robot, waste4, ca_bin)
[POMCP] Average simulation time:  0.002
[POMCP] Average select time:  0.0
[Planner] Selected action: place_can_bin(brl_robot, waste4, ca_bin)
[Planner] Observation:  ['in_bin(waste4,ca_bin)', 'handempty(brl_robot)']
    [Feedback] method=ours, confidence=0.9777, threshold=0.8000, trigger=False
    [Planner] Updated confidence: 0.9777123643490057
    [Belief Diff]
      + add (2): in_bin(waste4,ca_bin), handempty(brl_robot)
      - del (2): detected(waste4), holding(brl_robot,waste4)
[TIME] step_total=0.2032s (search=0.2028s, execute=0.0002s, update=0.0001s, interaction=0.0000s, pruning=0.0000s, overhead=0.0001s)
[TIME SUMMARY]
avg search: 0.3845s
avg execute: 0.0015s
avg update: 0.0143s
avg interaction: 0.0034s
avg pruning: 0.0003s
avg step wall: 0.4041s
total wall clock: 4.4450s
=============Action Log=============
[STEP 1]: detect_waste(brl_robot)
[STEP 2]: pick(brl_robot, waste2)
[STEP 3]: place_paper_bin(brl_robot, waste2, pp_bin)
[STEP 4]: detect_waste(brl_robot)
[STEP 5]: pick(brl_robot, waste1)
[STEP 6]: place_paper_bin(brl_robot, waste1, pp_bin)
[STEP 7]: detect_waste(brl_robot)
[STEP 8]: pick(brl_robot, waste3)
[STEP 9]: place_can_bin(brl_robot, waste3, ca_bin)
[STEP 10]: pick(brl_robot, waste4)
[STEP 11]: place_can_bin(brl_robot, waste4, ca_bin)
=============Final Knowledge=============
can(waste3)
can(waste4)
can_bin(ca_bin)
general_bin(gw_bin)
handempty(brl_robot)
in_bin(waste1,pp_bin)
in_bin(waste2,pp_bin)
in_bin(waste3,ca_bin)
in_bin(waste4,ca_bin)
paper(waste1)
paper(waste2)
paper_bin(pp_bin)
plastic_bin(pl_bin)
robot(brl_robot)
waste(waste1)
waste(waste2)
waste(waste3)
waste(waste4)
=============Query=============
Total Query 12
=============Action Schema Summary=============
detect_waste: actions=3, questions=12, expected_questions_per_action=4.0000
pick: actions=4, questions=0, expected_questions_per_action=0.0000
place_can_bin: actions=2, questions=0, expected_questions_per_action=0.0000
place_paper_bin: actions=2, questions=0, expected_questions_per_action=0.0000
=============Log File=============
/home/changmin/PyProject/00_BRL-CF/experiments_logs/system_log/e2_ablation/wastesorting/scene_05_step50/ours/oracle/exp_wastesorting_20260804_123322_601358.txt
