Step: 1
[POMCP] applicable values:
        detect_waste(brl_robot): 3.243082491719859

[POMCP] Selected: detect_waste(brl_robot)
[POMCP] Average simulation time:  0.0145
[POMCP] Average select time:  0.0
[Planner] Selected action: detect_waste(brl_robot)
[Planner] Observation:  ['detected(waste1)', 'detected(waste2)', 'detected(waste3)', 'general(waste3)', 'paper(waste1)', 'paper(waste2)']
    [Feedback] method=ours-random-when, confidence=0.1984, threshold=0.8000, trigger=False
    [Planner] Updated confidence: 0.19836514814507755
    [Belief Diff]
      + add (6): detected(waste1), detected(waste2), detected(waste3), general(waste3), paper(waste1), paper(waste2)
      - del (0): -
[TIME] step_total=1.5786s (search=1.4472s, execute=0.0065s, update=0.1243s, interaction=0.0002s, pruning=0.0004s, overhead=0.0001s)
==================

Step: 2
[POMCP] applicable values:
        detect_waste(brl_robot): 3.626084498703735
        pick(brl_robot, waste1): 3.188629945719092
        pick(brl_robot, waste2): 6.322852891083906
        pick(brl_robot, waste3): 2.438374895577648

[POMCP] Selected: pick(brl_robot, waste2)
[POMCP] Average simulation time:  0.0039
[POMCP] Average select time:  0.0
[Planner] Selected action: pick(brl_robot, waste2)
[Planner] Observation:  ['holding(brl_robot,waste2)']
    [Feedback] method=ours-random-when, confidence=0.9820, threshold=0.8000, trigger=True
    [Planner] Current confidence: 0.9820373767868097
    [Query] Q: handempty(brl_robot) is True?
    [Query] T: handempty(brl_robot)=True?
    [Query] A: False
    [Planner] Reduced 2 --> 1
    [Planner] Updated confidence: 1.0
    [Belief Diff]
      + add (1): holding(brl_robot,waste2)
      - del (1): handempty(brl_robot)
[TIME] step_total=0.3949s (search=0.3928s, execute=0.0001s, update=0.0001s, interaction=0.0018s, pruning=0.0001s, overhead=0.0000s)
==================

Step: 3
[POMCP] applicable values:
        place_gw_bin(brl_robot, waste2, gw_bin): 4.286875
        place_paper_bin(brl_robot, waste2, pp_bin): 7.868751126393021
        place_can_bin(brl_robot, waste2, ca_bin): 0.0
        place_plastic_bin(brl_robot, waste2, pl_bin): 3.317102156445312

[POMCP] Selected: place_paper_bin(brl_robot, waste2, pp_bin)
[POMCP] Average simulation time:  0.0038
[POMCP] Average select time:  0.0
[Planner] Selected action: place_paper_bin(brl_robot, waste2, pp_bin)
[Planner] Observation:  ['in_bin(waste2,pp_bin)', 'handempty(brl_robot)']
    [Feedback] method=ours-random-when, confidence=0.9943, threshold=0.8000, trigger=True
    [Planner] Current confidence: 0.9943489685564932
    [Query] Q: detected(waste2) is True?
    [Query] T: detected(waste2)=True?
    [Query] A: False
    [Planner] Reduced 2 --> 1
    [Planner] Updated confidence: 1.0
    [Belief Diff]
      + add (2): in_bin(waste2,pp_bin), handempty(brl_robot)
      - del (2): holding(brl_robot,waste2), detected(waste2)
[TIME] step_total=0.3806s (search=0.3800s, execute=0.0001s, update=0.0001s, interaction=0.0002s, pruning=0.0002s, overhead=0.0000s)
==================

Step: 4
[POMCP] applicable values:
        detect_waste(brl_robot): 2.9773529614497978
        pick(brl_robot, waste1): 0.0
        pick(brl_robot, waste3): 0.0

[POMCP] Selected: detect_waste(brl_robot)
[POMCP] Average simulation time:  0.0038
[POMCP] Average select time:  0.0
[Planner] Selected action: detect_waste(brl_robot)
[Planner] Observation:  ['detected(waste1)', 'detected(waste4)', 'paper(waste1)', 'plastic(waste4)']
    [Feedback] method=ours-random-when, confidence=0.1296, threshold=0.8000, trigger=False
    [Planner] Updated confidence: 0.1296240819663107
    [Belief Diff]
      + add (2): detected(waste4), plastic(waste4)
      - del (0): -
[TIME] step_total=0.4035s (search=0.3835s, execute=0.0038s, update=0.0155s, interaction=0.0001s, pruning=0.0005s, overhead=0.0000s)
==================

Step: 5
[POMCP] applicable values:
        detect_waste(brl_robot): 3.6754594531249998
        pick(brl_robot, waste1): 6.318228726379158
        pick(brl_robot, waste3): 3.151247048623046
        pick(brl_robot, waste4): 0.0

[POMCP] Selected: pick(brl_robot, waste1)
[POMCP] Average simulation time:  0.0018
[POMCP] Average select time:  0.0
[Planner] Selected action: pick(brl_robot, waste1)
[Planner] Observation:  ['holding(brl_robot,waste1)']
    [Feedback] method=ours-random-when, confidence=0.9432, threshold=0.8000, trigger=True
    [Planner] Current confidence: 0.9431969921809975
    [Query] Q: handempty(brl_robot) is True?
    [Query] T: handempty(brl_robot)=True?
    [Query] A: False
    [Planner] Reduced 2 --> 1
    [Planner] Updated confidence: 1.0
    [Belief Diff]
      + add (1): holding(brl_robot,waste1)
      - del (1): handempty(brl_robot)
[TIME] step_total=0.1825s (search=0.1820s, execute=0.0001s, update=0.0001s, interaction=0.0002s, pruning=0.0001s, overhead=0.0001s)
==================

Step: 6
[POMCP] applicable values:
        place_gw_bin(brl_robot, waste1, gw_bin): 4.75
        place_paper_bin(brl_robot, waste1, pp_bin): 7.3459721006150875
        place_can_bin(brl_robot, waste1, ca_bin): 4.07253125
        place_plastic_bin(brl_robot, waste1, pl_bin): 0.0

[POMCP] Selected: place_paper_bin(brl_robot, waste1, pp_bin)
[POMCP] Average simulation time:  0.0019
[POMCP] Average select time:  0.0
[Planner] Selected action: place_paper_bin(brl_robot, waste1, pp_bin)
[Planner] Observation:  ['in_bin(waste1,pp_bin)', 'handempty(brl_robot)']
    [Feedback] method=ours-random-when, confidence=0.9934, threshold=0.8000, trigger=False
    [Planner] Updated confidence: 0.9933665455533881
    [Belief Diff]
      + add (2): in_bin(waste1,pp_bin), handempty(brl_robot)
      - del (2): detected(waste1), holding(brl_robot,waste1)
[TIME] step_total=0.1887s (search=0.1882s, execute=0.0001s, update=0.0001s, interaction=0.0000s, pruning=0.0002s, overhead=0.0001s)
==================

Step: 7
[POMCP] applicable values:
        detect_waste(brl_robot): 3.1300574391850775
        pick(brl_robot, waste3): 1.3575104166666665
        pick(brl_robot, waste4): 0.0

[POMCP] Selected: detect_waste(brl_robot)
[POMCP] Average simulation time:  0.002
[POMCP] Average select time:  0.0
[Planner] Selected action: detect_waste(brl_robot)
[Planner] Observation:  ['can(waste3)', 'detected(waste3)', 'detected(waste4)', 'general(waste4)']
    [Feedback] method=ours-random-when, confidence=0.1780, threshold=0.8000, trigger=True
    [Planner] Current confidence: 0.1780213520964824
    [Query] Q: general(waste4) is True?
    [Query] T: general(waste4)=True?
    [Query] A: True
    [Planner] Reduced 16 --> 4
    [Planner] Current confidence: 0.23235420720321953
    [Query] Q: can(waste3) is True?
    [Query] T: can(waste3)=True?
    [Query] A: True
    [Planner] Reduced 4 --> 1
    [Planner] Updated confidence: 1.0
    [Belief Diff]
      + add (2): can(waste3), general(waste4)
      - del (2): general(waste3), plastic(waste4)
[TIME] step_total=0.2169s (search=0.2037s, execute=0.0090s, update=0.0028s, interaction=0.0008s, pruning=0.0005s, overhead=0.0001s)
==================

Step: 8
[POMCP] applicable values:
        detect_waste(brl_robot): 1.0181328124999998
        pick(brl_robot, waste3): 0.0
        pick(brl_robot, waste4): 8.253495531634677

[POMCP] Selected: pick(brl_robot, waste4)
[POMCP] Average simulation time:  0.0016
[POMCP] Average select time:  0.0
[Planner] Selected action: pick(brl_robot, waste4)
[Planner] Observation:  ['holding(brl_robot,waste4)']
    [Feedback] method=ours-random-when, confidence=0.9333, threshold=0.8000, trigger=False
    [Planner] Updated confidence: 0.9333053872196513
    [Belief Diff]
      + add (1): holding(brl_robot,waste4)
      - del (1): handempty(brl_robot)
[TIME] step_total=0.1558s (search=0.1554s, execute=0.0001s, update=0.0001s, interaction=0.0000s, pruning=0.0001s, overhead=0.0001s)
==================

Step: 9
[POMCP] applicable values:
        place_gw_bin(brl_robot, waste4, gw_bin): 11.271637269906599
        place_paper_bin(brl_robot, waste4, pp_bin): 0.0
        place_can_bin(brl_robot, waste4, ca_bin): 0.0
        place_plastic_bin(brl_robot, waste4, pl_bin): 0.0

[POMCP] Selected: place_gw_bin(brl_robot, waste4, gw_bin)
[POMCP] Average simulation time:  0.0017
[POMCP] Average select time:  0.0
[Planner] Selected action: place_gw_bin(brl_robot, waste4, gw_bin)
[Planner] Observation:  ['in_bin(waste4,gw_bin)', 'handempty(brl_robot)']
    [Feedback] method=ours-random-when, confidence=0.9965, threshold=0.8000, trigger=False
    [Planner] Updated confidence: 0.996549715499946
    [Belief Diff]
      + add (2): in_bin(waste4,gw_bin), handempty(brl_robot)
      - del (2): holding(brl_robot,waste4), detected(waste4)
[TIME] step_total=0.1695s (search=0.1689s, execute=0.0002s, update=0.0001s, interaction=0.0000s, pruning=0.0002s, overhead=0.0001s)
==================

Step: 10
[POMCP] applicable values:
        detect_waste(brl_robot): 7.135985052037942
        pick(brl_robot, waste3): 0.0

[POMCP] Selected: detect_waste(brl_robot)
[POMCP] Average simulation time:  0.002
[POMCP] Average select time:  0.0
[Planner] Selected action: detect_waste(brl_robot)
[Planner] Observation:  ['can(waste3)', 'detected(waste3)']
    [Feedback] method=ours-random-when, confidence=0.4802, threshold=0.8000, trigger=True
    [Planner] Current confidence: 0.4802340590413924
    [Query] Q: can(waste3) is True?
    [Query] T: can(waste3)=True?
    [Query] A: True
    [Planner] Reduced 4 --> 1
    [Planner] Updated confidence: 1.0
    [Belief Diff]
      + add (0): -
      - del (0): -
[TIME] step_total=0.2026s (search=0.1971s, execute=0.0037s, update=0.0007s, interaction=0.0003s, pruning=0.0007s, overhead=0.0001s)
==================

Step: 11
[POMCP] applicable values:
        detect_waste(brl_robot): 4.113629369353693
        pick(brl_robot, waste3): 12.548482953125001

[POMCP] Selected: pick(brl_robot, waste3)
[POMCP] Average simulation time:  0.0017
[POMCP] Average select time:  0.0
[Planner] Selected action: pick(brl_robot, waste3)
[Planner] Observation:  ['holding(brl_robot,waste3)']
    [Feedback] method=ours-random-when, confidence=0.8960, threshold=0.8000, trigger=False
    [Planner] Updated confidence: 0.8960412112480106
    [Belief Diff]
      + add (1): holding(brl_robot,waste3)
      - del (1): handempty(brl_robot)
[TIME] step_total=0.1717s (search=0.1712s, execute=0.0002s, update=0.0001s, interaction=0.0000s, pruning=0.0002s, overhead=0.0001s)
==================

Step: 12
[POMCP] applicable values:
        place_gw_bin(brl_robot, waste3, gw_bin): 0.0
        place_paper_bin(brl_robot, waste3, pp_bin): 0.0
        place_can_bin(brl_robot, waste3, ca_bin): 14.604228624535306
        place_plastic_bin(brl_robot, waste3, pl_bin): 0.0

[POMCP] Selected: place_can_bin(brl_robot, waste3, ca_bin)
[POMCP] Average simulation time:  0.0018
[POMCP] Average select time:  0.0
[Planner] Selected action: place_can_bin(brl_robot, waste3, ca_bin)
[Planner] Observation:  []
    [Feedback] method=ours-random-when, confidence=0.5310, threshold=0.8000, trigger=True
    [Planner] Current confidence: 0.531033259510088
    [Query] Q: detected(waste3) is True?
    [Query] T: detected(waste3)=True?
    [Query] A: False
    [Planner] Reduced 2 --> 1
    [Planner] Updated confidence: 1.0
    [Belief Diff]
      + add (2): in_bin(waste3,ca_bin), handempty(brl_robot)
      - del (2): holding(brl_robot,waste3), detected(waste3)
[TIME] step_total=0.1785s (search=0.1779s, execute=0.0002s, update=0.0001s, interaction=0.0002s, pruning=0.0000s, overhead=0.0001s)
[TIME SUMMARY]
avg search: 0.3373s
avg execute: 0.0020s
avg update: 0.0120s
avg interaction: 0.0003s
avg pruning: 0.0003s
avg step wall: 0.3520s
total wall clock: 4.2239s
=============Action Log=============
[STEP 1]: detect_waste(brl_robot)
[STEP 2]: pick(brl_robot, waste2)
[STEP 3]: place_paper_bin(brl_robot, waste2, pp_bin)
[STEP 4]: detect_waste(brl_robot)
[STEP 5]: pick(brl_robot, waste1)
[STEP 6]: place_paper_bin(brl_robot, waste1, pp_bin)
[STEP 7]: detect_waste(brl_robot)
[STEP 8]: pick(brl_robot, waste4)
[STEP 9]: place_gw_bin(brl_robot, waste4, gw_bin)
[STEP 10]: detect_waste(brl_robot)
[STEP 11]: pick(brl_robot, waste3)
[STEP 12]: place_can_bin(brl_robot, waste3, ca_bin)
=============Final Knowledge=============
can(waste3)
can_bin(ca_bin)
general(waste4)
general_bin(gw_bin)
handempty(brl_robot)
in_bin(waste1,pp_bin)
in_bin(waste2,pp_bin)
in_bin(waste3,ca_bin)
in_bin(waste4,gw_bin)
paper(waste1)
paper(waste2)
paper_bin(pp_bin)
plastic_bin(pl_bin)
robot(brl_robot)
waste(waste1)
waste(waste2)
waste(waste3)
waste(waste4)
=============Query=============
Total Query 7
=============Action Schema Summary=============
detect_waste: actions=4, questions=3, expected_questions_per_action=0.7500
pick: actions=4, questions=2, expected_questions_per_action=0.5000
place_can_bin: actions=1, questions=1, expected_questions_per_action=1.0000
place_gw_bin: actions=1, questions=0, expected_questions_per_action=0.0000
place_paper_bin: actions=2, questions=1, expected_questions_per_action=0.5000
=============Log File=============
/home/changmin/PyProject/00_BRL-CF/experiments_logs/system_log/e2_ablation/wastesorting/scene_04_step50/ours-random-when/oracle/exp_wastesorting_20260804_134626_536176.txt
