Step: 1
[POMCP] applicable values:
        detect_waste(brl_robot): 3.3221166207709523

[POMCP] Selected: detect_waste(brl_robot)
[POMCP] Average simulation time:  0.0143
[POMCP] Average select time:  0.0
[Planner] Selected action: detect_waste(brl_robot)
[Planner] Observation:  ['detected(waste1)', 'detected(waste2)', 'paper(waste1)', 'paper(waste2)']
    [Feedback] method=ours, confidence=0.3150, threshold=0.8000, trigger=True
    [Planner] Current confidence: 0.3150154724856864
    [Query] Q: paper(waste2) is True?
    [Query] T: paper(waste2)=True?
    [Query] A: True
    [Planner] Reduced 625 --> 125
    [Planner] Current confidence: 0.36959019694791595
    [Query] Q: paper(waste1) is True?
    [Query] T: paper(waste1)=True?
    [Query] A: True
    [Planner] Reduced 125 --> 25
    [Planner] Current confidence: 0.37931659948748164
    [Query] Q: detected(waste3) is True?
    [Query] T: detected(waste3)=True?
    [Query] A: False
    [Planner] Reduced 25 --> 5
    [Planner] Current confidence: 0.3792700480096265
    [Query] Q: detected(waste4) is True?
    [Query] T: detected(waste4)=True?
    [Query] A: False
    [Planner] Reduced 5 --> 1
    [Planner] Updated confidence: 1.0
    [Belief Diff]
      + add (4): detected(waste1), detected(waste2), paper(waste1), paper(waste2)
      - del (0): -
[TIME] step_total=1.5839s (search=1.4306s, execute=0.0067s, update=0.1269s, interaction=0.0195s, pruning=0.0002s, overhead=0.0000s)
==================

Step: 2
[POMCP] applicable values:
        detect_waste(brl_robot): 3.5100758680615227
        pick(brl_robot, waste1): 8.29542919983489
        pick(brl_robot, waste2): 2.0906016760958854

[POMCP] Selected: pick(brl_robot, waste1)
[POMCP] Average simulation time:  0.0036
[POMCP] Average select time:  0.0
[Planner] Selected action: pick(brl_robot, waste1)
[Planner] Observation:  ['holding(brl_robot,waste1)']
    [Feedback] method=ours, confidence=0.8987, threshold=0.8000, trigger=False
    [Planner] Updated confidence: 0.8987444927129432
    [Belief Diff]
      + add (1): holding(brl_robot,waste1)
      - del (1): handempty(brl_robot)
[TIME] step_total=0.3633s (search=0.3630s, execute=0.0001s, update=0.0001s, interaction=0.0000s, pruning=0.0001s, overhead=0.0000s)
==================

Step: 3
[POMCP] applicable values:
        place_gw_bin(brl_robot, waste1, gw_bin): 0.0
        place_paper_bin(brl_robot, waste1, pp_bin): 10.086668473290771
        place_can_bin(brl_robot, waste1, ca_bin): 3.8689046874999997
        place_plastic_bin(brl_robot, waste1, pl_bin): 0.0

[POMCP] Selected: place_paper_bin(brl_robot, waste1, pp_bin)
[POMCP] Average simulation time:  0.0023
[POMCP] Average select time:  0.0
[Planner] Selected action: place_paper_bin(brl_robot, waste1, pp_bin)
[Planner] Observation:  []
    [Feedback] method=ours, confidence=0.5310, threshold=0.8000, trigger=True
    [Planner] Current confidence: 0.531033259510088
    [Query] Q: detected(waste1) is True?
    [Query] T: detected(waste1)=True?
    [Query] A: False
    [Planner] Reduced 2 --> 1
    [Planner] Updated confidence: 1.0
    [Belief Diff]
      + add (2): in_bin(waste1,pp_bin), handempty(brl_robot)
      - del (2): detected(waste1), holding(brl_robot,waste1)
[TIME] step_total=0.2331s (search=0.2325s, execute=0.0001s, update=0.0001s, interaction=0.0002s, pruning=0.0001s, overhead=0.0000s)
==================

Step: 4
[POMCP] applicable values:
        detect_waste(brl_robot): 1.8936684488110074
        pick(brl_robot, waste2): 6.181800361402121

[POMCP] Selected: pick(brl_robot, waste2)
[POMCP] Average simulation time:  0.0021
[POMCP] Average select time:  0.0
[Planner] Selected action: pick(brl_robot, waste2)
[Planner] Observation:  []
    [Feedback] method=ours, confidence=0.5310, threshold=0.8000, trigger=True
    [Planner] Current confidence: 0.531033259510088
    [Query] Q: handempty(brl_robot) is True?
    [Query] T: handempty(brl_robot)=True?
    [Query] A: False
    [Planner] Reduced 2 --> 1
    [Planner] Updated confidence: 1.0
    [Belief Diff]
      + add (1): holding(brl_robot,waste2)
      - del (1): handempty(brl_robot)
[TIME] step_total=0.2118s (search=0.2113s, execute=0.0001s, update=0.0001s, interaction=0.0002s, pruning=0.0001s, overhead=0.0000s)
==================

Step: 5
[POMCP] applicable values:
        place_gw_bin(brl_robot, waste2, gw_bin): 0.0
        place_paper_bin(brl_robot, waste2, pp_bin): 7.114853311192606
        place_can_bin(brl_robot, waste2, ca_bin): 0.0
        place_plastic_bin(brl_robot, waste2, pl_bin): 0.0

[POMCP] Selected: place_paper_bin(brl_robot, waste2, pp_bin)
[POMCP] Average simulation time:  0.002
[POMCP] Average select time:  0.0
[Planner] Selected action: place_paper_bin(brl_robot, waste2, pp_bin)
[Planner] Observation:  []
    [Feedback] method=ours, confidence=0.5310, threshold=0.8000, trigger=True
    [Planner] Current confidence: 0.531033259510088
    [Query] Q: detected(waste2) is True?
    [Query] T: detected(waste2)=True?
    [Query] A: False
    [Planner] Reduced 2 --> 1
    [Planner] Updated confidence: 1.0
    [Belief Diff]
      + add (2): in_bin(waste2,pp_bin), handempty(brl_robot)
      - del (2): detected(waste2), holding(brl_robot,waste2)
[TIME] step_total=0.1959s (search=0.1953s, execute=0.0001s, update=0.0001s, interaction=0.0002s, pruning=0.0001s, overhead=0.0000s)
==================

Step: 6
[POMCP] applicable values:
        detect_waste(brl_robot): 2.498603456566674

[POMCP] Selected: detect_waste(brl_robot)
[POMCP] Average simulation time:  0.002
[POMCP] Average select time:  0.0
[Planner] Selected action: detect_waste(brl_robot)
[Planner] Observation:  ['can(waste3)', 'detected(waste3)', 'detected(waste4)', 'general(waste4)']
    [Feedback] method=ours, confidence=0.5050, threshold=0.8000, trigger=True
    [Planner] Current confidence: 0.5049675430673215
    [Query] Q: general(waste4) is True?
    [Query] T: general(waste4)=True?
    [Query] A: True
    [Planner] Reduced 25 --> 5
    [Planner] Current confidence: 0.6190233104463825
    [Query] Q: can(waste3) is True?
    [Query] T: can(waste3)=True?
    [Query] A: True
    [Planner] Reduced 5 --> 1
    [Planner] Updated confidence: 1.0
    [Belief Diff]
      + add (4): can(waste3), detected(waste3), detected(waste4), general(waste4)
      - del (0): -
[TIME] step_total=0.2129s (search=0.2038s, execute=0.0033s, update=0.0040s, interaction=0.0010s, pruning=0.0007s, overhead=0.0000s)
==================

Step: 7
[POMCP] applicable values:
        detect_waste(brl_robot): 2.6663383193953343
        pick(brl_robot, waste3): 0.0
        pick(brl_robot, waste4): 0.0

[POMCP] Selected: detect_waste(brl_robot)
[POMCP] Average simulation time:  0.0019
[POMCP] Average select time:  0.0
[Planner] Selected action: detect_waste(brl_robot)
[Planner] Observation:  ['can(waste3)', 'detected(waste3)', 'detected(waste4)', 'general(waste4)']
    [Feedback] method=ours, confidence=0.7013, threshold=0.8000, trigger=True
    [Planner] Current confidence: 0.7012905016025606
    [Query] Q: general(waste4) is True?
    [Query] T: general(waste4)=True?
    [Query] A: True
    [Planner] Reduced 16 --> 4
    [Planner] Current confidence: 0.7106640550644887
    [Query] Q: can(waste3) is True?
    [Query] T: can(waste3)=True?
    [Query] A: True
    [Planner] Reduced 4 --> 1
    [Planner] Updated confidence: 1.0
    [Belief Diff]
      + add (0): -
      - del (0): -
[TIME] step_total=0.1951s (search=0.1882s, execute=0.0031s, update=0.0027s, interaction=0.0008s, pruning=0.0002s, overhead=0.0000s)
==================

Step: 8
[POMCP] applicable values:
        detect_waste(brl_robot): 1.8377297265624999
        pick(brl_robot, waste3): 12.318638949695165
        pick(brl_robot, waste4): 2.1434375

[POMCP] Selected: pick(brl_robot, waste3)
[POMCP] Average simulation time:  0.0017
[POMCP] Average select time:  0.0
[Planner] Selected action: pick(brl_robot, waste3)
[Planner] Observation:  ['holding(brl_robot,waste3)']
    [Feedback] method=ours, confidence=0.9412, threshold=0.8000, trigger=False
    [Planner] Updated confidence: 0.9412391708193032
    [Belief Diff]
      + add (1): holding(brl_robot,waste3)
      - del (1): handempty(brl_robot)
[TIME] step_total=0.1666s (search=0.1662s, execute=0.0001s, update=0.0001s, interaction=0.0001s, pruning=0.0001s, overhead=0.0001s)
==================

Step: 9
[POMCP] applicable values:
        place_gw_bin(brl_robot, waste3, gw_bin): 0.0
        place_paper_bin(brl_robot, waste3, pp_bin): 0.0
        place_can_bin(brl_robot, waste3, ca_bin): 15.277628490395122
        place_plastic_bin(brl_robot, waste3, pl_bin): 0.0

[POMCP] Selected: place_can_bin(brl_robot, waste3, ca_bin)
[POMCP] Average simulation time:  0.0017
[POMCP] Average select time:  0.0
[Planner] Selected action: place_can_bin(brl_robot, waste3, ca_bin)
[Planner] Observation:  ['detected(waste3)', 'holding(brl_robot,waste3)']
    [Feedback] method=ours, confidence=0.5323, threshold=0.8000, trigger=True
    [Planner] Current confidence: 0.5323013834948765
    [Query] Q: detected(waste3) is True?
    [Query] T: detected(waste3)=True?
    [Query] A: False
    [Planner] Reduced 2 --> 1
    [Planner] Updated confidence: 1.0
    [Belief Diff]
      + add (2): in_bin(waste3,ca_bin), handempty(brl_robot)
      - del (2): detected(waste3), holding(brl_robot,waste3)
[TIME] step_total=0.1687s (search=0.1682s, execute=0.0001s, update=0.0001s, interaction=0.0002s, pruning=0.0001s, overhead=0.0001s)
==================

Step: 10
[POMCP] applicable values:
        detect_waste(brl_robot): 0.0
        pick(brl_robot, waste4): 12.405630811388106

[POMCP] Selected: pick(brl_robot, waste4)
[POMCP] Average simulation time:  0.0018
[POMCP] Average select time:  0.0
[Planner] Selected action: pick(brl_robot, waste4)
[Planner] Observation:  []
    [Feedback] method=ours, confidence=0.5310, threshold=0.8000, trigger=True
    [Planner] Current confidence: 0.531033259510088
    [Query] Q: handempty(brl_robot) is True?
    [Query] T: handempty(brl_robot)=True?
    [Query] A: False
    [Planner] Reduced 2 --> 1
    [Planner] Updated confidence: 1.0
    [Belief Diff]
      + add (1): holding(brl_robot,waste4)
      - del (1): handempty(brl_robot)
[TIME] step_total=0.1825s (search=0.1820s, execute=0.0001s, update=0.0001s, interaction=0.0002s, pruning=0.0001s, overhead=0.0000s)
==================

Step: 11
[POMCP] applicable values:
        place_gw_bin(brl_robot, waste4, gw_bin): 14.722251506024092
        place_paper_bin(brl_robot, waste4, pp_bin): 0.0
        place_can_bin(brl_robot, waste4, ca_bin): 0.0
        place_plastic_bin(brl_robot, waste4, pl_bin): 0.0

[POMCP] Selected: place_gw_bin(brl_robot, waste4, gw_bin)
[POMCP] Average simulation time:  0.002
[POMCP] Average select time:  0.0
[Planner] Selected action: place_gw_bin(brl_robot, waste4, gw_bin)
[Planner] Observation:  ['in_bin(waste4,gw_bin)', 'handempty(brl_robot)']
    [Feedback] method=ours, confidence=0.9814, threshold=0.8000, trigger=False
    [Planner] Updated confidence: 0.9814441911498256
    [Belief Diff]
      + add (2): in_bin(waste4,gw_bin), handempty(brl_robot)
      - del (2): holding(brl_robot,waste4), detected(waste4)
[TIME] step_total=0.1962s (search=0.1959s, execute=0.0002s, update=0.0001s, interaction=0.0000s, pruning=0.0000s, overhead=0.0001s)
[TIME SUMMARY]
avg search: 0.3215s
avg execute: 0.0013s
avg update: 0.0122s
avg interaction: 0.0021s
avg pruning: 0.0002s
avg step wall: 0.3373s
total wall clock: 3.7101s
=============Action Log=============
[STEP 1]: detect_waste(brl_robot)
[STEP 2]: pick(brl_robot, waste1)
[STEP 3]: place_paper_bin(brl_robot, waste1, pp_bin)
[STEP 4]: pick(brl_robot, waste2)
[STEP 5]: place_paper_bin(brl_robot, waste2, pp_bin)
[STEP 6]: detect_waste(brl_robot)
[STEP 7]: detect_waste(brl_robot)
[STEP 8]: pick(brl_robot, waste3)
[STEP 9]: place_can_bin(brl_robot, waste3, ca_bin)
[STEP 10]: pick(brl_robot, waste4)
[STEP 11]: place_gw_bin(brl_robot, waste4, gw_bin)
=============Final Knowledge=============
can(waste3)
can_bin(ca_bin)
general(waste4)
general_bin(gw_bin)
handempty(brl_robot)
in_bin(waste1,pp_bin)
in_bin(waste2,pp_bin)
in_bin(waste3,ca_bin)
in_bin(waste4,gw_bin)
paper(waste1)
paper(waste2)
paper_bin(pp_bin)
plastic_bin(pl_bin)
robot(brl_robot)
waste(waste1)
waste(waste2)
waste(waste3)
waste(waste4)
=============Query=============
Total Query 13
=============Action Schema Summary=============
detect_waste: actions=3, questions=8, expected_questions_per_action=2.6667
pick: actions=4, questions=2, expected_questions_per_action=0.5000
place_can_bin: actions=1, questions=1, expected_questions_per_action=1.0000
place_gw_bin: actions=1, questions=0, expected_questions_per_action=0.0000
place_paper_bin: actions=2, questions=2, expected_questions_per_action=1.0000
=============Log File=============
/home/changmin/PyProject/00_BRL-CF/experiments_logs/system_log/e1_threshold/wastesorting/scene_04_step50/ours/oracle/tau_0-8/exp_wastesorting_20260804_093216_963002.txt
