Step: 1
[POMCP] applicable values:
        navigate(brl_robot, dock_station, stem_01): 1.392217198578779
        navigate(brl_robot, dock_station, stem_02): 1.8073954729925863

[POMCP] Selected: navigate(brl_robot, dock_station, stem_02)
[POMCP] Average simulation time:  0.0077
[POMCP] Average select time:  0.0
[Planner] Selected action: navigate(brl_robot, dock_station, stem_02)
[Planner] Observation:  ['located(brl_robot,stem_02)']
    [Feedback] method=ours, confidence=0.9570, threshold=0.5000, trigger=False
    [Planner] Updated confidence: 0.956983576125366
    [Belief Diff]
      + add (1): located(brl_robot,stem_02)
      - del (1): located(brl_robot,dock_station)
[TIME] step_total=0.7755s (search=0.7750s, execute=0.0002s, update=0.0001s, interaction=0.0000s, pruning=0.0001s, overhead=0.0001s)
==================

Step: 2
[POMCP] applicable values:
        navigate(brl_robot, stem_02, dock_station): 0.0
        navigate(brl_robot, stem_02, stem_01): 1.3119680038278798
        detect(brl_robot, stem_02): 2.0651773035819274

[POMCP] Selected: detect(brl_robot, stem_02)
[POMCP] Average simulation time:  0.0079
[POMCP] Average select time:  0.0
[Planner] Selected action: detect(brl_robot, stem_02)
[Planner] Observation:  ['observed(tomato3)', 'observed(tomato4)', 'ripe(tomato3)', 'ripe(tomato4)']
    [Feedback] method=ours, confidence=0.3524, threshold=0.5000, trigger=True
    [Planner] Current confidence: 0.35238596406629996
    [Query] Q: at(tomato1,stem_02) is True?
    [Query] T: at(tomato1,stem_02)=True?
    [Query] A: False
    [Planner] Reduced 81 --> 27
    [Planner] Current confidence: 0.4696397052213612
    [Query] Q: at(tomato2,stem_02) is True?
    [Query] T: at(tomato2,stem_02)=True?
    [Query] A: False
    [Planner] Reduced 27 --> 9
    [Planner] Updated confidence: 0.7042939471593795
    [Belief Diff]
      + add (6): at(tomato3,stem_02), at(tomato4,stem_02), observed(tomato3), observed(tomato4), ripe(tomato3), ripe(tomato4)
      - del (0): -
[TIME] step_total=0.8011s (search=0.7921s, execute=0.0005s, update=0.0032s, interaction=0.0048s, pruning=0.0005s, overhead=0.0001s)
==================

Step: 3
[POMCP] applicable values:
        navigate(brl_robot, stem_02, dock_station): 0.0
        navigate(brl_robot, stem_02, stem_01): 0.9433840063382681
        detect(brl_robot, stem_02): 1.9797822597400372
        pick(brl_robot, tomato3, stem_02): 0.0
        pick(brl_robot, tomato4, stem_02): 5.193898727400666

[POMCP] Selected: pick(brl_robot, tomato4, stem_02)
[POMCP] Average simulation time:  0.0091
[POMCP] Average select time:  0.0
[Planner] Selected action: pick(brl_robot, tomato4, stem_02)
[Planner] Observation:  ['holding(brl_robot,tomato4)', 'holded(tomato4,brl_robot)']
    [Feedback] method=ours, confidence=0.9991, threshold=0.5000, trigger=False
    [Planner] Updated confidence: 0.9990600763950619
    [Belief Diff]
      + add (2): holding(brl_robot,tomato4), holded(tomato4,brl_robot)
      - del (2): at(tomato4,stem_02), handempty(brl_robot)
[TIME] step_total=0.9106s (search=0.9101s, execute=0.0001s, update=0.0001s, interaction=0.0000s, pruning=0.0001s, overhead=0.0001s)
==================

Step: 4
[POMCP] applicable values:
        scan(brl_robot, tomato4): 5.955247852665904
        place(brl_robot, tomato4): 0.0
        discard(brl_robot, tomato4): 3.317102156445312

[POMCP] Selected: scan(brl_robot, tomato4)
[POMCP] Average simulation time:  0.0093
[POMCP] Average select time:  0.0
[Planner] Selected action: scan(brl_robot, tomato4)
[Planner] Observation:  ['ripe(tomato4)']
    [Feedback] method=ours, confidence=0.7309, threshold=0.5000, trigger=False
    [Planner] Updated confidence: 0.7308729826030791
    [Belief Diff]
      + add (1): scanned(tomato4)
      - del (0): -
[TIME] step_total=0.9258s (search=0.9252s, execute=0.0001s, update=0.0001s, interaction=0.0000s, pruning=0.0003s, overhead=0.0001s)
==================

Step: 5
[POMCP] applicable values:
        scan(brl_robot, tomato4): 0.0
        place(brl_robot, tomato4): 6.803586442733446
        discard(brl_robot, tomato4): 0.0

[POMCP] Selected: place(brl_robot, tomato4)
[POMCP] Average simulation time:  0.0091
[POMCP] Average select time:  0.0
[Planner] Selected action: place(brl_robot, tomato4)
[Planner] Observation:  ['loaded(tomato4,brl_robot)', 'handempty(brl_robot)']
    [Feedback] method=ours, confidence=0.9995, threshold=0.5000, trigger=False
    [Planner] Updated confidence: 0.9995361859456066
    [Belief Diff]
      + add (2): loaded(tomato4,brl_robot), handempty(brl_robot)
      - del (2): holded(tomato4,brl_robot), holding(brl_robot,tomato4)
[TIME] step_total=0.9092s (search=0.9088s, execute=0.0001s, update=0.0001s, interaction=0.0000s, pruning=0.0001s, overhead=0.0001s)
==================

Step: 6
[POMCP] applicable values:
        navigate(brl_robot, stem_02, dock_station): 2.2675800847087193
        navigate(brl_robot, stem_02, stem_01): 0.9887370374055721
        detect(brl_robot, stem_02): 0.0
        pick(brl_robot, tomato3, stem_02): 0.0

[POMCP] Selected: navigate(brl_robot, stem_02, dock_station)
[POMCP] Average simulation time:  0.0092
[POMCP] Average select time:  0.0
[Planner] Selected action: navigate(brl_robot, stem_02, dock_station)
[Planner] Observation:  ['located(brl_robot,dock_station)']
    [Feedback] method=ours, confidence=0.9399, threshold=0.5000, trigger=False
    [Planner] Updated confidence: 0.9398977160191692
    [Belief Diff]
      + add (1): located(brl_robot,dock_station)
      - del (1): located(brl_robot,stem_02)
[TIME] step_total=0.9184s (search=0.9178s, execute=0.0002s, update=0.0001s, interaction=0.0000s, pruning=0.0002s, overhead=0.0001s)
==================

Step: 7
[POMCP] applicable values:
        navigate(brl_robot, dock_station, stem_01): 1.2204245492295236
        navigate(brl_robot, dock_station, stem_02): 2.922974967981444

[POMCP] Selected: navigate(brl_robot, dock_station, stem_02)
[POMCP] Average simulation time:  0.0091
[POMCP] Average select time:  0.0
[Planner] Selected action: navigate(brl_robot, dock_station, stem_02)
[Planner] Observation:  ['located(brl_robot,stem_02)']
    [Feedback] method=ours, confidence=0.9316, threshold=0.5000, trigger=False
    [Planner] Updated confidence: 0.9316401068298537
    [Belief Diff]
      + add (1): located(brl_robot,stem_02)
      - del (1): located(brl_robot,dock_station)
[TIME] step_total=0.9079s (search=0.9073s, execute=0.0002s, update=0.0001s, interaction=0.0000s, pruning=0.0002s, overhead=0.0001s)
==================

Step: 8
[POMCP] applicable values:
        navigate(brl_robot, stem_02, dock_station): 3.58955000194261
        navigate(brl_robot, stem_02, stem_01): 0.0
        detect(brl_robot, stem_02): 0.6968672253652952
        pick(brl_robot, tomato3, stem_02): 0.0

[POMCP] Selected: navigate(brl_robot, stem_02, dock_station)
[POMCP] Average simulation time:  0.0095
[POMCP] Average select time:  0.0
[Planner] Selected action: navigate(brl_robot, stem_02, dock_station)
[Planner] Observation:  ['located(brl_robot,dock_station)']
    [Feedback] method=ours, confidence=0.9280, threshold=0.5000, trigger=False
    [Planner] Updated confidence: 0.9280478703838146
    [Belief Diff]
      + add (1): located(brl_robot,dock_station)
      - del (1): located(brl_robot,stem_02)
[TIME] step_total=0.9479s (search=0.9473s, execute=0.0002s, update=0.0001s, interaction=0.0000s, pruning=0.0002s, overhead=0.0001s)
==================

Step: 9
[POMCP] applicable values:
        navigate(brl_robot, dock_station, stem_01): 4.197428001115462
        navigate(brl_robot, dock_station, stem_02): 0.0

[POMCP] Selected: navigate(brl_robot, dock_station, stem_01)
[POMCP] Average simulation time:  0.0102
[POMCP] Average select time:  0.0
[Planner] Selected action: navigate(brl_robot, dock_station, stem_01)
[Planner] Observation:  ['located(brl_robot,stem_02)']
    [Feedback] method=ours, confidence=0.5754, threshold=0.5000, trigger=False
    [Planner] Updated confidence: 0.575359057265004
    [Belief Diff]
      + add (1): located(brl_robot,stem_01)
      - del (1): located(brl_robot,dock_station)
[TIME] step_total=1.0182s (search=1.0175s, execute=0.0002s, update=0.0001s, interaction=0.0000s, pruning=0.0002s, overhead=0.0001s)
==================

Step: 10
[POMCP] applicable values:
        navigate(brl_robot, stem_01, dock_station): 0.0
        navigate(brl_robot, stem_01, stem_02): 5.063977237164478
        detect(brl_robot, stem_01): 0.9978948987306313

[POMCP] Selected: navigate(brl_robot, stem_01, stem_02)
[POMCP] Average simulation time:  0.0103
[POMCP] Average select time:  0.0
[Planner] Selected action: navigate(brl_robot, stem_01, stem_02)
[Planner] Observation:  ['located(brl_robot,stem_02)']
    [Feedback] method=ours, confidence=0.9395, threshold=0.5000, trigger=False
    [Planner] Updated confidence: 0.9395243247468777
    [Belief Diff]
      + add (1): located(brl_robot,stem_02)
      - del (1): located(brl_robot,stem_01)
[TIME] step_total=1.0307s (search=1.0300s, execute=0.0002s, update=0.0001s, interaction=0.0000s, pruning=0.0002s, overhead=0.0001s)
==================

Step: 11
[POMCP] applicable values:
        navigate(brl_robot, stem_02, dock_station): 0.0
        navigate(brl_robot, stem_02, stem_01): 2.043492598962988
        detect(brl_robot, stem_02): 1.219187447788824
        pick(brl_robot, tomato3, stem_02): 6.043476114906627

[POMCP] Selected: pick(brl_robot, tomato3, stem_02)
[POMCP] Average simulation time:  0.0107
[POMCP] Average select time:  0.0
[Planner] Selected action: pick(brl_robot, tomato3, stem_02)
[Planner] Observation:  ['holding(brl_robot,tomato3)', 'holded(tomato3,brl_robot)']
    [Feedback] method=ours, confidence=0.9977, threshold=0.5000, trigger=False
    [Planner] Updated confidence: 0.9976528581762585
    [Belief Diff]
      + add (2): holding(brl_robot,tomato3), holded(tomato3,brl_robot)
      - del (2): at(tomato3,stem_02), handempty(brl_robot)
[TIME] step_total=1.0724s (search=1.0719s, execute=0.0001s, update=0.0001s, interaction=0.0000s, pruning=0.0002s, overhead=0.0001s)
==================

Step: 12
[POMCP] applicable values:
        scan(brl_robot, tomato3): 6.794676055965141
        place(brl_robot, tomato3): 0.0
        discard(brl_robot, tomato3): 1.496842348095947

[POMCP] Selected: scan(brl_robot, tomato3)
[POMCP] Average simulation time:  0.0114
[POMCP] Average select time:  0.0
[Planner] Selected action: scan(brl_robot, tomato3)
[Planner] Observation:  ['rotten(tomato3)']
    [Feedback] method=ours, confidence=0.5384, threshold=0.5000, trigger=False
    [Planner] Updated confidence: 0.5383667785597499
    [Belief Diff]
      + add (2): rotten(tomato3), scanned(tomato3)
      - del (1): ripe(tomato3)
[TIME] step_total=1.1462s (search=1.1441s, execute=0.0001s, update=0.0001s, interaction=0.0000s, pruning=0.0018s, overhead=0.0001s)
==================

Step: 13
[POMCP] applicable values:
        scan(brl_robot, tomato3): 3.858902167249348
        discard(brl_robot, tomato3): 7.5647328987092965

[POMCP] Selected: discard(brl_robot, tomato3)
[POMCP] Average simulation time:  0.0112
[POMCP] Average select time:  0.0
[Planner] Selected action: discard(brl_robot, tomato3)
[Planner] Observation:  ['discarded(tomato3)', 'handempty(brl_robot)']
    [Feedback] method=ours, confidence=0.9993, threshold=0.5000, trigger=False
    [Planner] Updated confidence: 0.9993121029924303
    [Belief Diff]
      + add (2): discarded(tomato3), handempty(brl_robot)
      - del (2): holding(brl_robot,tomato3), holded(tomato3,brl_robot)
[TIME] step_total=1.1203s (search=1.1198s, execute=0.0002s, update=0.0001s, interaction=0.0000s, pruning=0.0001s, overhead=0.0001s)
==================

Step: 14
[POMCP] applicable values:
        navigate(brl_robot, stem_02, dock_station): 0.2566710416397525
        navigate(brl_robot, stem_02, stem_01): 0.0
        detect(brl_robot, stem_02): 3.2116771346925272

[POMCP] Selected: detect(brl_robot, stem_02)
[POMCP] Average simulation time:  0.0117
[POMCP] Average select time:  0.0
[Planner] Selected action: detect(brl_robot, stem_02)
[Planner] Observation:  []
    [Feedback] method=ours, confidence=0.0002, threshold=0.5000, trigger=True
    [Planner] Current confidence: 0.00021454414913757436
    [Query] Q: at(tomato1,stem_02) is True?
    [Query] T: at(tomato1,stem_02)=True?
    [Query] A: False
    [Planner] Reduced 9 --> 3
    [Planner] Current confidence: 0.00020089199550132886
    [Query] Q: at(tomato2,stem_02) is True?
    [Query] T: at(tomato2,stem_02)=True?
    [Query] A: False
    [Planner] Reduced 3 --> 1
    [Planner] Updated confidence: 1.0
    [Belief Diff]
      + add (0): -
      - del (0): -
[TIME] step_total=1.1740s (search=1.1664s, execute=0.0026s, update=0.0022s, interaction=0.0007s, pruning=0.0020s, overhead=0.0001s)
==================

Step: 15
[POMCP] applicable values:
        navigate(brl_robot, stem_02, dock_station): 0.7008753640914508
        navigate(brl_robot, stem_02, stem_01): 0.8547937143628941
        detect(brl_robot, stem_02): 0.554775266709329

[POMCP] Selected: navigate(brl_robot, stem_02, stem_01)
[POMCP] Average simulation time:  0.0105
[POMCP] Average select time:  0.0
[Planner] Selected action: navigate(brl_robot, stem_02, stem_01)
[Planner] Observation:  ['located(brl_robot,stem_01)']
    [Feedback] method=ours, confidence=0.9247, threshold=0.5000, trigger=False
    [Planner] Updated confidence: 0.9247057334866187
    [Belief Diff]
      + add (1): located(brl_robot,stem_01)
      - del (1): located(brl_robot,stem_02)
[TIME] step_total=1.0508s (search=1.0502s, execute=0.0002s, update=0.0001s, interaction=0.0000s, pruning=0.0003s, overhead=0.0001s)
==================

Step: 16
[POMCP] applicable values:
        navigate(brl_robot, stem_01, dock_station): 0.7472023607330389
        navigate(brl_robot, stem_01, stem_02): 1.2076729414398053
        detect(brl_robot, stem_01): 0.8152124797482715

[POMCP] Selected: navigate(brl_robot, stem_01, stem_02)
[POMCP] Average simulation time:  0.0108
[POMCP] Average select time:  0.0
[Planner] Selected action: navigate(brl_robot, stem_01, stem_02)
[Planner] Observation:  ['located(brl_robot,stem_02)']
    [Feedback] method=ours, confidence=0.9442, threshold=0.5000, trigger=False
    [Planner] Updated confidence: 0.9441998006978146
    [Belief Diff]
      + add (1): located(brl_robot,stem_02)
      - del (1): located(brl_robot,stem_01)
[TIME] step_total=1.0762s (search=1.0755s, execute=0.0002s, update=0.0001s, interaction=0.0000s, pruning=0.0003s, overhead=0.0001s)
==================

Step: 17
[POMCP] applicable values:
        navigate(brl_robot, stem_02, dock_station): 0.8715329229564155
        navigate(brl_robot, stem_02, stem_01): 0.8003489433136147
        detect(brl_robot, stem_02): 2.6264413126751993

[POMCP] Selected: detect(brl_robot, stem_02)
[POMCP] Average simulation time:  0.0116
[POMCP] Average select time:  0.0
[Planner] Selected action: detect(brl_robot, stem_02)
[Planner] Observation:  []
    [Feedback] method=ours, confidence=0.0002, threshold=0.5000, trigger=True
    [Planner] Current confidence: 0.00021454414913757436
    [Query] Q: at(tomato1,stem_02) is True?
    [Query] T: at(tomato1,stem_02)=True?
    [Query] A: False
    [Planner] Reduced 9 --> 3
    [Planner] Current confidence: 0.00020089199550132886
    [Query] Q: at(tomato2,stem_02) is True?
    [Query] T: at(tomato2,stem_02)=True?
    [Query] A: False
    [Planner] Reduced 3 --> 1
    [Planner] Updated confidence: 1.0
    [Belief Diff]
      + add (0): -
      - del (0): -
[TIME] step_total=1.1619s (search=1.1559s, execute=0.0025s, update=0.0022s, interaction=0.0007s, pruning=0.0006s, overhead=0.0001s)
==================

Step: 18
[POMCP] applicable values:
        navigate(brl_robot, stem_02, dock_station): 0.0
        navigate(brl_robot, stem_02, stem_01): 0.0
        detect(brl_robot, stem_02): 1.8400006696727143

[POMCP] Selected: detect(brl_robot, stem_02)
[POMCP] Average simulation time:  0.0122
[POMCP] Average select time:  0.0
[Planner] Selected action: detect(brl_robot, stem_02)
[Planner] Observation:  []
    [Feedback] method=ours, confidence=0.0002, threshold=0.5000, trigger=True
    [Planner] Current confidence: 0.00021454414913757436
    [Query] Q: at(tomato1,stem_02) is True?
    [Query] T: at(tomato1,stem_02)=True?
    [Query] A: False
    [Planner] Reduced 9 --> 3
    [Planner] Current confidence: 0.00020089199550132886
    [Query] Q: at(tomato2,stem_02) is True?
    [Query] T: at(tomato2,stem_02)=True?
    [Query] A: False
    [Planner] Reduced 3 --> 1
    [Planner] Updated confidence: 1.0
    [Belief Diff]
      + add (0): -
      - del (0): -
[TIME] step_total=1.2215s (search=1.2159s, execute=0.0025s, update=0.0022s, interaction=0.0007s, pruning=0.0002s, overhead=0.0001s)
==================

Step: 19
[POMCP] applicable values:
        navigate(brl_robot, stem_02, dock_station): 0.6341007090138704
        navigate(brl_robot, stem_02, stem_01): 1.0133772716274225
        detect(brl_robot, stem_02): 0.741132330728226

[POMCP] Selected: navigate(brl_robot, stem_02, stem_01)
[POMCP] Average simulation time:  0.0109
[POMCP] Average select time:  0.0
[Planner] Selected action: navigate(brl_robot, stem_02, stem_01)
[Planner] Observation:  ['located(brl_robot,stem_01)']
    [Feedback] method=ours, confidence=0.9284, threshold=0.5000, trigger=False
    [Planner] Updated confidence: 0.9284193307016296
    [Belief Diff]
      + add (1): located(brl_robot,stem_01)
      - del (1): located(brl_robot,stem_02)
[TIME] step_total=1.0911s (search=1.0905s, execute=0.0002s, update=0.0001s, interaction=0.0000s, pruning=0.0002s, overhead=0.0001s)
==================

Step: 20
[POMCP] applicable values:
        navigate(brl_robot, stem_01, dock_station): 1.0021971319342662
        navigate(brl_robot, stem_01, stem_02): 0.8094056473342043
        detect(brl_robot, stem_01): 1.4088112656701444

[POMCP] Selected: detect(brl_robot, stem_01)
[POMCP] Average simulation time:  0.0108
[POMCP] Average select time:  0.0
[Planner] Selected action: detect(brl_robot, stem_01)
[Planner] Observation:  ['observed(tomato1)', 'observed(tomato2)', 'ripe(tomato1)', 'unripe(tomato2)']
    [Feedback] method=ours, confidence=0.5728, threshold=0.5000, trigger=False
    [Planner] Updated confidence: 0.5728177343458539
    [Belief Diff]
      + add (6): at(tomato1,stem_01), at(tomato2,stem_01), observed(tomato1), observed(tomato2), ripe(tomato1), unripe(tomato2)
      - del (0): -
[TIME] step_total=1.0824s (search=1.0774s, execute=0.0023s, update=0.0022s, interaction=0.0000s, pruning=0.0004s, overhead=0.0001s)
==================

Step: 21
[POMCP] applicable values:
        navigate(brl_robot, stem_01, dock_station): 0.0
        navigate(brl_robot, stem_01, stem_02): 0.0
        detect(brl_robot, stem_01): 0.0
        pick(brl_robot, tomato1, stem_01): 4.582813136366273

[POMCP] Selected: pick(brl_robot, tomato1, stem_01)
[POMCP] Average simulation time:  0.0103
[POMCP] Average select time:  0.0
[Planner] Selected action: pick(brl_robot, tomato1, stem_01)
[Planner] Observation:  ['holding(brl_robot,tomato1)', 'holded(tomato1,brl_robot)']
    [Feedback] method=ours, confidence=0.9976, threshold=0.5000, trigger=False
    [Planner] Updated confidence: 0.997559960182263
    [Belief Diff]
      + add (2): holding(brl_robot,tomato1), holded(tomato1,brl_robot)
      - del (2): handempty(brl_robot), at(tomato1,stem_01)
[TIME] step_total=1.0347s (search=1.0343s, execute=0.0002s, update=0.0001s, interaction=0.0000s, pruning=0.0001s, overhead=0.0001s)
==================

Step: 22
[POMCP] applicable values:
        scan(brl_robot, tomato1): 5.3394398740620215
        place(brl_robot, tomato1): 0.0
        discard(brl_robot, tomato1): 0.0

[POMCP] Selected: scan(brl_robot, tomato1)
[POMCP] Average simulation time:  0.0106
[POMCP] Average select time:  0.0
[Planner] Selected action: scan(brl_robot, tomato1)
[Planner] Observation:  ['ripe(tomato1)']
    [Feedback] method=ours, confidence=0.7884, threshold=0.5000, trigger=False
    [Planner] Updated confidence: 0.7883775087087432
    [Belief Diff]
      + add (1): scanned(tomato1)
      - del (0): -
[TIME] step_total=1.0593s (search=1.0586s, execute=0.0001s, update=0.0001s, interaction=0.0000s, pruning=0.0003s, overhead=0.0001s)
==================

Step: 23
[POMCP] applicable values:
        scan(brl_robot, tomato1): 0.0
        place(brl_robot, tomato1): 6.448196905647804
        discard(brl_robot, tomato1): 0.0

[POMCP] Selected: place(brl_robot, tomato1)
[POMCP] Average simulation time:  0.0117
[POMCP] Average select time:  0.0
[Planner] Selected action: place(brl_robot, tomato1)
[Planner] Observation:  ['loaded(tomato1,brl_robot)', 'handempty(brl_robot)']
    [Feedback] method=ours, confidence=0.9994, threshold=0.5000, trigger=False
    [Planner] Updated confidence: 0.9993811036673891
    [Belief Diff]
      + add (2): loaded(tomato1,brl_robot), handempty(brl_robot)
      - del (2): holding(brl_robot,tomato1), holded(tomato1,brl_robot)
[TIME] step_total=1.1667s (search=1.1664s, execute=0.0001s, update=0.0001s, interaction=0.0000s, pruning=0.0000s, overhead=0.0001s)
[TIME SUMMARY]
avg search: 1.0243s
avg execute: 0.0006s
avg update: 0.0006s
avg interaction: 0.0003s
avg pruning: 0.0004s
avg step wall: 1.0262s
total wall clock: 23.6029s
=============Action Log=============
[STEP 1]: navigate(brl_robot, dock_station, stem_02)
[STEP 2]: detect(brl_robot, stem_02)
[STEP 3]: pick(brl_robot, tomato4, stem_02)
[STEP 4]: scan(brl_robot, tomato4)
[STEP 5]: place(brl_robot, tomato4)
[STEP 6]: navigate(brl_robot, stem_02, dock_station)
[STEP 7]: navigate(brl_robot, dock_station, stem_02)
[STEP 8]: navigate(brl_robot, stem_02, dock_station)
[STEP 9]: navigate(brl_robot, dock_station, stem_01)
[STEP 10]: navigate(brl_robot, stem_01, stem_02)
[STEP 11]: pick(brl_robot, tomato3, stem_02)
[STEP 12]: scan(brl_robot, tomato3)
[STEP 13]: discard(brl_robot, tomato3)
[STEP 14]: detect(brl_robot, stem_02)
[STEP 15]: navigate(brl_robot, stem_02, stem_01)
[STEP 16]: navigate(brl_robot, stem_01, stem_02)
[STEP 17]: detect(brl_robot, stem_02)
[STEP 18]: detect(brl_robot, stem_02)
[STEP 19]: navigate(brl_robot, stem_02, stem_01)
[STEP 20]: detect(brl_robot, stem_01)
[STEP 21]: pick(brl_robot, tomato1, stem_01)
[STEP 22]: scan(brl_robot, tomato1)
[STEP 23]: place(brl_robot, tomato1)
=============Final Knowledge=============
at(tomato2,stem_01)
discarded(tomato3)
handempty(brl_robot)
loaded(tomato1,brl_robot)
loaded(tomato4,brl_robot)
located(brl_robot,stem_01)
location(dock_station)
location(stem_01)
location(stem_02)
observed(tomato1)
observed(tomato2)
observed(tomato3)
observed(tomato4)
ripe(tomato1)
ripe(tomato4)
robot(brl_robot)
rotten(tomato3)
scanned(tomato1)
scanned(tomato3)
scanned(tomato4)
stem(stem_01)
stem(stem_02)
tomato(tomato1)
tomato(tomato2)
tomato(tomato3)
tomato(tomato4)
unripe(tomato2)
=============Query=============
Total Query 8
=============Action Schema Summary=============
detect: actions=5, questions=8, expected_questions_per_action=1.6000
discard: actions=1, questions=0, expected_questions_per_action=0.0000
navigate: actions=9, questions=0, expected_questions_per_action=0.0000
pick: actions=3, questions=0, expected_questions_per_action=0.0000
place: actions=2, questions=0, expected_questions_per_action=0.0000
scan: actions=3, questions=0, expected_questions_per_action=0.0000
=============Log File=============
/home/changmin/PyProject/00_BRL-CF/experiments_logs/system_log/e1_threshold/tomato/scene_02_step50/ours/oracle/tau_0-5/exp_tomato_20260803_232652_801694.txt
