Step: 1
[POMCP] applicable values:
        navigate(brl_robot, dock_station, stem_01): 1.4678602739490236
        navigate(brl_robot, dock_station, stem_02): 0.4181203352191771

[POMCP] Selected: navigate(brl_robot, dock_station, stem_01)
[POMCP] Average simulation time:  0.0078
[POMCP] Average select time:  0.0
[Planner] Selected action: navigate(brl_robot, dock_station, stem_01)
[Planner] Observation:  ['located(brl_robot,stem_01)']
    [Feedback] method=ours, confidence=0.9639, threshold=0.1000, trigger=False
    [Planner] Updated confidence: 0.9639060431996674
    [Belief Diff]
      + add (1): located(brl_robot,stem_01)
      - del (1): located(brl_robot,dock_station)
[TIME] step_total=0.7790s (search=0.7785s, execute=0.0001s, update=0.0002s, interaction=0.0000s, pruning=0.0001s, overhead=0.0001s)
==================

Step: 2
[POMCP] applicable values:
        navigate(brl_robot, stem_01, dock_station): 0.8659221538806773
        navigate(brl_robot, stem_01, stem_02): 0.0
        detect(brl_robot, stem_01): 1.5086842936086895

[POMCP] Selected: detect(brl_robot, stem_01)
[POMCP] Average simulation time:  0.0083
[POMCP] Average select time:  0.0
[Planner] Selected action: detect(brl_robot, stem_01)
[Planner] Observation:  ['observed(tomato1)', 'observed(tomato2)', 'unripe(tomato1)', 'unripe(tomato2)']
    [Feedback] method=ours, confidence=0.1490, threshold=0.1000, trigger=False
    [Planner] Updated confidence: 0.1490458555734836
    [Belief Diff]
      + add (6): at(tomato1,stem_01), at(tomato2,stem_01), observed(tomato1), observed(tomato2), unripe(tomato1), unripe(tomato2)
      - del (0): -
[TIME] step_total=0.8355s (search=0.8312s, execute=0.0005s, update=0.0032s, interaction=0.0000s, pruning=0.0005s, overhead=0.0001s)
==================

Step: 3
[POMCP] applicable values:
        navigate(brl_robot, stem_01, dock_station): 1.4061187982807397
        navigate(brl_robot, stem_01, stem_02): 1.512711990766747
        detect(brl_robot, stem_01): 0.5122614462083726

[POMCP] Selected: navigate(brl_robot, stem_01, stem_02)
[POMCP] Average simulation time:  0.0073
[POMCP] Average select time:  0.0
[Planner] Selected action: navigate(brl_robot, stem_01, stem_02)
[Planner] Observation:  ['located(brl_robot,stem_01)']
    [Feedback] method=ours, confidence=0.3108, threshold=0.1000, trigger=False
    [Planner] Updated confidence: 0.3107657146420868
    [Belief Diff]
      + add (1): located(brl_robot,stem_02)
      - del (1): located(brl_robot,stem_01)
[TIME] step_total=0.7278s (search=0.7273s, execute=0.0002s, update=0.0001s, interaction=0.0000s, pruning=0.0001s, overhead=0.0001s)
==================

Step: 4
[POMCP] applicable values:
        navigate(brl_robot, stem_02, dock_station): 1.4625806328475173
        navigate(brl_robot, stem_02, stem_01): 1.1829152127315283
        detect(brl_robot, stem_02): 2.1574038720445636

[POMCP] Selected: detect(brl_robot, stem_02)
[POMCP] Average simulation time:  0.0088
[POMCP] Average select time:  0.0
[Planner] Selected action: detect(brl_robot, stem_02)
[Planner] Observation:  ['observed(tomato3)', 'observed(tomato4)', 'ripe(tomato3)', 'unripe(tomato4)']
    [Feedback] method=ours, confidence=0.2881, threshold=0.1000, trigger=False
    [Planner] Updated confidence: 0.2880947153720519
    [Belief Diff]
      + add (6): at(tomato3,stem_02), at(tomato4,stem_02), observed(tomato3), observed(tomato4), ripe(tomato3), unripe(tomato4)
      - del (0): -
[TIME] step_total=0.8875s (search=0.8828s, execute=0.0005s, update=0.0035s, interaction=0.0001s, pruning=0.0005s, overhead=0.0001s)
==================

Step: 5
[POMCP] applicable values:
        navigate(brl_robot, stem_02, dock_station): 0.0
        navigate(brl_robot, stem_02, stem_01): 2.698398992638131
        detect(brl_robot, stem_02): 1.658551078222656
        pick(brl_robot, tomato3, stem_02): 5.0309078583296785

[POMCP] Selected: pick(brl_robot, tomato3, stem_02)
[POMCP] Average simulation time:  0.0089
[POMCP] Average select time:  0.0
[Planner] Selected action: pick(brl_robot, tomato3, stem_02)
[Planner] Observation:  ['holding(brl_robot,tomato3)', 'holded(tomato3,brl_robot)']
    [Feedback] method=ours, confidence=0.9976, threshold=0.1000, trigger=False
    [Planner] Updated confidence: 0.997644485000988
    [Belief Diff]
      + add (2): holding(brl_robot,tomato3), holded(tomato3,brl_robot)
      - del (2): handempty(brl_robot), at(tomato3,stem_02)
[TIME] step_total=0.8945s (search=0.8941s, execute=0.0001s, update=0.0001s, interaction=0.0000s, pruning=0.0001s, overhead=0.0001s)
==================

Step: 6
[POMCP] applicable values:
        scan(brl_robot, tomato3): 5.607611097258963
        place(brl_robot, tomato3): 0.0
        discard(brl_robot, tomato3): 2.5667104163975245

[POMCP] Selected: scan(brl_robot, tomato3)
[POMCP] Average simulation time:  0.0097
[POMCP] Average select time:  0.0
[Planner] Selected action: scan(brl_robot, tomato3)
[Planner] Observation:  ['ripe(tomato3)']
    [Feedback] method=ours, confidence=0.6492, threshold=0.1000, trigger=False
    [Planner] Updated confidence: 0.6492129228351411
    [Belief Diff]
      + add (1): scanned(tomato3)
      - del (0): -
[TIME] step_total=0.9751s (search=0.9742s, execute=0.0001s, update=0.0001s, interaction=0.0000s, pruning=0.0006s, overhead=0.0001s)
==================

Step: 7
[POMCP] applicable values:
        scan(brl_robot, tomato3): 1.7924296120427095
        place(brl_robot, tomato3): 6.549836088693751
        discard(brl_robot, tomato3): 0.0

[POMCP] Selected: place(brl_robot, tomato3)
[POMCP] Average simulation time:  0.0112
[POMCP] Average select time:  0.0
[Planner] Selected action: place(brl_robot, tomato3)
[Planner] Observation:  ['loaded(tomato3,brl_robot)', 'handempty(brl_robot)']
    [Feedback] method=ours, confidence=0.9999, threshold=0.1000, trigger=False
    [Planner] Updated confidence: 0.9999227660522445
    [Belief Diff]
      + add (2): loaded(tomato3,brl_robot), handempty(brl_robot)
      - del (2): holded(tomato3,brl_robot), holding(brl_robot,tomato3)
[TIME] step_total=1.1179s (search=1.1175s, execute=0.0002s, update=0.0001s, interaction=0.0000s, pruning=0.0001s, overhead=0.0001s)
==================

Step: 8
[POMCP] applicable values:
        navigate(brl_robot, stem_02, dock_station): 0.7538397541547667
        navigate(brl_robot, stem_02, stem_01): 0.2987382686737849
        detect(brl_robot, stem_02): 2.3077062619362674

[POMCP] Selected: detect(brl_robot, stem_02)
[POMCP] Average simulation time:  0.0112
[POMCP] Average select time:  0.0
[Planner] Selected action: detect(brl_robot, stem_02)
[Planner] Observation:  ['observed(tomato4)', 'unripe(tomato4)']
    [Feedback] method=ours, confidence=0.1585, threshold=0.1000, trigger=False
    [Planner] Updated confidence: 0.1585437552051825
    [Belief Diff]
      + add (0): -
      - del (0): -
[TIME] step_total=1.1219s (search=1.1152s, execute=0.0025s, update=0.0028s, interaction=0.0000s, pruning=0.0012s, overhead=0.0001s)
==================

Step: 9
[POMCP] applicable values:
        navigate(brl_robot, stem_02, dock_station): 1.0581531076189894
        navigate(brl_robot, stem_02, stem_01): 0.4965178980727728
        detect(brl_robot, stem_02): 1.6257355126216293

[POMCP] Selected: detect(brl_robot, stem_02)
[POMCP] Average simulation time:  0.0104
[POMCP] Average select time:  0.0
[Planner] Selected action: detect(brl_robot, stem_02)
[Planner] Observation:  ['observed(tomato2)', 'observed(tomato4)', 'ripe(tomato2)', 'unripe(tomato4)']
    [Feedback] method=ours, confidence=0.2441, threshold=0.1000, trigger=False
    [Planner] Updated confidence: 0.24405956521856775
    [Belief Diff]
      + add (2): at(tomato2,stem_02), ripe(tomato2)
      - del (1): unripe(tomato2)
[TIME] step_total=1.0423s (search=1.0364s, execute=0.0025s, update=0.0029s, interaction=0.0000s, pruning=0.0003s, overhead=0.0001s)
==================

Step: 10
[POMCP] applicable values:
        navigate(brl_robot, stem_02, dock_station): 1.7458432402343749
        navigate(brl_robot, stem_02, stem_01): 2.976626224883792
        detect(brl_robot, stem_02): 1.986071592291091
        pick(brl_robot, tomato2, stem_02): 4.948973898728264

[POMCP] Selected: pick(brl_robot, tomato2, stem_02)
[POMCP] Average simulation time:  0.0097
[POMCP] Average select time:  0.0
[Planner] Selected action: pick(brl_robot, tomato2, stem_02)
[Planner] Observation:  ['holding(brl_robot,tomato2)', 'holded(tomato2,brl_robot)']
    [Feedback] method=ours, confidence=0.9980, threshold=0.1000, trigger=False
    [Planner] Updated confidence: 0.9979525395176487
    [Belief Diff]
      + add (2): holding(brl_robot,tomato2), holded(tomato2,brl_robot)
      - del (2): at(tomato2,stem_02), handempty(brl_robot)
[TIME] step_total=0.9754s (search=0.9749s, execute=0.0002s, update=0.0001s, interaction=0.0000s, pruning=0.0001s, overhead=0.0001s)
==================

Step: 11
[POMCP] applicable values:
        scan(brl_robot, tomato2): 6.148277587674682
        place(brl_robot, tomato2): 0.0
        discard(brl_robot, tomato2): 2.5667104163975245

[POMCP] Selected: scan(brl_robot, tomato2)
[POMCP] Average simulation time:  0.0093
[POMCP] Average select time:  0.0
[Planner] Selected action: scan(brl_robot, tomato2)
[Planner] Observation:  ['ripe(tomato2)']
    [Feedback] method=ours, confidence=0.6128, threshold=0.1000, trigger=False
    [Planner] Updated confidence: 0.6128243490198356
    [Belief Diff]
      + add (1): scanned(tomato2)
      - del (0): -
[TIME] step_total=0.9316s (search=0.9310s, execute=0.0001s, update=0.0001s, interaction=0.0000s, pruning=0.0003s, overhead=0.0001s)
==================

Step: 12
[POMCP] applicable values:
        scan(brl_robot, tomato2): 3.2712148060213546
        place(brl_robot, tomato2): 7.483880436529779
        discard(brl_robot, tomato2): 3.4916864804687497

[POMCP] Selected: place(brl_robot, tomato2)
[POMCP] Average simulation time:  0.0088
[POMCP] Average select time:  0.0
[Planner] Selected action: place(brl_robot, tomato2)
[Planner] Observation:  ['loaded(tomato2,brl_robot)', 'handempty(brl_robot)']
    [Feedback] method=ours, confidence=0.9995, threshold=0.1000, trigger=False
    [Planner] Updated confidence: 0.9994662463957127
    [Belief Diff]
      + add (2): loaded(tomato2,brl_robot), handempty(brl_robot)
      - del (2): holded(tomato2,brl_robot), holding(brl_robot,tomato2)
[TIME] step_total=0.8826s (search=0.8822s, execute=0.0002s, update=0.0001s, interaction=0.0000s, pruning=0.0001s, overhead=0.0001s)
==================

Step: 13
[POMCP] applicable values:
        navigate(brl_robot, stem_02, dock_station): 0.7980629407537082
        navigate(brl_robot, stem_02, stem_01): 3.3594694794834945
        detect(brl_robot, stem_02): 0.0

[POMCP] Selected: navigate(brl_robot, stem_02, stem_01)
[POMCP] Average simulation time:  0.0102
[POMCP] Average select time:  0.0
[Planner] Selected action: navigate(brl_robot, stem_02, stem_01)
[Planner] Observation:  ['located(brl_robot,stem_01)']
    [Feedback] method=ours, confidence=0.9729, threshold=0.1000, trigger=False
    [Planner] Updated confidence: 0.9728876065676165
    [Belief Diff]
      + add (1): located(brl_robot,stem_01)
      - del (1): located(brl_robot,stem_02)
[TIME] step_total=1.0178s (search=1.0171s, execute=0.0002s, update=0.0001s, interaction=0.0000s, pruning=0.0003s, overhead=0.0001s)
==================

Step: 14
[POMCP] applicable values:
        navigate(brl_robot, stem_01, dock_station): 0.0
        navigate(brl_robot, stem_01, stem_02): 0.0
        detect(brl_robot, stem_01): 0.0
        pick(brl_robot, tomato2, stem_01): 4.196427005160017

[POMCP] Selected: pick(brl_robot, tomato2, stem_01)
[POMCP] Average simulation time:  0.0103
[POMCP] Average select time:  0.0
[Planner] Selected action: pick(brl_robot, tomato2, stem_01)
[Planner] Observation:  ['holding(brl_robot,tomato2)', 'holded(tomato2,brl_robot)']
    [Feedback] method=ours, confidence=0.9992, threshold=0.1000, trigger=False
    [Planner] Updated confidence: 0.999216349504599
    [Belief Diff]
      + add (2): holding(brl_robot,tomato2), holded(tomato2,brl_robot)
      - del (2): handempty(brl_robot), at(tomato2,stem_01)
[TIME] step_total=1.0290s (search=1.0285s, execute=0.0002s, update=0.0001s, interaction=0.0000s, pruning=0.0002s, overhead=0.0001s)
==================

Step: 15
[POMCP] applicable values:
        scan(brl_robot, tomato2): 4.933980885125155
        place(brl_robot, tomato2): 0.0
        discard(brl_robot, tomato2): 2.139737720291061

[POMCP] Selected: scan(brl_robot, tomato2)
[POMCP] Average simulation time:  0.0105
[POMCP] Average select time:  0.0
[Planner] Selected action: scan(brl_robot, tomato2)
[Planner] Observation:  ['ripe(tomato2)']
    [Feedback] method=ours, confidence=0.4195, threshold=0.1000, trigger=False
    [Planner] Updated confidence: 0.41946829122695484
    [Belief Diff]
      + add (0): -
      - del (0): -
[TIME] step_total=1.0557s (search=1.0541s, execute=0.0001s, update=0.0001s, interaction=0.0000s, pruning=0.0012s, overhead=0.0001s)
==================

Step: 16
[POMCP] applicable values:
        scan(brl_robot, tomato2): 4.363482736579366
        place(brl_robot, tomato2): 0.0
        discard(brl_robot, tomato2): 1.146901754190508

[POMCP] Selected: scan(brl_robot, tomato2)
[POMCP] Average simulation time:  0.0104
[POMCP] Average select time:  0.0
[Planner] Selected action: scan(brl_robot, tomato2)
[Planner] Observation:  ['ripe(tomato2)']
    [Feedback] method=ours, confidence=0.7698, threshold=0.1000, trigger=False
    [Planner] Updated confidence: 0.7697872786348223
    [Belief Diff]
      + add (0): -
      - del (0): -
[TIME] step_total=1.0369s (search=1.0358s, execute=0.0001s, update=0.0001s, interaction=0.0000s, pruning=0.0008s, overhead=0.0001s)
==================

Step: 17
[POMCP] applicable values:
        scan(brl_robot, tomato2): 4.72932889074732
        place(brl_robot, tomato2): 1.7001459623695152
        discard(brl_robot, tomato2): 0.7484211740479735

[POMCP] Selected: scan(brl_robot, tomato2)
[POMCP] Average simulation time:  0.0098
[POMCP] Average select time:  0.0
[Planner] Selected action: scan(brl_robot, tomato2)
[Planner] Observation:  ['rotten(tomato2)']
    [Feedback] method=ours, confidence=0.0469, threshold=0.1000, trigger=True
    [Planner] Current confidence: 0.04693136705629142
    [Query] Q: ripe(tomato2) is True?
    [Query] T: ripe(tomato2)=True?
    [Query] A: True
    [Planner] Reduced 2 --> 1
    [Planner] Updated confidence: 1.0
    [Belief Diff]
      + add (0): -
      - del (0): -
[TIME] step_total=0.9781s (search=0.9754s, execute=0.0001s, update=0.0001s, interaction=0.0020s, pruning=0.0004s, overhead=0.0001s)
==================

Step: 18
[POMCP] applicable values:
        scan(brl_robot, tomato2): 5.040059395983964
        place(brl_robot, tomato2): 0.0
        discard(brl_robot, tomato2): 0.0

[POMCP] Selected: scan(brl_robot, tomato2)
[POMCP] Average simulation time:  0.0099
[POMCP] Average select time:  0.0
[Planner] Selected action: scan(brl_robot, tomato2)
[Planner] Observation:  ['ripe(tomato2)']
    [Feedback] method=ours, confidence=0.6627, threshold=0.1000, trigger=False
    [Planner] Updated confidence: 0.6627387860528278
    [Belief Diff]
      + add (0): -
      - del (0): -
[TIME] step_total=0.9927s (search=0.9918s, execute=0.0001s, update=0.0001s, interaction=0.0000s, pruning=0.0006s, overhead=0.0001s)
==================

Step: 19
[POMCP] applicable values:
        scan(brl_robot, tomato2): 4.402893080076546
        place(brl_robot, tomato2): 0.0
        discard(brl_robot, tomato2): 0.0

[POMCP] Selected: scan(brl_robot, tomato2)
[POMCP] Average simulation time:  0.01
[POMCP] Average select time:  0.0
[Planner] Selected action: scan(brl_robot, tomato2)
[Planner] Observation:  ['ripe(tomato2)']
    [Feedback] method=ours, confidence=0.7473, threshold=0.1000, trigger=False
    [Planner] Updated confidence: 0.7472888479554647
    [Belief Diff]
      + add (0): -
      - del (0): -
[TIME] step_total=1.0045s (search=1.0039s, execute=0.0001s, update=0.0001s, interaction=0.0000s, pruning=0.0003s, overhead=0.0001s)
==================

Step: 20
[POMCP] applicable values:
        scan(brl_robot, tomato2): 3.698263012092521
        place(brl_robot, tomato2): 1.575623524311523
        discard(brl_robot, tomato2): 0.0

[POMCP] Selected: scan(brl_robot, tomato2)
[POMCP] Average simulation time:  0.0101
[POMCP] Average select time:  0.0
[Planner] Selected action: scan(brl_robot, tomato2)
[Planner] Observation:  ['ripe(tomato2)']
    [Feedback] method=ours, confidence=0.4986, threshold=0.1000, trigger=False
    [Planner] Updated confidence: 0.49860658370776334
    [Belief Diff]
      + add (0): -
      - del (0): -
[TIME] step_total=1.0093s (search=1.0085s, execute=0.0001s, update=0.0001s, interaction=0.0000s, pruning=0.0005s, overhead=0.0001s)
==================

Step: 21
[POMCP] applicable values:
        scan(brl_robot, tomato2): 0.0
        place(brl_robot, tomato2): 2.2822938814998714
        discard(brl_robot, tomato2): 0.0

[POMCP] Selected: place(brl_robot, tomato2)
[POMCP] Average simulation time:  0.0115
[POMCP] Average select time:  0.0
[Planner] Selected action: place(brl_robot, tomato2)
[Planner] Observation:  ['loaded(tomato2,brl_robot)', 'handempty(brl_robot)']
    [Feedback] method=ours, confidence=0.9937, threshold=0.1000, trigger=False
    [Planner] Updated confidence: 0.9937013415684037
    [Belief Diff]
      + add (1): handempty(brl_robot)
      - del (2): holded(tomato2,brl_robot), holding(brl_robot,tomato2)
[TIME] step_total=1.1505s (search=1.1500s, execute=0.0001s, update=0.0001s, interaction=0.0000s, pruning=0.0001s, overhead=0.0001s)
==================

Step: 22
[POMCP] applicable values:
        navigate(brl_robot, stem_01, dock_station): 0.0
        navigate(brl_robot, stem_01, stem_02): 0.0
        detect(brl_robot, stem_01): 2.9022560565714883

[POMCP] Selected: detect(brl_robot, stem_01)
[POMCP] Average simulation time:  0.0115
[POMCP] Average select time:  0.0
[Planner] Selected action: detect(brl_robot, stem_01)
[Planner] Observation:  ['observed(tomato1)', 'ripe(tomato1)']
    [Feedback] method=ours, confidence=0.2750, threshold=0.1000, trigger=False
    [Planner] Updated confidence: 0.275041050491193
    [Belief Diff]
      + add (1): ripe(tomato1)
      - del (1): unripe(tomato1)
[TIME] step_total=1.1552s (search=1.1492s, execute=0.0025s, update=0.0022s, interaction=0.0000s, pruning=0.0012s, overhead=0.0001s)
==================

Step: 23
[POMCP] applicable values:
        navigate(brl_robot, stem_01, dock_station): 0.8691853755242716
        navigate(brl_robot, stem_01, stem_02): 0.637074608583468
        detect(brl_robot, stem_01): 0.0
        pick(brl_robot, tomato1, stem_01): 0.36856690627170136

[POMCP] Selected: navigate(brl_robot, stem_01, dock_station)
[POMCP] Average simulation time:  0.0097
[POMCP] Average select time:  0.0
[Planner] Selected action: navigate(brl_robot, stem_01, dock_station)
[Planner] Observation:  ['located(brl_robot,dock_station)']
    [Feedback] method=ours, confidence=0.9257, threshold=0.1000, trigger=False
    [Planner] Updated confidence: 0.9256958468824382
    [Belief Diff]
      + add (1): located(brl_robot,dock_station)
      - del (1): located(brl_robot,stem_01)
[TIME] step_total=0.9717s (search=0.9712s, execute=0.0002s, update=0.0001s, interaction=0.0000s, pruning=0.0001s, overhead=0.0001s)
==================

Step: 24
[POMCP] applicable values:
        navigate(brl_robot, dock_station, stem_01): 2.753941853421995
        navigate(brl_robot, dock_station, stem_02): 0.825569280000441

[POMCP] Selected: navigate(brl_robot, dock_station, stem_01)
[POMCP] Average simulation time:  0.0094
[POMCP] Average select time:  0.0
[Planner] Selected action: navigate(brl_robot, dock_station, stem_01)
[Planner] Observation:  ['located(brl_robot,stem_01)']
    [Feedback] method=ours, confidence=0.9435, threshold=0.1000, trigger=False
    [Planner] Updated confidence: 0.9435128697911699
    [Belief Diff]
      + add (1): located(brl_robot,stem_01)
      - del (1): located(brl_robot,dock_station)
[TIME] step_total=0.9453s (search=0.9446s, execute=0.0002s, update=0.0001s, interaction=0.0000s, pruning=0.0003s, overhead=0.0001s)
==================

Step: 25
[POMCP] applicable values:
        navigate(brl_robot, stem_01, dock_station): 1.0488365396306
        navigate(brl_robot, stem_01, stem_02): 0.0
        detect(brl_robot, stem_01): 0.0
        pick(brl_robot, tomato1, stem_01): 4.63808100292285

[POMCP] Selected: pick(brl_robot, tomato1, stem_01)
[POMCP] Average simulation time:  0.0103
[POMCP] Average select time:  0.0
[Planner] Selected action: pick(brl_robot, tomato1, stem_01)
[Planner] Observation:  ['holding(brl_robot,tomato1)', 'holded(tomato1,brl_robot)']
    [Feedback] method=ours, confidence=0.9976, threshold=0.1000, trigger=False
    [Planner] Updated confidence: 0.9975514283699396
    [Belief Diff]
      + add (2): holding(brl_robot,tomato1), holded(tomato1,brl_robot)
      - del (2): at(tomato1,stem_01), handempty(brl_robot)
[TIME] step_total=1.0307s (search=1.0301s, execute=0.0001s, update=0.0001s, interaction=0.0000s, pruning=0.0002s, overhead=0.0001s)
==================

Step: 26
[POMCP] applicable values:
        scan(brl_robot, tomato1): 5.368998828031057
        place(brl_robot, tomato1): 0.0
        discard(brl_robot, tomato1): 0.0

[POMCP] Selected: scan(brl_robot, tomato1)
[POMCP] Average simulation time:  0.0118
[POMCP] Average select time:  0.0
[Planner] Selected action: scan(brl_robot, tomato1)
[Planner] Observation:  ['rotten(tomato1)']
    [Feedback] method=ours, confidence=0.6527, threshold=0.1000, trigger=False
    [Planner] Updated confidence: 0.6526630377758211
    [Belief Diff]
      + add (2): rotten(tomato1), scanned(tomato1)
      - del (1): ripe(tomato1)
[TIME] step_total=1.1805s (search=1.1794s, execute=0.0002s, update=0.0001s, interaction=0.0000s, pruning=0.0007s, overhead=0.0001s)
==================

Step: 27
[POMCP] applicable values:
        scan(brl_robot, tomato1): 2.25625
        discard(brl_robot, tomato1): 6.6577318496584

[POMCP] Selected: discard(brl_robot, tomato1)
[POMCP] Average simulation time:  0.0119
[POMCP] Average select time:  0.0
[Planner] Selected action: discard(brl_robot, tomato1)
[Planner] Observation:  ['discarded(tomato1)', 'handempty(brl_robot)']
    [Feedback] method=ours, confidence=0.9967, threshold=0.1000, trigger=False
    [Planner] Updated confidence: 0.9967095187033469
    [Belief Diff]
      + add (2): discarded(tomato1), handempty(brl_robot)
      - del (2): holding(brl_robot,tomato1), holded(tomato1,brl_robot)
[TIME] step_total=1.1936s (search=1.1932s, execute=0.0002s, update=0.0001s, interaction=0.0000s, pruning=0.0000s, overhead=0.0001s)
[TIME SUMMARY]
avg search: 0.9955s
avg execute: 0.0004s
avg update: 0.0006s
avg interaction: 0.0001s
avg pruning: 0.0004s
avg step wall: 0.9971s
total wall clock: 26.9228s
=============Action Log=============
[STEP 1]: navigate(brl_robot, dock_station, stem_01)
[STEP 2]: detect(brl_robot, stem_01)
[STEP 3]: navigate(brl_robot, stem_01, stem_02)
[STEP 4]: detect(brl_robot, stem_02)
[STEP 5]: pick(brl_robot, tomato3, stem_02)
[STEP 6]: scan(brl_robot, tomato3)
[STEP 7]: place(brl_robot, tomato3)
[STEP 8]: detect(brl_robot, stem_02)
[STEP 9]: detect(brl_robot, stem_02)
[STEP 10]: pick(brl_robot, tomato2, stem_02)
[STEP 11]: scan(brl_robot, tomato2)
[STEP 12]: place(brl_robot, tomato2)
[STEP 13]: navigate(brl_robot, stem_02, stem_01)
[STEP 14]: pick(brl_robot, tomato2, stem_01)
[STEP 15]: scan(brl_robot, tomato2)
[STEP 16]: scan(brl_robot, tomato2)
[STEP 17]: scan(brl_robot, tomato2)
[STEP 18]: scan(brl_robot, tomato2)
[STEP 19]: scan(brl_robot, tomato2)
[STEP 20]: scan(brl_robot, tomato2)
[STEP 21]: place(brl_robot, tomato2)
[STEP 22]: detect(brl_robot, stem_01)
[STEP 23]: navigate(brl_robot, stem_01, dock_station)
[STEP 24]: navigate(brl_robot, dock_station, stem_01)
[STEP 25]: pick(brl_robot, tomato1, stem_01)
[STEP 26]: scan(brl_robot, tomato1)
[STEP 27]: discard(brl_robot, tomato1)
=============Final Knowledge=============
at(tomato4,stem_02)
discarded(tomato1)
handempty(brl_robot)
loaded(tomato2,brl_robot)
loaded(tomato3,brl_robot)
located(brl_robot,stem_01)
location(dock_station)
location(stem_01)
location(stem_02)
observed(tomato1)
observed(tomato2)
observed(tomato3)
observed(tomato4)
ripe(tomato2)
ripe(tomato3)
robot(brl_robot)
rotten(tomato1)
scanned(tomato1)
scanned(tomato2)
scanned(tomato3)
stem(stem_01)
stem(stem_02)
tomato(tomato1)
tomato(tomato2)
tomato(tomato3)
tomato(tomato4)
unripe(tomato4)
=============Query=============
Total Query 1
=============Action Schema Summary=============
detect: actions=5, questions=0, expected_questions_per_action=0.0000
discard: actions=1, questions=0, expected_questions_per_action=0.0000
navigate: actions=5, questions=0, expected_questions_per_action=0.0000
pick: actions=4, questions=0, expected_questions_per_action=0.0000
place: actions=3, questions=0, expected_questions_per_action=0.0000
scan: actions=9, questions=1, expected_questions_per_action=0.1111
=============Log File=============
/home/changmin/PyProject/00_BRL-CF/experiments_logs/system_log/e1_threshold/tomato/scene_04_step50/ours/oracle/tau_0-1/exp_tomato_20260804_031319_810812.txt
