Step: 1
[POMCP] applicable values:
        navigate(brl_robot, dock_station, stem_01): 1.209707972407226
        navigate(brl_robot, dock_station, stem_02): 1.5877969639810703

[POMCP] Selected: navigate(brl_robot, dock_station, stem_02)
[POMCP] Average simulation time:  0.0079
[POMCP] Average select time:  0.0
[Planner] Selected action: navigate(brl_robot, dock_station, stem_02)
[Planner] Observation:  ['located(brl_robot,stem_01)']
    [Feedback] method=ours, confidence=0.2979, threshold=0.1000, trigger=False
    [Planner] Updated confidence: 0.29790530225778766
    [Belief Diff]
      + add (1): located(brl_robot,stem_01)
      - del (1): located(brl_robot,dock_station)
[TIME] step_total=0.7902s (search=0.7896s, execute=0.0001s, update=0.0001s, interaction=0.0000s, pruning=0.0002s, overhead=0.0001s)
==================

Step: 2
[POMCP] applicable values:
        navigate(brl_robot, stem_01, dock_station): 0.0
        navigate(brl_robot, stem_01, stem_02): 0.5148199024513767
        detect(brl_robot, stem_01): 1.8098220854691127

[POMCP] Selected: detect(brl_robot, stem_01)
[POMCP] Average simulation time:  0.0084
[POMCP] Average select time:  0.0
[Planner] Selected action: detect(brl_robot, stem_01)
[Planner] Observation:  ['observed(tomato1)', 'observed(tomato2)', 'ripe(tomato1)', 'ripe(tomato2)']
    [Feedback] method=ours, confidence=0.2624, threshold=0.1000, trigger=False
    [Planner] Updated confidence: 0.26238121749901044
    [Belief Diff]
      + add (6): at(tomato1,stem_01), at(tomato2,stem_01), observed(tomato1), observed(tomato2), ripe(tomato1), ripe(tomato2)
      - del (0): -
[TIME] step_total=0.8398s (search=0.8358s, execute=0.0004s, update=0.0032s, interaction=0.0000s, pruning=0.0002s, overhead=0.0001s)
==================

Step: 3
[POMCP] applicable values:
        navigate(brl_robot, stem_01, dock_station): 0.0
        navigate(brl_robot, stem_01, stem_02): 2.7348120082661773
        detect(brl_robot, stem_01): 1.7924296120427095
        pick(brl_robot, tomato1, stem_01): 2.5648300304234652
        pick(brl_robot, tomato2, stem_01): 5.507933408210517

[POMCP] Selected: pick(brl_robot, tomato2, stem_01)
[POMCP] Average simulation time:  0.0083
[POMCP] Average select time:  0.0
[Planner] Selected action: pick(brl_robot, tomato2, stem_01)
[Planner] Observation:  ['holding(brl_robot,tomato2)', 'holded(tomato2,brl_robot)']
    [Feedback] method=ours, confidence=0.9972, threshold=0.1000, trigger=False
    [Planner] Updated confidence: 0.9971617268563212
    [Belief Diff]
      + add (2): holding(brl_robot,tomato2), holded(tomato2,brl_robot)
      - del (2): handempty(brl_robot), at(tomato2,stem_01)
[TIME] step_total=0.8350s (search=0.8346s, execute=0.0001s, update=0.0001s, interaction=0.0000s, pruning=0.0001s, overhead=0.0001s)
==================

Step: 4
[POMCP] applicable values:
        scan(brl_robot, tomato2): 6.916476699560682
        place(brl_robot, tomato2): 2.1434375
        discard(brl_robot, tomato2): 3.151247048623046

[POMCP] Selected: scan(brl_robot, tomato2)
[POMCP] Average simulation time:  0.0095
[POMCP] Average select time:  0.0
[Planner] Selected action: scan(brl_robot, tomato2)
[Planner] Observation:  ['rotten(tomato2)']
    [Feedback] method=ours, confidence=0.0936, threshold=0.1000, trigger=True
    [Planner] Current confidence: 0.0935931711693554
    [Query] Q: ripe(tomato2) is True?
    [Query] T: ripe(tomato2)=True?
    [Query] A: True
    [Planner] Reduced 2 --> 1
    [Planner] Updated confidence: 1.0
    [Belief Diff]
      + add (1): scanned(tomato2)
      - del (0): -
[TIME] step_total=0.9495s (search=0.9468s, execute=0.0001s, update=0.0001s, interaction=0.0020s, pruning=0.0005s, overhead=0.0001s)
==================

Step: 5
[POMCP] applicable values:
        scan(brl_robot, tomato2): 4.28774940972461
        place(brl_robot, tomato2): 9.515691741040262
        discard(brl_robot, tomato2): 0.0

[POMCP] Selected: place(brl_robot, tomato2)
[POMCP] Average simulation time:  0.009
[POMCP] Average select time:  0.0
[Planner] Selected action: place(brl_robot, tomato2)
[Planner] Observation:  ['loaded(tomato2,brl_robot)', 'handempty(brl_robot)']
    [Feedback] method=ours, confidence=0.9985, threshold=0.1000, trigger=False
    [Planner] Updated confidence: 0.9984532456906875
    [Belief Diff]
      + add (2): loaded(tomato2,brl_robot), handempty(brl_robot)
      - del (2): holded(tomato2,brl_robot), holding(brl_robot,tomato2)
[TIME] step_total=0.8982s (search=0.8978s, execute=0.0001s, update=0.0001s, interaction=0.0000s, pruning=0.0001s, overhead=0.0001s)
==================

Step: 6
[POMCP] applicable values:
        navigate(brl_robot, stem_01, dock_station): 0.5974765373475699
        navigate(brl_robot, stem_01, stem_02): 0.0
        detect(brl_robot, stem_01): 0.675450109578296
        pick(brl_robot, tomato1, stem_01): 5.168818352014543

[POMCP] Selected: pick(brl_robot, tomato1, stem_01)
[POMCP] Average simulation time:  0.0103
[POMCP] Average select time:  0.0
[Planner] Selected action: pick(brl_robot, tomato1, stem_01)
[Planner] Observation:  []
    [Feedback] method=ours, confidence=0.7136, threshold=0.1000, trigger=False
    [Planner] Updated confidence: 0.7136318952664279
    [Belief Diff]
      + add (2): holding(brl_robot,tomato1), holded(tomato1,brl_robot)
      - del (2): handempty(brl_robot), at(tomato1,stem_01)
[TIME] step_total=1.0296s (search=1.0291s, execute=0.0001s, update=0.0001s, interaction=0.0000s, pruning=0.0002s, overhead=0.0001s)
==================

Step: 7
[POMCP] applicable values:
        scan(brl_robot, tomato1): 6.026953957060312
        place(brl_robot, tomato1): 0.0
        discard(brl_robot, tomato1): 0.0

[POMCP] Selected: scan(brl_robot, tomato1)
[POMCP] Average simulation time:  0.0107
[POMCP] Average select time:  0.0
[Planner] Selected action: scan(brl_robot, tomato1)
[Planner] Observation:  ['rotten(tomato1)']
    [Feedback] method=ours, confidence=0.6500, threshold=0.1000, trigger=False
    [Planner] Updated confidence: 0.649977968269111
    [Belief Diff]
      + add (2): rotten(tomato1), scanned(tomato1)
      - del (1): ripe(tomato1)
[TIME] step_total=1.0668s (search=1.0656s, execute=0.0001s, update=0.0001s, interaction=0.0000s, pruning=0.0009s, overhead=0.0001s)
==================

Step: 8
[POMCP] applicable values:
        scan(brl_robot, tomato1): 3.4203008380479427
        discard(brl_robot, tomato1): 7.429686063642346

[POMCP] Selected: discard(brl_robot, tomato1)
[POMCP] Average simulation time:  0.0115
[POMCP] Average select time:  0.0
[Planner] Selected action: discard(brl_robot, tomato1)
[Planner] Observation:  ['discarded(tomato1)', 'handempty(brl_robot)']
    [Feedback] method=ours, confidence=0.9990, threshold=0.1000, trigger=False
    [Planner] Updated confidence: 0.999036887949515
    [Belief Diff]
      + add (2): discarded(tomato1), handempty(brl_robot)
      - del (2): holded(tomato1,brl_robot), holding(brl_robot,tomato1)
[TIME] step_total=1.1512s (search=1.1508s, execute=0.0002s, update=0.0001s, interaction=0.0000s, pruning=0.0001s, overhead=0.0001s)
==================

Step: 9
[POMCP] applicable values:
        navigate(brl_robot, stem_01, dock_station): 0.4276692423131277
        navigate(brl_robot, stem_01, stem_02): 0.0
        detect(brl_robot, stem_01): 2.9757165032676887

[POMCP] Selected: detect(brl_robot, stem_01)
[POMCP] Average simulation time:  0.012
[POMCP] Average select time:  0.0
[Planner] Selected action: detect(brl_robot, stem_01)
[Planner] Observation:  []
    [Feedback] method=ours, confidence=0.0002, threshold=0.1000, trigger=True
    [Planner] Current confidence: 0.00021454414913757436
    [Query] Q: at(tomato3,stem_01) is True?
    [Query] T: at(tomato3,stem_01)=True?
    [Query] A: False
    [Planner] Reduced 9 --> 3
    [Planner] Current confidence: 0.00020089199550132886
    [Query] Q: at(tomato4,stem_01) is True?
    [Query] T: at(tomato4,stem_01)=True?
    [Query] A: False
    [Planner] Reduced 3 --> 1
    [Planner] Updated confidence: 1.0
    [Belief Diff]
      + add (0): -
      - del (0): -
[TIME] step_total=1.2083s (search=1.2015s, execute=0.0026s, update=0.0022s, interaction=0.0007s, pruning=0.0013s, overhead=0.0001s)
==================

Step: 10
[POMCP] applicable values:
        navigate(brl_robot, stem_01, dock_station): 0.0
        navigate(brl_robot, stem_01, stem_02): 0.7057567451923414
        detect(brl_robot, stem_01): 0.44200613307121045

[POMCP] Selected: navigate(brl_robot, stem_01, stem_02)
[POMCP] Average simulation time:  0.0103
[POMCP] Average select time:  0.0
[Planner] Selected action: navigate(brl_robot, stem_01, stem_02)
[Planner] Observation:  ['located(brl_robot,stem_02)']
    [Feedback] method=ours, confidence=0.9483, threshold=0.1000, trigger=False
    [Planner] Updated confidence: 0.948269048689235
    [Belief Diff]
      + add (1): located(brl_robot,stem_02)
      - del (1): located(brl_robot,stem_01)
[TIME] step_total=1.0305s (search=1.0300s, execute=0.0002s, update=0.0001s, interaction=0.0000s, pruning=0.0001s, overhead=0.0001s)
==================

Step: 11
[POMCP] applicable values:
        navigate(brl_robot, stem_02, dock_station): 0.7009137975507642
        navigate(brl_robot, stem_02, stem_01): 0.6401703648188848
        detect(brl_robot, stem_02): 0.0

[POMCP] Selected: navigate(brl_robot, stem_02, dock_station)
[POMCP] Average simulation time:  0.0098
[POMCP] Average select time:  0.0
[Planner] Selected action: navigate(brl_robot, stem_02, dock_station)
[Planner] Observation:  ['located(brl_robot,dock_station)']
    [Feedback] method=ours, confidence=0.9724, threshold=0.1000, trigger=False
    [Planner] Updated confidence: 0.9724215529244279
    [Belief Diff]
      + add (1): located(brl_robot,dock_station)
      - del (1): located(brl_robot,stem_02)
[TIME] step_total=0.9786s (search=0.9780s, execute=0.0001s, update=0.0001s, interaction=0.0000s, pruning=0.0002s, overhead=0.0001s)
==================

Step: 12
[POMCP] applicable values:
        navigate(brl_robot, dock_station, stem_01): 0.7518569178002124
        navigate(brl_robot, dock_station, stem_02): 0.7465838283916006

[POMCP] Selected: navigate(brl_robot, dock_station, stem_01)
[POMCP] Average simulation time:  0.0095
[POMCP] Average select time:  0.0
[Planner] Selected action: navigate(brl_robot, dock_station, stem_01)
[Planner] Observation:  ['located(brl_robot,stem_01)']
    [Feedback] method=ours, confidence=0.9371, threshold=0.1000, trigger=False
    [Planner] Updated confidence: 0.93709958495481
    [Belief Diff]
      + add (1): located(brl_robot,stem_01)
      - del (1): located(brl_robot,dock_station)
[TIME] step_total=0.9538s (search=0.9531s, execute=0.0002s, update=0.0001s, interaction=0.0000s, pruning=0.0003s, overhead=0.0001s)
==================

Step: 13
[POMCP] applicable values:
        navigate(brl_robot, stem_01, dock_station): 0.20220846560856812
        navigate(brl_robot, stem_01, stem_02): 0.7926676397362151
        detect(brl_robot, stem_01): 1.3606883159165102

[POMCP] Selected: detect(brl_robot, stem_01)
[POMCP] Average simulation time:  0.0113
[POMCP] Average select time:  0.0
[Planner] Selected action: detect(brl_robot, stem_01)
[Planner] Observation:  []
    [Feedback] method=ours, confidence=0.0002, threshold=0.1000, trigger=True
    [Planner] Current confidence: 0.00021454414913757436
    [Query] Q: at(tomato3,stem_01) is True?
    [Query] T: at(tomato3,stem_01)=True?
    [Query] A: False
    [Planner] Reduced 9 --> 3
    [Planner] Current confidence: 0.00020089199550132886
    [Query] Q: at(tomato4,stem_01) is True?
    [Query] T: at(tomato4,stem_01)=True?
    [Query] A: False
    [Planner] Reduced 3 --> 1
    [Planner] Updated confidence: 1.0
    [Belief Diff]
      + add (0): -
      - del (0): -
[TIME] step_total=1.1397s (search=1.1338s, execute=0.0025s, update=0.0022s, interaction=0.0007s, pruning=0.0005s, overhead=0.0001s)
==================

Step: 14
[POMCP] applicable values:
        navigate(brl_robot, stem_01, dock_station): 0.0
        navigate(brl_robot, stem_01, stem_02): 1.0034754984677694
        detect(brl_robot, stem_01): 2.0367249361044966

[POMCP] Selected: detect(brl_robot, stem_01)
[POMCP] Average simulation time:  0.0109
[POMCP] Average select time:  0.0
[Planner] Selected action: detect(brl_robot, stem_01)
[Planner] Observation:  []
    [Feedback] method=ours, confidence=0.0002, threshold=0.1000, trigger=True
    [Planner] Current confidence: 0.00021454414913757436
    [Query] Q: at(tomato3,stem_01) is True?
    [Query] T: at(tomato3,stem_01)=True?
    [Query] A: False
    [Planner] Reduced 9 --> 3
    [Planner] Current confidence: 0.00020089199550132886
    [Query] Q: at(tomato4,stem_01) is True?
    [Query] T: at(tomato4,stem_01)=True?
    [Query] A: False
    [Planner] Reduced 3 --> 1
    [Planner] Updated confidence: 1.0
    [Belief Diff]
      + add (0): -
      - del (0): -
[TIME] step_total=1.0977s (search=1.0919s, execute=0.0026s, update=0.0021s, interaction=0.0007s, pruning=0.0002s, overhead=0.0001s)
==================

Step: 15
[POMCP] applicable values:
        navigate(brl_robot, stem_01, dock_station): 0.0
        navigate(brl_robot, stem_01, stem_02): 0.0
        detect(brl_robot, stem_01): 1.5256883669115942

[POMCP] Selected: detect(brl_robot, stem_01)
[POMCP] Average simulation time:  0.0124
[POMCP] Average select time:  0.0
[Planner] Selected action: detect(brl_robot, stem_01)
[Planner] Observation:  []
    [Feedback] method=ours, confidence=0.0002, threshold=0.1000, trigger=True
    [Planner] Current confidence: 0.00021454414913757436
    [Query] Q: at(tomato3,stem_01) is True?
    [Query] T: at(tomato3,stem_01)=True?
    [Query] A: False
    [Planner] Reduced 9 --> 3
    [Planner] Current confidence: 0.00020089199550132886
    [Query] Q: at(tomato4,stem_01) is True?
    [Query] T: at(tomato4,stem_01)=True?
    [Query] A: False
    [Planner] Reduced 3 --> 1
    [Planner] Updated confidence: 1.0
    [Belief Diff]
      + add (0): -
      - del (0): -
[TIME] step_total=1.2480s (search=1.2420s, execute=0.0026s, update=0.0022s, interaction=0.0007s, pruning=0.0005s, overhead=0.0001s)
==================

Step: 16
[POMCP] applicable values:
        navigate(brl_robot, stem_01, dock_station): 0.3893817486161201
        navigate(brl_robot, stem_01, stem_02): 0.6590119029258964
        detect(brl_robot, stem_01): 1.1992536359756425

[POMCP] Selected: detect(brl_robot, stem_01)
[POMCP] Average simulation time:  0.0109
[POMCP] Average select time:  0.0
[Planner] Selected action: detect(brl_robot, stem_01)
[Planner] Observation:  []
    [Feedback] method=ours, confidence=0.0002, threshold=0.1000, trigger=True
    [Planner] Current confidence: 0.00021454414913757436
    [Query] Q: at(tomato3,stem_01) is True?
    [Query] T: at(tomato3,stem_01)=True?
    [Query] A: False
    [Planner] Reduced 9 --> 3
    [Planner] Current confidence: 0.00020089199550132886
    [Query] Q: at(tomato4,stem_01) is True?
    [Query] T: at(tomato4,stem_01)=True?
    [Query] A: False
    [Planner] Reduced 3 --> 1
    [Planner] Updated confidence: 1.0
    [Belief Diff]
      + add (0): -
      - del (0): -
[TIME] step_total=1.0985s (search=1.0927s, execute=0.0025s, update=0.0022s, interaction=0.0007s, pruning=0.0003s, overhead=0.0001s)
==================

Step: 17
[POMCP] applicable values:
        navigate(brl_robot, stem_01, dock_station): 1.0515997158088501
        navigate(brl_robot, stem_01, stem_02): 1.2979878092487842
        detect(brl_robot, stem_01): 1.1696741582595584

[POMCP] Selected: navigate(brl_robot, stem_01, stem_02)
[POMCP] Average simulation time:  0.0116
[POMCP] Average select time:  0.0
[Planner] Selected action: navigate(brl_robot, stem_01, stem_02)
[Planner] Observation:  ['located(brl_robot,stem_02)']
    [Feedback] method=ours, confidence=0.9408, threshold=0.1000, trigger=False
    [Planner] Updated confidence: 0.9408316478648571
    [Belief Diff]
      + add (1): located(brl_robot,stem_02)
      - del (1): located(brl_robot,stem_01)
[TIME] step_total=1.1592s (search=1.1585s, execute=0.0002s, update=0.0001s, interaction=0.0000s, pruning=0.0002s, overhead=0.0001s)
==================

Step: 18
[POMCP] applicable values:
        navigate(brl_robot, stem_02, dock_station): 0.0
        navigate(brl_robot, stem_02, stem_01): 0.0
        detect(brl_robot, stem_02): 2.3024692742800443

[POMCP] Selected: detect(brl_robot, stem_02)
[POMCP] Average simulation time:  0.0124
[POMCP] Average select time:  0.0001
[Planner] Selected action: detect(brl_robot, stem_02)
[Planner] Observation:  ['observed(tomato3)', 'observed(tomato4)', 'ripe(tomato3)', 'unripe(tomato4)']
    [Feedback] method=ours, confidence=0.5844, threshold=0.1000, trigger=False
    [Planner] Updated confidence: 0.5844015953581192
    [Belief Diff]
      + add (6): at(tomato3,stem_02), at(tomato4,stem_02), observed(tomato3), observed(tomato4), ripe(tomato3), unripe(tomato4)
      - del (0): -
[TIME] step_total=1.2414s (search=1.2366s, execute=0.0023s, update=0.0021s, interaction=0.0000s, pruning=0.0002s, overhead=0.0001s)
==================

Step: 19
[POMCP] applicable values:
        navigate(brl_robot, stem_02, dock_station): 1.1003166716294135
        navigate(brl_robot, stem_02, stem_01): 0.0
        detect(brl_robot, stem_02): 0.0
        pick(brl_robot, tomato3, stem_02): 4.455540159930828

[POMCP] Selected: pick(brl_robot, tomato3, stem_02)
[POMCP] Average simulation time:  0.0097
[POMCP] Average select time:  0.0
[Planner] Selected action: pick(brl_robot, tomato3, stem_02)
[Planner] Observation:  ['handempty(brl_robot)']
    [Feedback] method=ours, confidence=0.0071, threshold=0.1000, trigger=True
    [Planner] Current confidence: 0.007079172128459099
    [Query] Q: at(tomato3,stem_02) is True?
    [Query] T: at(tomato3,stem_02)=True?
    [Query] A: False
    [Planner] Reduced 2 --> 1
    [Planner] Updated confidence: 1.0
    [Belief Diff]
      + add (2): holding(brl_robot,tomato3), holded(tomato3,brl_robot)
      - del (2): handempty(brl_robot), at(tomato3,stem_02)
[TIME] step_total=0.9752s (search=0.9745s, execute=0.0001s, update=0.0001s, interaction=0.0003s, pruning=0.0001s, overhead=0.0001s)
==================

Step: 20
[POMCP] applicable values:
        scan(brl_robot, tomato3): 5.3507791631898085
        place(brl_robot, tomato3): 0.0
        discard(brl_robot, tomato3): 1.7458432402343749

[POMCP] Selected: scan(brl_robot, tomato3)
[POMCP] Average simulation time:  0.0115
[POMCP] Average select time:  0.0
[Planner] Selected action: scan(brl_robot, tomato3)
[Planner] Observation:  ['ripe(tomato3)']
    [Feedback] method=ours, confidence=0.6481, threshold=0.1000, trigger=False
    [Planner] Updated confidence: 0.6480671091389604
    [Belief Diff]
      + add (1): scanned(tomato3)
      - del (0): -
[TIME] step_total=1.1490s (search=1.1480s, execute=0.0002s, update=0.0001s, interaction=0.0000s, pruning=0.0007s, overhead=0.0001s)
==================

Step: 21
[POMCP] applicable values:
        scan(brl_robot, tomato3): 3.503125
        place(brl_robot, tomato3): 5.8235024825894435
        discard(brl_robot, tomato3): 0.0

[POMCP] Selected: place(brl_robot, tomato3)
[POMCP] Average simulation time:  0.0107
[POMCP] Average select time:  0.0
[Planner] Selected action: place(brl_robot, tomato3)
[Planner] Observation:  ['loaded(tomato3,brl_robot)', 'handempty(brl_robot)']
    [Feedback] method=ours, confidence=0.9982, threshold=0.1000, trigger=False
    [Planner] Updated confidence: 0.9982456347014328
    [Belief Diff]
      + add (2): loaded(tomato3,brl_robot), handempty(brl_robot)
      - del (2): holding(brl_robot,tomato3), holded(tomato3,brl_robot)
[TIME] step_total=1.0676s (search=1.0672s, execute=0.0002s, update=0.0001s, interaction=0.0000s, pruning=0.0000s, overhead=0.0001s)
[TIME SUMMARY]
avg search: 1.0409s
avg execute: 0.0008s
avg update: 0.0008s
avg interaction: 0.0003s
avg pruning: 0.0003s
avg step wall: 1.0432s
total wall clock: 21.9080s
=============Action Log=============
[STEP 1]: navigate(brl_robot, dock_station, stem_02)
[STEP 2]: detect(brl_robot, stem_01)
[STEP 3]: pick(brl_robot, tomato2, stem_01)
[STEP 4]: scan(brl_robot, tomato2)
[STEP 5]: place(brl_robot, tomato2)
[STEP 6]: pick(brl_robot, tomato1, stem_01)
[STEP 7]: scan(brl_robot, tomato1)
[STEP 8]: discard(brl_robot, tomato1)
[STEP 9]: detect(brl_robot, stem_01)
[STEP 10]: navigate(brl_robot, stem_01, stem_02)
[STEP 11]: navigate(brl_robot, stem_02, dock_station)
[STEP 12]: navigate(brl_robot, dock_station, stem_01)
[STEP 13]: detect(brl_robot, stem_01)
[STEP 14]: detect(brl_robot, stem_01)
[STEP 15]: detect(brl_robot, stem_01)
[STEP 16]: detect(brl_robot, stem_01)
[STEP 17]: navigate(brl_robot, stem_01, stem_02)
[STEP 18]: detect(brl_robot, stem_02)
[STEP 19]: pick(brl_robot, tomato3, stem_02)
[STEP 20]: scan(brl_robot, tomato3)
[STEP 21]: place(brl_robot, tomato3)
=============Final Knowledge=============
at(tomato4,stem_02)
discarded(tomato1)
handempty(brl_robot)
loaded(tomato2,brl_robot)
loaded(tomato3,brl_robot)
located(brl_robot,stem_02)
location(dock_station)
location(stem_01)
location(stem_02)
observed(tomato1)
observed(tomato2)
observed(tomato3)
observed(tomato4)
ripe(tomato2)
ripe(tomato3)
robot(brl_robot)
rotten(tomato1)
scanned(tomato1)
scanned(tomato2)
scanned(tomato3)
stem(stem_01)
stem(stem_02)
tomato(tomato1)
tomato(tomato2)
tomato(tomato3)
tomato(tomato4)
unripe(tomato4)
=============Query=============
Total Query 12
=============Action Schema Summary=============
detect: actions=7, questions=10, expected_questions_per_action=1.4286
discard: actions=1, questions=0, expected_questions_per_action=0.0000
navigate: actions=5, questions=0, expected_questions_per_action=0.0000
pick: actions=3, questions=1, expected_questions_per_action=0.3333
place: actions=2, questions=0, expected_questions_per_action=0.0000
scan: actions=3, questions=1, expected_questions_per_action=0.3333
=============Log File=============
/home/changmin/PyProject/00_BRL-CF/experiments_logs/system_log/e1_threshold/tomato/scene_04_step50/ours/oracle/tau_0-1/exp_tomato_20260804_031206_053801.txt
