Step: 1
[POMCP] applicable values:
        detect_waste(brl_robot): 3.039595161214215

[POMCP] Selected: detect_waste(brl_robot)
[POMCP] Average simulation time:  0.0139
[POMCP] Average select time:  0.0
[Planner] Selected action: detect_waste(brl_robot)
[Planner] Observation:  ['detected(waste1)', 'detected(waste2)', 'detected(waste3)', 'general(waste1)', 'paper(waste3)', 'plastic(waste2)']
    [Feedback] method=ours, confidence=0.3534, threshold=0.9000, trigger=True
    [Planner] Current confidence: 0.35344368790828673
    [Query] Q: general(waste1) is True?
    [Query] T: general(waste1)=True?
    [Query] A: False
    [Planner] Reduced 625 --> 500
    [Planner] Current confidence: 0.3616021277474747
    [Query] Q: plastic(waste2) is True?
    [Query] T: plastic(waste2)=True?
    [Query] A: True
    [Planner] Reduced 500 --> 100
    [Planner] Current confidence: 0.35783865556972827
    [Query] Q: detected(waste4) is True?
    [Query] T: detected(waste4)=True?
    [Query] A: False
    [Planner] Reduced 100 --> 20
    [Planner] Current confidence: 0.34607623178116853
    [Query] Q: can(waste1) is True?
    [Query] T: can(waste1)=True?
    [Query] A: False
    [Planner] Reduced 20 --> 15
    [Planner] Current confidence: 0.38282221616278467
    [Query] Q: detected(waste1) is True?
    [Query] T: detected(waste1)=True?
    [Query] A: True
    [Planner] Reduced 15 --> 10
    [Planner] Current confidence: 0.45021216076109427
    [Query] Q: paper(waste1) is True?
    [Query] T: paper(waste1)=True?
    [Query] A: False
    [Planner] Reduced 10 --> 5
    [Planner] Current confidence: 0.6440769292199928
    [Query] Q: paper(waste3) is True?
    [Query] T: paper(waste3)=True?
    [Query] A: True
    [Planner] Reduced 5 --> 1
    [Planner] Updated confidence: 1.0
    [Belief Diff]
      + add (6): detected(waste1), detected(waste2), detected(waste3), paper(waste3), plastic(waste1), plastic(waste2)
      - del (0): -
[TIME] step_total=1.5534s (search=1.3941s, execute=0.0059s, update=0.1242s, interaction=0.0289s, pruning=0.0002s, overhead=0.0000s)
==================

Step: 2
[POMCP] applicable values:
        detect_waste(brl_robot): 3.1042789001459767
        pick(brl_robot, waste1): 6.173098492825967
        pick(brl_robot, waste2): 2.375
        pick(brl_robot, waste3): 0.0

[POMCP] Selected: pick(brl_robot, waste1)
[POMCP] Average simulation time:  0.0073
[POMCP] Average select time:  0.0
[Planner] Selected action: pick(brl_robot, waste1)
[Planner] Observation:  ['holding(brl_robot,waste1)']
    [Feedback] method=ours, confidence=0.9198, threshold=0.9000, trigger=False
    [Planner] Updated confidence: 0.9197800092465639
    [Belief Diff]
      + add (1): holding(brl_robot,waste1)
      - del (1): handempty(brl_robot)
[TIME] step_total=0.7277s (search=0.7274s, execute=0.0001s, update=0.0001s, interaction=0.0000s, pruning=0.0001s, overhead=0.0000s)
==================

Step: 3
[POMCP] applicable values:
        place_gw_bin(brl_robot, waste1, gw_bin): 0.0
        place_paper_bin(brl_robot, waste1, pp_bin): 4.940336940633757
        place_can_bin(brl_robot, waste1, ca_bin): 3.8689046874999997
        place_plastic_bin(brl_robot, waste1, pl_bin): 7.406332487783189

[POMCP] Selected: place_plastic_bin(brl_robot, waste1, pl_bin)
[POMCP] Average simulation time:  0.0037
[POMCP] Average select time:  0.0
[Planner] Selected action: place_plastic_bin(brl_robot, waste1, pl_bin)
[Planner] Observation:  ['in_bin(waste1,pl_bin)', 'handempty(brl_robot)']
    [Feedback] method=ours, confidence=0.9962, threshold=0.9000, trigger=False
    [Planner] Updated confidence: 0.9962040356107985
    [Belief Diff]
      + add (2): in_bin(waste1,pl_bin), handempty(brl_robot)
      - del (2): detected(waste1), holding(brl_robot,waste1)
[TIME] step_total=0.3728s (search=0.3725s, execute=0.0001s, update=0.0001s, interaction=0.0000s, pruning=0.0001s, overhead=0.0000s)
==================

Step: 4
[POMCP] applicable values:
        detect_waste(brl_robot): 2.775069368338436
        pick(brl_robot, waste2): 6.070065419844164
        pick(brl_robot, waste3): 0.0

[POMCP] Selected: pick(brl_robot, waste2)
[POMCP] Average simulation time:  0.0023
[POMCP] Average select time:  0.0
[Planner] Selected action: pick(brl_robot, waste2)
[Planner] Observation:  ['holding(brl_robot,waste2)']
    [Feedback] method=ours, confidence=0.9336, threshold=0.9000, trigger=False
    [Planner] Updated confidence: 0.9335680806736767
    [Belief Diff]
      + add (1): holding(brl_robot,waste2)
      - del (1): handempty(brl_robot)
[TIME] step_total=0.2269s (search=0.2261s, execute=0.0001s, update=0.0001s, interaction=0.0000s, pruning=0.0005s, overhead=0.0000s)
==================

Step: 5
[POMCP] applicable values:
        place_gw_bin(brl_robot, waste2, gw_bin): 0.0
        place_paper_bin(brl_robot, waste2, pp_bin): 0.0
        place_can_bin(brl_robot, waste2, ca_bin): 3.640279848095947
        place_plastic_bin(brl_robot, waste2, pl_bin): 7.755298579015917

[POMCP] Selected: place_plastic_bin(brl_robot, waste2, pl_bin)
[POMCP] Average simulation time:  0.0017
[POMCP] Average select time:  0.0
[Planner] Selected action: place_plastic_bin(brl_robot, waste2, pl_bin)
[Planner] Observation:  ['in_bin(waste2,pl_bin)', 'handempty(brl_robot)']
    [Feedback] method=ours, confidence=0.9739, threshold=0.9000, trigger=False
    [Planner] Updated confidence: 0.9738881233173093
    [Belief Diff]
      + add (2): in_bin(waste2,pl_bin), handempty(brl_robot)
      - del (2): holding(brl_robot,waste2), detected(waste2)
[TIME] step_total=0.1743s (search=0.1740s, execute=0.0001s, update=0.0001s, interaction=0.0000s, pruning=0.0001s, overhead=0.0000s)
==================

Step: 6
[POMCP] applicable values:
        detect_waste(brl_robot): 3.6094313870791455
        pick(brl_robot, waste3): 0.0

[POMCP] Selected: detect_waste(brl_robot)
[POMCP] Average simulation time:  0.0018
[POMCP] Average select time:  0.0
[Planner] Selected action: detect_waste(brl_robot)
[Planner] Observation:  ['detected(waste3)', 'paper(waste3)']
    [Feedback] method=ours, confidence=0.4900, threshold=0.9000, trigger=True
    [Planner] Current confidence: 0.4900403736121727
    [Query] Q: detected(waste4) is True?
    [Query] T: detected(waste4)=True?
    [Query] A: False
    [Planner] Reduced 20 --> 4
    [Planner] Current confidence: 0.6185615308783706
    [Query] Q: paper(waste3) is True?
    [Query] T: paper(waste3)=True?
    [Query] A: True
    [Planner] Reduced 4 --> 1
    [Planner] Updated confidence: 1.0
    [Belief Diff]
      + add (0): -
      - del (0): -
[TIME] step_total=0.1933s (search=0.1849s, execute=0.0038s, update=0.0033s, interaction=0.0009s, pruning=0.0004s, overhead=0.0000s)
==================

Step: 7
[POMCP] applicable values:
        detect_waste(brl_robot): 0.0
        pick(brl_robot, waste3): 6.515202217944663

[POMCP] Selected: pick(brl_robot, waste3)
[POMCP] Average simulation time:  0.0015
[POMCP] Average select time:  0.0
[Planner] Selected action: pick(brl_robot, waste3)
[Planner] Observation:  ['holding(brl_robot,waste3)']
    [Feedback] method=ours, confidence=0.9674, threshold=0.9000, trigger=False
    [Planner] Updated confidence: 0.9674335262852052
    [Belief Diff]
      + add (1): holding(brl_robot,waste3)
      - del (1): handempty(brl_robot)
[TIME] step_total=0.1537s (search=0.1534s, execute=0.0001s, update=0.0001s, interaction=0.0000s, pruning=0.0000s, overhead=0.0000s)
==================

Step: 8
[POMCP] applicable values:
        place_gw_bin(brl_robot, waste3, gw_bin): 0.0
        place_paper_bin(brl_robot, waste3, pp_bin): 8.506665716933457
        place_can_bin(brl_robot, waste3, ca_bin): 0.0
        place_plastic_bin(brl_robot, waste3, pl_bin): 0.0

[POMCP] Selected: place_paper_bin(brl_robot, waste3, pp_bin)
[POMCP] Average simulation time:  0.0016
[POMCP] Average select time:  0.0
[Planner] Selected action: place_paper_bin(brl_robot, waste3, pp_bin)
[Planner] Observation:  ['in_bin(waste3,pp_bin)', 'handempty(brl_robot)']
    [Feedback] method=ours, confidence=0.9975, threshold=0.9000, trigger=False
    [Planner] Updated confidence: 0.9974685637575184
    [Belief Diff]
      + add (2): in_bin(waste3,pp_bin), handempty(brl_robot)
      - del (2): detected(waste3), holding(brl_robot,waste3)
[TIME] step_total=0.1563s (search=0.1560s, execute=0.0001s, update=0.0001s, interaction=0.0001s, pruning=0.0001s, overhead=0.0001s)
==================

Step: 9
[POMCP] applicable values:
        detect_waste(brl_robot): 4.520551081458631

[POMCP] Selected: detect_waste(brl_robot)
[POMCP] Average simulation time:  0.0017
[POMCP] Average select time:  0.0
[Planner] Selected action: detect_waste(brl_robot)
[Planner] Observation:  ['detected(waste4)', 'general(waste4)']
    [Feedback] method=ours, confidence=0.7237, threshold=0.9000, trigger=True
    [Planner] Current confidence: 0.7236930562505681
    [Query] Q: general(waste4) is True?
    [Query] T: general(waste4)=True?
    [Query] A: True
    [Planner] Reduced 5 --> 1
    [Planner] Updated confidence: 1.0
    [Belief Diff]
      + add (2): detected(waste4), general(waste4)
      - del (0): -
[TIME] step_total=0.1759s (search=0.1707s, execute=0.0036s, update=0.0008s, interaction=0.0003s, pruning=0.0004s, overhead=0.0000s)
==================

Step: 10
[POMCP] applicable values:
        detect_waste(brl_robot): 4.790511702671273
        pick(brl_robot, waste4): 0.0

[POMCP] Selected: detect_waste(brl_robot)
[POMCP] Average simulation time:  0.0016
[POMCP] Average select time:  0.0
[Planner] Selected action: detect_waste(brl_robot)
[Planner] Observation:  ['detected(waste4)', 'general(waste4)']
    [Feedback] method=ours, confidence=0.4700, threshold=0.9000, trigger=True
    [Planner] Current confidence: 0.4700294129801441
    [Query] Q: general(waste4) is True?
    [Query] T: general(waste4)=True?
    [Query] A: True
    [Planner] Reduced 4 --> 1
    [Planner] Updated confidence: 1.0
    [Belief Diff]
      + add (0): -
      - del (0): -
[TIME] step_total=0.1638s (search=0.1594s, execute=0.0033s, update=0.0006s, interaction=0.0003s, pruning=0.0002s, overhead=0.0000s)
==================

Step: 11
[POMCP] applicable values:
        detect_waste(brl_robot): 6.82947693004718
        pick(brl_robot, waste4): 0.0

[POMCP] Selected: detect_waste(brl_robot)
[POMCP] Average simulation time:  0.0016
[POMCP] Average select time:  0.0
[Planner] Selected action: detect_waste(brl_robot)
[Planner] Observation:  ['can(waste4)', 'detected(waste4)']
    [Feedback] method=ours, confidence=0.0406, threshold=0.9000, trigger=True
    [Planner] Current confidence: 0.040591981783644315
    [Query] Q: general(waste4) is True?
    [Query] T: general(waste4)=True?
    [Query] A: True
    [Planner] Reduced 4 --> 1
    [Planner] Updated confidence: 1.0
    [Belief Diff]
      + add (0): -
      - del (0): -
[TIME] step_total=0.1689s (search=0.1643s, execute=0.0034s, update=0.0006s, interaction=0.0003s, pruning=0.0002s, overhead=0.0000s)
==================

Step: 12
[POMCP] applicable values:
        detect_waste(brl_robot): 0.0
        pick(brl_robot, waste4): 12.820994822485204

[POMCP] Selected: pick(brl_robot, waste4)
[POMCP] Average simulation time:  0.0017
[POMCP] Average select time:  0.0
[Planner] Selected action: pick(brl_robot, waste4)
[Planner] Observation:  ['holding(brl_robot,waste4)']
    [Feedback] method=ours, confidence=0.9631, threshold=0.9000, trigger=False
    [Planner] Updated confidence: 0.9630512974597382
    [Belief Diff]
      + add (1): holding(brl_robot,waste4)
      - del (1): handempty(brl_robot)
[TIME] step_total=0.1753s (search=0.1750s, execute=0.0001s, update=0.0001s, interaction=0.0000s, pruning=0.0000s, overhead=0.0000s)
==================

Step: 13
[POMCP] applicable values:
        place_gw_bin(brl_robot, waste4, gw_bin): 14.620667330677293
        place_paper_bin(brl_robot, waste4, pp_bin): 0.0
        place_can_bin(brl_robot, waste4, ca_bin): 0.0
        place_plastic_bin(brl_robot, waste4, pl_bin): 0.0

[POMCP] Selected: place_gw_bin(brl_robot, waste4, gw_bin)
[POMCP] Average simulation time:  0.0018
[POMCP] Average select time:  0.0
[Planner] Selected action: place_gw_bin(brl_robot, waste4, gw_bin)
[Planner] Observation:  ['in_bin(waste4,gw_bin)', 'handempty(brl_robot)']
    [Feedback] method=ours, confidence=0.9951, threshold=0.9000, trigger=False
    [Planner] Updated confidence: 0.9951232812641696
    [Belief Diff]
      + add (2): in_bin(waste4,gw_bin), handempty(brl_robot)
      - del (2): holding(brl_robot,waste4), detected(waste4)
[TIME] step_total=0.1768s (search=0.1765s, execute=0.0001s, update=0.0001s, interaction=0.0000s, pruning=0.0000s, overhead=0.0000s)
[TIME SUMMARY]
avg search: 0.3257s
avg execute: 0.0016s
avg update: 0.0100s
avg interaction: 0.0024s
avg pruning: 0.0002s
avg step wall: 0.3399s
total wall clock: 4.4192s
=============Action Log=============
[STEP 1]: detect_waste(brl_robot)
[STEP 2]: pick(brl_robot, waste1)
[STEP 3]: place_plastic_bin(brl_robot, waste1, pl_bin)
[STEP 4]: pick(brl_robot, waste2)
[STEP 5]: place_plastic_bin(brl_robot, waste2, pl_bin)
[STEP 6]: detect_waste(brl_robot)
[STEP 7]: pick(brl_robot, waste3)
[STEP 8]: place_paper_bin(brl_robot, waste3, pp_bin)
[STEP 9]: detect_waste(brl_robot)
[STEP 10]: detect_waste(brl_robot)
[STEP 11]: detect_waste(brl_robot)
[STEP 12]: pick(brl_robot, waste4)
[STEP 13]: place_gw_bin(brl_robot, waste4, gw_bin)
=============Final Knowledge=============
can_bin(ca_bin)
general(waste4)
general_bin(gw_bin)
handempty(brl_robot)
in_bin(waste1,pl_bin)
in_bin(waste2,pl_bin)
in_bin(waste3,pp_bin)
in_bin(waste4,gw_bin)
paper(waste3)
paper_bin(pp_bin)
plastic(waste1)
plastic(waste2)
plastic_bin(pl_bin)
robot(brl_robot)
waste(waste1)
waste(waste2)
waste(waste3)
waste(waste4)
=============Query=============
Total Query 12
=============Action Schema Summary=============
detect_waste: actions=5, questions=12, expected_questions_per_action=2.4000
pick: actions=4, questions=0, expected_questions_per_action=0.0000
place_gw_bin: actions=1, questions=0, expected_questions_per_action=0.0000
place_paper_bin: actions=1, questions=0, expected_questions_per_action=0.0000
place_plastic_bin: actions=2, questions=0, expected_questions_per_action=0.0000
=============Log File=============
/home/changmin/PyProject/00_BRL-CF/experiments_logs/system_log/e1_threshold/wastesorting/scene_03_step50/ours/oracle/tau_0-9/exp_wastesorting_20260804_090326_465050.txt
