Step: 1
[POMCP] applicable values:
        navigate(brl_robot, dock_station, stem_01): 1.5167219919673753
        navigate(brl_robot, dock_station, stem_02): 1.2545211006478694

[POMCP] Selected: navigate(brl_robot, dock_station, stem_01)
[POMCP] Average simulation time:  0.0078
[POMCP] Average select time:  0.0
[Planner] Selected action: navigate(brl_robot, dock_station, stem_01)
[Planner] Observation:  ['located(brl_robot,stem_01)']
    [Feedback] method=ours, confidence=0.9650, threshold=0.4000, trigger=False
    [Planner] Updated confidence: 0.9650065988709094
    [Belief Diff]
      + add (1): located(brl_robot,stem_01)
      - del (1): located(brl_robot,dock_station)
[TIME] step_total=0.7825s (search=0.7819s, execute=0.0001s, update=0.0001s, interaction=0.0000s, pruning=0.0002s, overhead=0.0001s)
==================

Step: 2
[POMCP] applicable values:
        navigate(brl_robot, stem_01, dock_station): 1.8587952735112743
        navigate(brl_robot, stem_01, stem_02): 0.9389263845406796
        detect(brl_robot, stem_01): 0.0

[POMCP] Selected: navigate(brl_robot, stem_01, dock_station)
[POMCP] Average simulation time:  0.0081
[POMCP] Average select time:  0.0
[Planner] Selected action: navigate(brl_robot, stem_01, dock_station)
[Planner] Observation:  ['located(brl_robot,dock_station)']
    [Feedback] method=ours, confidence=0.9431, threshold=0.4000, trigger=False
    [Planner] Updated confidence: 0.9430759628233839
    [Belief Diff]
      + add (1): located(brl_robot,dock_station)
      - del (1): located(brl_robot,stem_01)
[TIME] step_total=0.8085s (search=0.8080s, execute=0.0001s, update=0.0001s, interaction=0.0000s, pruning=0.0001s, overhead=0.0001s)
==================

Step: 3
[POMCP] applicable values:
        navigate(brl_robot, dock_station, stem_01): 0.8964090821908807
        navigate(brl_robot, dock_station, stem_02): 1.7980693387695141

[POMCP] Selected: navigate(brl_robot, dock_station, stem_02)
[POMCP] Average simulation time:  0.0083
[POMCP] Average select time:  0.0
[Planner] Selected action: navigate(brl_robot, dock_station, stem_02)
[Planner] Observation:  ['located(brl_robot,stem_02)']
    [Feedback] method=ours, confidence=0.9411, threshold=0.4000, trigger=False
    [Planner] Updated confidence: 0.9410808099932455
    [Belief Diff]
      + add (1): located(brl_robot,stem_02)
      - del (1): located(brl_robot,dock_station)
[TIME] step_total=0.8334s (search=0.8329s, execute=0.0001s, update=0.0001s, interaction=0.0000s, pruning=0.0001s, overhead=0.0001s)
==================

Step: 4
[POMCP] applicable values:
        navigate(brl_robot, stem_02, dock_station): 0.0
        navigate(brl_robot, stem_02, stem_01): 1.2441373319178586
        detect(brl_robot, stem_02): 2.0252760445728564

[POMCP] Selected: detect(brl_robot, stem_02)
[POMCP] Average simulation time:  0.0096
[POMCP] Average select time:  0.0
[Planner] Selected action: detect(brl_robot, stem_02)
[Planner] Observation:  ['observed(tomato3)', 'observed(tomato4)', 'ripe(tomato3)', 'unripe(tomato4)']
    [Feedback] method=ours, confidence=0.3718, threshold=0.4000, trigger=True
    [Planner] Current confidence: 0.37183405208742115
    [Query] Q: at(tomato1,stem_02) is True?
    [Query] T: at(tomato1,stem_02)=True?
    [Query] A: False
    [Planner] Reduced 81 --> 27
    [Planner] Updated confidence: 0.4955726398228456
    [Belief Diff]
      + add (6): at(tomato3,stem_02), at(tomato4,stem_02), observed(tomato3), observed(tomato4), ripe(tomato3), unripe(tomato4)
      - del (0): -
[TIME] step_total=0.9727s (search=0.9637s, execute=0.0005s, update=0.0033s, interaction=0.0042s, pruning=0.0009s, overhead=0.0001s)
==================

Step: 5
[POMCP] applicable values:
        navigate(brl_robot, stem_02, dock_station): 0.0
        navigate(brl_robot, stem_02, stem_01): 0.9890137239424202
        detect(brl_robot, stem_02): 1.7646638737848312
        pick(brl_robot, tomato3, stem_02): 0.0

[POMCP] Selected: detect(brl_robot, stem_02)
[POMCP] Average simulation time:  0.0089
[POMCP] Average select time:  0.0
[Planner] Selected action: detect(brl_robot, stem_02)
[Planner] Observation:  ['observed(tomato3)', 'observed(tomato4)', 'ripe(tomato3)', 'unripe(tomato4)']
    [Feedback] method=ours, confidence=0.2229, threshold=0.4000, trigger=True
    [Planner] Current confidence: 0.22293059940491966
    [Query] Q: at(tomato1,stem_02) is True?
    [Query] T: at(tomato1,stem_02)=True?
    [Query] A: False
    [Planner] Reduced 36 --> 12
    [Planner] Current confidence: 0.32131835674054976
    [Query] Q: at(tomato2,stem_02) is True?
    [Query] T: at(tomato2,stem_02)=True?
    [Query] A: False
    [Planner] Reduced 12 --> 4
    [Planner] Updated confidence: 0.5757619234762941
    [Belief Diff]
      + add (0): -
      - del (0): -
[TIME] step_total=0.8933s (search=0.8887s, execute=0.0005s, update=0.0022s, interaction=0.0016s, pruning=0.0002s, overhead=0.0001s)
==================

Step: 6
[POMCP] applicable values:
        navigate(brl_robot, stem_02, dock_station): 0.5403600876626368
        navigate(brl_robot, stem_02, stem_01): 0.7011985391819118
        detect(brl_robot, stem_02): 1.7004196853800262
        pick(brl_robot, tomato3, stem_02): 0.0

[POMCP] Selected: detect(brl_robot, stem_02)
[POMCP] Average simulation time:  0.0087
[POMCP] Average select time:  0.0
[Planner] Selected action: detect(brl_robot, stem_02)
[Planner] Observation:  ['observed(tomato3)', 'observed(tomato4)', 'ripe(tomato3)', 'ripe(tomato4)']
    [Feedback] method=ours, confidence=0.0623, threshold=0.4000, trigger=True
    [Planner] Current confidence: 0.06228611133068751
    [Query] Q: ripe(tomato4) is True?
    [Query] T: ripe(tomato4)=True?
    [Query] A: False
    [Planner] Reduced 36 --> 18
    [Planner] Current confidence: 0.06920824888529864
    [Query] Q: at(tomato1,stem_02) is True?
    [Query] T: at(tomato1,stem_02)=True?
    [Query] A: False
    [Planner] Reduced 18 --> 6
    [Planner] Current confidence: 0.1114696986311633
    [Query] Q: at(tomato2,stem_02) is True?
    [Query] T: at(tomato2,stem_02)=True?
    [Query] A: False
    [Planner] Reduced 6 --> 2
    [Planner] Current confidence: 0.2878121607234767
    [Query] Q: ripe(tomato3) is True?
    [Query] T: ripe(tomato3)=True?
    [Query] A: True
    [Planner] Reduced 2 --> 1
    [Planner] Updated confidence: 1.0
    [Belief Diff]
      + add (0): -
      - del (0): -
[TIME] step_total=0.8726s (search=0.8673s, execute=0.0005s, update=0.0022s, interaction=0.0023s, pruning=0.0002s, overhead=0.0001s)
==================

Step: 7
[POMCP] applicable values:
        navigate(brl_robot, stem_02, dock_station): 1.5336221012980387
        navigate(brl_robot, stem_02, stem_01): 0.0
        detect(brl_robot, stem_02): 0.9597624816127789
        pick(brl_robot, tomato3, stem_02): 0.0

[POMCP] Selected: navigate(brl_robot, stem_02, dock_station)
[POMCP] Average simulation time:  0.0077
[POMCP] Average select time:  0.0
[Planner] Selected action: navigate(brl_robot, stem_02, dock_station)
[Planner] Observation:  ['located(brl_robot,dock_station)']
    [Feedback] method=ours, confidence=0.9687, threshold=0.4000, trigger=False
    [Planner] Updated confidence: 0.9686577172646886
    [Belief Diff]
      + add (1): located(brl_robot,dock_station)
      - del (1): located(brl_robot,stem_02)
[TIME] step_total=0.7687s (search=0.7682s, execute=0.0002s, update=0.0001s, interaction=0.0000s, pruning=0.0001s, overhead=0.0001s)
==================

Step: 8
[POMCP] applicable values:
        navigate(brl_robot, dock_station, stem_01): 1.4395116262153338
        navigate(brl_robot, dock_station, stem_02): 1.6768369566469152

[POMCP] Selected: navigate(brl_robot, dock_station, stem_02)
[POMCP] Average simulation time:  0.0083
[POMCP] Average select time:  0.0
[Planner] Selected action: navigate(brl_robot, dock_station, stem_02)
[Planner] Observation:  ['located(brl_robot,stem_01)']
    [Feedback] method=ours, confidence=0.2904, threshold=0.4000, trigger=True
    [Planner] Current confidence: 0.29036436819363076
    [Query] Q: located(brl_robot,stem_02) is True?
    [Query] T: located(brl_robot,stem_02)=True?
    [Query] A: True
    [Planner] Reduced 3 --> 1
    [Planner] Updated confidence: 1.0
    [Belief Diff]
      + add (1): located(brl_robot,stem_02)
      - del (1): located(brl_robot,dock_station)
[TIME] step_total=0.8262s (search=0.8253s, execute=0.0002s, update=0.0001s, interaction=0.0003s, pruning=0.0002s, overhead=0.0001s)
==================

Step: 9
[POMCP] applicable values:
        navigate(brl_robot, stem_02, dock_station): 1.1880660380360206
        navigate(brl_robot, stem_02, stem_01): 0.5676027104801913
        detect(brl_robot, stem_02): 1.8629218177680804
        pick(brl_robot, tomato3, stem_02): 5.163922125439177

[POMCP] Selected: pick(brl_robot, tomato3, stem_02)
[POMCP] Average simulation time:  0.0104
[POMCP] Average select time:  0.0
[Planner] Selected action: pick(brl_robot, tomato3, stem_02)
[Planner] Observation:  ['holding(brl_robot,tomato3)', 'holded(tomato3,brl_robot)']
    [Feedback] method=ours, confidence=0.9953, threshold=0.4000, trigger=False
    [Planner] Updated confidence: 0.9953324985430776
    [Belief Diff]
      + add (2): holding(brl_robot,tomato3), holded(tomato3,brl_robot)
      - del (2): handempty(brl_robot), at(tomato3,stem_02)
[TIME] step_total=1.0438s (search=1.0432s, execute=0.0001s, update=0.0001s, interaction=0.0000s, pruning=0.0003s, overhead=0.0001s)
==================

Step: 10
[POMCP] applicable values:
        scan(brl_robot, tomato3): 5.713481379639269
        place(brl_robot, tomato3): 1.7028081314405739
        discard(brl_robot, tomato3): 1.7458432402343749

[POMCP] Selected: scan(brl_robot, tomato3)
[POMCP] Average simulation time:  0.0115
[POMCP] Average select time:  0.0
[Planner] Selected action: scan(brl_robot, tomato3)
[Planner] Observation:  ['ripe(tomato3)']
    [Feedback] method=ours, confidence=0.6322, threshold=0.4000, trigger=False
    [Planner] Updated confidence: 0.6322420640298071
    [Belief Diff]
      + add (1): scanned(tomato3)
      - del (0): -
[TIME] step_total=1.1478s (search=1.1472s, execute=0.0001s, update=0.0001s, interaction=0.0000s, pruning=0.0003s, overhead=0.0001s)
==================

Step: 11
[POMCP] applicable values:
        scan(brl_robot, tomato3): 3.5697664208921784
        place(brl_robot, tomato3): 6.229989309007802
        discard(brl_robot, tomato3): 0.0

[POMCP] Selected: place(brl_robot, tomato3)
[POMCP] Average simulation time:  0.0119
[POMCP] Average select time:  0.0
[Planner] Selected action: place(brl_robot, tomato3)
[Planner] Observation:  ['loaded(tomato3,brl_robot)', 'handempty(brl_robot)']
    [Feedback] method=ours, confidence=0.9990, threshold=0.4000, trigger=False
    [Planner] Updated confidence: 0.999036887949515
    [Belief Diff]
      + add (2): loaded(tomato3,brl_robot), handempty(brl_robot)
      - del (2): holded(tomato3,brl_robot), holding(brl_robot,tomato3)
[TIME] step_total=1.1910s (search=1.1905s, execute=0.0002s, update=0.0001s, interaction=0.0000s, pruning=0.0001s, overhead=0.0001s)
==================

Step: 12
[POMCP] applicable values:
        navigate(brl_robot, stem_02, dock_station): 0.0
        navigate(brl_robot, stem_02, stem_01): 0.0
        detect(brl_robot, stem_02): 1.6567792761451658

[POMCP] Selected: detect(brl_robot, stem_02)
[POMCP] Average simulation time:  0.0116
[POMCP] Average select time:  0.0
[Planner] Selected action: detect(brl_robot, stem_02)
[Planner] Observation:  ['observed(tomato4)', 'unripe(tomato4)']
    [Feedback] method=ours, confidence=0.1163, threshold=0.4000, trigger=True
    [Planner] Current confidence: 0.11627617998589357
    [Query] Q: at(tomato2,stem_02) is True?
    [Query] T: at(tomato2,stem_02)=True?
    [Query] A: False
    [Planner] Reduced 18 --> 6
    [Planner] Current confidence: 0.18739720644915814
    [Query] Q: at(tomato1,stem_02) is True?
    [Query] T: at(tomato1,stem_02)=True?
    [Query] A: False
    [Planner] Reduced 6 --> 2
    [Planner] Updated confidence: 0.48408192318669574
    [Belief Diff]
      + add (0): -
      - del (0): -
[TIME] step_total=1.1725s (search=1.1648s, execute=0.0026s, update=0.0028s, interaction=0.0010s, pruning=0.0013s, overhead=0.0001s)
==================

Step: 13
[POMCP] applicable values:
        navigate(brl_robot, stem_02, dock_station): 1.1851638044948076
        navigate(brl_robot, stem_02, stem_01): 0.0
        detect(brl_robot, stem_02): 1.6068324561699219

[POMCP] Selected: detect(brl_robot, stem_02)
[POMCP] Average simulation time:  0.0116
[POMCP] Average select time:  0.0
[Planner] Selected action: detect(brl_robot, stem_02)
[Planner] Observation:  ['observed(tomato4)', 'unripe(tomato4)']
    [Feedback] method=ours, confidence=0.1617, threshold=0.4000, trigger=True
    [Planner] Current confidence: 0.1616554786514035
    [Query] Q: at(tomato2,stem_02) is True?
    [Query] T: at(tomato2,stem_02)=True?
    [Query] A: False
    [Planner] Reduced 18 --> 6
    [Planner] Current confidence: 0.2606007107289995
    [Query] Q: at(tomato1,stem_02) is True?
    [Query] T: at(tomato1,stem_02)=True?
    [Query] A: False
    [Planner] Reduced 6 --> 2
    [Planner] Updated confidence: 0.6733102412783407
    [Belief Diff]
      + add (0): -
      - del (0): -
[TIME] step_total=1.1631s (search=1.1564s, execute=0.0025s, update=0.0028s, interaction=0.0010s, pruning=0.0003s, overhead=0.0001s)
==================

Step: 14
[POMCP] applicable values:
        navigate(brl_robot, stem_02, dock_station): 0.9125160283006142
        navigate(brl_robot, stem_02, stem_01): 1.046025252518886
        detect(brl_robot, stem_02): 0.9084059104322942

[POMCP] Selected: navigate(brl_robot, stem_02, stem_01)
[POMCP] Average simulation time:  0.0098
[POMCP] Average select time:  0.0
[Planner] Selected action: navigate(brl_robot, stem_02, stem_01)
[Planner] Observation:  ['located(brl_robot,stem_01)']
    [Feedback] method=ours, confidence=0.9261, threshold=0.4000, trigger=False
    [Planner] Updated confidence: 0.9261290538098725
    [Belief Diff]
      + add (1): located(brl_robot,stem_01)
      - del (1): located(brl_robot,stem_02)
[TIME] step_total=0.9838s (search=0.9831s, execute=0.0002s, update=0.0001s, interaction=0.0000s, pruning=0.0002s, overhead=0.0001s)
==================

Step: 15
[POMCP] applicable values:
        navigate(brl_robot, stem_01, dock_station): 1.6000528797736442
        navigate(brl_robot, stem_01, stem_02): 0.598262690686185
        detect(brl_robot, stem_01): 0.8628563220133869

[POMCP] Selected: navigate(brl_robot, stem_01, dock_station)
[POMCP] Average simulation time:  0.0111
[POMCP] Average select time:  0.0
[Planner] Selected action: navigate(brl_robot, stem_01, dock_station)
[Planner] Observation:  ['located(brl_robot,dock_station)']
    [Feedback] method=ours, confidence=0.9606, threshold=0.4000, trigger=False
    [Planner] Updated confidence: 0.960559199755385
    [Belief Diff]
      + add (1): located(brl_robot,dock_station)
      - del (1): located(brl_robot,stem_01)
[TIME] step_total=1.1071s (search=1.1065s, execute=0.0002s, update=0.0001s, interaction=0.0000s, pruning=0.0001s, overhead=0.0001s)
==================

Step: 16
[POMCP] applicable values:
        navigate(brl_robot, dock_station, stem_01): 1.0544500866738997
        navigate(brl_robot, dock_station, stem_02): 1.7136300976830607

[POMCP] Selected: navigate(brl_robot, dock_station, stem_02)
[POMCP] Average simulation time:  0.0114
[POMCP] Average select time:  0.0
[Planner] Selected action: navigate(brl_robot, dock_station, stem_02)
[Planner] Observation:  []
    [Feedback] method=ours, confidence=0.6410, threshold=0.4000, trigger=False
    [Planner] Updated confidence: 0.6410310556594643
    [Belief Diff]
      + add (1): located(brl_robot,stem_02)
      - del (1): located(brl_robot,dock_station)
[TIME] step_total=1.1411s (search=1.1406s, execute=0.0002s, update=0.0001s, interaction=0.0000s, pruning=0.0002s, overhead=0.0001s)
==================

Step: 17
[POMCP] applicable values:
        navigate(brl_robot, stem_02, dock_station): 0.5392225749561816
        navigate(brl_robot, stem_02, stem_01): 0.9804663919459483
        detect(brl_robot, stem_02): 2.2571936476933274

[POMCP] Selected: detect(brl_robot, stem_02)
[POMCP] Average simulation time:  0.0114
[POMCP] Average select time:  0.0
[Planner] Selected action: detect(brl_robot, stem_02)
[Planner] Observation:  ['observed(tomato4)', 'unripe(tomato4)']
    [Feedback] method=ours, confidence=0.0892, threshold=0.4000, trigger=True
    [Planner] Current confidence: 0.08924691215014624
    [Query] Q: at(tomato1,stem_02) is True?
    [Query] T: at(tomato1,stem_02)=True?
    [Query] A: False
    [Planner] Reduced 18 --> 6
    [Planner] Current confidence: 0.14379501436391717
    [Query] Q: at(tomato2,stem_02) is True?
    [Query] T: at(tomato2,stem_02)=True?
    [Query] A: False
    [Planner] Reduced 6 --> 2
    [Planner] Current confidence: 0.37137189038888396
    [Query] Q: ripe(tomato4) is True?
    [Query] T: ripe(tomato4)=True?
    [Query] A: False
    [Planner] Reduced 2 --> 1
    [Planner] Updated confidence: 1.0
    [Belief Diff]
      + add (0): -
      - del (0): -
[TIME] step_total=1.1472s (search=1.1393s, execute=0.0026s, update=0.0028s, interaction=0.0012s, pruning=0.0012s, overhead=0.0001s)
==================

Step: 18
[POMCP] applicable values:
        navigate(brl_robot, stem_02, dock_station): 0.999677983370584
        navigate(brl_robot, stem_02, stem_01): 0.0
        detect(brl_robot, stem_02): 0.6099312211197283

[POMCP] Selected: navigate(brl_robot, stem_02, dock_station)
[POMCP] Average simulation time:  0.0101
[POMCP] Average select time:  0.0
[Planner] Selected action: navigate(brl_robot, stem_02, dock_station)
[Planner] Observation:  ['located(brl_robot,dock_station)']
    [Feedback] method=ours, confidence=0.9449, threshold=0.4000, trigger=False
    [Planner] Updated confidence: 0.9448871925877623
    [Belief Diff]
      + add (1): located(brl_robot,dock_station)
      - del (1): located(brl_robot,stem_02)
[TIME] step_total=1.0147s (search=1.0142s, execute=0.0002s, update=0.0001s, interaction=0.0000s, pruning=0.0001s, overhead=0.0001s)
==================

Step: 19
[POMCP] applicable values:
        navigate(brl_robot, dock_station, stem_01): 1.101440964207689
        navigate(brl_robot, dock_station, stem_02): 0.5203870169121848

[POMCP] Selected: navigate(brl_robot, dock_station, stem_01)
[POMCP] Average simulation time:  0.01
[POMCP] Average select time:  0.0
[Planner] Selected action: navigate(brl_robot, dock_station, stem_01)
[Planner] Observation:  ['located(brl_robot,stem_01)']
    [Feedback] method=ours, confidence=0.9491, threshold=0.4000, trigger=False
    [Planner] Updated confidence: 0.9491480383894179
    [Belief Diff]
      + add (1): located(brl_robot,stem_01)
      - del (1): located(brl_robot,dock_station)
[TIME] step_total=1.0055s (search=1.0049s, execute=0.0002s, update=0.0001s, interaction=0.0000s, pruning=0.0001s, overhead=0.0001s)
==================

Step: 20
[POMCP] applicable values:
        navigate(brl_robot, stem_01, dock_station): 1.190911524992603
        navigate(brl_robot, stem_01, stem_02): 0.9333746915793011
        detect(brl_robot, stem_01): 1.627849374797153

[POMCP] Selected: detect(brl_robot, stem_01)
[POMCP] Average simulation time:  0.0107
[POMCP] Average select time:  0.0
[Planner] Selected action: detect(brl_robot, stem_01)
[Planner] Observation:  ['observed(tomato1)', 'observed(tomato2)', 'ripe(tomato2)', 'unripe(tomato1)']
    [Feedback] method=ours, confidence=0.3180, threshold=0.4000, trigger=True
    [Planner] Current confidence: 0.31799332538939507
    [Query] Q: unripe(tomato1) is True?
    [Query] T: unripe(tomato1)=True?
    [Query] A: False
    [Planner] Reduced 27 --> 18
    [Planner] Current confidence: 0.38914848779207956
    [Query] Q: at(tomato4,stem_01) is True?
    [Query] T: at(tomato4,stem_01)=True?
    [Query] A: False
    [Planner] Reduced 18 --> 6
    [Planner] Updated confidence: 0.6275806861647213
    [Belief Diff]
      + add (6): at(tomato1,stem_01), at(tomato2,stem_01), observed(tomato1), observed(tomato2), ripe(tomato1), ripe(tomato2)
      - del (0): -
[TIME] step_total=1.0744s (search=1.0664s, execute=0.0024s, update=0.0030s, interaction=0.0017s, pruning=0.0008s, overhead=0.0001s)
==================

Step: 21
[POMCP] applicable values:
        navigate(brl_robot, stem_01, dock_station): 0.0
        navigate(brl_robot, stem_01, stem_02): 3.293510394895037
        detect(brl_robot, stem_01): 0.7945572932760586
        pick(brl_robot, tomato1, stem_01): 0.0
        pick(brl_robot, tomato2, stem_01): 1.074541357091114

[POMCP] Selected: navigate(brl_robot, stem_01, stem_02)
[POMCP] Average simulation time:  0.009
[POMCP] Average select time:  0.0
[Planner] Selected action: navigate(brl_robot, stem_01, stem_02)
[Planner] Observation:  ['located(brl_robot,stem_02)']
    [Feedback] method=ours, confidence=0.9544, threshold=0.4000, trigger=False
    [Planner] Updated confidence: 0.9544449665530157
    [Belief Diff]
      + add (1): located(brl_robot,stem_02)
      - del (1): located(brl_robot,stem_01)
[TIME] step_total=0.9021s (search=0.9016s, execute=0.0002s, update=0.0001s, interaction=0.0000s, pruning=0.0001s, overhead=0.0001s)
==================

Step: 22
[POMCP] applicable values:
        navigate(brl_robot, stem_02, dock_station): 4.497880376314179
        navigate(brl_robot, stem_02, stem_01): 0.0
        detect(brl_robot, stem_02): 0.0

[POMCP] Selected: navigate(brl_robot, stem_02, dock_station)
[POMCP] Average simulation time:  0.01
[POMCP] Average select time:  0.0
[Planner] Selected action: navigate(brl_robot, stem_02, dock_station)
[Planner] Observation:  ['located(brl_robot,stem_01)']
    [Feedback] method=ours, confidence=0.5339, threshold=0.4000, trigger=False
    [Planner] Updated confidence: 0.5339123262631044
    [Belief Diff]
      + add (1): located(brl_robot,dock_station)
      - del (1): located(brl_robot,stem_02)
[TIME] step_total=0.9991s (search=0.9986s, execute=0.0002s, update=0.0001s, interaction=0.0000s, pruning=0.0001s, overhead=0.0001s)
==================

Step: 23
[POMCP] applicable values:
        navigate(brl_robot, dock_station, stem_01): 5.236147865570523
        navigate(brl_robot, dock_station, stem_02): 0.0

[POMCP] Selected: navigate(brl_robot, dock_station, stem_01)
[POMCP] Average simulation time:  0.0102
[POMCP] Average select time:  0.0
[Planner] Selected action: navigate(brl_robot, dock_station, stem_01)
[Planner] Observation:  ['located(brl_robot,stem_01)']
    [Feedback] method=ours, confidence=0.9221, threshold=0.4000, trigger=False
    [Planner] Updated confidence: 0.9221069532836215
    [Belief Diff]
      + add (1): located(brl_robot,stem_01)
      - del (1): located(brl_robot,dock_station)
[TIME] step_total=1.0177s (search=1.0171s, execute=0.0002s, update=0.0001s, interaction=0.0000s, pruning=0.0001s, overhead=0.0001s)
==================

Step: 24
[POMCP] applicable values:
        navigate(brl_robot, stem_01, dock_station): 1.6568177189755637
        navigate(brl_robot, stem_01, stem_02): 0.9930357961455455
        detect(brl_robot, stem_01): 0.0
        pick(brl_robot, tomato1, stem_01): 0.0
        pick(brl_robot, tomato2, stem_01): 6.404167280763556

[POMCP] Selected: pick(brl_robot, tomato2, stem_01)
[POMCP] Average simulation time:  0.0103
[POMCP] Average select time:  0.0
[Planner] Selected action: pick(brl_robot, tomato2, stem_01)
[Planner] Observation:  ['holding(brl_robot,tomato2)', 'holded(tomato2,brl_robot)']
    [Feedback] method=ours, confidence=0.9959, threshold=0.4000, trigger=False
    [Planner] Updated confidence: 0.9958569253745163
    [Belief Diff]
      + add (2): holding(brl_robot,tomato2), holded(tomato2,brl_robot)
      - del (2): at(tomato2,stem_01), handempty(brl_robot)
[TIME] step_total=1.0344s (search=1.0339s, execute=0.0002s, update=0.0001s, interaction=0.0000s, pruning=0.0002s, overhead=0.0001s)
==================

Step: 25
[POMCP] applicable values:
        scan(brl_robot, tomato2): 7.3963168685506
        place(brl_robot, tomato2): 0.0
        discard(brl_robot, tomato2): 0.0

[POMCP] Selected: scan(brl_robot, tomato2)
[POMCP] Average simulation time:  0.0102
[POMCP] Average select time:  0.0
[Planner] Selected action: scan(brl_robot, tomato2)
[Planner] Observation:  ['ripe(tomato2)']
    [Feedback] method=ours, confidence=0.6655, threshold=0.4000, trigger=False
    [Planner] Updated confidence: 0.6654796629841996
    [Belief Diff]
      + add (1): scanned(tomato2)
      - del (0): -
[TIME] step_total=1.0189s (search=1.0175s, execute=0.0001s, update=0.0001s, interaction=0.0001s, pruning=0.0010s, overhead=0.0001s)
==================

Step: 26
[POMCP] applicable values:
        scan(brl_robot, tomato2): 4.75
        place(brl_robot, tomato2): 7.231117163887872
        discard(brl_robot, tomato2): 0.0

[POMCP] Selected: place(brl_robot, tomato2)
[POMCP] Average simulation time:  0.0105
[POMCP] Average select time:  0.0
[Planner] Selected action: place(brl_robot, tomato2)
[Planner] Observation:  ['loaded(tomato2,brl_robot)', 'handempty(brl_robot)']
    [Feedback] method=ours, confidence=0.9977, threshold=0.4000, trigger=False
    [Planner] Updated confidence: 0.9977267383814011
    [Belief Diff]
      + add (2): loaded(tomato2,brl_robot), handempty(brl_robot)
      - del (2): holding(brl_robot,tomato2), holded(tomato2,brl_robot)
[TIME] step_total=1.0465s (search=1.0460s, execute=0.0002s, update=0.0001s, interaction=0.0000s, pruning=0.0001s, overhead=0.0001s)
==================

Step: 27
[POMCP] applicable values:
        navigate(brl_robot, stem_01, dock_station): 0.4965178980727728
        navigate(brl_robot, stem_01, stem_02): 0.0
        detect(brl_robot, stem_01): 2.923681768475196
        pick(brl_robot, tomato1, stem_01): 0.0

[POMCP] Selected: detect(brl_robot, stem_01)
[POMCP] Average simulation time:  0.0118
[POMCP] Average select time:  0.0
[Planner] Selected action: detect(brl_robot, stem_01)
[Planner] Observation:  ['observed(tomato1)', 'ripe(tomato1)']
    [Feedback] method=ours, confidence=0.1054, threshold=0.4000, trigger=True
    [Planner] Current confidence: 0.1053888427679025
    [Query] Q: at(tomato4,stem_01) is True?
    [Query] T: at(tomato4,stem_01)=True?
    [Query] A: False
    [Planner] Reduced 6 --> 2
    [Planner] Current confidence: 0.2720933762376948
    [Query] Q: ripe(tomato1) is True?
    [Query] T: ripe(tomato1)=True?
    [Query] A: True
    [Planner] Reduced 2 --> 1
    [Planner] Updated confidence: 1.0
    [Belief Diff]
      + add (0): -
      - del (0): -
[TIME] step_total=1.1840s (search=1.1761s, execute=0.0026s, update=0.0023s, interaction=0.0006s, pruning=0.0024s, overhead=0.0001s)
==================

Step: 28
[POMCP] applicable values:
        navigate(brl_robot, stem_01, dock_station): 3.541239856309511
        navigate(brl_robot, stem_01, stem_02): 0.0
        detect(brl_robot, stem_01): 1.3923433995239867
        pick(brl_robot, tomato1, stem_01): 0.0

[POMCP] Selected: navigate(brl_robot, stem_01, dock_station)
[POMCP] Average simulation time:  0.0093
[POMCP] Average select time:  0.0
[Planner] Selected action: navigate(brl_robot, stem_01, dock_station)
[Planner] Observation:  ['located(brl_robot,dock_station)']
    [Feedback] method=ours, confidence=0.9496, threshold=0.4000, trigger=False
    [Planner] Updated confidence: 0.9495879071120635
    [Belief Diff]
      + add (1): located(brl_robot,dock_station)
      - del (1): located(brl_robot,stem_01)
[TIME] step_total=0.9317s (search=0.9312s, execute=0.0002s, update=0.0001s, interaction=0.0000s, pruning=0.0001s, overhead=0.0001s)
==================

Step: 29
[POMCP] applicable values:
        navigate(brl_robot, dock_station, stem_01): 4.212240404878864
        navigate(brl_robot, dock_station, stem_02): 0.0

[POMCP] Selected: navigate(brl_robot, dock_station, stem_01)
[POMCP] Average simulation time:  0.0106
[POMCP] Average select time:  0.0
[Planner] Selected action: navigate(brl_robot, dock_station, stem_01)
[Planner] Observation:  ['located(brl_robot,stem_02)']
    [Feedback] method=ours, confidence=0.3249, threshold=0.4000, trigger=True
    [Planner] Current confidence: 0.3249005337834403
    [Query] Q: located(brl_robot,stem_01) is True?
    [Query] T: located(brl_robot,stem_01)=True?
    [Query] A: True
    [Planner] Reduced 3 --> 1
    [Planner] Updated confidence: 1.0
    [Belief Diff]
      + add (1): located(brl_robot,stem_01)
      - del (1): located(brl_robot,dock_station)
[TIME] step_total=1.0582s (search=1.0574s, execute=0.0002s, update=0.0001s, interaction=0.0003s, pruning=0.0001s, overhead=0.0001s)
==================

Step: 30
[POMCP] applicable values:
        navigate(brl_robot, stem_01, dock_station): 0.0
        navigate(brl_robot, stem_01, stem_02): 2.1512638715449284
        detect(brl_robot, stem_01): 0.0
        pick(brl_robot, tomato1, stem_01): 5.196055718875672

[POMCP] Selected: pick(brl_robot, tomato1, stem_01)
[POMCP] Average simulation time:  0.0114
[POMCP] Average select time:  0.0
[Planner] Selected action: pick(brl_robot, tomato1, stem_01)
[Planner] Observation:  ['holding(brl_robot,tomato1)', 'holded(tomato1,brl_robot)']
    [Feedback] method=ours, confidence=0.9943, threshold=0.4000, trigger=False
    [Planner] Updated confidence: 0.9943452608407726
    [Belief Diff]
      + add (2): holding(brl_robot,tomato1), holded(tomato1,brl_robot)
      - del (2): handempty(brl_robot), at(tomato1,stem_01)
[TIME] step_total=1.1399s (search=1.1394s, execute=0.0002s, update=0.0001s, interaction=0.0000s, pruning=0.0001s, overhead=0.0001s)
==================

Step: 31
[POMCP] applicable values:
        scan(brl_robot, tomato1): 6.015217389469813
        place(brl_robot, tomato1): 0.0
        discard(brl_robot, tomato1): 0.0

[POMCP] Selected: scan(brl_robot, tomato1)
[POMCP] Average simulation time:  0.0111
[POMCP] Average select time:  0.0
[Planner] Selected action: scan(brl_robot, tomato1)
[Planner] Observation:  ['rotten(tomato1)']
    [Feedback] method=ours, confidence=0.6293, threshold=0.4000, trigger=False
    [Planner] Updated confidence: 0.6292724768732197
    [Belief Diff]
      + add (2): rotten(tomato1), scanned(tomato1)
      - del (1): ripe(tomato1)
[TIME] step_total=1.1160s (search=1.1145s, execute=0.0002s, update=0.0001s, interaction=0.0000s, pruning=0.0011s, overhead=0.0001s)
==================

Step: 32
[POMCP] applicable values:
        scan(brl_robot, tomato1): 4.345121736635044
        discard(brl_robot, tomato1): 6.149014512763128

[POMCP] Selected: discard(brl_robot, tomato1)
[POMCP] Average simulation time:  0.012
[POMCP] Average select time:  0.0
[Planner] Selected action: discard(brl_robot, tomato1)
[Planner] Observation:  ['discarded(tomato1)', 'handempty(brl_robot)']
    [Feedback] method=ours, confidence=0.9985, threshold=0.4000, trigger=False
    [Planner] Updated confidence: 0.9985062737807963
    [Belief Diff]
      + add (2): discarded(tomato1), handempty(brl_robot)
      - del (2): holding(brl_robot,tomato1), holded(tomato1,brl_robot)
[TIME] step_total=1.2008s (search=1.2005s, execute=0.0002s, update=0.0001s, interaction=0.0000s, pruning=0.0000s, overhead=0.0001s)
[TIME SUMMARY]
avg search: 1.0165s
avg execute: 0.0006s
avg update: 0.0008s
avg interaction: 0.0005s
avg pruning: 0.0004s
avg step wall: 1.0187s
total wall clock: 32.5992s
=============Action Log=============
[STEP 1]: navigate(brl_robot, dock_station, stem_01)
[STEP 2]: navigate(brl_robot, stem_01, dock_station)
[STEP 3]: navigate(brl_robot, dock_station, stem_02)
[STEP 4]: detect(brl_robot, stem_02)
[STEP 5]: detect(brl_robot, stem_02)
[STEP 6]: detect(brl_robot, stem_02)
[STEP 7]: navigate(brl_robot, stem_02, dock_station)
[STEP 8]: navigate(brl_robot, dock_station, stem_02)
[STEP 9]: pick(brl_robot, tomato3, stem_02)
[STEP 10]: scan(brl_robot, tomato3)
[STEP 11]: place(brl_robot, tomato3)
[STEP 12]: detect(brl_robot, stem_02)
[STEP 13]: detect(brl_robot, stem_02)
[STEP 14]: navigate(brl_robot, stem_02, stem_01)
[STEP 15]: navigate(brl_robot, stem_01, dock_station)
[STEP 16]: navigate(brl_robot, dock_station, stem_02)
[STEP 17]: detect(brl_robot, stem_02)
[STEP 18]: navigate(brl_robot, stem_02, dock_station)
[STEP 19]: navigate(brl_robot, dock_station, stem_01)
[STEP 20]: detect(brl_robot, stem_01)
[STEP 21]: navigate(brl_robot, stem_01, stem_02)
[STEP 22]: navigate(brl_robot, stem_02, dock_station)
[STEP 23]: navigate(brl_robot, dock_station, stem_01)
[STEP 24]: pick(brl_robot, tomato2, stem_01)
[STEP 25]: scan(brl_robot, tomato2)
[STEP 26]: place(brl_robot, tomato2)
[STEP 27]: detect(brl_robot, stem_01)
[STEP 28]: navigate(brl_robot, stem_01, dock_station)
[STEP 29]: navigate(brl_robot, dock_station, stem_01)
[STEP 30]: pick(brl_robot, tomato1, stem_01)
[STEP 31]: scan(brl_robot, tomato1)
[STEP 32]: discard(brl_robot, tomato1)
=============Final Knowledge=============
at(tomato4,stem_02)
discarded(tomato1)
handempty(brl_robot)
loaded(tomato2,brl_robot)
loaded(tomato3,brl_robot)
located(brl_robot,stem_01)
location(dock_station)
location(stem_01)
location(stem_02)
observed(tomato1)
observed(tomato2)
observed(tomato3)
observed(tomato4)
ripe(tomato2)
ripe(tomato3)
robot(brl_robot)
rotten(tomato1)
scanned(tomato1)
scanned(tomato2)
scanned(tomato3)
stem(stem_01)
stem(stem_02)
tomato(tomato1)
tomato(tomato2)
tomato(tomato3)
tomato(tomato4)
unripe(tomato4)
=============Query=============
Total Query 20
=============Action Schema Summary=============
detect: actions=8, questions=18, expected_questions_per_action=2.2500
discard: actions=1, questions=0, expected_questions_per_action=0.0000
navigate: actions=15, questions=2, expected_questions_per_action=0.1333
pick: actions=3, questions=0, expected_questions_per_action=0.0000
place: actions=2, questions=0, expected_questions_per_action=0.0000
scan: actions=3, questions=0, expected_questions_per_action=0.0000
=============Log File=============
/home/changmin/PyProject/00_BRL-CF/experiments_logs/system_log/e1_threshold/tomato/scene_04_step50/ours/oracle/tau_0-4/exp_tomato_20260804_034446_090299.txt
