Step: 1
[POMCP] applicable values:
        navigate(brl_robot, dock_station, stem_01): 1.4783527342782203
        navigate(brl_robot, dock_station, stem_02): 0.0

[POMCP] Selected: navigate(brl_robot, dock_station, stem_01)
[POMCP] Average simulation time:  0.0076
[POMCP] Average select time:  0.0
[Planner] Selected action: navigate(brl_robot, dock_station, stem_01)
[Planner] Observation:  ['located(brl_robot,stem_02)']
    [Feedback] method=ours, confidence=0.2771, threshold=0.3000, trigger=True
    [Planner] Current confidence: 0.27711282961440564
    [Query] Q: located(brl_robot,stem_02) is True?
    [Query] T: located(brl_robot,stem_02)=True?
    [Query] A: False
    [Planner] Reduced 3 --> 2
    [Planner] Updated confidence: 0.7025566035349998
    [Belief Diff]
      + add (1): located(brl_robot,stem_01)
      - del (1): located(brl_robot,dock_station)
[TIME] step_total=0.7632s (search=0.7607s, execute=0.0001s, update=0.0001s, interaction=0.0020s, pruning=0.0001s, overhead=0.0001s)
==================

Step: 2
[POMCP] applicable values:
        navigate(brl_robot, stem_01, dock_station): 1.4257034308016423
        navigate(brl_robot, stem_01, stem_02): 1.0901793041074104
        detect(brl_robot, stem_01): 0.9738981998058273

[POMCP] Selected: navigate(brl_robot, stem_01, dock_station)
[POMCP] Average simulation time:  0.0084
[POMCP] Average select time:  0.0
[Planner] Selected action: navigate(brl_robot, stem_01, dock_station)
[Planner] Observation:  ['located(brl_robot,dock_station)']
    [Feedback] method=ours, confidence=0.9706, threshold=0.3000, trigger=False
    [Planner] Updated confidence: 0.9706320587344331
    [Belief Diff]
      + add (1): located(brl_robot,dock_station)
      - del (1): located(brl_robot,stem_01)
[TIME] step_total=0.8430s (search=0.8425s, execute=0.0002s, update=0.0001s, interaction=0.0000s, pruning=0.0002s, overhead=0.0001s)
==================

Step: 3
[POMCP] applicable values:
        navigate(brl_robot, dock_station, stem_01): 0.0
        navigate(brl_robot, dock_station, stem_02): 1.489739646505038

[POMCP] Selected: navigate(brl_robot, dock_station, stem_02)
[POMCP] Average simulation time:  0.0087
[POMCP] Average select time:  0.0
[Planner] Selected action: navigate(brl_robot, dock_station, stem_02)
[Planner] Observation:  ['located(brl_robot,stem_02)']
    [Feedback] method=ours, confidence=0.9674, threshold=0.3000, trigger=False
    [Planner] Updated confidence: 0.9674142279768654
    [Belief Diff]
      + add (1): located(brl_robot,stem_02)
      - del (1): located(brl_robot,dock_station)
[TIME] step_total=0.8673s (search=0.8668s, execute=0.0001s, update=0.0001s, interaction=0.0000s, pruning=0.0001s, overhead=0.0001s)
==================

Step: 4
[POMCP] applicable values:
        navigate(brl_robot, stem_02, dock_station): 0.9010399404396641
        navigate(brl_robot, stem_02, stem_01): 0.0
        detect(brl_robot, stem_02): 1.9501516002891852

[POMCP] Selected: detect(brl_robot, stem_02)
[POMCP] Average simulation time:  0.0096
[POMCP] Average select time:  0.0
[Planner] Selected action: detect(brl_robot, stem_02)
[Planner] Observation:  ['observed(tomato3)', 'observed(tomato4)', 'ripe(tomato4)', 'unripe(tomato3)']
    [Feedback] method=ours, confidence=0.2097, threshold=0.3000, trigger=True
    [Planner] Current confidence: 0.20968691511239756
    [Query] Q: unripe(tomato3) is True?
    [Query] T: unripe(tomato3)=True?
    [Query] A: False
    [Planner] Reduced 81 --> 54
    [Planner] Current confidence: 0.24847675368619293
    [Query] Q: at(tomato1,stem_02) is True?
    [Query] T: at(tomato1,stem_02)=True?
    [Query] A: False
    [Planner] Reduced 54 --> 18
    [Planner] Updated confidence: 0.3427317268895832
    [Belief Diff]
      + add (6): at(tomato3,stem_02), at(tomato4,stem_02), observed(tomato3), observed(tomato4), ripe(tomato3), ripe(tomato4)
      - del (0): -
[TIME] step_total=0.9737s (search=0.9648s, execute=0.0005s, update=0.0033s, interaction=0.0039s, pruning=0.0011s, overhead=0.0001s)
==================

Step: 5
[POMCP] applicable values:
        navigate(brl_robot, stem_02, dock_station): 0.0
        navigate(brl_robot, stem_02, stem_01): 1.2896272190176579
        detect(brl_robot, stem_02): 1.537477222523141
        pick(brl_robot, tomato3, stem_02): 1.2317581729668277
        pick(brl_robot, tomato4, stem_02): 5.341839813261934

[POMCP] Selected: pick(brl_robot, tomato4, stem_02)
[POMCP] Average simulation time:  0.0081
[POMCP] Average select time:  0.0
[Planner] Selected action: pick(brl_robot, tomato4, stem_02)
[Planner] Observation:  ['holding(brl_robot,tomato4)', 'holded(tomato4,brl_robot)']
    [Feedback] method=ours, confidence=0.9982, threshold=0.3000, trigger=False
    [Planner] Updated confidence: 0.9981662321834245
    [Belief Diff]
      + add (2): holding(brl_robot,tomato4), holded(tomato4,brl_robot)
      - del (2): handempty(brl_robot), at(tomato4,stem_02)
[TIME] step_total=0.8105s (search=0.8100s, execute=0.0001s, update=0.0001s, interaction=0.0000s, pruning=0.0001s, overhead=0.0001s)
==================

Step: 6
[POMCP] applicable values:
        scan(brl_robot, tomato4): 6.578987219581071
        place(brl_robot, tomato4): 0.0
        discard(brl_robot, tomato4): 0.0

[POMCP] Selected: scan(brl_robot, tomato4)
[POMCP] Average simulation time:  0.0102
[POMCP] Average select time:  0.0
[Planner] Selected action: scan(brl_robot, tomato4)
[Planner] Observation:  ['rotten(tomato4)']
    [Feedback] method=ours, confidence=0.5954, threshold=0.3000, trigger=False
    [Planner] Updated confidence: 0.5953879590735636
    [Belief Diff]
      + add (2): rotten(tomato4), scanned(tomato4)
      - del (1): ripe(tomato4)
[TIME] step_total=1.0191s (search=1.0184s, execute=0.0002s, update=0.0001s, interaction=0.0000s, pruning=0.0004s, overhead=0.0001s)
==================

Step: 7
[POMCP] applicable values:
        scan(brl_robot, tomato4): 4.834782908239644
        discard(brl_robot, tomato4): 6.273329991663139

[POMCP] Selected: discard(brl_robot, tomato4)
[POMCP] Average simulation time:  0.0112
[POMCP] Average select time:  0.0
[Planner] Selected action: discard(brl_robot, tomato4)
[Planner] Observation:  ['discarded(tomato4)', 'handempty(brl_robot)']
    [Feedback] method=ours, confidence=0.9974, threshold=0.3000, trigger=False
    [Planner] Updated confidence: 0.997432966321982
    [Belief Diff]
      + add (2): discarded(tomato4), handempty(brl_robot)
      - del (2): holding(brl_robot,tomato4), holded(tomato4,brl_robot)
[TIME] step_total=1.1247s (search=1.1243s, execute=0.0001s, update=0.0001s, interaction=0.0000s, pruning=0.0001s, overhead=0.0001s)
==================

Step: 8
[POMCP] applicable values:
        navigate(brl_robot, stem_02, dock_station): 1.150800743222299
        navigate(brl_robot, stem_02, stem_01): 1.411768953137777
        detect(brl_robot, stem_02): 1.8459999927689839
        pick(brl_robot, tomato3, stem_02): 1.028759868986298

[POMCP] Selected: detect(brl_robot, stem_02)
[POMCP] Average simulation time:  0.011
[POMCP] Average select time:  0.0
[Planner] Selected action: detect(brl_robot, stem_02)
[Planner] Observation:  ['observed(tomato3)', 'ripe(tomato3)']
    [Feedback] method=ours, confidence=0.1796, threshold=0.3000, trigger=True
    [Planner] Current confidence: 0.1796384397304276
    [Query] Q: at(tomato1,stem_02) is True?
    [Query] T: at(tomato1,stem_02)=True?
    [Query] A: False
    [Planner] Reduced 18 --> 6
    [Planner] Current confidence: 0.2896098880083656
    [Query] Q: at(tomato2,stem_02) is True?
    [Query] T: at(tomato2,stem_02)=True?
    [Query] A: False
    [Planner] Reduced 6 --> 2
    [Planner] Updated confidence: 0.7482978807768257
    [Belief Diff]
      + add (0): -
      - del (0): -
[TIME] step_total=1.1072s (search=1.0996s, execute=0.0025s, update=0.0028s, interaction=0.0010s, pruning=0.0012s, overhead=0.0001s)
==================

Step: 9
[POMCP] applicable values:
        navigate(brl_robot, stem_02, dock_station): 1.4995379689403847
        navigate(brl_robot, stem_02, stem_01): 1.3042572648151316
        detect(brl_robot, stem_02): 1.0877349329911767
        pick(brl_robot, tomato3, stem_02): 0.0

[POMCP] Selected: navigate(brl_robot, stem_02, dock_station)
[POMCP] Average simulation time:  0.0093
[POMCP] Average select time:  0.0
[Planner] Selected action: navigate(brl_robot, stem_02, dock_station)
[Planner] Observation:  ['located(brl_robot,dock_station)']
    [Feedback] method=ours, confidence=0.9671, threshold=0.3000, trigger=False
    [Planner] Updated confidence: 0.967087829762291
    [Belief Diff]
      + add (1): located(brl_robot,dock_station)
      - del (1): located(brl_robot,stem_02)
[TIME] step_total=0.9336s (search=0.9331s, execute=0.0002s, update=0.0001s, interaction=0.0000s, pruning=0.0002s, overhead=0.0001s)
==================

Step: 10
[POMCP] applicable values:
        navigate(brl_robot, dock_station, stem_01): 0.0
        navigate(brl_robot, dock_station, stem_02): 1.3016700130939054

[POMCP] Selected: navigate(brl_robot, dock_station, stem_02)
[POMCP] Average simulation time:  0.0101
[POMCP] Average select time:  0.0
[Planner] Selected action: navigate(brl_robot, dock_station, stem_02)
[Planner] Observation:  ['located(brl_robot,dock_station)']
    [Feedback] method=ours, confidence=0.3740, threshold=0.3000, trigger=False
    [Planner] Updated confidence: 0.3740475622011473
    [Belief Diff]
      + add (0): -
      - del (0): -
[TIME] step_total=1.0083s (search=1.0073s, execute=0.0002s, update=0.0001s, interaction=0.0000s, pruning=0.0006s, overhead=0.0001s)
==================

Step: 11
[POMCP] applicable values:
        navigate(brl_robot, dock_station, stem_01): 1.6822570020069116
        navigate(brl_robot, dock_station, stem_02): 0.17974085831872721

[POMCP] Selected: navigate(brl_robot, dock_station, stem_01)
[POMCP] Average simulation time:  0.009
[POMCP] Average select time:  0.0
[Planner] Selected action: navigate(brl_robot, dock_station, stem_01)
[Planner] Observation:  ['located(brl_robot,stem_01)']
    [Feedback] method=ours, confidence=0.9406, threshold=0.3000, trigger=False
    [Planner] Updated confidence: 0.9405825343648133
    [Belief Diff]
      + add (1): located(brl_robot,stem_01)
      - del (1): located(brl_robot,dock_station)
[TIME] step_total=0.9029s (search=0.9024s, execute=0.0002s, update=0.0001s, interaction=0.0000s, pruning=0.0001s, overhead=0.0001s)
==================

Step: 12
[POMCP] applicable values:
        navigate(brl_robot, stem_01, dock_station): 2.714057826884213
        navigate(brl_robot, stem_01, stem_02): 0.9147467619491427
        detect(brl_robot, stem_01): 0.0

[POMCP] Selected: navigate(brl_robot, stem_01, dock_station)
[POMCP] Average simulation time:  0.009
[POMCP] Average select time:  0.0
[Planner] Selected action: navigate(brl_robot, stem_01, dock_station)
[Planner] Observation:  ['located(brl_robot,dock_station)']
    [Feedback] method=ours, confidence=0.9567, threshold=0.3000, trigger=False
    [Planner] Updated confidence: 0.9567291759483744
    [Belief Diff]
      + add (1): located(brl_robot,dock_station)
      - del (1): located(brl_robot,stem_01)
[TIME] step_total=0.9019s (search=0.9013s, execute=0.0002s, update=0.0001s, interaction=0.0000s, pruning=0.0002s, overhead=0.0001s)
==================

Step: 13
[POMCP] applicable values:
        navigate(brl_robot, dock_station, stem_01): 1.4295934824600813
        navigate(brl_robot, dock_station, stem_02): 3.7622686526804965

[POMCP] Selected: navigate(brl_robot, dock_station, stem_02)
[POMCP] Average simulation time:  0.0094
[POMCP] Average select time:  0.0
[Planner] Selected action: navigate(brl_robot, dock_station, stem_02)
[Planner] Observation:  ['located(brl_robot,stem_02)']
    [Feedback] method=ours, confidence=0.9611, threshold=0.3000, trigger=False
    [Planner] Updated confidence: 0.9610723090892392
    [Belief Diff]
      + add (1): located(brl_robot,stem_02)
      - del (1): located(brl_robot,dock_station)
[TIME] step_total=0.9394s (search=0.9387s, execute=0.0002s, update=0.0001s, interaction=0.0000s, pruning=0.0002s, overhead=0.0001s)
==================

Step: 14
[POMCP] applicable values:
        navigate(brl_robot, stem_02, dock_station): 0.0
        navigate(brl_robot, stem_02, stem_01): 0.0
        detect(brl_robot, stem_02): 0.0
        pick(brl_robot, tomato3, stem_02): 4.7002104653783485

[POMCP] Selected: pick(brl_robot, tomato3, stem_02)
[POMCP] Average simulation time:  0.0106
[POMCP] Average select time:  0.0
[Planner] Selected action: pick(brl_robot, tomato3, stem_02)
[Planner] Observation:  ['holding(brl_robot,tomato3)', 'holded(tomato3,brl_robot)']
    [Feedback] method=ours, confidence=0.9957, threshold=0.3000, trigger=False
    [Planner] Updated confidence: 0.995666767274851
    [Belief Diff]
      + add (2): holding(brl_robot,tomato3), holded(tomato3,brl_robot)
      - del (2): handempty(brl_robot), at(tomato3,stem_02)
[TIME] step_total=1.0623s (search=1.0618s, execute=0.0002s, update=0.0001s, interaction=0.0000s, pruning=0.0002s, overhead=0.0001s)
==================

Step: 15
[POMCP] applicable values:
        scan(brl_robot, tomato3): 5.3791402590923685
        place(brl_robot, tomato3): 0.0
        discard(brl_robot, tomato3): 0.0

[POMCP] Selected: scan(brl_robot, tomato3)
[POMCP] Average simulation time:  0.0108
[POMCP] Average select time:  0.0
[Planner] Selected action: scan(brl_robot, tomato3)
[Planner] Observation:  ['rotten(tomato3)']
    [Feedback] method=ours, confidence=0.0296, threshold=0.3000, trigger=True
    [Planner] Current confidence: 0.029607160554131928
    [Query] Q: ripe(tomato3) is True?
    [Query] T: ripe(tomato3)=True?
    [Query] A: True
    [Planner] Reduced 2 --> 1
    [Planner] Updated confidence: 1.0
    [Belief Diff]
      + add (1): scanned(tomato3)
      - del (0): -
[TIME] step_total=1.0782s (search=1.0769s, execute=0.0001s, update=0.0001s, interaction=0.0002s, pruning=0.0008s, overhead=0.0001s)
==================

Step: 16
[POMCP] applicable values:
        scan(brl_robot, tomato3): 5.560447368771441
        place(brl_robot, tomato3): 0.0
        discard(brl_robot, tomato3): 0.0

[POMCP] Selected: scan(brl_robot, tomato3)
[POMCP] Average simulation time:  0.0105
[POMCP] Average select time:  0.0
[Planner] Selected action: scan(brl_robot, tomato3)
[Planner] Observation:  ['ripe(tomato3)']
    [Feedback] method=ours, confidence=0.7884, threshold=0.3000, trigger=False
    [Planner] Updated confidence: 0.7883775087087432
    [Belief Diff]
      + add (0): -
      - del (0): -
[TIME] step_total=1.0501s (search=1.0491s, execute=0.0001s, update=0.0001s, interaction=0.0000s, pruning=0.0007s, overhead=0.0001s)
==================

Step: 17
[POMCP] applicable values:
        scan(brl_robot, tomato3): 0.0
        place(brl_robot, tomato3): 6.243008170271016
        discard(brl_robot, tomato3): 3.6754594531249998

[POMCP] Selected: place(brl_robot, tomato3)
[POMCP] Average simulation time:  0.0105
[POMCP] Average select time:  0.0
[Planner] Selected action: place(brl_robot, tomato3)
[Planner] Observation:  ['loaded(tomato3,brl_robot)', 'handempty(brl_robot)']
    [Feedback] method=ours, confidence=0.9999, threshold=0.3000, trigger=False
    [Planner] Updated confidence: 0.9999101144976559
    [Belief Diff]
      + add (2): loaded(tomato3,brl_robot), handempty(brl_robot)
      - del (2): holded(tomato3,brl_robot), holding(brl_robot,tomato3)
[TIME] step_total=1.0491s (search=1.0487s, execute=0.0002s, update=0.0001s, interaction=0.0000s, pruning=0.0000s, overhead=0.0001s)
==================

Step: 18
[POMCP] applicable values:
        navigate(brl_robot, stem_02, dock_station): 0.0
        navigate(brl_robot, stem_02, stem_01): 1.7825171525338162
        detect(brl_robot, stem_02): 0.7622078336650222

[POMCP] Selected: navigate(brl_robot, stem_02, stem_01)
[POMCP] Average simulation time:  0.0116
[POMCP] Average select time:  0.0
[Planner] Selected action: navigate(brl_robot, stem_02, stem_01)
[Planner] Observation:  ['located(brl_robot,dock_station)']
    [Feedback] method=ours, confidence=0.2708, threshold=0.3000, trigger=True
    [Planner] Current confidence: 0.27083822981313166
    [Query] Q: located(brl_robot,stem_01) is True?
    [Query] T: located(brl_robot,stem_01)=True?
    [Query] A: True
    [Planner] Reduced 3 --> 1
    [Planner] Updated confidence: 1.0
    [Belief Diff]
      + add (1): located(brl_robot,stem_01)
      - del (1): located(brl_robot,stem_02)
[TIME] step_total=1.1635s (search=1.1624s, execute=0.0002s, update=0.0001s, interaction=0.0003s, pruning=0.0004s, overhead=0.0001s)
==================

Step: 19
[POMCP] applicable values:
        navigate(brl_robot, stem_01, dock_station): 0.0
        navigate(brl_robot, stem_01, stem_02): 2.4034595772334266
        detect(brl_robot, stem_01): 0.0

[POMCP] Selected: navigate(brl_robot, stem_01, stem_02)
[POMCP] Average simulation time:  0.0111
[POMCP] Average select time:  0.0
[Planner] Selected action: navigate(brl_robot, stem_01, stem_02)
[Planner] Observation:  ['located(brl_robot,stem_02)']
    [Feedback] method=ours, confidence=0.9481, threshold=0.3000, trigger=False
    [Planner] Updated confidence: 0.9481435578923518
    [Belief Diff]
      + add (1): located(brl_robot,stem_02)
      - del (1): located(brl_robot,stem_01)
[TIME] step_total=1.1141s (search=1.1135s, execute=0.0002s, update=0.0001s, interaction=0.0000s, pruning=0.0002s, overhead=0.0001s)
==================

Step: 20
[POMCP] applicable values:
        navigate(brl_robot, stem_02, dock_station): 0.6723068116431608
        navigate(brl_robot, stem_02, stem_01): 0.0
        detect(brl_robot, stem_02): 3.120086564922889

[POMCP] Selected: detect(brl_robot, stem_02)
[POMCP] Average simulation time:  0.0121
[POMCP] Average select time:  0.0
[Planner] Selected action: detect(brl_robot, stem_02)
[Planner] Observation:  ['observed(tomato2)', 'ripe(tomato2)']
    [Feedback] method=ours, confidence=0.1566, threshold=0.3000, trigger=True
    [Planner] Current confidence: 0.15659728529732808
    [Query] Q: ripe(tomato2) is True?
    [Query] T: ripe(tomato2)=True?
    [Query] A: False
    [Planner] Reduced 9 --> 6
    [Planner] Current confidence: 0.2114712847498187
    [Query] Q: at(tomato1,stem_02) is True?
    [Query] T: at(tomato1,stem_02)=True?
    [Query] A: False
    [Planner] Reduced 6 --> 2
    [Planner] Updated confidence: 0.5463125138767836
    [Belief Diff]
      + add (3): at(tomato2,stem_02), observed(tomato2), unripe(tomato2)
      - del (0): -
[TIME] step_total=1.2172s (search=1.2095s, execute=0.0026s, update=0.0022s, interaction=0.0008s, pruning=0.0018s, overhead=0.0001s)
==================

Step: 21
[POMCP] applicable values:
        navigate(brl_robot, stem_02, dock_station): 0.36677222387647107
        navigate(brl_robot, stem_02, stem_01): 0.0
        detect(brl_robot, stem_02): 1.6112637916543233

[POMCP] Selected: detect(brl_robot, stem_02)
[POMCP] Average simulation time:  0.0119
[POMCP] Average select time:  0.0
[Planner] Selected action: detect(brl_robot, stem_02)
[Planner] Observation:  []
    [Feedback] method=ours, confidence=0.0008, threshold=0.3000, trigger=True
    [Planner] Current confidence: 0.0008378481825495054
    [Query] Q: ripe(tomato2) is True?
    [Query] T: ripe(tomato2)=True?
    [Query] A: False
    [Planner] Reduced 6 --> 3
    [Planner] Current confidence: 0.00020089199550132886
    [Query] Q: at(tomato1,stem_02) is True?
    [Query] T: at(tomato1,stem_02)=True?
    [Query] A: False
    [Planner] Reduced 3 --> 1
    [Planner] Updated confidence: 1.0
    [Belief Diff]
      + add (0): -
      - del (0): -
[TIME] step_total=1.1913s (search=1.1856s, execute=0.0026s, update=0.0021s, interaction=0.0006s, pruning=0.0003s, overhead=0.0001s)
==================

Step: 22
[POMCP] applicable values:
        navigate(brl_robot, stem_02, dock_station): 0.0
        navigate(brl_robot, stem_02, stem_01): 0.0
        detect(brl_robot, stem_02): 1.2699681980795725

[POMCP] Selected: detect(brl_robot, stem_02)
[POMCP] Average simulation time:  0.0111
[POMCP] Average select time:  0.0
[Planner] Selected action: detect(brl_robot, stem_02)
[Planner] Observation:  []
    [Feedback] method=ours, confidence=0.0008, threshold=0.3000, trigger=True
    [Planner] Current confidence: 0.0008378481825495054
    [Query] Q: ripe(tomato2) is True?
    [Query] T: ripe(tomato2)=True?
    [Query] A: False
    [Planner] Reduced 6 --> 3
    [Planner] Current confidence: 0.00020089199550132886
    [Query] Q: at(tomato1,stem_02) is True?
    [Query] T: at(tomato1,stem_02)=True?
    [Query] A: False
    [Planner] Reduced 3 --> 1
    [Planner] Updated confidence: 1.0
    [Belief Diff]
      + add (0): -
      - del (0): -
[TIME] step_total=1.1133s (search=1.1075s, execute=0.0026s, update=0.0022s, interaction=0.0006s, pruning=0.0003s, overhead=0.0001s)
==================

Step: 23
[POMCP] applicable values:
        navigate(brl_robot, stem_02, dock_station): 0.9731408234741807
        navigate(brl_robot, stem_02, stem_01): 0.0
        detect(brl_robot, stem_02): 2.331282531339537

[POMCP] Selected: detect(brl_robot, stem_02)
[POMCP] Average simulation time:  0.0114
[POMCP] Average select time:  0.0
[Planner] Selected action: detect(brl_robot, stem_02)
[Planner] Observation:  []
    [Feedback] method=ours, confidence=0.0008, threshold=0.3000, trigger=True
    [Planner] Current confidence: 0.0008378481825495054
    [Query] Q: ripe(tomato2) is True?
    [Query] T: ripe(tomato2)=True?
    [Query] A: False
    [Planner] Reduced 6 --> 3
    [Planner] Current confidence: 0.00020089199550132886
    [Query] Q: at(tomato1,stem_02) is True?
    [Query] T: at(tomato1,stem_02)=True?
    [Query] A: False
    [Planner] Reduced 3 --> 1
    [Planner] Updated confidence: 1.0
    [Belief Diff]
      + add (0): -
      - del (0): -
[TIME] step_total=1.1497s (search=1.1437s, execute=0.0027s, update=0.0022s, interaction=0.0006s, pruning=0.0004s, overhead=0.0001s)
==================

Step: 24
[POMCP] applicable values:
        navigate(brl_robot, stem_02, dock_station): 0.4765317022471756
        navigate(brl_robot, stem_02, stem_01): 0.5481728404755324
        detect(brl_robot, stem_02): 1.0244979464440371

[POMCP] Selected: detect(brl_robot, stem_02)
[POMCP] Average simulation time:  0.0123
[POMCP] Average select time:  0.0
[Planner] Selected action: detect(brl_robot, stem_02)
[Planner] Observation:  []
    [Feedback] method=ours, confidence=0.0008, threshold=0.3000, trigger=True
    [Planner] Current confidence: 0.0008378481825495054
    [Query] Q: ripe(tomato2) is True?
    [Query] T: ripe(tomato2)=True?
    [Query] A: False
    [Planner] Reduced 6 --> 3
    [Planner] Current confidence: 0.00020089199550132886
    [Query] Q: at(tomato1,stem_02) is True?
    [Query] T: at(tomato1,stem_02)=True?
    [Query] A: False
    [Planner] Reduced 3 --> 1
    [Planner] Updated confidence: 1.0
    [Belief Diff]
      + add (0): -
      - del (0): -
[TIME] step_total=1.2388s (search=1.2331s, execute=0.0026s, update=0.0022s, interaction=0.0006s, pruning=0.0003s, overhead=0.0001s)
==================

Step: 25
[POMCP] applicable values:
        navigate(brl_robot, stem_02, dock_station): 0.5819477467447915
        navigate(brl_robot, stem_02, stem_01): 1.4093334156430344
        detect(brl_robot, stem_02): 1.2159927536378012

[POMCP] Selected: navigate(brl_robot, stem_02, stem_01)
[POMCP] Average simulation time:  0.0115
[POMCP] Average select time:  0.0
[Planner] Selected action: navigate(brl_robot, stem_02, stem_01)
[Planner] Observation:  ['located(brl_robot,dock_station)']
    [Feedback] method=ours, confidence=0.5285, threshold=0.3000, trigger=False
    [Planner] Updated confidence: 0.5285174570027762
    [Belief Diff]
      + add (1): located(brl_robot,stem_01)
      - del (1): located(brl_robot,stem_02)
[TIME] step_total=1.1512s (search=1.1506s, execute=0.0002s, update=0.0001s, interaction=0.0000s, pruning=0.0002s, overhead=0.0001s)
==================

Step: 26
[POMCP] applicable values:
        navigate(brl_robot, stem_01, dock_station): 0.5501583358147066
        navigate(brl_robot, stem_01, stem_02): 1.404518950171192
        detect(brl_robot, stem_01): 1.6633101925247462

[POMCP] Selected: detect(brl_robot, stem_01)
[POMCP] Average simulation time:  0.0118
[POMCP] Average select time:  0.0
[Planner] Selected action: detect(brl_robot, stem_01)
[Planner] Observation:  ['observed(tomato1)', 'observed(tomato2)', 'ripe(tomato1)', 'unripe(tomato2)']
    [Feedback] method=ours, confidence=0.5167, threshold=0.3000, trigger=False
    [Planner] Updated confidence: 0.5167046506165112
    [Belief Diff]
      + add (4): at(tomato1,stem_01), at(tomato2,stem_01), observed(tomato1), ripe(tomato1)
      - del (0): -
[TIME] step_total=1.1815s (search=1.1763s, execute=0.0024s, update=0.0022s, interaction=0.0001s, pruning=0.0004s, overhead=0.0001s)
==================

Step: 27
[POMCP] applicable values:
        navigate(brl_robot, stem_01, dock_station): 0.0
        navigate(brl_robot, stem_01, stem_02): 0.0
        detect(brl_robot, stem_01): 2.0831928864046025
        pick(brl_robot, tomato1, stem_01): 4.659527276790385

[POMCP] Selected: pick(brl_robot, tomato1, stem_01)
[POMCP] Average simulation time:  0.0104
[POMCP] Average select time:  0.0
[Planner] Selected action: pick(brl_robot, tomato1, stem_01)
[Planner] Observation:  ['holding(brl_robot,tomato1)', 'holded(tomato1,brl_robot)']
    [Feedback] method=ours, confidence=0.9892, threshold=0.3000, trigger=False
    [Planner] Updated confidence: 0.9891552914128517
    [Belief Diff]
      + add (2): holding(brl_robot,tomato1), holded(tomato1,brl_robot)
      - del (2): handempty(brl_robot), at(tomato1,stem_01)
[TIME] step_total=1.0405s (search=1.0399s, execute=0.0002s, update=0.0001s, interaction=0.0000s, pruning=0.0002s, overhead=0.0001s)
==================

Step: 28
[POMCP] applicable values:
        scan(brl_robot, tomato1): 5.203754708499992
        place(brl_robot, tomato1): 0.0
        discard(brl_robot, tomato1): 0.0

[POMCP] Selected: scan(brl_robot, tomato1)
[POMCP] Average simulation time:  0.0111
[POMCP] Average select time:  0.0
[Planner] Selected action: scan(brl_robot, tomato1)
[Planner] Observation:  ['ripe(tomato1)']
    [Feedback] method=ours, confidence=0.4837, threshold=0.3000, trigger=False
    [Planner] Updated confidence: 0.48374294808093476
    [Belief Diff]
      + add (1): scanned(tomato1)
      - del (0): -
[TIME] step_total=1.1093s (search=1.1086s, execute=0.0001s, update=0.0001s, interaction=0.0000s, pruning=0.0004s, overhead=0.0001s)
==================

Step: 29
[POMCP] applicable values:
        scan(brl_robot, tomato1): 4.163033351611328
        place(brl_robot, tomato1): 6.49199082909634
        discard(brl_robot, tomato1): 3.151247048623046

[POMCP] Selected: place(brl_robot, tomato1)
[POMCP] Average simulation time:  0.0112
[POMCP] Average select time:  0.0
[Planner] Selected action: place(brl_robot, tomato1)
[Planner] Observation:  ['loaded(tomato1,brl_robot)', 'handempty(brl_robot)']
    [Feedback] method=ours, confidence=0.9996, threshold=0.3000, trigger=False
    [Planner] Updated confidence: 0.999557854007377
    [Belief Diff]
      + add (2): loaded(tomato1,brl_robot), handempty(brl_robot)
      - del (2): holding(brl_robot,tomato1), holded(tomato1,brl_robot)
[TIME] step_total=1.1165s (search=1.1161s, execute=0.0002s, update=0.0001s, interaction=0.0000s, pruning=0.0000s, overhead=0.0001s)
[TIME SUMMARY]
avg search: 1.0398s
avg execute: 0.0007s
avg update: 0.0007s
avg interaction: 0.0004s
avg pruning: 0.0004s
avg step wall: 1.0421s
total wall clock: 30.2213s
=============Action Log=============
[STEP 1]: navigate(brl_robot, dock_station, stem_01)
[STEP 2]: navigate(brl_robot, stem_01, dock_station)
[STEP 3]: navigate(brl_robot, dock_station, stem_02)
[STEP 4]: detect(brl_robot, stem_02)
[STEP 5]: pick(brl_robot, tomato4, stem_02)
[STEP 6]: scan(brl_robot, tomato4)
[STEP 7]: discard(brl_robot, tomato4)
[STEP 8]: detect(brl_robot, stem_02)
[STEP 9]: navigate(brl_robot, stem_02, dock_station)
[STEP 10]: navigate(brl_robot, dock_station, stem_02)
[STEP 11]: navigate(brl_robot, dock_station, stem_01)
[STEP 12]: navigate(brl_robot, stem_01, dock_station)
[STEP 13]: navigate(brl_robot, dock_station, stem_02)
[STEP 14]: pick(brl_robot, tomato3, stem_02)
[STEP 15]: scan(brl_robot, tomato3)
[STEP 16]: scan(brl_robot, tomato3)
[STEP 17]: place(brl_robot, tomato3)
[STEP 18]: navigate(brl_robot, stem_02, stem_01)
[STEP 19]: navigate(brl_robot, stem_01, stem_02)
[STEP 20]: detect(brl_robot, stem_02)
[STEP 21]: detect(brl_robot, stem_02)
[STEP 22]: detect(brl_robot, stem_02)
[STEP 23]: detect(brl_robot, stem_02)
[STEP 24]: detect(brl_robot, stem_02)
[STEP 25]: navigate(brl_robot, stem_02, stem_01)
[STEP 26]: detect(brl_robot, stem_01)
[STEP 27]: pick(brl_robot, tomato1, stem_01)
[STEP 28]: scan(brl_robot, tomato1)
[STEP 29]: place(brl_robot, tomato1)
=============Final Knowledge=============
at(tomato2,stem_01)
at(tomato2,stem_02)
discarded(tomato4)
handempty(brl_robot)
loaded(tomato1,brl_robot)
loaded(tomato3,brl_robot)
located(brl_robot,stem_01)
location(dock_station)
location(stem_01)
location(stem_02)
observed(tomato1)
observed(tomato2)
observed(tomato3)
observed(tomato4)
ripe(tomato1)
ripe(tomato3)
robot(brl_robot)
rotten(tomato4)
scanned(tomato1)
scanned(tomato3)
scanned(tomato4)
stem(stem_01)
stem(stem_02)
tomato(tomato1)
tomato(tomato2)
tomato(tomato3)
tomato(tomato4)
unripe(tomato2)
=============Query=============
Total Query 17
=============Action Schema Summary=============
detect: actions=8, questions=14, expected_questions_per_action=1.7500
discard: actions=1, questions=0, expected_questions_per_action=0.0000
navigate: actions=11, questions=2, expected_questions_per_action=0.1818
pick: actions=3, questions=0, expected_questions_per_action=0.0000
place: actions=2, questions=0, expected_questions_per_action=0.0000
scan: actions=4, questions=1, expected_questions_per_action=0.2500
=============Log File=============
/home/changmin/PyProject/00_BRL-CF/experiments_logs/system_log/e1_threshold/tomato/scene_03_step50/ours/oracle/tau_0-3/exp_tomato_20260804_011830_620429.txt
