Step: 1
[POMCP] applicable values:
        navigate(brl_robot, dock_station, stem_01): 0.0
        navigate(brl_robot, dock_station, stem_02): 1.4824408731901302

[POMCP] Selected: navigate(brl_robot, dock_station, stem_02)
[POMCP] Average simulation time:  0.0077
[POMCP] Average select time:  0.0
[Planner] Selected action: navigate(brl_robot, dock_station, stem_02)
[Planner] Observation:  ['located(brl_robot,stem_02)']
    [Feedback] method=ours, confidence=0.9409, threshold=0.3000, trigger=False
    [Planner] Updated confidence: 0.9408939338044573
    [Belief Diff]
      + add (1): located(brl_robot,stem_02)
      - del (1): located(brl_robot,dock_station)
[TIME] step_total=0.7699s (search=0.7695s, execute=0.0001s, update=0.0001s, interaction=0.0000s, pruning=0.0000s, overhead=0.0001s)
==================

Step: 2
[POMCP] applicable values:
        navigate(brl_robot, stem_02, dock_station): 0.0
        navigate(brl_robot, stem_02, stem_01): 1.4019918563999676
        detect(brl_robot, stem_02): 1.8406740052603938

[POMCP] Selected: detect(brl_robot, stem_02)
[POMCP] Average simulation time:  0.0082
[POMCP] Average select time:  0.0
[Planner] Selected action: detect(brl_robot, stem_02)
[Planner] Observation:  ['observed(tomato3)', 'observed(tomato4)', 'ripe(tomato3)', 'ripe(tomato4)']
    [Feedback] method=ours, confidence=0.3443, threshold=0.3000, trigger=False
    [Planner] Updated confidence: 0.34431105373967075
    [Belief Diff]
      + add (6): at(tomato3,stem_02), at(tomato4,stem_02), observed(tomato3), observed(tomato4), ripe(tomato3), ripe(tomato4)
      - del (0): -
[TIME] step_total=0.8250s (search=0.8205s, execute=0.0005s, update=0.0032s, interaction=0.0001s, pruning=0.0007s, overhead=0.0001s)
==================

Step: 3
[POMCP] applicable values:
        navigate(brl_robot, stem_02, dock_station): 1.345774670448145
        navigate(brl_robot, stem_02, stem_01): 1.0459221987126064
        detect(brl_robot, stem_02): 1.640261369801032
        pick(brl_robot, tomato3, stem_02): 0.0
        pick(brl_robot, tomato4, stem_02): 0.0

[POMCP] Selected: detect(brl_robot, stem_02)
[POMCP] Average simulation time:  0.0084
[POMCP] Average select time:  0.0
[Planner] Selected action: detect(brl_robot, stem_02)
[Planner] Observation:  ['observed(tomato3)', 'observed(tomato4)', 'ripe(tomato3)', 'ripe(tomato4)']
    [Feedback] method=ours, confidence=0.2281, threshold=0.3000, trigger=True
    [Planner] Current confidence: 0.22810009673984233
    [Query] Q: at(tomato1,stem_02) is True?
    [Query] T: at(tomato1,stem_02)=True?
    [Query] A: False
    [Planner] Reduced 36 --> 12
    [Planner] Updated confidence: 0.3287733740438413
    [Belief Diff]
      + add (0): -
      - del (0): -
[TIME] step_total=0.8502s (search=0.8389s, execute=0.0005s, update=0.0021s, interaction=0.0085s, pruning=0.0002s, overhead=0.0001s)
==================

Step: 4
[POMCP] applicable values:
        navigate(brl_robot, stem_02, dock_station): 1.4905795768074062
        navigate(brl_robot, stem_02, stem_01): 2.6274104035796544
        detect(brl_robot, stem_02): 0.0
        pick(brl_robot, tomato3, stem_02): 1.4328822443876505
        pick(brl_robot, tomato4, stem_02): 0.0

[POMCP] Selected: navigate(brl_robot, stem_02, stem_01)
[POMCP] Average simulation time:  0.0082
[POMCP] Average select time:  0.0
[Planner] Selected action: navigate(brl_robot, stem_02, stem_01)
[Planner] Observation:  ['located(brl_robot,stem_01)']
    [Feedback] method=ours, confidence=0.9493, threshold=0.3000, trigger=False
    [Planner] Updated confidence: 0.9493365224111103
    [Belief Diff]
      + add (1): located(brl_robot,stem_01)
      - del (1): located(brl_robot,stem_02)
[TIME] step_total=0.8160s (search=0.8155s, execute=0.0002s, update=0.0001s, interaction=0.0000s, pruning=0.0001s, overhead=0.0001s)
==================

Step: 5
[POMCP] applicable values:
        navigate(brl_robot, stem_01, dock_station): 0.0
        navigate(brl_robot, stem_01, stem_02): 4.350330397079739
        detect(brl_robot, stem_01): 1.9593561869619225

[POMCP] Selected: navigate(brl_robot, stem_01, stem_02)
[POMCP] Average simulation time:  0.0093
[POMCP] Average select time:  0.0
[Planner] Selected action: navigate(brl_robot, stem_01, stem_02)
[Planner] Observation:  ['located(brl_robot,stem_02)']
    [Feedback] method=ours, confidence=0.9622, threshold=0.3000, trigger=False
    [Planner] Updated confidence: 0.9621647609314127
    [Belief Diff]
      + add (1): located(brl_robot,stem_02)
      - del (1): located(brl_robot,stem_01)
[TIME] step_total=0.9258s (search=0.9252s, execute=0.0002s, update=0.0001s, interaction=0.0000s, pruning=0.0002s, overhead=0.0001s)
==================

Step: 6
[POMCP] applicable values:
        navigate(brl_robot, stem_02, dock_station): 0.0
        navigate(brl_robot, stem_02, stem_01): 1.8778527690813593
        detect(brl_robot, stem_02): 0.0
        pick(brl_robot, tomato3, stem_02): 2.3518643375125694
        pick(brl_robot, tomato4, stem_02): 5.406738138191502

[POMCP] Selected: pick(brl_robot, tomato4, stem_02)
[POMCP] Average simulation time:  0.0107
[POMCP] Average select time:  0.0
[Planner] Selected action: pick(brl_robot, tomato4, stem_02)
[Planner] Observation:  ['holding(brl_robot,tomato4)', 'holded(tomato4,brl_robot)']
    [Feedback] method=ours, confidence=0.9973, threshold=0.3000, trigger=False
    [Planner] Updated confidence: 0.9973156115955709
    [Belief Diff]
      + add (2): holding(brl_robot,tomato4), holded(tomato4,brl_robot)
      - del (2): handempty(brl_robot), at(tomato4,stem_02)
[TIME] step_total=1.0717s (search=1.0712s, execute=0.0002s, update=0.0001s, interaction=0.0000s, pruning=0.0001s, overhead=0.0001s)
==================

Step: 7
[POMCP] applicable values:
        scan(brl_robot, tomato4): 6.289319332042043
        place(brl_robot, tomato4): 0.0
        discard(brl_robot, tomato4): 0.0

[POMCP] Selected: scan(brl_robot, tomato4)
[POMCP] Average simulation time:  0.0113
[POMCP] Average select time:  0.0
[Planner] Selected action: scan(brl_robot, tomato4)
[Planner] Observation:  ['rotten(tomato4)']
    [Feedback] method=ours, confidence=0.6446, threshold=0.3000, trigger=False
    [Planner] Updated confidence: 0.6446422178928657
    [Belief Diff]
      + add (2): rotten(tomato4), scanned(tomato4)
      - del (1): ripe(tomato4)
[TIME] step_total=1.1353s (search=1.1343s, execute=0.0001s, update=0.0001s, interaction=0.0000s, pruning=0.0007s, overhead=0.0001s)
==================

Step: 8
[POMCP] applicable values:
        scan(brl_robot, tomato4): 4.63125
        discard(brl_robot, tomato4): 7.231385483593946

[POMCP] Selected: discard(brl_robot, tomato4)
[POMCP] Average simulation time:  0.011
[POMCP] Average select time:  0.0
[Planner] Selected action: discard(brl_robot, tomato4)
[Planner] Observation:  ['discarded(tomato4)', 'handempty(brl_robot)']
    [Feedback] method=ours, confidence=0.9996, threshold=0.3000, trigger=False
    [Planner] Updated confidence: 0.9996198844414199
    [Belief Diff]
      + add (2): discarded(tomato4), handempty(brl_robot)
      - del (2): holded(tomato4,brl_robot), holding(brl_robot,tomato4)
[TIME] step_total=1.1050s (search=1.1046s, execute=0.0001s, update=0.0001s, interaction=0.0000s, pruning=0.0001s, overhead=0.0001s)
==================

Step: 9
[POMCP] applicable values:
        navigate(brl_robot, stem_02, dock_station): 0.4965178980727728
        navigate(brl_robot, stem_02, stem_01): 0.0
        detect(brl_robot, stem_02): 2.7582463210842354
        pick(brl_robot, tomato3, stem_02): 0.6302494097246092

[POMCP] Selected: detect(brl_robot, stem_02)
[POMCP] Average simulation time:  0.0116
[POMCP] Average select time:  0.0
[Planner] Selected action: detect(brl_robot, stem_02)
[Planner] Observation:  ['observed(tomato3)', 'unripe(tomato3)']
    [Feedback] method=ours, confidence=0.0187, threshold=0.3000, trigger=True
    [Planner] Current confidence: 0.018729326155002446
    [Query] Q: at(tomato1,stem_02) is True?
    [Query] T: at(tomato1,stem_02)=True?
    [Query] A: False
    [Planner] Reduced 18 --> 6
    [Planner] Current confidence: 0.030039762326238617
    [Query] Q: at(tomato2,stem_02) is True?
    [Query] T: at(tomato2,stem_02)=True?
    [Query] A: False
    [Planner] Reduced 6 --> 2
    [Planner] Current confidence: 0.07731882784519462
    [Query] Q: ripe(tomato3) is True?
    [Query] T: ripe(tomato3)=True?
    [Query] A: True
    [Planner] Reduced 2 --> 1
    [Planner] Updated confidence: 1.0
    [Belief Diff]
      + add (0): -
      - del (0): -
[TIME] step_total=1.1726s (search=1.1649s, execute=0.0025s, update=0.0027s, interaction=0.0012s, pruning=0.0012s, overhead=0.0001s)
==================

Step: 10
[POMCP] applicable values:
        navigate(brl_robot, stem_02, dock_station): 0.8731948672624044
        navigate(brl_robot, stem_02, stem_01): 1.4356021943990414
        detect(brl_robot, stem_02): 0.0
        pick(brl_robot, tomato3, stem_02): 0.6446428571428572

[POMCP] Selected: navigate(brl_robot, stem_02, stem_01)
[POMCP] Average simulation time:  0.0109
[POMCP] Average select time:  0.0
[Planner] Selected action: navigate(brl_robot, stem_02, stem_01)
[Planner] Observation:  ['located(brl_robot,stem_01)']
    [Feedback] method=ours, confidence=0.9644, threshold=0.3000, trigger=False
    [Planner] Updated confidence: 0.9643588053713393
    [Belief Diff]
      + add (1): located(brl_robot,stem_01)
      - del (1): located(brl_robot,stem_02)
[TIME] step_total=1.0928s (search=1.0923s, execute=0.0002s, update=0.0001s, interaction=0.0000s, pruning=0.0002s, overhead=0.0001s)
==================

Step: 11
[POMCP] applicable values:
        navigate(brl_robot, stem_01, dock_station): 0.0
        navigate(brl_robot, stem_01, stem_02): 1.1647297493353246
        detect(brl_robot, stem_01): 1.8235795860447952

[POMCP] Selected: detect(brl_robot, stem_01)
[POMCP] Average simulation time:  0.0104
[POMCP] Average select time:  0.0
[Planner] Selected action: detect(brl_robot, stem_01)
[Planner] Observation:  ['observed(tomato1)', 'observed(tomato2)', 'ripe(tomato1)', 'ripe(tomato2)']
    [Feedback] method=ours, confidence=0.3126, threshold=0.3000, trigger=False
    [Planner] Updated confidence: 0.3125984724729166
    [Belief Diff]
      + add (6): at(tomato1,stem_01), at(tomato2,stem_01), observed(tomato1), observed(tomato2), ripe(tomato1), ripe(tomato2)
      - del (0): -
[TIME] step_total=1.0440s (search=1.0382s, execute=0.0023s, update=0.0029s, interaction=0.0000s, pruning=0.0004s, overhead=0.0001s)
==================

Step: 12
[POMCP] applicable values:
        navigate(brl_robot, stem_01, dock_station): 2.1512638715449284
        navigate(brl_robot, stem_01, stem_02): 2.078382634522846
        detect(brl_robot, stem_01): 2.176781746123578
        pick(brl_robot, tomato1, stem_01): 2.1462578125
        pick(brl_robot, tomato2, stem_01): 5.968909472814293

[POMCP] Selected: pick(brl_robot, tomato2, stem_01)
[POMCP] Average simulation time:  0.0089
[POMCP] Average select time:  0.0
[Planner] Selected action: pick(brl_robot, tomato2, stem_01)
[Planner] Observation:  ['holding(brl_robot,tomato2)', 'holded(tomato2,brl_robot)']
    [Feedback] method=ours, confidence=0.9950, threshold=0.3000, trigger=False
    [Planner] Updated confidence: 0.9950100316576616
    [Belief Diff]
      + add (2): holding(brl_robot,tomato2), holded(tomato2,brl_robot)
      - del (2): at(tomato2,stem_01), handempty(brl_robot)
[TIME] step_total=0.8900s (search=0.8896s, execute=0.0002s, update=0.0001s, interaction=0.0000s, pruning=0.0000s, overhead=0.0001s)
[TIME SUMMARY]
avg search: 0.9721s
avg execute: 0.0006s
avg update: 0.0010s
avg interaction: 0.0008s
avg pruning: 0.0003s
avg step wall: 0.9749s
total wall clock: 11.6983s
=============Action Log=============
[STEP 1]: navigate(brl_robot, dock_station, stem_02)
[STEP 2]: detect(brl_robot, stem_02)
[STEP 3]: detect(brl_robot, stem_02)
[STEP 4]: navigate(brl_robot, stem_02, stem_01)
[STEP 5]: navigate(brl_robot, stem_01, stem_02)
[STEP 6]: pick(brl_robot, tomato4, stem_02)
[STEP 7]: scan(brl_robot, tomato4)
[STEP 8]: discard(brl_robot, tomato4)
[STEP 9]: detect(brl_robot, stem_02)
[STEP 10]: navigate(brl_robot, stem_02, stem_01)
[STEP 11]: detect(brl_robot, stem_01)
[STEP 12]: pick(brl_robot, tomato2, stem_01)
=============Final Knowledge=============
at(tomato1,stem_01)
at(tomato3,stem_02)
discarded(tomato4)
holded(tomato2,brl_robot)
holding(brl_robot,tomato2)
located(brl_robot,stem_01)
location(dock_station)
location(stem_01)
location(stem_02)
observed(tomato1)
observed(tomato2)
observed(tomato3)
observed(tomato4)
ripe(tomato1)
ripe(tomato2)
ripe(tomato3)
robot(brl_robot)
rotten(tomato4)
scanned(tomato4)
stem(stem_01)
stem(stem_02)
tomato(tomato1)
tomato(tomato2)
tomato(tomato3)
tomato(tomato4)
=============Query=============
Total Query 4
=============Action Schema Summary=============
detect: actions=4, questions=4, expected_questions_per_action=1.0000
discard: actions=1, questions=0, expected_questions_per_action=0.0000
navigate: actions=4, questions=0, expected_questions_per_action=0.0000
pick: actions=2, questions=0, expected_questions_per_action=0.0000
scan: actions=1, questions=0, expected_questions_per_action=0.0000
=============Log File=============
/home/changmin/PyProject/00_BRL-CF/experiments_logs/system_log/e1_threshold/tomato/scene_03_step50/ours/oracle/tau_0-3/exp_tomato_20260804_012009_405331.txt
