Step: 1
[POMCP] applicable values:
        detect_waste(brl_robot): 3.504199208319711

[POMCP] Selected: detect_waste(brl_robot)
[POMCP] Average simulation time:  0.0125
[POMCP] Average select time:  0.0
[Planner] Selected action: detect_waste(brl_robot)
[Planner] Observation:  ['detected(waste1)', 'detected(waste2)', 'detected(waste3)', 'paper(waste3)', 'plastic(waste1)', 'plastic(waste2)']
    [Feedback] method=ours-random-what, confidence=0.3814, threshold=0.8000, trigger=True
    [Planner] Current confidence: 0.38139453946320945
    [Query] Q: paper(waste3) is True?
    [Query] T: paper(waste3)=True?
    [Query] A: True
    [Planner] Reduced 625 --> 125
    [Planner] Current confidence: 0.4802631643392943
    [Query] Q: general(waste2) is True?
    [Query] T: general(waste2)=True?
    [Query] A: False
    [Planner] Reduced 125 --> 100
    [Planner] Current confidence: 0.4893372458686276
    [Query] Q: can(waste1) is True?
    [Query] T: can(waste1)=True?
    [Query] A: False
    [Planner] Reduced 100 --> 80
    [Planner] Current confidence: 0.5021741747102567
    [Query] Q: plastic(waste2) is True?
    [Query] T: plastic(waste2)=True?
    [Query] A: True
    [Planner] Reduced 80 --> 20
    [Planner] Current confidence: 0.4591545775928002
    [Query] Q: plastic(waste4) is True?
    [Query] T: plastic(waste4)=True?
    [Query] A: False
    [Planner] Reduced 20 --> 16
    [Planner] Current confidence: 0.48819243030032133
    [Query] Q: detected(waste4) is True?
    [Query] T: detected(waste4)=True?
    [Query] A: False
    [Planner] Reduced 16 --> 4
    [Planner] Current confidence: 0.5518184084381172
    [Query] Q: general(waste1) is True?
    [Query] T: general(waste1)=True?
    [Query] A: False
    [Planner] Reduced 4 --> 3
    [Planner] Current confidence: 0.604464478981311
    [Query] Q: detected(waste1) is True?
    [Query] T: detected(waste1)=True?
    [Query] A: True
    [Planner] Reduced 3 --> 2
    [Planner] Current confidence: 0.6702067477181959
    [Query] Q: paper(waste1) is True?
    [Query] T: paper(waste1)=True?
    [Query] A: False
    [Planner] Reduced 2 --> 1
    [Planner] Updated confidence: 1.0
    [Belief Diff]
      + add (6): detected(waste1), detected(waste2), detected(waste3), paper(waste3), plastic(waste1), plastic(waste2)
      - del (0): -
[TIME] step_total=1.4004s (search=1.2474s, execute=0.0061s, update=0.1274s, interaction=0.0192s, pruning=0.0004s, overhead=0.0001s)
==================

Step: 2
[POMCP] applicable values:
        detect_waste(brl_robot): 2.211401437630208
        pick(brl_robot, waste1): 1.350900219156592
        pick(brl_robot, waste2): 0.0
        pick(brl_robot, waste3): 8.870072556446118

[POMCP] Selected: pick(brl_robot, waste3)
[POMCP] Average simulation time:  0.0033
[POMCP] Average select time:  0.0
[Planner] Selected action: pick(brl_robot, waste3)
[Planner] Observation:  ['holding(brl_robot,waste3)']
    [Feedback] method=ours-random-what, confidence=0.9600, threshold=0.8000, trigger=False
    [Planner] Updated confidence: 0.9599531375392605
    [Belief Diff]
      + add (1): holding(brl_robot,waste3)
      - del (1): handempty(brl_robot)
[TIME] step_total=0.3352s (search=0.3348s, execute=0.0001s, update=0.0001s, interaction=0.0000s, pruning=0.0001s, overhead=0.0000s)
==================

Step: 3
[POMCP] applicable values:
        place_gw_bin(brl_robot, waste3, gw_bin): 3.4916864804687497
        place_paper_bin(brl_robot, waste3, pp_bin): 10.788270092139545
        place_can_bin(brl_robot, waste3, ca_bin): 0.0
        place_plastic_bin(brl_robot, waste3, pl_bin): 2.701800438313184

[POMCP] Selected: place_paper_bin(brl_robot, waste3, pp_bin)
[POMCP] Average simulation time:  0.0018
[POMCP] Average select time:  0.0
[Planner] Selected action: place_paper_bin(brl_robot, waste3, pp_bin)
[Planner] Observation:  ['in_bin(waste3,pp_bin)', 'handempty(brl_robot)']
    [Feedback] method=ours-random-what, confidence=0.9960, threshold=0.8000, trigger=False
    [Planner] Updated confidence: 0.9960403810938837
    [Belief Diff]
      + add (2): in_bin(waste3,pp_bin), handempty(brl_robot)
      - del (2): holding(brl_robot,waste3), detected(waste3)
[TIME] step_total=0.1855s (search=0.1850s, execute=0.0001s, update=0.0001s, interaction=0.0000s, pruning=0.0001s, overhead=0.0000s)
==================

Step: 4
[POMCP] applicable values:
        detect_waste(brl_robot): 1.9344523437499999
        pick(brl_robot, waste1): 0.0
        pick(brl_robot, waste2): 7.0347782487426995

[POMCP] Selected: pick(brl_robot, waste2)
[POMCP] Average simulation time:  0.0018
[POMCP] Average select time:  0.0
[Planner] Selected action: pick(brl_robot, waste2)
[Planner] Observation:  ['holding(brl_robot,waste2)']
    [Feedback] method=ours-random-what, confidence=0.9498, threshold=0.8000, trigger=False
    [Planner] Updated confidence: 0.9497552791236129
    [Belief Diff]
      + add (1): holding(brl_robot,waste2)
      - del (1): handempty(brl_robot)
[TIME] step_total=0.1838s (search=0.1833s, execute=0.0001s, update=0.0001s, interaction=0.0000s, pruning=0.0002s, overhead=0.0000s)
==================

Step: 5
[POMCP] applicable values:
        place_gw_bin(brl_robot, waste2, gw_bin): 3.151247048623046
        place_paper_bin(brl_robot, waste2, pp_bin): 0.0
        place_can_bin(brl_robot, waste2, ca_bin): 3.795130265673828
        place_plastic_bin(brl_robot, waste2, pl_bin): 8.018175732300127

[POMCP] Selected: place_plastic_bin(brl_robot, waste2, pl_bin)
[POMCP] Average simulation time:  0.0018
[POMCP] Average select time:  0.0
[Planner] Selected action: place_plastic_bin(brl_robot, waste2, pl_bin)
[Planner] Observation:  ['in_bin(waste2,pl_bin)', 'handempty(brl_robot)']
    [Feedback] method=ours-random-what, confidence=0.9956, threshold=0.8000, trigger=False
    [Planner] Updated confidence: 0.9956405322579948
    [Belief Diff]
      + add (2): in_bin(waste2,pl_bin), handempty(brl_robot)
      - del (2): detected(waste2), holding(brl_robot,waste2)
[TIME] step_total=0.1843s (search=0.1838s, execute=0.0001s, update=0.0001s, interaction=0.0000s, pruning=0.0002s, overhead=0.0000s)
==================

Step: 6
[POMCP] applicable values:
        detect_waste(brl_robot): 3.5288685939756506
        pick(brl_robot, waste1): 0.0

[POMCP] Selected: detect_waste(brl_robot)
[POMCP] Average simulation time:  0.0019
[POMCP] Average select time:  0.0
[Planner] Selected action: detect_waste(brl_robot)
[Planner] Observation:  ['can(waste4)', 'detected(waste1)', 'detected(waste4)', 'plastic(waste1)']
    [Feedback] method=ours-random-what, confidence=0.1547, threshold=0.8000, trigger=True
    [Planner] Current confidence: 0.15470596697723615
    [Query] Q: can(waste4) is True?
    [Query] T: can(waste4)=True?
    [Query] A: False
    [Planner] Reduced 20 --> 16
    [Planner] Current confidence: 0.1499073204889828
    [Query] Q: plastic(waste4) is True?
    [Query] T: plastic(waste4)=True?
    [Query] A: False
    [Planner] Reduced 16 --> 12
    [Planner] Current confidence: 0.1672462652404476
    [Query] Q: detected(waste4) is True?
    [Query] T: detected(waste4)=True?
    [Query] A: True
    [Planner] Reduced 12 --> 8
    [Planner] Current confidence: 0.19983796409028132
    [Query] Q: general(waste4) is True?
    [Query] T: general(waste4)=True?
    [Query] A: True
    [Planner] Reduced 8 --> 4
    [Planner] Current confidence: 0.2997280954748357
    [Query] Q: paper(waste1) is True?
    [Query] T: paper(waste1)=True?
    [Query] A: False
    [Planner] Reduced 4 --> 3
    [Planner] Current confidence: 0.35477129091552506
    [Query] Q: can(waste1) is True?
    [Query] T: can(waste1)=True?
    [Query] A: False
    [Planner] Reduced 3 --> 2
    [Planner] Current confidence: 0.4333357346689882
    [Query] Q: plastic(waste1) is True?
    [Query] T: plastic(waste1)=True?
    [Query] A: True
    [Planner] Reduced 2 --> 1
    [Planner] Updated confidence: 1.0
    [Belief Diff]
      + add (2): detected(waste4), general(waste4)
      - del (0): -
[TIME] step_total=0.1955s (search=0.1863s, execute=0.0033s, update=0.0033s, interaction=0.0016s, pruning=0.0011s, overhead=0.0001s)
==================

Step: 7
[POMCP] applicable values:
        detect_waste(brl_robot): 0.7737809375
        pick(brl_robot, waste1): 0.0
        pick(brl_robot, waste4): 8.925779196759395

[POMCP] Selected: pick(brl_robot, waste4)
[POMCP] Average simulation time:  0.0015
[POMCP] Average select time:  0.0001
[Planner] Selected action: pick(brl_robot, waste4)
[Planner] Observation:  ['holding(brl_robot,waste4)']
    [Feedback] method=ours-random-what, confidence=0.9525, threshold=0.8000, trigger=False
    [Planner] Updated confidence: 0.9524816778994389
    [Belief Diff]
      + add (1): holding(brl_robot,waste4)
      - del (1): handempty(brl_robot)
[TIME] step_total=0.1521s (search=0.1517s, execute=0.0002s, update=0.0001s, interaction=0.0000s, pruning=0.0001s, overhead=0.0001s)
==================

Step: 8
[POMCP] applicable values:
        place_gw_bin(brl_robot, waste4, gw_bin): 11.166724138013677
        place_paper_bin(brl_robot, waste4, pp_bin): 0.0
        place_can_bin(brl_robot, waste4, ca_bin): 0.0
        place_plastic_bin(brl_robot, waste4, pl_bin): 4.5125

[POMCP] Selected: place_gw_bin(brl_robot, waste4, gw_bin)
[POMCP] Average simulation time:  0.0016
[POMCP] Average select time:  0.0
[Planner] Selected action: place_gw_bin(brl_robot, waste4, gw_bin)
[Planner] Observation:  ['in_bin(waste4,gw_bin)', 'handempty(brl_robot)']
    [Feedback] method=ours-random-what, confidence=0.9804, threshold=0.8000, trigger=False
    [Planner] Updated confidence: 0.9803955711147255
    [Belief Diff]
      + add (2): in_bin(waste4,gw_bin), handempty(brl_robot)
      - del (2): detected(waste4), holding(brl_robot,waste4)
[TIME] step_total=0.1646s (search=0.1641s, execute=0.0002s, update=0.0001s, interaction=0.0000s, pruning=0.0001s, overhead=0.0001s)
==================

Step: 9
[POMCP] applicable values:
        detect_waste(brl_robot): 7.396061250168205
        pick(brl_robot, waste1): 0.0

[POMCP] Selected: detect_waste(brl_robot)
[POMCP] Average simulation time:  0.0018
[POMCP] Average select time:  0.0
[Planner] Selected action: detect_waste(brl_robot)
[Planner] Observation:  ['can(waste1)', 'detected(waste1)']
    [Feedback] method=ours-random-what, confidence=0.0381, threshold=0.8000, trigger=True
    [Planner] Current confidence: 0.038106608275232046
    [Query] Q: general(waste1) is True?
    [Query] T: general(waste1)=True?
    [Query] A: False
    [Planner] Reduced 4 --> 3
    [Planner] Current confidence: 0.03737627630880702
    [Query] Q: paper(waste1) is True?
    [Query] T: paper(waste1)=True?
    [Query] A: False
    [Planner] Reduced 3 --> 2
    [Planner] Current confidence: 0.0005684417252858065
    [Query] Q: plastic(waste1) is True?
    [Query] T: plastic(waste1)=True?
    [Query] A: True
    [Planner] Reduced 2 --> 1
    [Planner] Updated confidence: 1.0
    [Belief Diff]
      + add (0): -
      - del (0): -
[TIME] step_total=0.1829s (search=0.1773s, execute=0.0038s, update=0.0007s, interaction=0.0004s, pruning=0.0007s, overhead=0.0001s)
==================

Step: 10
[POMCP] applicable values:
        detect_waste(brl_robot): 0.0
        pick(brl_robot, waste1): 12.510494061053235

[POMCP] Selected: pick(brl_robot, waste1)
[POMCP] Average simulation time:  0.0017
[POMCP] Average select time:  0.0
[Planner] Selected action: pick(brl_robot, waste1)
[Planner] Observation:  ['holding(brl_robot,waste1)']
    [Feedback] method=ours-random-what, confidence=0.9082, threshold=0.8000, trigger=False
    [Planner] Updated confidence: 0.9082398946601291
    [Belief Diff]
      + add (1): holding(brl_robot,waste1)
      - del (1): handempty(brl_robot)
[TIME] step_total=0.1721s (search=0.1717s, execute=0.0001s, update=0.0001s, interaction=0.0000s, pruning=0.0001s, overhead=0.0000s)
==================

Step: 11
[POMCP] applicable values:
        place_gw_bin(brl_robot, waste1, gw_bin): 0.0
        place_paper_bin(brl_robot, waste1, pp_bin): 0.0
        place_can_bin(brl_robot, waste1, ca_bin): 0.0
        place_plastic_bin(brl_robot, waste1, pl_bin): 14.69224137931035

[POMCP] Selected: place_plastic_bin(brl_robot, waste1, pl_bin)
[POMCP] Average simulation time:  0.0019
[POMCP] Average select time:  0.0
[Planner] Selected action: place_plastic_bin(brl_robot, waste1, pl_bin)
[Planner] Observation:  ['in_bin(waste1,pl_bin)', 'handempty(brl_robot)']
    [Feedback] method=ours-random-what, confidence=0.9904, threshold=0.8000, trigger=False
    [Planner] Updated confidence: 0.9904027657188763
    [Belief Diff]
      + add (2): in_bin(waste1,pl_bin), handempty(brl_robot)
      - del (2): holding(brl_robot,waste1), detected(waste1)
[TIME] step_total=0.1876s (search=0.1872s, execute=0.0002s, update=0.0001s, interaction=0.0000s, pruning=0.0000s, overhead=0.0001s)
[TIME SUMMARY]
avg search: 0.2884s
avg execute: 0.0013s
avg update: 0.0120s
avg interaction: 0.0019s
avg pruning: 0.0003s
avg step wall: 0.3040s
total wall clock: 3.3440s
=============Action Log=============
[STEP 1]: detect_waste(brl_robot)
[STEP 2]: pick(brl_robot, waste3)
[STEP 3]: place_paper_bin(brl_robot, waste3, pp_bin)
[STEP 4]: pick(brl_robot, waste2)
[STEP 5]: place_plastic_bin(brl_robot, waste2, pl_bin)
[STEP 6]: detect_waste(brl_robot)
[STEP 7]: pick(brl_robot, waste4)
[STEP 8]: place_gw_bin(brl_robot, waste4, gw_bin)
[STEP 9]: detect_waste(brl_robot)
[STEP 10]: pick(brl_robot, waste1)
[STEP 11]: place_plastic_bin(brl_robot, waste1, pl_bin)
=============Final Knowledge=============
can_bin(ca_bin)
general(waste4)
general_bin(gw_bin)
handempty(brl_robot)
in_bin(waste1,pl_bin)
in_bin(waste2,pl_bin)
in_bin(waste3,pp_bin)
in_bin(waste4,gw_bin)
paper(waste3)
paper_bin(pp_bin)
plastic(waste1)
plastic(waste2)
plastic_bin(pl_bin)
robot(brl_robot)
waste(waste1)
waste(waste2)
waste(waste3)
waste(waste4)
=============Query=============
Total Query 19
=============Action Schema Summary=============
detect_waste: actions=3, questions=19, expected_questions_per_action=6.3333
pick: actions=4, questions=0, expected_questions_per_action=0.0000
place_gw_bin: actions=1, questions=0, expected_questions_per_action=0.0000
place_paper_bin: actions=1, questions=0, expected_questions_per_action=0.0000
place_plastic_bin: actions=2, questions=0, expected_questions_per_action=0.0000
=============Log File=============
/home/changmin/PyProject/00_BRL-CF/experiments_logs/system_log/e2_ablation/wastesorting/scene_03_step50/ours-random-what/oracle/exp_wastesorting_20260804_150909_203866.txt
