Step: 1
[POMCP] applicable values:
        detect_waste(brl_robot): 3.742891483177253

[POMCP] Selected: detect_waste(brl_robot)
[POMCP] Average simulation time:  0.0135
[POMCP] Average select time:  0.0
[Planner] Selected action: detect_waste(brl_robot)
[Planner] Observation:  ['detected(waste1)', 'detected(waste2)', 'detected(waste3)', 'paper(waste3)', 'plastic(waste1)', 'plastic(waste2)']
    [Feedback] method=ours-random-what, confidence=0.2357, threshold=0.8000, trigger=True
    [Planner] Current confidence: 0.2357330766034741
    [Query] Q: detected(waste3) is True?
    [Query] T: detected(waste3)=True?
    [Query] A: True
    [Planner] Reduced 625 --> 500
    [Planner] Current confidence: 0.24044943662047058
    [Query] Q: plastic(waste2) is True?
    [Query] T: plastic(waste2)=True?
    [Query] A: True
    [Planner] Reduced 500 --> 100
    [Planner] Current confidence: 0.2801700334776913
    [Query] Q: paper(waste3) is True?
    [Query] T: paper(waste3)=True?
    [Query] A: True
    [Planner] Reduced 100 --> 25
    [Planner] Current confidence: 0.21741584551214121
    [Query] Q: general(waste4) is True?
    [Query] T: general(waste4)=True?
    [Query] A: False
    [Planner] Reduced 25 --> 20
    [Planner] Current confidence: 0.22628097680837744
    [Query] Q: paper(waste4) is True?
    [Query] T: paper(waste4)=True?
    [Query] A: False
    [Planner] Reduced 20 --> 15
    [Planner] Current confidence: 0.2284602197676211
    [Query] Q: plastic(waste4) is True?
    [Query] T: plastic(waste4)=True?
    [Query] A: False
    [Planner] Reduced 15 --> 10
    [Planner] Current confidence: 0.20668853299106127
    [Query] Q: paper(waste1) is True?
    [Query] T: paper(waste1)=True?
    [Query] A: False
    [Planner] Reduced 10 --> 8
    [Planner] Current confidence: 0.23268024643895313
    [Query] Q: detected(waste4) is True?
    [Query] T: detected(waste4)=True?
    [Query] A: False
    [Planner] Reduced 8 --> 4
    [Planner] Current confidence: 0.0701222803390269
    [Query] Q: general(waste1) is True?
    [Query] T: general(waste1)=True?
    [Query] A: False
    [Planner] Reduced 4 --> 3
    [Planner] Current confidence: 0.0935239998906231
    [Query] Q: can(waste1) is True?
    [Query] T: can(waste1)=True?
    [Query] A: False
    [Planner] Reduced 3 --> 2
    [Planner] Current confidence: 0.1358718080706689
    [Query] Q: detected(waste1) is True?
    [Query] T: detected(waste1)=True?
    [Query] A: True
    [Planner] Reduced 2 --> 1
    [Planner] Updated confidence: 1.0
    [Belief Diff]
      + add (6): detected(waste1), detected(waste2), detected(waste3), paper(waste3), plastic(waste1), plastic(waste2)
      - del (0): -
[TIME] step_total=1.5442s (search=1.3454s, execute=0.0065s, update=0.1602s, interaction=0.0318s, pruning=0.0003s, overhead=0.0001s)
==================

Step: 2
[POMCP] applicable values:
        detect_waste(brl_robot): 2.534659052148437
        pick(brl_robot, waste1): 2.1434375
        pick(brl_robot, waste2): 0.0
        pick(brl_robot, waste3): 6.344211681881151

[POMCP] Selected: pick(brl_robot, waste3)
[POMCP] Average simulation time:  0.0042
[POMCP] Average select time:  0.0
[Planner] Selected action: pick(brl_robot, waste3)
[Planner] Observation:  ['holding(brl_robot,waste3)']
    [Feedback] method=ours-random-what, confidence=0.8939, threshold=0.8000, trigger=False
    [Planner] Updated confidence: 0.8939317166534407
    [Belief Diff]
      + add (1): holding(brl_robot,waste3)
      - del (1): handempty(brl_robot)
[TIME] step_total=0.4213s (search=0.4207s, execute=0.0002s, update=0.0001s, interaction=0.0000s, pruning=0.0002s, overhead=0.0001s)
==================

Step: 3
[POMCP] applicable values:
        place_gw_bin(brl_robot, waste3, gw_bin): 3.6118891493115224
        place_paper_bin(brl_robot, waste3, pp_bin): 7.54114885254638
        place_can_bin(brl_robot, waste3, ca_bin): 0.0
        place_plastic_bin(brl_robot, waste3, pl_bin): 4.07253125

[POMCP] Selected: place_paper_bin(brl_robot, waste3, pp_bin)
[POMCP] Average simulation time:  0.0037
[POMCP] Average select time:  0.0
[Planner] Selected action: place_paper_bin(brl_robot, waste3, pp_bin)
[Planner] Observation:  ['holding(brl_robot,waste3)', 'detected(waste3)']
    [Feedback] method=ours-random-what, confidence=0.6359, threshold=0.8000, trigger=True
    [Planner] Current confidence: 0.6359281226193654
    [Query] Q: holding(brl_robot,waste3) is True?
    [Query] T: holding(brl_robot,waste3)=True?
    [Query] A: False
    [Planner] Reduced 2 --> 1
    [Planner] Updated confidence: 1.0
    [Belief Diff]
      + add (2): in_bin(waste3,pp_bin), handempty(brl_robot)
      - del (2): detected(waste3), holding(brl_robot,waste3)
[TIME] step_total=0.3726s (search=0.3720s, execute=0.0001s, update=0.0001s, interaction=0.0002s, pruning=0.0001s, overhead=0.0000s)
==================

Step: 4
[POMCP] applicable values:
        detect_waste(brl_robot): 2.738198708677065
        pick(brl_robot, waste1): 0.0
        pick(brl_robot, waste2): 0.0

[POMCP] Selected: detect_waste(brl_robot)
[POMCP] Average simulation time:  0.0037
[POMCP] Average select time:  0.0
[Planner] Selected action: detect_waste(brl_robot)
[Planner] Observation:  ['can(waste4)', 'detected(waste1)', 'detected(waste2)', 'detected(waste4)', 'paper(waste1)', 'plastic(waste2)']
    [Feedback] method=ours-random-what, confidence=0.2111, threshold=0.8000, trigger=True
    [Planner] Current confidence: 0.21107935092724517
    [Query] Q: paper(waste2) is True?
    [Query] T: paper(waste2)=True?
    [Query] A: False
    [Planner] Reduced 80 --> 60
    [Planner] Current confidence: 0.1963936482703481
    [Query] Q: paper(waste1) is True?
    [Query] T: paper(waste1)=True?
    [Query] A: False
    [Planner] Reduced 60 --> 45
    [Planner] Current confidence: 0.21310575849177504
    [Query] Q: paper(waste4) is True?
    [Query] T: paper(waste4)=True?
    [Query] A: False
    [Planner] Reduced 45 --> 36
    [Planner] Current confidence: 0.2274468488606175
    [Query] Q: general(waste1) is True?
    [Query] T: general(waste1)=True?
    [Query] A: False
    [Planner] Reduced 36 --> 24
    [Planner] Current confidence: 0.25571680985673895
    [Query] Q: can(waste4) is True?
    [Query] T: can(waste4)=True?
    [Query] A: False
    [Planner] Reduced 24 --> 18
    [Planner] Current confidence: 0.2686523158202694
    [Query] Q: can(waste1) is True?
    [Query] T: can(waste1)=True?
    [Query] A: False
    [Planner] Reduced 18 --> 9
    [Planner] Current confidence: 0.3275869611522044
    [Query] Q: can(waste2) is True?
    [Query] T: can(waste2)=True?
    [Query] A: False
    [Planner] Reduced 9 --> 6
    [Planner] Current confidence: 0.27658065222353345
    [Query] Q: detected(waste4) is True?
    [Query] T: detected(waste4)=True?
    [Query] A: True
    [Planner] Reduced 6 --> 4
    [Planner] Current confidence: 0.3574608840771798
    [Query] Q: plastic(waste4) is True?
    [Query] T: plastic(waste4)=True?
    [Query] A: False
    [Planner] Reduced 4 --> 2
    [Planner] Current confidence: 0.714892918833806
    [Query] Q: general(waste2) is True?
    [Query] T: general(waste2)=True?
    [Query] A: False
    [Planner] Reduced 2 --> 1
    [Planner] Updated confidence: 1.0
    [Belief Diff]
      + add (2): detected(waste4), general(waste4)
      - del (0): -
[TIME] step_total=0.3929s (search=0.3680s, execute=0.0033s, update=0.0153s, interaction=0.0054s, pruning=0.0009s, overhead=0.0001s)
==================

Step: 5
[POMCP] applicable values:
        detect_waste(brl_robot): 0.0
        pick(brl_robot, waste1): 0.0
        pick(brl_robot, waste2): 0.0
        pick(brl_robot, waste4): 9.800194425751325

[POMCP] Selected: pick(brl_robot, waste4)
[POMCP] Average simulation time:  0.0017
[POMCP] Average select time:  0.0
[Planner] Selected action: pick(brl_robot, waste4)
[Planner] Observation:  ['holding(brl_robot,waste4)']
    [Feedback] method=ours-random-what, confidence=0.9524, threshold=0.8000, trigger=False
    [Planner] Updated confidence: 0.9523904735027224
    [Belief Diff]
      + add (1): holding(brl_robot,waste4)
      - del (1): handempty(brl_robot)
[TIME] step_total=0.1747s (search=0.1744s, execute=0.0001s, update=0.0001s, interaction=0.0000s, pruning=0.0001s, overhead=0.0000s)
==================

Step: 6
[POMCP] applicable values:
        place_gw_bin(brl_robot, waste4, gw_bin): 13.062905886248899
        place_paper_bin(brl_robot, waste4, pp_bin): 0.0
        place_can_bin(brl_robot, waste4, ca_bin): 4.07253125
        place_plastic_bin(brl_robot, waste4, pl_bin): 3.8689046874999997

[POMCP] Selected: place_gw_bin(brl_robot, waste4, gw_bin)
[POMCP] Average simulation time:  0.0015
[POMCP] Average select time:  0.0
[Planner] Selected action: place_gw_bin(brl_robot, waste4, gw_bin)
[Planner] Observation:  ['holding(brl_robot,waste4)', 'detected(waste4)']
    [Feedback] method=ours-random-what, confidence=0.6730, threshold=0.8000, trigger=True
    [Planner] Current confidence: 0.6730456092928438
    [Query] Q: holding(brl_robot,waste4) is True?
    [Query] T: holding(brl_robot,waste4)=True?
    [Query] A: False
    [Planner] Reduced 2 --> 1
    [Planner] Updated confidence: 1.0
    [Belief Diff]
      + add (2): in_bin(waste4,gw_bin), handempty(brl_robot)
      - del (2): detected(waste4), holding(brl_robot,waste4)
[TIME] step_total=0.1548s (search=0.1543s, execute=0.0001s, update=0.0001s, interaction=0.0001s, pruning=0.0001s, overhead=0.0001s)
==================

Step: 7
[POMCP] applicable values:
        detect_waste(brl_robot): 2.1462578125
        pick(brl_robot, waste1): 10.610666778482798
        pick(brl_robot, waste2): 0.0

[POMCP] Selected: pick(brl_robot, waste1)
[POMCP] Average simulation time:  0.0017
[POMCP] Average select time:  0.0
[Planner] Selected action: pick(brl_robot, waste1)
[Planner] Observation:  ['holding(brl_robot,waste1)']
    [Feedback] method=ours-random-what, confidence=0.9482, threshold=0.8000, trigger=False
    [Planner] Updated confidence: 0.9482188449114471
    [Belief Diff]
      + add (1): holding(brl_robot,waste1)
      - del (1): handempty(brl_robot)
[TIME] step_total=0.1657s (search=0.1652s, execute=0.0002s, update=0.0001s, interaction=0.0000s, pruning=0.0001s, overhead=0.0001s)
==================

Step: 8
[POMCP] applicable values:
        place_gw_bin(brl_robot, waste1, gw_bin): 0.0
        place_paper_bin(brl_robot, waste1, pp_bin): 0.0
        place_can_bin(brl_robot, waste1, ca_bin): 2.1434375
        place_plastic_bin(brl_robot, waste1, pl_bin): 12.58186566851628

[POMCP] Selected: place_plastic_bin(brl_robot, waste1, pl_bin)
[POMCP] Average simulation time:  0.0018
[POMCP] Average select time:  0.0
[Planner] Selected action: place_plastic_bin(brl_robot, waste1, pl_bin)
[Planner] Observation:  ['in_bin(waste1,pl_bin)', 'handempty(brl_robot)']
    [Feedback] method=ours-random-what, confidence=0.9946, threshold=0.8000, trigger=False
    [Planner] Updated confidence: 0.994630567098978
    [Belief Diff]
      + add (2): in_bin(waste1,pl_bin), handempty(brl_robot)
      - del (2): detected(waste1), holding(brl_robot,waste1)
[TIME] step_total=0.1821s (search=0.1817s, execute=0.0002s, update=0.0001s, interaction=0.0000s, pruning=0.0001s, overhead=0.0001s)
==================

Step: 9
[POMCP] applicable values:
        detect_waste(brl_robot): 8.568145100276775
        pick(brl_robot, waste2): 0.0

[POMCP] Selected: detect_waste(brl_robot)
[POMCP] Average simulation time:  0.0019
[POMCP] Average select time:  0.0
[Planner] Selected action: detect_waste(brl_robot)
[Planner] Observation:  ['detected(waste2)', 'plastic(waste2)']
    [Feedback] method=ours-random-what, confidence=0.3398, threshold=0.8000, trigger=True
    [Planner] Current confidence: 0.33977786669452226
    [Query] Q: can(waste2) is True?
    [Query] T: can(waste2)=True?
    [Query] A: False
    [Planner] Reduced 4 --> 3
    [Planner] Current confidence: 0.3964109335724513
    [Query] Q: paper(waste2) is True?
    [Query] T: paper(waste2)=True?
    [Query] A: False
    [Planner] Reduced 3 --> 2
    [Planner] Current confidence: 0.4751597902549425
    [Query] Q: plastic(waste2) is True?
    [Query] T: plastic(waste2)=True?
    [Query] A: True
    [Planner] Reduced 2 --> 1
    [Planner] Updated confidence: 1.0
    [Belief Diff]
      + add (0): -
      - del (0): -
[TIME] step_total=0.1961s (search=0.1895s, execute=0.0038s, update=0.0007s, interaction=0.0004s, pruning=0.0015s, overhead=0.0001s)
==================

Step: 10
[POMCP] applicable values:
        detect_waste(brl_robot): 0.0
        pick(brl_robot, waste2): 13.103757475490198

[POMCP] Selected: pick(brl_robot, waste2)
[POMCP] Average simulation time:  0.0017
[POMCP] Average select time:  0.0
[Planner] Selected action: pick(brl_robot, waste2)
[Planner] Observation:  ['holding(brl_robot,waste2)']
    [Feedback] method=ours-random-what, confidence=0.9417, threshold=0.8000, trigger=False
    [Planner] Updated confidence: 0.9416834360121623
    [Belief Diff]
      + add (1): holding(brl_robot,waste2)
      - del (1): handempty(brl_robot)
[TIME] step_total=0.1740s (search=0.1735s, execute=0.0002s, update=0.0001s, interaction=0.0000s, pruning=0.0002s, overhead=0.0001s)
==================

Step: 11
[POMCP] applicable values:
        place_gw_bin(brl_robot, waste2, gw_bin): 0.0
        place_paper_bin(brl_robot, waste2, pp_bin): 0.0
        place_can_bin(brl_robot, waste2, ca_bin): 0.0
        place_plastic_bin(brl_robot, waste2, pl_bin): 14.513888888888886

[POMCP] Selected: place_plastic_bin(brl_robot, waste2, pl_bin)
[POMCP] Average simulation time:  0.0019
[POMCP] Average select time:  0.0
[Planner] Selected action: place_plastic_bin(brl_robot, waste2, pl_bin)
[Planner] Observation:  ['in_bin(waste2,pl_bin)', 'handempty(brl_robot)']
    [Feedback] method=ours-random-what, confidence=0.9933, threshold=0.8000, trigger=False
    [Planner] Updated confidence: 0.9933472754172641
    [Belief Diff]
      + add (2): in_bin(waste2,pl_bin), handempty(brl_robot)
      - del (2): holding(brl_robot,waste2), detected(waste2)
[TIME] step_total=0.1857s (search=0.1853s, execute=0.0002s, update=0.0001s, interaction=0.0000s, pruning=0.0000s, overhead=0.0000s)
[TIME SUMMARY]
avg search: 0.3391s
avg execute: 0.0014s
avg update: 0.0161s
avg interaction: 0.0035s
avg pruning: 0.0003s
avg step wall: 0.3604s
total wall clock: 3.9642s
=============Action Log=============
[STEP 1]: detect_waste(brl_robot)
[STEP 2]: pick(brl_robot, waste3)
[STEP 3]: place_paper_bin(brl_robot, waste3, pp_bin)
[STEP 4]: detect_waste(brl_robot)
[STEP 5]: pick(brl_robot, waste4)
[STEP 6]: place_gw_bin(brl_robot, waste4, gw_bin)
[STEP 7]: pick(brl_robot, waste1)
[STEP 8]: place_plastic_bin(brl_robot, waste1, pl_bin)
[STEP 9]: detect_waste(brl_robot)
[STEP 10]: pick(brl_robot, waste2)
[STEP 11]: place_plastic_bin(brl_robot, waste2, pl_bin)
=============Final Knowledge=============
can_bin(ca_bin)
general(waste4)
general_bin(gw_bin)
handempty(brl_robot)
in_bin(waste1,pl_bin)
in_bin(waste2,pl_bin)
in_bin(waste3,pp_bin)
in_bin(waste4,gw_bin)
paper(waste3)
paper_bin(pp_bin)
plastic(waste1)
plastic(waste2)
plastic_bin(pl_bin)
robot(brl_robot)
waste(waste1)
waste(waste2)
waste(waste3)
waste(waste4)
=============Query=============
Total Query 26
=============Action Schema Summary=============
detect_waste: actions=3, questions=24, expected_questions_per_action=8.0000
pick: actions=4, questions=0, expected_questions_per_action=0.0000
place_gw_bin: actions=1, questions=1, expected_questions_per_action=1.0000
place_paper_bin: actions=1, questions=1, expected_questions_per_action=1.0000
place_plastic_bin: actions=2, questions=0, expected_questions_per_action=0.0000
=============Log File=============
/home/changmin/PyProject/00_BRL-CF/experiments_logs/system_log/e2_ablation/wastesorting/scene_03_step50/ours-random-what/oracle/exp_wastesorting_20260804_151048_812198.txt
