Step: 1
[POMCP] applicable values:
        detect_waste(brl_robot): 3.306306583311747

[POMCP] Selected: detect_waste(brl_robot)
[POMCP] Average simulation time:  0.0138
[POMCP] Average select time:  0.0
[Planner] Selected action: detect_waste(brl_robot)
[Planner] Observation:  ['can(waste4)', 'detected(waste1)', 'detected(waste2)', 'detected(waste3)', 'detected(waste4)', 'general(waste2)', 'paper(waste1)', 'plastic(waste3)']
    [Feedback] method=ours, confidence=0.4115, threshold=0.7000, trigger=True
    [Planner] Current confidence: 0.41151517489441924
    [Query] Q: can(waste4) is True?
    [Query] T: can(waste4)=True?
    [Query] A: True
    [Planner] Reduced 625 --> 125
    [Planner] Current confidence: 0.45581394206314074
    [Query] Q: plastic(waste3) is True?
    [Query] T: plastic(waste3)=True?
    [Query] A: True
    [Planner] Reduced 125 --> 25
    [Planner] Current confidence: 0.5397735431514865
    [Query] Q: general(waste2) is True?
    [Query] T: general(waste2)=True?
    [Query] A: True
    [Planner] Reduced 25 --> 5
    [Planner] Updated confidence: 0.7452787949415018
    [Belief Diff]
      + add (8): can(waste4), detected(waste1), detected(waste2), detected(waste3), detected(waste4), general(waste2), paper(waste1), plastic(waste3)
      - del (0): -
[TIME] step_total=1.5340s (search=1.3799s, execute=0.0058s, update=0.1292s, interaction=0.0189s, pruning=0.0002s, overhead=0.0001s)
==================

Step: 2
[POMCP] applicable values:
        detect_waste(brl_robot): 2.923547955423704
        pick(brl_robot, waste1): 0.0
        pick(brl_robot, waste2): 0.0
        pick(brl_robot, waste3): 9.79661433969707
        pick(brl_robot, waste4): 1.350900219156592

[POMCP] Selected: pick(brl_robot, waste3)
[POMCP] Average simulation time:  0.0037
[POMCP] Average select time:  0.0
[Planner] Selected action: pick(brl_robot, waste3)
[Planner] Observation:  ['holding(brl_robot,waste3)']
    [Feedback] method=ours, confidence=0.9305, threshold=0.7000, trigger=False
    [Planner] Updated confidence: 0.9305100937857237
    [Belief Diff]
      + add (1): holding(brl_robot,waste3)
      - del (1): handempty(brl_robot)
[TIME] step_total=0.3685s (search=0.3682s, execute=0.0001s, update=0.0001s, interaction=0.0000s, pruning=0.0001s, overhead=0.0000s)
==================

Step: 3
[POMCP] applicable values:
        place_gw_bin(brl_robot, waste3, gw_bin): 0.0
        place_paper_bin(brl_robot, waste3, pp_bin): 0.0
        place_can_bin(brl_robot, waste3, ca_bin): 0.0
        place_plastic_bin(brl_robot, waste3, pl_bin): 13.571165436092892

[POMCP] Selected: place_plastic_bin(brl_robot, waste3, pl_bin)
[POMCP] Average simulation time:  0.0017
[POMCP] Average select time:  0.0
[Planner] Selected action: place_plastic_bin(brl_robot, waste3, pl_bin)
[Planner] Observation:  ['in_bin(waste3,pl_bin)', 'handempty(brl_robot)']
    [Feedback] method=ours, confidence=0.9991, threshold=0.7000, trigger=False
    [Planner] Updated confidence: 0.999108106393439
    [Belief Diff]
      + add (2): in_bin(waste3,pl_bin), handempty(brl_robot)
      - del (2): holding(brl_robot,waste3), detected(waste3)
[TIME] step_total=0.1732s (search=0.1728s, execute=0.0001s, update=0.0001s, interaction=0.0000s, pruning=0.0001s, overhead=0.0001s)
==================

Step: 4
[POMCP] applicable values:
        detect_waste(brl_robot): 4.297968229166665
        pick(brl_robot, waste1): 0.0
        pick(brl_robot, waste2): 4.636120907542855
        pick(brl_robot, waste4): 11.598416407765527

[POMCP] Selected: pick(brl_robot, waste4)
[POMCP] Average simulation time:  0.0017
[POMCP] Average select time:  0.0
[Planner] Selected action: pick(brl_robot, waste4)
[Planner] Observation:  ['holding(brl_robot,waste4)']
    [Feedback] method=ours, confidence=0.8933, threshold=0.7000, trigger=False
    [Planner] Updated confidence: 0.89334141186911
    [Belief Diff]
      + add (1): holding(brl_robot,waste4)
      - del (1): handempty(brl_robot)
[TIME] step_total=0.1707s (search=0.1703s, execute=0.0001s, update=0.0001s, interaction=0.0000s, pruning=0.0001s, overhead=0.0000s)
==================

Step: 5
[POMCP] applicable values:
        place_gw_bin(brl_robot, waste4, gw_bin): 3.151247048623046
        place_paper_bin(brl_robot, waste4, pp_bin): 0.0
        place_can_bin(brl_robot, waste4, ca_bin): 13.84474219412055
        place_plastic_bin(brl_robot, waste4, pl_bin): 4.07253125

[POMCP] Selected: place_can_bin(brl_robot, waste4, ca_bin)
[POMCP] Average simulation time:  0.0017
[POMCP] Average select time:  0.0
[Planner] Selected action: place_can_bin(brl_robot, waste4, ca_bin)
[Planner] Observation:  ['detected(waste4)', 'holding(brl_robot,waste4)']
    [Feedback] method=ours, confidence=0.7212, threshold=0.7000, trigger=False
    [Planner] Updated confidence: 0.7211918263760402
    [Belief Diff]
      + add (0): -
      - del (0): -
[TIME] step_total=0.1696s (search=0.1686s, execute=0.0001s, update=0.0001s, interaction=0.0000s, pruning=0.0007s, overhead=0.0000s)
==================

Step: 6
[POMCP] applicable values:
        place_gw_bin(brl_robot, waste4, gw_bin): 0.0
        place_paper_bin(brl_robot, waste4, pp_bin): 0.0
        place_can_bin(brl_robot, waste4, ca_bin): 0.0
        place_plastic_bin(brl_robot, waste4, pl_bin): 5.4502259267357

[POMCP] Selected: place_plastic_bin(brl_robot, waste4, pl_bin)
[POMCP] Average simulation time:  0.0016
[POMCP] Average select time:  0.0
[Planner] Selected action: place_plastic_bin(brl_robot, waste4, pl_bin)
[Planner] Observation:  ['in_bin(waste4,pl_bin)', 'handempty(brl_robot)']
    [Feedback] method=ours, confidence=0.9855, threshold=0.7000, trigger=False
    [Planner] Updated confidence: 0.9855113896947126
    [Belief Diff]
      + add (2): in_bin(waste4,pl_bin), handempty(brl_robot)
      - del (2): holding(brl_robot,waste4), detected(waste4)
[TIME] step_total=0.1567s (search=0.1564s, execute=0.0001s, update=0.0001s, interaction=0.0000s, pruning=0.0000s, overhead=0.0000s)
[TIME SUMMARY]
avg search: 0.4027s
avg execute: 0.0011s
avg update: 0.0216s
avg interaction: 0.0032s
avg pruning: 0.0002s
avg step wall: 0.4288s
total wall clock: 2.5726s
=============Action Log=============
[STEP 1]: detect_waste(brl_robot)
[STEP 2]: pick(brl_robot, waste3)
[STEP 3]: place_plastic_bin(brl_robot, waste3, pl_bin)
[STEP 4]: pick(brl_robot, waste4)
[STEP 5]: place_can_bin(brl_robot, waste4, ca_bin)
[STEP 6]: place_plastic_bin(brl_robot, waste4, pl_bin)
=============Final Knowledge=============
can(waste4)
can_bin(ca_bin)
detected(waste1)
detected(waste2)
general(waste2)
general_bin(gw_bin)
handempty(brl_robot)
in_bin(waste3,pl_bin)
in_bin(waste4,pl_bin)
paper(waste1)
paper_bin(pp_bin)
plastic(waste3)
plastic_bin(pl_bin)
robot(brl_robot)
waste(waste1)
waste(waste2)
waste(waste3)
waste(waste4)
=============Query=============
Total Query 3
=============Action Schema Summary=============
detect_waste: actions=1, questions=3, expected_questions_per_action=3.0000
pick: actions=2, questions=0, expected_questions_per_action=0.0000
place_can_bin: actions=1, questions=0, expected_questions_per_action=0.0000
place_plastic_bin: actions=2, questions=0, expected_questions_per_action=0.0000
=============Log File=============
/home/changmin/PyProject/00_BRL-CF/experiments_logs/system_log/e1_threshold/wastesorting/scene_01_step50/ours/oracle/tau_0-7/exp_wastesorting_20260804_080304_236831.txt
