Step: 1
[POMCP] applicable values:
        detect_waste(brl_robot): 3.542522577874264

[POMCP] Selected: detect_waste(brl_robot)
[POMCP] Average simulation time:  0.0135
[POMCP] Average select time:  0.0
[Planner] Selected action: detect_waste(brl_robot)
[Planner] Observation:  ['detected(waste1)', 'detected(waste2)', 'paper(waste1)', 'paper(waste2)']
    [Feedback] method=ours, confidence=0.4143, threshold=0.0000, trigger=False
    [Planner] Updated confidence: 0.4142906584296343
    [Belief Diff]
      + add (4): detected(waste1), detected(waste2), paper(waste1), paper(waste2)
      - del (0): -
[TIME] step_total=1.4799s (search=1.3453s, execute=0.0067s, update=0.1275s, interaction=0.0001s, pruning=0.0002s, overhead=0.0000s)
==================

Step: 2
[POMCP] applicable values:
        detect_waste(brl_robot): 0.0
        pick(brl_robot, waste1): 8.681666913791345
        pick(brl_robot, waste2): 1.7458432402343749

[POMCP] Selected: pick(brl_robot, waste1)
[POMCP] Average simulation time:  0.0028
[POMCP] Average select time:  0.0
[Planner] Selected action: pick(brl_robot, waste1)
[Planner] Observation:  ['holding(brl_robot,waste1)']
    [Feedback] method=ours, confidence=0.9404, threshold=0.0000, trigger=False
    [Planner] Updated confidence: 0.9403518289057293
    [Belief Diff]
      + add (1): holding(brl_robot,waste1)
      - del (1): handempty(brl_robot)
[TIME] step_total=0.2758s (search=0.2755s, execute=0.0001s, update=0.0001s, interaction=0.0000s, pruning=0.0000s, overhead=0.0000s)
==================

Step: 3
[POMCP] applicable values:
        place_gw_bin(brl_robot, waste1, gw_bin): 2.844000461382299
        place_paper_bin(brl_robot, waste1, pp_bin): 10.264251991206109
        place_can_bin(brl_robot, waste1, ca_bin): 0.0
        place_plastic_bin(brl_robot, waste1, pl_bin): 0.0

[POMCP] Selected: place_paper_bin(brl_robot, waste1, pp_bin)
[POMCP] Average simulation time:  0.0021
[POMCP] Average select time:  0.0
[Planner] Selected action: place_paper_bin(brl_robot, waste1, pp_bin)
[Planner] Observation:  ['in_bin(waste1,pp_bin)', 'handempty(brl_robot)']
    [Feedback] method=ours, confidence=0.9970, threshold=0.0000, trigger=False
    [Planner] Updated confidence: 0.9969730825908272
    [Belief Diff]
      + add (2): in_bin(waste1,pp_bin), handempty(brl_robot)
      - del (2): detected(waste1), holding(brl_robot,waste1)
[TIME] step_total=0.2135s (search=0.2131s, execute=0.0001s, update=0.0001s, interaction=0.0000s, pruning=0.0001s, overhead=0.0000s)
==================

Step: 4
[POMCP] applicable values:
        detect_waste(brl_robot): 2.964251679492187
        pick(brl_robot, waste2): 6.453151234968244

[POMCP] Selected: pick(brl_robot, waste2)
[POMCP] Average simulation time:  0.0021
[POMCP] Average select time:  0.0
[Planner] Selected action: pick(brl_robot, waste2)
[Planner] Observation:  ['handempty(brl_robot)']
    [Feedback] method=ours, confidence=0.0003, threshold=0.0000, trigger=False
    [Planner] Updated confidence: 0.00033977523314354663
    [Belief Diff]
      + add (1): holding(brl_robot,waste2)
      - del (1): handempty(brl_robot)
[TIME] step_total=0.2082s (search=0.2079s, execute=0.0001s, update=0.0001s, interaction=0.0000s, pruning=0.0001s, overhead=0.0000s)
==================

Step: 5
[POMCP] applicable values:
        place_gw_bin(brl_robot, waste2, gw_bin): 4.07253125
        place_paper_bin(brl_robot, waste2, pp_bin): 7.564528788034819
        place_can_bin(brl_robot, waste2, ca_bin): 4.286875
        place_plastic_bin(brl_robot, waste2, pl_bin): 0.0

[POMCP] Selected: place_paper_bin(brl_robot, waste2, pp_bin)
[POMCP] Average simulation time:  0.0018
[POMCP] Average select time:  0.0
[Planner] Selected action: place_paper_bin(brl_robot, waste2, pp_bin)
[Planner] Observation:  ['in_bin(waste2,pp_bin)', 'handempty(brl_robot)']
    [Feedback] method=ours, confidence=0.9855, threshold=0.0000, trigger=False
    [Planner] Updated confidence: 0.9854829519154951
    [Belief Diff]
      + add (2): in_bin(waste2,pp_bin), handempty(brl_robot)
      - del (2): detected(waste2), holding(brl_robot,waste2)
[TIME] step_total=0.1851s (search=0.1848s, execute=0.0001s, update=0.0001s, interaction=0.0000s, pruning=0.0001s, overhead=0.0000s)
==================

Step: 6
[POMCP] applicable values:
        detect_waste(brl_robot): 3.086977804626747

[POMCP] Selected: detect_waste(brl_robot)
[POMCP] Average simulation time:  0.002
[POMCP] Average select time:  0.0
[Planner] Selected action: detect_waste(brl_robot)
[Planner] Observation:  ['detected(waste3)', 'detected(waste4)', 'general(waste3)', 'general(waste4)']
    [Feedback] method=ours, confidence=0.2982, threshold=0.0000, trigger=False
    [Planner] Updated confidence: 0.2982211216041888
    [Belief Diff]
      + add (4): detected(waste3), detected(waste4), general(waste3), general(waste4)
      - del (0): -
[TIME] step_total=0.2040s (search=0.1955s, execute=0.0034s, update=0.0041s, interaction=0.0000s, pruning=0.0009s, overhead=0.0001s)
==================

Step: 7
[POMCP] applicable values:
        detect_waste(brl_robot): 0.0
        pick(brl_robot, waste3): 0.0
        pick(brl_robot, waste4): 9.982774311664492

[POMCP] Selected: pick(brl_robot, waste4)
[POMCP] Average simulation time:  0.0016
[POMCP] Average select time:  0.0
[Planner] Selected action: pick(brl_robot, waste4)
[Planner] Observation:  ['holding(brl_robot,waste4)']
    [Feedback] method=ours, confidence=0.9282, threshold=0.0000, trigger=False
    [Planner] Updated confidence: 0.9282475465726274
    [Belief Diff]
      + add (1): holding(brl_robot,waste4)
      - del (1): handempty(brl_robot)
[TIME] step_total=0.1609s (search=0.1605s, execute=0.0001s, update=0.0001s, interaction=0.0000s, pruning=0.0001s, overhead=0.0001s)
==================

Step: 8
[POMCP] applicable values:
        place_gw_bin(brl_robot, waste4, gw_bin): 12.432702576904083
        place_paper_bin(brl_robot, waste4, pp_bin): 0.0
        place_can_bin(brl_robot, waste4, ca_bin): 0.0
        place_plastic_bin(brl_robot, waste4, pl_bin): 4.07253125

[POMCP] Selected: place_gw_bin(brl_robot, waste4, gw_bin)
[POMCP] Average simulation time:  0.0017
[POMCP] Average select time:  0.0
[Planner] Selected action: place_gw_bin(brl_robot, waste4, gw_bin)
[Planner] Observation:  ['in_bin(waste4,gw_bin)', 'handempty(brl_robot)']
    [Feedback] method=ours, confidence=0.9934, threshold=0.0000, trigger=False
    [Planner] Updated confidence: 0.9933665455533881
    [Belief Diff]
      + add (2): in_bin(waste4,gw_bin), handempty(brl_robot)
      - del (2): detected(waste4), holding(brl_robot,waste4)
[TIME] step_total=0.1681s (search=0.1677s, execute=0.0001s, update=0.0001s, interaction=0.0000s, pruning=0.0001s, overhead=0.0001s)
==================

Step: 9
[POMCP] applicable values:
        detect_waste(brl_robot): 0.0
        pick(brl_robot, waste3): 8.97457555970149

[POMCP] Selected: pick(brl_robot, waste3)
[POMCP] Average simulation time:  0.0018
[POMCP] Average select time:  0.0
[Planner] Selected action: pick(brl_robot, waste3)
[Planner] Observation:  ['holding(brl_robot,waste3)']
    [Feedback] method=ours, confidence=0.9299, threshold=0.0000, trigger=False
    [Planner] Updated confidence: 0.929900212071259
    [Belief Diff]
      + add (1): holding(brl_robot,waste3)
      - del (1): handempty(brl_robot)
[TIME] step_total=0.1843s (search=0.1839s, execute=0.0001s, update=0.0001s, interaction=0.0000s, pruning=0.0001s, overhead=0.0001s)
==================

Step: 10
[POMCP] applicable values:
        place_gw_bin(brl_robot, waste3, gw_bin): 5.0
        place_paper_bin(brl_robot, waste3, pp_bin): 0.0
        place_can_bin(brl_robot, waste3, ca_bin): 9.840878378378376
        place_plastic_bin(brl_robot, waste3, pl_bin): 0.0

[POMCP] Selected: place_can_bin(brl_robot, waste3, ca_bin)
[POMCP] Average simulation time:  0.0018
[POMCP] Average select time:  0.0
[Planner] Selected action: place_can_bin(brl_robot, waste3, ca_bin)
[Planner] Observation:  ['in_bin(waste3,ca_bin)', 'handempty(brl_robot)']
    [Feedback] method=ours, confidence=0.9941, threshold=0.0000, trigger=False
    [Planner] Updated confidence: 0.9940968742315117
    [Belief Diff]
      + add (2): in_bin(waste3,ca_bin), handempty(brl_robot)
      - del (2): holding(brl_robot,waste3), detected(waste3)
[TIME] step_total=0.1822s (search=0.1819s, execute=0.0001s, update=0.0001s, interaction=0.0001s, pruning=0.0000s, overhead=0.0001s)
[TIME SUMMARY]
avg search: 0.3116s
avg execute: 0.0011s
avg update: 0.0132s
avg interaction: 0.0000s
avg pruning: 0.0002s
avg step wall: 0.3262s
total wall clock: 3.2621s
=============Action Log=============
[STEP 1]: detect_waste(brl_robot)
[STEP 2]: pick(brl_robot, waste1)
[STEP 3]: place_paper_bin(brl_robot, waste1, pp_bin)
[STEP 4]: pick(brl_robot, waste2)
[STEP 5]: place_paper_bin(brl_robot, waste2, pp_bin)
[STEP 6]: detect_waste(brl_robot)
[STEP 7]: pick(brl_robot, waste4)
[STEP 8]: place_gw_bin(brl_robot, waste4, gw_bin)
[STEP 9]: pick(brl_robot, waste3)
[STEP 10]: place_can_bin(brl_robot, waste3, ca_bin)
=============Final Knowledge=============
can_bin(ca_bin)
general(waste3)
general(waste4)
general_bin(gw_bin)
handempty(brl_robot)
in_bin(waste1,pp_bin)
in_bin(waste2,pp_bin)
in_bin(waste3,ca_bin)
in_bin(waste4,gw_bin)
paper(waste1)
paper(waste2)
paper_bin(pp_bin)
plastic_bin(pl_bin)
robot(brl_robot)
waste(waste1)
waste(waste2)
waste(waste3)
waste(waste4)
=============Query=============
Total Query 0
=============Action Schema Summary=============
detect_waste: actions=2, questions=0, expected_questions_per_action=0.0000
pick: actions=4, questions=0, expected_questions_per_action=0.0000
place_can_bin: actions=1, questions=0, expected_questions_per_action=0.0000
place_gw_bin: actions=1, questions=0, expected_questions_per_action=0.0000
place_paper_bin: actions=2, questions=0, expected_questions_per_action=0.0000
=============Log File=============
/home/changmin/PyProject/00_BRL-CF/experiments_logs/system_log/e1_threshold/wastesorting/scene_04_step50/ours/oracle/tau_0-0/exp_wastesorting_20260804_090820_253641.txt
