Step: 1
[POMCP] applicable values:
        navigate(brl_robot, dock_station, stem_01): 1.5669189310827174
        navigate(brl_robot, dock_station, stem_02): 1.058726083664951

[POMCP] Selected: navigate(brl_robot, dock_station, stem_01)
[POMCP] Average simulation time:  0.0075
[POMCP] Average select time:  0.0
[Planner] Selected action: navigate(brl_robot, dock_station, stem_01)
[Planner] Observation:  ['located(brl_robot,dock_station)']
    [Feedback] method=ours-random-when, confidence=0.3520, threshold=0.8000, trigger=False
    [Planner] Updated confidence: 0.35201338138787963
    [Belief Diff]
      + add (0): -
      - del (0): -
[TIME] step_total=0.7547s (search=0.7539s, execute=0.0002s, update=0.0002s, interaction=0.0001s, pruning=0.0004s, overhead=0.0001s)
==================

Step: 2
[POMCP] applicable values:
        navigate(brl_robot, dock_station, stem_01): 1.1336375547042223
        navigate(brl_robot, dock_station, stem_02): 1.9001147118876185

[POMCP] Selected: navigate(brl_robot, dock_station, stem_02)
[POMCP] Average simulation time:  0.0082
[POMCP] Average select time:  0.0
[Planner] Selected action: navigate(brl_robot, dock_station, stem_02)
[Planner] Observation:  ['located(brl_robot,stem_02)']
    [Feedback] method=ours-random-when, confidence=0.9717, threshold=0.8000, trigger=False
    [Planner] Updated confidence: 0.9716909750919895
    [Belief Diff]
      + add (1): located(brl_robot,stem_02)
      - del (1): located(brl_robot,dock_station)
[TIME] step_total=0.8250s (search=0.8242s, execute=0.0002s, update=0.0001s, interaction=0.0000s, pruning=0.0004s, overhead=0.0001s)
==================

Step: 3
[POMCP] applicable values:
        navigate(brl_robot, stem_02, dock_station): 1.4010181610409203
        navigate(brl_robot, stem_02, stem_01): 0.0
        detect(brl_robot, stem_02): 1.8770185408586135

[POMCP] Selected: detect(brl_robot, stem_02)
[POMCP] Average simulation time:  0.0093
[POMCP] Average select time:  0.0
[Planner] Selected action: detect(brl_robot, stem_02)
[Planner] Observation:  ['observed(tomato3)', 'observed(tomato4)', 'ripe(tomato3)', 'ripe(tomato4)']
    [Feedback] method=ours-random-when, confidence=0.1864, threshold=0.8000, trigger=False
    [Planner] Updated confidence: 0.1864432140992055
    [Belief Diff]
      + add (6): at(tomato3,stem_02), at(tomato4,stem_02), observed(tomato3), observed(tomato4), ripe(tomato3), ripe(tomato4)
      - del (0): -
[TIME] step_total=0.9374s (search=0.9329s, execute=0.0005s, update=0.0034s, interaction=0.0001s, pruning=0.0005s, overhead=0.0001s)
==================

Step: 4
[POMCP] applicable values:
        navigate(brl_robot, stem_02, dock_station): 0.0
        navigate(brl_robot, stem_02, stem_01): 1.89670490376823
        detect(brl_robot, stem_02): 1.986071592291091
        pick(brl_robot, tomato3, stem_02): 4.8137420069968675
        pick(brl_robot, tomato4, stem_02): 0.0

[POMCP] Selected: pick(brl_robot, tomato3, stem_02)
[POMCP] Average simulation time:  0.009
[POMCP] Average select time:  0.0
[Planner] Selected action: pick(brl_robot, tomato3, stem_02)
[Planner] Observation:  ['holding(brl_robot,tomato3)', 'holded(tomato3,brl_robot)']
    [Feedback] method=ours-random-when, confidence=0.9979, threshold=0.8000, trigger=False
    [Planner] Updated confidence: 0.9979052813085229
    [Belief Diff]
      + add (2): holding(brl_robot,tomato3), holded(tomato3,brl_robot)
      - del (2): handempty(brl_robot), at(tomato3,stem_02)
[TIME] step_total=0.8996s (search=0.8991s, execute=0.0002s, update=0.0001s, interaction=0.0000s, pruning=0.0001s, overhead=0.0001s)
==================

Step: 5
[POMCP] applicable values:
        scan(brl_robot, tomato3): 5.882187971124264
        place(brl_robot, tomato3): 2.920134426868092
        discard(brl_robot, tomato3): 1.5367843386251179

[POMCP] Selected: scan(brl_robot, tomato3)
[POMCP] Average simulation time:  0.0091
[POMCP] Average select time:  0.0
[Planner] Selected action: scan(brl_robot, tomato3)
[Planner] Observation:  ['ripe(tomato3)']
    [Feedback] method=ours-random-when, confidence=0.8491, threshold=0.8000, trigger=False
    [Planner] Updated confidence: 0.8491468305537484
    [Belief Diff]
      + add (1): scanned(tomato3)
      - del (0): -
[TIME] step_total=0.9150s (search=0.9132s, execute=0.0004s, update=0.0002s, interaction=0.0001s, pruning=0.0010s, overhead=0.0001s)
==================

Step: 6
[POMCP] applicable values:
        scan(brl_robot, tomato3): 4.676306411616265
        place(brl_robot, tomato3): 5.99992387483781
        discard(brl_robot, tomato3): 0.0

[POMCP] Selected: place(brl_robot, tomato3)
[POMCP] Average simulation time:  0.0106
[POMCP] Average select time:  0.0
[Planner] Selected action: place(brl_robot, tomato3)
[Planner] Observation:  ['loaded(tomato3,brl_robot)', 'handempty(brl_robot)']
    [Feedback] method=ours-random-when, confidence=0.9980, threshold=0.8000, trigger=False
    [Planner] Updated confidence: 0.9979856607159248
    [Belief Diff]
      + add (2): loaded(tomato3,brl_robot), handempty(brl_robot)
      - del (2): holding(brl_robot,tomato3), holded(tomato3,brl_robot)
[TIME] step_total=1.0625s (search=1.0619s, execute=0.0002s, update=0.0001s, interaction=0.0000s, pruning=0.0001s, overhead=0.0001s)
==================

Step: 7
[POMCP] applicable values:
        navigate(brl_robot, stem_02, dock_station): 0.28380135524009564
        navigate(brl_robot, stem_02, stem_01): 1.3691527115013251
        detect(brl_robot, stem_02): 0.37421058702398674
        pick(brl_robot, tomato4, stem_02): 0.6365358648023187

[POMCP] Selected: navigate(brl_robot, stem_02, stem_01)
[POMCP] Average simulation time:  0.0114
[POMCP] Average select time:  0.0
[Planner] Selected action: navigate(brl_robot, stem_02, stem_01)
[Planner] Observation:  ['located(brl_robot,dock_station)']
    [Feedback] method=ours-random-when, confidence=0.5570, threshold=0.8000, trigger=False
    [Planner] Updated confidence: 0.5570007645795891
    [Belief Diff]
      + add (1): located(brl_robot,stem_01)
      - del (1): located(brl_robot,stem_02)
[TIME] step_total=1.1390s (search=1.1382s, execute=0.0002s, update=0.0001s, interaction=0.0000s, pruning=0.0004s, overhead=0.0001s)
==================

Step: 8
[POMCP] applicable values:
        navigate(brl_robot, stem_01, dock_station): 0.9732652936587483
        navigate(brl_robot, stem_01, stem_02): 1.9308089653857412
        detect(brl_robot, stem_01): 0.9433042338753831

[POMCP] Selected: navigate(brl_robot, stem_01, stem_02)
[POMCP] Average simulation time:  0.0121
[POMCP] Average select time:  0.0
[Planner] Selected action: navigate(brl_robot, stem_01, stem_02)
[Planner] Observation:  ['located(brl_robot,stem_01)']
    [Feedback] method=ours-random-when, confidence=0.5273, threshold=0.8000, trigger=True
    [Planner] Current confidence: 0.5272855653312333
    [Query] Q: located(brl_robot,stem_02) is True?
    [Query] T: located(brl_robot,stem_02)=True?
    [Query] A: True
    [Planner] Reduced 3 --> 1
    [Planner] Updated confidence: 1.0
    [Belief Diff]
      + add (1): located(brl_robot,stem_02)
      - del (1): located(brl_robot,stem_01)
[TIME] step_total=1.2095s (search=1.2065s, execute=0.0002s, update=0.0001s, interaction=0.0022s, pruning=0.0004s, overhead=0.0001s)
==================

Step: 9
[POMCP] applicable values:
        navigate(brl_robot, stem_02, dock_station): 0.0
        navigate(brl_robot, stem_02, stem_01): 0.8828189838852918
        detect(brl_robot, stem_02): 2.6878693430205343
        pick(brl_robot, tomato4, stem_02): 0.0

[POMCP] Selected: detect(brl_robot, stem_02)
[POMCP] Average simulation time:  0.0122
[POMCP] Average select time:  0.0
[Planner] Selected action: detect(brl_robot, stem_02)
[Planner] Observation:  ['observed(tomato4)', 'unripe(tomato4)']
    [Feedback] method=ours-random-when, confidence=0.1011, threshold=0.8000, trigger=True
    [Planner] Current confidence: 0.10110621708733303
    [Query] Q: at(tomato1,stem_02) is True?
    [Query] T: at(tomato1,stem_02)=True?
    [Query] A: False
    [Planner] Reduced 18 --> 6
    [Planner] Current confidence: 0.16292582058278826
    [Query] Q: at(tomato2,stem_02) is True?
    [Query] T: at(tomato2,stem_02)=True?
    [Query] A: False
    [Planner] Reduced 6 --> 2
    [Planner] Current confidence: 0.4208243075763479
    [Query] Q: ripe(tomato4) is True?
    [Query] T: ripe(tomato4)=True?
    [Query] A: False
    [Planner] Reduced 2 --> 1
    [Planner] Updated confidence: 1.0
    [Belief Diff]
      + add (1): unripe(tomato4)
      - del (1): ripe(tomato4)
[TIME] step_total=1.2291s (search=1.2203s, execute=0.0028s, update=0.0029s, interaction=0.0013s, pruning=0.0016s, overhead=0.0001s)
==================

Step: 10
[POMCP] applicable values:
        navigate(brl_robot, stem_02, dock_station): 1.0670078467860549
        navigate(brl_robot, stem_02, stem_01): 0.7759303289930555
        detect(brl_robot, stem_02): 1.2954302112143217

[POMCP] Selected: detect(brl_robot, stem_02)
[POMCP] Average simulation time:  0.0121
[POMCP] Average select time:  0.0
[Planner] Selected action: detect(brl_robot, stem_02)
[Planner] Observation:  ['observed(tomato4)', 'unripe(tomato4)']
    [Feedback] method=ours-random-when, confidence=0.1230, threshold=0.8000, trigger=True
    [Planner] Current confidence: 0.12301874497338805
    [Query] Q: at(tomato2,stem_02) is True?
    [Query] T: at(tomato2,stem_02)=True?
    [Query] A: False
    [Planner] Reduced 18 --> 6
    [Planner] Current confidence: 0.19827395774229672
    [Query] Q: at(tomato1,stem_02) is True?
    [Query] T: at(tomato1,stem_02)=True?
    [Query] A: False
    [Planner] Reduced 6 --> 2
    [Planner] Current confidence: 0.5121979178434478
    [Query] Q: ripe(tomato4) is True?
    [Query] T: ripe(tomato4)=True?
    [Query] A: False
    [Planner] Reduced 2 --> 1
    [Planner] Updated confidence: 1.0
    [Belief Diff]
      + add (0): -
      - del (0): -
[TIME] step_total=1.2172s (search=1.2099s, execute=0.0026s, update=0.0028s, interaction=0.0013s, pruning=0.0005s, overhead=0.0001s)
==================

Step: 11
[POMCP] applicable values:
        navigate(brl_robot, stem_02, dock_station): 0.7817795434623808
        navigate(brl_robot, stem_02, stem_01): 0.0
        detect(brl_robot, stem_02): 1.5631603576459268

[POMCP] Selected: detect(brl_robot, stem_02)
[POMCP] Average simulation time:  0.0115
[POMCP] Average select time:  0.0
[Planner] Selected action: detect(brl_robot, stem_02)
[Planner] Observation:  ['observed(tomato4)', 'unripe(tomato4)']
    [Feedback] method=ours-random-when, confidence=0.0851, threshold=0.8000, trigger=False
    [Planner] Updated confidence: 0.08513620163220914
    [Belief Diff]
      + add (0): -
      - del (0): -
[TIME] step_total=1.1537s (search=1.1476s, execute=0.0027s, update=0.0028s, interaction=0.0000s, pruning=0.0005s, overhead=0.0001s)
==================

Step: 12
[POMCP] applicable values:
        navigate(brl_robot, stem_02, dock_station): 0.0
        navigate(brl_robot, stem_02, stem_01): 0.6621443625196152
        detect(brl_robot, stem_02): 1.6333714387895613

[POMCP] Selected: detect(brl_robot, stem_02)
[POMCP] Average simulation time:  0.0126
[POMCP] Average select time:  0.0
[Planner] Selected action: detect(brl_robot, stem_02)
[Planner] Observation:  ['observed(tomato4)', 'unripe(tomato4)']
    [Feedback] method=ours-random-when, confidence=0.1042, threshold=0.8000, trigger=True
    [Planner] Current confidence: 0.10422821764161028
    [Query] Q: at(tomato2,stem_02) is True?
    [Query] T: at(tomato2,stem_02)=True?
    [Query] A: False
    [Planner] Reduced 18 --> 6
    [Planner] Current confidence: 0.16796206753174414
    [Query] Q: at(tomato1,stem_02) is True?
    [Query] T: at(tomato1,stem_02)=True?
    [Query] A: False
    [Planner] Reduced 6 --> 2
    [Planner] Current confidence: 0.4338428172328809
    [Query] Q: ripe(tomato4) is True?
    [Query] T: ripe(tomato4)=True?
    [Query] A: False
    [Planner] Reduced 2 --> 1
    [Planner] Updated confidence: 1.0
    [Belief Diff]
      + add (0): -
      - del (0): -
[TIME] step_total=1.2637s (search=1.2565s, execute=0.0026s, update=0.0028s, interaction=0.0012s, pruning=0.0005s, overhead=0.0001s)
==================

Step: 13
[POMCP] applicable values:
        navigate(brl_robot, stem_02, dock_station): 0.0
        navigate(brl_robot, stem_02, stem_01): 1.126938526731886
        detect(brl_robot, stem_02): 0.0

[POMCP] Selected: navigate(brl_robot, stem_02, stem_01)
[POMCP] Average simulation time:  0.0109
[POMCP] Average select time:  0.0
[Planner] Selected action: navigate(brl_robot, stem_02, stem_01)
[Planner] Observation:  ['located(brl_robot,stem_01)']
    [Feedback] method=ours-random-when, confidence=0.9301, threshold=0.8000, trigger=False
    [Planner] Updated confidence: 0.9300912961789639
    [Belief Diff]
      + add (1): located(brl_robot,stem_01)
      - del (1): located(brl_robot,stem_02)
[TIME] step_total=1.0863s (search=1.0857s, execute=0.0002s, update=0.0001s, interaction=0.0000s, pruning=0.0002s, overhead=0.0001s)
==================

Step: 14
[POMCP] applicable values:
        navigate(brl_robot, stem_01, dock_station): 1.1984606773181161
        navigate(brl_robot, stem_01, stem_02): 1.1136968477215714
        detect(brl_robot, stem_01): 1.7124376882294268

[POMCP] Selected: detect(brl_robot, stem_01)
[POMCP] Average simulation time:  0.0118
[POMCP] Average select time:  0.0
[Planner] Selected action: detect(brl_robot, stem_01)
[Planner] Observation:  ['observed(tomato1)', 'observed(tomato2)', 'ripe(tomato1)', 'ripe(tomato2)']
    [Feedback] method=ours-random-when, confidence=0.3879, threshold=0.8000, trigger=False
    [Planner] Updated confidence: 0.38792930873094733
    [Belief Diff]
      + add (6): at(tomato1,stem_01), at(tomato2,stem_01), observed(tomato1), observed(tomato2), ripe(tomato1), ripe(tomato2)
      - del (0): -
[TIME] step_total=1.1900s (search=1.1833s, execute=0.0025s, update=0.0031s, interaction=0.0001s, pruning=0.0010s, overhead=0.0001s)
==================

Step: 15
[POMCP] applicable values:
        navigate(brl_robot, stem_01, dock_station): 1.946214615825419
        navigate(brl_robot, stem_01, stem_02): 1.2574039039227725
        detect(brl_robot, stem_01): 1.7009768783400179
        pick(brl_robot, tomato1, stem_01): 0.0
        pick(brl_robot, tomato2, stem_01): 0.9025000000000002

[POMCP] Selected: navigate(brl_robot, stem_01, dock_station)
[POMCP] Average simulation time:  0.0109
[POMCP] Average select time:  0.0
[Planner] Selected action: navigate(brl_robot, stem_01, dock_station)
[Planner] Observation:  ['located(brl_robot,dock_station)']
    [Feedback] method=ours-random-when, confidence=0.9468, threshold=0.8000, trigger=False
    [Planner] Updated confidence: 0.9468270467887786
    [Belief Diff]
      + add (1): located(brl_robot,dock_station)
      - del (1): located(brl_robot,stem_01)
[TIME] step_total=1.0948s (search=1.0940s, execute=0.0002s, update=0.0001s, interaction=0.0000s, pruning=0.0004s, overhead=0.0001s)
==================

Step: 16
[POMCP] applicable values:
        navigate(brl_robot, dock_station, stem_01): 4.040737327537129
        navigate(brl_robot, dock_station, stem_02): 1.590534948084076

[POMCP] Selected: navigate(brl_robot, dock_station, stem_01)
[POMCP] Average simulation time:  0.0091
[POMCP] Average select time:  0.0
[Planner] Selected action: navigate(brl_robot, dock_station, stem_01)
[Planner] Observation:  ['located(brl_robot,stem_01)']
    [Feedback] method=ours-random-when, confidence=0.9498, threshold=0.8000, trigger=True
    [Planner] Current confidence: 0.9497765007953606
    [Query] Q: located(brl_robot,stem_01) is True?
    [Query] T: located(brl_robot,stem_01)=True?
    [Query] A: True
    [Planner] Reduced 3 --> 1
    [Planner] Updated confidence: 1.0
    [Belief Diff]
      + add (1): located(brl_robot,stem_01)
      - del (1): located(brl_robot,dock_station)
[TIME] step_total=0.9111s (search=0.9102s, execute=0.0002s, update=0.0001s, interaction=0.0003s, pruning=0.0002s, overhead=0.0001s)
==================

Step: 17
[POMCP] applicable values:
        navigate(brl_robot, stem_01, dock_station): 0.0
        navigate(brl_robot, stem_01, stem_02): 2.2660043126737808
        detect(brl_robot, stem_01): 0.0
        pick(brl_robot, tomato1, stem_01): 2.4334070906445313
        pick(brl_robot, tomato2, stem_01): 6.4992855352878545

[POMCP] Selected: pick(brl_robot, tomato2, stem_01)
[POMCP] Average simulation time:  0.009
[POMCP] Average select time:  0.0001
[Planner] Selected action: pick(brl_robot, tomato2, stem_01)
[Planner] Observation:  ['holding(brl_robot,tomato2)', 'holded(tomato2,brl_robot)']
    [Feedback] method=ours-random-when, confidence=0.9975, threshold=0.8000, trigger=False
    [Planner] Updated confidence: 0.9974653165025593
    [Belief Diff]
      + add (2): holding(brl_robot,tomato2), holded(tomato2,brl_robot)
      - del (2): at(tomato2,stem_01), handempty(brl_robot)
[TIME] step_total=0.8993s (search=0.8986s, execute=0.0002s, update=0.0001s, interaction=0.0000s, pruning=0.0003s, overhead=0.0001s)
==================

Step: 18
[POMCP] applicable values:
        scan(brl_robot, tomato2): 7.728670630241346
        place(brl_robot, tomato2): 0.0
        discard(brl_robot, tomato2): 2.036265625

[POMCP] Selected: scan(brl_robot, tomato2)
[POMCP] Average simulation time:  0.0101
[POMCP] Average select time:  0.0
[Planner] Selected action: scan(brl_robot, tomato2)
[Planner] Observation:  ['ripe(tomato2)']
    [Feedback] method=ours-random-when, confidence=0.5986, threshold=0.8000, trigger=False
    [Planner] Updated confidence: 0.5985547674428591
    [Belief Diff]
      + add (1): scanned(tomato2)
      - del (0): -
[TIME] step_total=1.0126s (search=1.0112s, execute=0.0002s, update=0.0001s, interaction=0.0000s, pruning=0.0010s, overhead=0.0001s)
==================

Step: 19
[POMCP] applicable values:
        scan(brl_robot, tomato2): 0.0
        place(brl_robot, tomato2): 8.923223851407089
        discard(brl_robot, tomato2): 0.0

[POMCP] Selected: place(brl_robot, tomato2)
[POMCP] Average simulation time:  0.0103
[POMCP] Average select time:  0.0
[Planner] Selected action: place(brl_robot, tomato2)
[Planner] Observation:  ['loaded(tomato2,brl_robot)', 'handempty(brl_robot)']
    [Feedback] method=ours-random-when, confidence=0.9995, threshold=0.8000, trigger=True
    [Planner] Current confidence: 0.9995361859456066
    [Query] Q: handempty(brl_robot) is True?
    [Query] T: handempty(brl_robot)=True?
    [Query] A: True
    [Planner] Reduced 2 --> 1
    [Planner] Updated confidence: 1.0
    [Belief Diff]
      + add (2): loaded(tomato2,brl_robot), handempty(brl_robot)
      - del (2): holding(brl_robot,tomato2), holded(tomato2,brl_robot)
[TIME] step_total=1.0301s (search=1.0287s, execute=0.0002s, update=0.0001s, interaction=0.0007s, pruning=0.0003s, overhead=0.0002s)
==================

Step: 20
[POMCP] applicable values:
        navigate(brl_robot, stem_01, dock_station): 1.2608601256321286
        navigate(brl_robot, stem_01, stem_02): 0.0
        detect(brl_robot, stem_01): 1.0504156828743487
        pick(brl_robot, tomato1, stem_01): 4.816760746838616

[POMCP] Selected: pick(brl_robot, tomato1, stem_01)
[POMCP] Average simulation time:  0.0125
[POMCP] Average select time:  0.0
[Planner] Selected action: pick(brl_robot, tomato1, stem_01)
[Planner] Observation:  ['holding(brl_robot,tomato1)', 'holded(tomato1,brl_robot)']
    [Feedback] method=ours-random-when, confidence=0.9950, threshold=0.8000, trigger=True
    [Planner] Current confidence: 0.9949978793129846
    [Query] Q: at(tomato1,stem_01) is True?
    [Query] T: at(tomato1,stem_01)=True?
    [Query] A: False
    [Planner] Reduced 2 --> 1
    [Planner] Updated confidence: 1.0
    [Belief Diff]
      + add (2): holding(brl_robot,tomato1), holded(tomato1,brl_robot)
      - del (2): at(tomato1,stem_01), handempty(brl_robot)
[TIME] step_total=1.2515s (search=1.2505s, execute=0.0002s, update=0.0001s, interaction=0.0003s, pruning=0.0004s, overhead=0.0001s)
==================

Step: 21
[POMCP] applicable values:
        scan(brl_robot, tomato1): 5.60896948082453
        place(brl_robot, tomato1): 0.0
        discard(brl_robot, tomato1): 1.8377297265624999

[POMCP] Selected: scan(brl_robot, tomato1)
[POMCP] Average simulation time:  0.0131
[POMCP] Average select time:  0.0
[Planner] Selected action: scan(brl_robot, tomato1)
[Planner] Observation:  ['rotten(tomato1)']
    [Feedback] method=ours-random-when, confidence=0.8993, threshold=0.8000, trigger=False
    [Planner] Updated confidence: 0.8993226870047484
    [Belief Diff]
      + add (2): rotten(tomato1), scanned(tomato1)
      - del (1): ripe(tomato1)
[TIME] step_total=1.3089s (search=1.3073s, execute=0.0002s, update=0.0001s, interaction=0.0000s, pruning=0.0012s, overhead=0.0001s)
==================

Step: 22
[POMCP] applicable values:
        scan(brl_robot, tomato1): 0.0
        discard(brl_robot, tomato1): 5.826991365864544

[POMCP] Selected: discard(brl_robot, tomato1)
[POMCP] Average simulation time:  0.0141
[POMCP] Average select time:  0.0
[Planner] Selected action: discard(brl_robot, tomato1)
[Planner] Observation:  ['discarded(tomato1)', 'handempty(brl_robot)']
    [Feedback] method=ours-random-when, confidence=0.9996, threshold=0.8000, trigger=True
    [Planner] Current confidence: 0.9995894262901578
    [Query] Q: discarded(tomato1) is True?
    [Query] T: discarded(tomato1)=True?
    [Query] A: True
    [Planner] Reduced 2 --> 1
    [Planner] Updated confidence: 1.0
    [Belief Diff]
      + add (2): discarded(tomato1), handempty(brl_robot)
      - del (2): holded(tomato1,brl_robot), holding(brl_robot,tomato1)
[TIME] step_total=1.4092s (search=1.4085s, execute=0.0002s, update=0.0001s, interaction=0.0003s, pruning=0.0000s, overhead=0.0001s)
[TIME SUMMARY]
avg search: 1.0792s
avg execute: 0.0008s
avg update: 0.0009s
avg interaction: 0.0004s
avg pruning: 0.0005s
avg step wall: 1.0818s
total wall clock: 23.8002s
=============Action Log=============
[STEP 1]: navigate(brl_robot, dock_station, stem_01)
[STEP 2]: navigate(brl_robot, dock_station, stem_02)
[STEP 3]: detect(brl_robot, stem_02)
[STEP 4]: pick(brl_robot, tomato3, stem_02)
[STEP 5]: scan(brl_robot, tomato3)
[STEP 6]: place(brl_robot, tomato3)
[STEP 7]: navigate(brl_robot, stem_02, stem_01)
[STEP 8]: navigate(brl_robot, stem_01, stem_02)
[STEP 9]: detect(brl_robot, stem_02)
[STEP 10]: detect(brl_robot, stem_02)
[STEP 11]: detect(brl_robot, stem_02)
[STEP 12]: detect(brl_robot, stem_02)
[STEP 13]: navigate(brl_robot, stem_02, stem_01)
[STEP 14]: detect(brl_robot, stem_01)
[STEP 15]: navigate(brl_robot, stem_01, dock_station)
[STEP 16]: navigate(brl_robot, dock_station, stem_01)
[STEP 17]: pick(brl_robot, tomato2, stem_01)
[STEP 18]: scan(brl_robot, tomato2)
[STEP 19]: place(brl_robot, tomato2)
[STEP 20]: pick(brl_robot, tomato1, stem_01)
[STEP 21]: scan(brl_robot, tomato1)
[STEP 22]: discard(brl_robot, tomato1)
=============Final Knowledge=============
at(tomato4,stem_02)
discarded(tomato1)
handempty(brl_robot)
loaded(tomato2,brl_robot)
loaded(tomato3,brl_robot)
located(brl_robot,stem_01)
location(dock_station)
location(stem_01)
location(stem_02)
observed(tomato1)
observed(tomato2)
observed(tomato3)
observed(tomato4)
ripe(tomato2)
ripe(tomato3)
robot(brl_robot)
rotten(tomato1)
scanned(tomato1)
scanned(tomato2)
scanned(tomato3)
stem(stem_01)
stem(stem_02)
tomato(tomato1)
tomato(tomato2)
tomato(tomato3)
tomato(tomato4)
unripe(tomato4)
=============Query=============
Total Query 14
=============Action Schema Summary=============
detect: actions=6, questions=9, expected_questions_per_action=1.5000
discard: actions=1, questions=1, expected_questions_per_action=1.0000
navigate: actions=7, questions=2, expected_questions_per_action=0.2857
pick: actions=3, questions=1, expected_questions_per_action=0.3333
place: actions=2, questions=1, expected_questions_per_action=0.5000
scan: actions=3, questions=0, expected_questions_per_action=0.0000
=============Log File=============
/home/changmin/PyProject/00_BRL-CF/experiments_logs/system_log/e2_ablation/tomato/scene_04_step50/ours-random-when/oracle/exp_tomato_20260804_131758_567305.txt
