Step: 1
[POMCP] applicable values:
        navigate(brl_robot, dock_station, stem_01): 1.209707972407226
        navigate(brl_robot, dock_station, stem_02): 1.5877969639810703

[POMCP] Selected: navigate(brl_robot, dock_station, stem_02)
[POMCP] Average simulation time:  0.0084
[POMCP] Average select time:  0.0
[Planner] Selected action: navigate(brl_robot, dock_station, stem_02)
[Planner] Observation:  ['located(brl_robot,stem_01)']
    [Feedback] method=ours-random-when, confidence=0.2979, threshold=0.8000, trigger=True
    [Planner] Current confidence: 0.29790530225778766
    [Query] Q: located(brl_robot,stem_01) is True?
    [Query] T: located(brl_robot,stem_01)=True?
    [Query] A: False
    [Planner] Reduced 3 --> 2
    [Planner] Current confidence: 0.7025566035349997
    [Query] Q: located(brl_robot,dock_station) is True?
    [Query] T: located(brl_robot,dock_station)=True?
    [Query] A: True
    [Planner] Reduced 2 --> 1
    [Planner] Updated confidence: 1.0
    [Belief Diff]
      + add (0): -
      - del (0): -
[TIME] step_total=0.8469s (search=0.8437s, execute=0.0002s, update=0.0002s, interaction=0.0023s, pruning=0.0004s, overhead=0.0001s)
==================

Step: 2
[POMCP] applicable values:
        navigate(brl_robot, dock_station, stem_01): 1.301786296753918
        navigate(brl_robot, dock_station, stem_02): 0.0

[POMCP] Selected: navigate(brl_robot, dock_station, stem_01)
[POMCP] Average simulation time:  0.008
[POMCP] Average select time:  0.0
[Planner] Selected action: navigate(brl_robot, dock_station, stem_01)
[Planner] Observation:  ['located(brl_robot,stem_01)']
    [Feedback] method=ours-random-when, confidence=0.9659, threshold=0.8000, trigger=False
    [Planner] Updated confidence: 0.9659155389013832
    [Belief Diff]
      + add (1): located(brl_robot,stem_01)
      - del (1): located(brl_robot,dock_station)
[TIME] step_total=0.8010s (search=0.8005s, execute=0.0002s, update=0.0001s, interaction=0.0000s, pruning=0.0001s, overhead=0.0001s)
==================

Step: 3
[POMCP] applicable values:
        navigate(brl_robot, stem_01, dock_station): 1.4642714160472694
        navigate(brl_robot, stem_01, stem_02): 0.8439319089906897
        detect(brl_robot, stem_01): 1.1648222097522982

[POMCP] Selected: navigate(brl_robot, stem_01, dock_station)
[POMCP] Average simulation time:  0.0092
[POMCP] Average select time:  0.0
[Planner] Selected action: navigate(brl_robot, stem_01, dock_station)
[Planner] Observation:  ['located(brl_robot,dock_station)']
    [Feedback] method=ours-random-when, confidence=0.9355, threshold=0.8000, trigger=False
    [Planner] Updated confidence: 0.9355471363712444
    [Belief Diff]
      + add (1): located(brl_robot,dock_station)
      - del (1): located(brl_robot,stem_01)
[TIME] step_total=0.9189s (search=0.9183s, execute=0.0002s, update=0.0001s, interaction=0.0000s, pruning=0.0002s, overhead=0.0001s)
==================

Step: 4
[POMCP] applicable values:
        navigate(brl_robot, dock_station, stem_01): 0.40441693121713623
        navigate(brl_robot, dock_station, stem_02): 1.5453635513616764

[POMCP] Selected: navigate(brl_robot, dock_station, stem_02)
[POMCP] Average simulation time:  0.0091
[POMCP] Average select time:  0.0
[Planner] Selected action: navigate(brl_robot, dock_station, stem_02)
[Planner] Observation:  ['located(brl_robot,stem_02)']
    [Feedback] method=ours-random-when, confidence=0.9588, threshold=0.8000, trigger=True
    [Planner] Current confidence: 0.9588318489717431
    [Query] Q: located(brl_robot,stem_02) is True?
    [Query] T: located(brl_robot,stem_02)=True?
    [Query] A: True
    [Planner] Reduced 3 --> 1
    [Planner] Updated confidence: 1.0
    [Belief Diff]
      + add (1): located(brl_robot,stem_02)
      - del (1): located(brl_robot,dock_station)
[TIME] step_total=0.9079s (search=0.9070s, execute=0.0002s, update=0.0001s, interaction=0.0002s, pruning=0.0002s, overhead=0.0001s)
==================

Step: 5
[POMCP] applicable values:
        navigate(brl_robot, stem_02, dock_station): 0.8039297313598981
        navigate(brl_robot, stem_02, stem_01): 0.0
        detect(brl_robot, stem_02): 1.8447671971709534

[POMCP] Selected: detect(brl_robot, stem_02)
[POMCP] Average simulation time:  0.0091
[POMCP] Average select time:  0.0
[Planner] Selected action: detect(brl_robot, stem_02)
[Planner] Observation:  ['observed(tomato3)', 'observed(tomato4)', 'ripe(tomato3)', 'ripe(tomato4)']
    [Feedback] method=ours-random-when, confidence=0.2201, threshold=0.8000, trigger=False
    [Planner] Updated confidence: 0.22011900630921521
    [Belief Diff]
      + add (6): at(tomato3,stem_02), at(tomato4,stem_02), observed(tomato3), observed(tomato4), ripe(tomato3), ripe(tomato4)
      - del (0): -
[TIME] step_total=0.9168s (search=0.9113s, execute=0.0005s, update=0.0033s, interaction=0.0001s, pruning=0.0016s, overhead=0.0001s)
==================

Step: 6
[POMCP] applicable values:
        navigate(brl_robot, stem_02, dock_station): 0.0
        navigate(brl_robot, stem_02, stem_01): 0.0
        detect(brl_robot, stem_02): 1.471899267952431
        pick(brl_robot, tomato3, stem_02): 0.0
        pick(brl_robot, tomato4, stem_02): 5.055030781707679

[POMCP] Selected: pick(brl_robot, tomato4, stem_02)
[POMCP] Average simulation time:  0.0091
[POMCP] Average select time:  0.0
[Planner] Selected action: pick(brl_robot, tomato4, stem_02)
[Planner] Observation:  ['holding(brl_robot,tomato4)', 'holded(tomato4,brl_robot)']
    [Feedback] method=ours-random-when, confidence=0.9994, threshold=0.8000, trigger=False
    [Planner] Updated confidence: 0.9994346911510438
    [Belief Diff]
      + add (2): holding(brl_robot,tomato4), holded(tomato4,brl_robot)
      - del (2): handempty(brl_robot), at(tomato4,stem_02)
[TIME] step_total=0.9087s (search=0.9083s, execute=0.0002s, update=0.0001s, interaction=0.0000s, pruning=0.0000s, overhead=0.0001s)
[TIME SUMMARY]
avg search: 0.8815s
avg execute: 0.0002s
avg update: 0.0007s
avg interaction: 0.0005s
avg pruning: 0.0004s
avg step wall: 0.8834s
total wall clock: 5.3002s
=============Action Log=============
[STEP 1]: navigate(brl_robot, dock_station, stem_02)
[STEP 2]: navigate(brl_robot, dock_station, stem_01)
[STEP 3]: navigate(brl_robot, stem_01, dock_station)
[STEP 4]: navigate(brl_robot, dock_station, stem_02)
[STEP 5]: detect(brl_robot, stem_02)
[STEP 6]: pick(brl_robot, tomato4, stem_02)
=============Final Knowledge=============
at(tomato3,stem_02)
holded(tomato4,brl_robot)
holding(brl_robot,tomato4)
located(brl_robot,stem_02)
location(dock_station)
location(stem_01)
location(stem_02)
observed(tomato3)
observed(tomato4)
ripe(tomato3)
ripe(tomato4)
robot(brl_robot)
stem(stem_01)
stem(stem_02)
tomato(tomato1)
tomato(tomato2)
tomato(tomato3)
tomato(tomato4)
=============Query=============
Total Query 3
=============Action Schema Summary=============
detect: actions=1, questions=0, expected_questions_per_action=0.0000
navigate: actions=4, questions=3, expected_questions_per_action=0.7500
pick: actions=1, questions=0, expected_questions_per_action=0.0000
=============Log File=============
/home/changmin/PyProject/00_BRL-CF/experiments_logs/system_log/e2_ablation/tomato/scene_04_step50/ours-random-when/oracle/exp_tomato_20260804_132230_850422.txt
