Step: 1
[POMCP] applicable values:
        navigate(brl_robot, dock_station, stem_01): 0.5392225749561816
        navigate(brl_robot, dock_station, stem_02): 1.6112784782294018

[POMCP] Selected: navigate(brl_robot, dock_station, stem_02)
[POMCP] Average simulation time:  0.0082
[POMCP] Average select time:  0.0
[Planner] Selected action: navigate(brl_robot, dock_station, stem_02)
[Planner] Observation:  ['located(brl_robot,stem_02)']
    [Feedback] method=ours-random-when, confidence=0.9574, threshold=0.8000, trigger=False
    [Planner] Updated confidence: 0.9573654128782609
    [Belief Diff]
      + add (1): located(brl_robot,stem_02)
      - del (1): located(brl_robot,dock_station)
[TIME] step_total=0.8170s (search=0.8164s, execute=0.0002s, update=0.0002s, interaction=0.0001s, pruning=0.0001s, overhead=0.0001s)
==================

Step: 2
[POMCP] applicable values:
        navigate(brl_robot, stem_02, dock_station): 0.641677604099381
        navigate(brl_robot, stem_02, stem_01): 0.0
        detect(brl_robot, stem_02): 1.9209298661495449

[POMCP] Selected: detect(brl_robot, stem_02)
[POMCP] Average simulation time:  0.0089
[POMCP] Average select time:  0.0
[Planner] Selected action: detect(brl_robot, stem_02)
[Planner] Observation:  ['observed(tomato3)', 'observed(tomato4)', 'ripe(tomato3)', 'unripe(tomato4)']
    [Feedback] method=ours-random-when, confidence=0.2731, threshold=0.8000, trigger=True
    [Planner] Current confidence: 0.2731246244208354
    [Query] Q: at(tomato1,stem_02) is True?
    [Query] T: at(tomato1,stem_02)=True?
    [Query] A: False
    [Planner] Reduced 81 --> 27
    [Planner] Current confidence: 0.3639491317231487
    [Query] Q: at(tomato2,stem_02) is True?
    [Query] T: at(tomato2,stem_02)=True?
    [Query] A: False
    [Planner] Reduced 27 --> 9
    [Planner] Current confidence: 0.5457558580737314
    [Query] Q: unripe(tomato4) is True?
    [Query] T: unripe(tomato4)=True?
    [Query] A: True
    [Planner] Reduced 9 --> 3
    [Planner] Current confidence: 0.5492379568188428
    [Query] Q: ripe(tomato3) is True?
    [Query] T: ripe(tomato3)=True?
    [Query] A: True
    [Planner] Reduced 3 --> 1
    [Planner] Updated confidence: 1.0
    [Belief Diff]
      + add (6): at(tomato3,stem_02), at(tomato4,stem_02), observed(tomato3), observed(tomato4), ripe(tomato3), unripe(tomato4)
      - del (0): -
[TIME] step_total=0.9039s (search=0.8924s, execute=0.0008s, update=0.0042s, interaction=0.0055s, pruning=0.0008s, overhead=0.0001s)
==================

Step: 3
[POMCP] applicable values:
        navigate(brl_robot, stem_02, dock_station): 2.3347760604676804
        navigate(brl_robot, stem_02, stem_01): 0.0
        detect(brl_robot, stem_02): 3.0246518172861823
        pick(brl_robot, tomato3, stem_02): 5.078359078877693

[POMCP] Selected: pick(brl_robot, tomato3, stem_02)
[POMCP] Average simulation time:  0.0102
[POMCP] Average select time:  0.0
[Planner] Selected action: pick(brl_robot, tomato3, stem_02)
[Planner] Observation:  ['holding(brl_robot,tomato3)', 'holded(tomato3,brl_robot)']
    [Feedback] method=ours-random-when, confidence=0.9933, threshold=0.8000, trigger=True
    [Planner] Current confidence: 0.9933317889058609
    [Query] Q: at(tomato3,stem_02) is True?
    [Query] T: at(tomato3,stem_02)=True?
    [Query] A: False
    [Planner] Reduced 2 --> 1
    [Planner] Updated confidence: 1.0
    [Belief Diff]
      + add (2): holding(brl_robot,tomato3), holded(tomato3,brl_robot)
      - del (2): at(tomato3,stem_02), handempty(brl_robot)
[TIME] step_total=1.0162s (search=1.0154s, execute=0.0002s, update=0.0001s, interaction=0.0003s, pruning=0.0002s, overhead=0.0001s)
==================

Step: 4
[POMCP] applicable values:
        scan(brl_robot, tomato3): 5.962961489648914
        place(brl_robot, tomato3): 0.0
        discard(brl_robot, tomato3): 2.450306302083333

[POMCP] Selected: scan(brl_robot, tomato3)
[POMCP] Average simulation time:  0.0106
[POMCP] Average select time:  0.0
[Planner] Selected action: scan(brl_robot, tomato3)
[Planner] Observation:  ['ripe(tomato3)']
    [Feedback] method=ours-random-when, confidence=0.6024, threshold=0.8000, trigger=True
    [Planner] Current confidence: 0.6024469393922847
    [Query] Q: ripe(tomato3) is True?
    [Query] T: ripe(tomato3)=True?
    [Query] A: True
    [Planner] Reduced 2 --> 1
    [Planner] Updated confidence: 1.0
    [Belief Diff]
      + add (1): scanned(tomato3)
      - del (0): -
[TIME] step_total=1.0627s (search=1.0617s, execute=0.0001s, update=0.0001s, interaction=0.0002s, pruning=0.0005s, overhead=0.0001s)
==================

Step: 5
[POMCP] applicable values:
        scan(brl_robot, tomato3): 4.63125
        place(brl_robot, tomato3): 6.224908936905036
        discard(brl_robot, tomato3): 0.0

[POMCP] Selected: place(brl_robot, tomato3)
[POMCP] Average simulation time:  0.0116
[POMCP] Average select time:  0.0
[Planner] Selected action: place(brl_robot, tomato3)
[Planner] Observation:  ['loaded(tomato3,brl_robot)', 'handempty(brl_robot)']
    [Feedback] method=ours-random-when, confidence=0.9990, threshold=0.8000, trigger=False
    [Planner] Updated confidence: 0.9989703134954598
    [Belief Diff]
      + add (2): loaded(tomato3,brl_robot), handempty(brl_robot)
      - del (2): holding(brl_robot,tomato3), holded(tomato3,brl_robot)
[TIME] step_total=1.1652s (search=1.1647s, execute=0.0002s, update=0.0001s, interaction=0.0000s, pruning=0.0001s, overhead=0.0001s)
==================

Step: 6
[POMCP] applicable values:
        navigate(brl_robot, stem_02, dock_station): 0.0
        navigate(brl_robot, stem_02, stem_01): 1.472590089070657
        detect(brl_robot, stem_02): 1.2967890833195488

[POMCP] Selected: navigate(brl_robot, stem_02, stem_01)
[POMCP] Average simulation time:  0.0112
[POMCP] Average select time:  0.0
[Planner] Selected action: navigate(brl_robot, stem_02, stem_01)
[Planner] Observation:  ['located(brl_robot,stem_01)']
    [Feedback] method=ours-random-when, confidence=0.9479, threshold=0.8000, trigger=True
    [Planner] Current confidence: 0.9478926342417016
    [Query] Q: located(brl_robot,stem_01) is True?
    [Query] T: located(brl_robot,stem_01)=True?
    [Query] A: True
    [Planner] Reduced 3 --> 1
    [Planner] Updated confidence: 1.0
    [Belief Diff]
      + add (1): located(brl_robot,stem_01)
      - del (1): located(brl_robot,stem_02)
[TIME] step_total=1.1221s (search=1.1208s, execute=0.0002s, update=0.0001s, interaction=0.0003s, pruning=0.0007s, overhead=0.0001s)
==================

Step: 7
[POMCP] applicable values:
        navigate(brl_robot, stem_01, dock_station): 0.5501583358147066
        navigate(brl_robot, stem_01, stem_02): 1.4563728363346515
        detect(brl_robot, stem_01): 2.1692047686091698

[POMCP] Selected: detect(brl_robot, stem_01)
[POMCP] Average simulation time:  0.0119
[POMCP] Average select time:  0.0
[Planner] Selected action: detect(brl_robot, stem_01)
[Planner] Observation:  ['observed(tomato1)', 'observed(tomato2)', 'ripe(tomato1)', 'ripe(tomato2)']
    [Feedback] method=ours-random-when, confidence=0.3733, threshold=0.8000, trigger=True
    [Planner] Current confidence: 0.3732741899662615
    [Query] Q: at(tomato4,stem_01) is True?
    [Query] T: at(tomato4,stem_01)=True?
    [Query] A: False
    [Planner] Reduced 27 --> 9
    [Planner] Current confidence: 0.5597435723301383
    [Query] Q: ripe(tomato2) is True?
    [Query] T: ripe(tomato2)=True?
    [Query] A: True
    [Planner] Reduced 9 --> 3
    [Planner] Current confidence: 0.6566396609689102
    [Query] Q: ripe(tomato1) is True?
    [Query] T: ripe(tomato1)=True?
    [Query] A: True
    [Planner] Reduced 3 --> 1
    [Planner] Updated confidence: 1.0
    [Belief Diff]
      + add (6): at(tomato1,stem_01), at(tomato2,stem_01), observed(tomato1), observed(tomato2), ripe(tomato1), ripe(tomato2)
      - del (0): -
[TIME] step_total=1.1957s (search=1.1870s, execute=0.0025s, update=0.0030s, interaction=0.0018s, pruning=0.0012s, overhead=0.0001s)
==================

Step: 8
[POMCP] applicable values:
        navigate(brl_robot, stem_01, dock_station): 0.0
        navigate(brl_robot, stem_01, stem_02): 3.466557237794595
        detect(brl_robot, stem_01): 1.562939784261486
        pick(brl_robot, tomato1, stem_01): 0.0
        pick(brl_robot, tomato2, stem_01): 0.0

[POMCP] Selected: navigate(brl_robot, stem_01, stem_02)
[POMCP] Average simulation time:  0.0095
[POMCP] Average select time:  0.0001
[Planner] Selected action: navigate(brl_robot, stem_01, stem_02)
[Planner] Observation:  ['located(brl_robot,stem_02)']
    [Feedback] method=ours-random-when, confidence=0.9640, threshold=0.8000, trigger=False
    [Planner] Updated confidence: 0.9639706891949305
    [Belief Diff]
      + add (1): located(brl_robot,stem_02)
      - del (1): located(brl_robot,stem_01)
[TIME] step_total=0.9494s (search=0.9487s, execute=0.0002s, update=0.0001s, interaction=0.0000s, pruning=0.0003s, overhead=0.0001s)
==================

Step: 9
[POMCP] applicable values:
        navigate(brl_robot, stem_02, dock_station): 0.0
        navigate(brl_robot, stem_02, stem_01): 4.9504503555219905
        detect(brl_robot, stem_02): 0.0

[POMCP] Selected: navigate(brl_robot, stem_02, stem_01)
[POMCP] Average simulation time:  0.009
[POMCP] Average select time:  0.0
[Planner] Selected action: navigate(brl_robot, stem_02, stem_01)
[Planner] Observation:  ['located(brl_robot,stem_01)']
    [Feedback] method=ours-random-when, confidence=0.9592, threshold=0.8000, trigger=False
    [Planner] Updated confidence: 0.959215137773581
    [Belief Diff]
      + add (1): located(brl_robot,stem_01)
      - del (1): located(brl_robot,stem_02)
[TIME] step_total=0.9046s (search=0.9041s, execute=0.0002s, update=0.0001s, interaction=0.0000s, pruning=0.0001s, overhead=0.0001s)
==================

Step: 10
[POMCP] applicable values:
        navigate(brl_robot, stem_01, dock_station): 2.284353885552677
        navigate(brl_robot, stem_01, stem_02): 0.0
        detect(brl_robot, stem_01): 0.0
        pick(brl_robot, tomato1, stem_01): 2.25625
        pick(brl_robot, tomato2, stem_01): 6.174852973632857

[POMCP] Selected: pick(brl_robot, tomato2, stem_01)
[POMCP] Average simulation time:  0.0099
[POMCP] Average select time:  0.0
[Planner] Selected action: pick(brl_robot, tomato2, stem_01)
[Planner] Observation:  ['holding(brl_robot,tomato2)', 'holded(tomato2,brl_robot)']
    [Feedback] method=ours-random-when, confidence=0.9958, threshold=0.8000, trigger=False
    [Planner] Updated confidence: 0.9957679713136144
    [Belief Diff]
      + add (2): holding(brl_robot,tomato2), holded(tomato2,brl_robot)
      - del (2): at(tomato2,stem_01), handempty(brl_robot)
[TIME] step_total=0.9934s (search=0.9928s, execute=0.0002s, update=0.0001s, interaction=0.0000s, pruning=0.0002s, overhead=0.0001s)
==================

Step: 11
[POMCP] applicable values:
        scan(brl_robot, tomato2): 7.357002906889638
        place(brl_robot, tomato2): 0.0
        discard(brl_robot, tomato2): 2.677943229099381

[POMCP] Selected: scan(brl_robot, tomato2)
[POMCP] Average simulation time:  0.0095
[POMCP] Average select time:  0.0
[Planner] Selected action: scan(brl_robot, tomato2)
[Planner] Observation:  ['ripe(tomato2)']
    [Feedback] method=ours-random-when, confidence=0.4098, threshold=0.8000, trigger=False
    [Planner] Updated confidence: 0.4097980987217169
    [Belief Diff]
      + add (1): scanned(tomato2)
      - del (0): -
[TIME] step_total=0.9527s (search=0.9512s, execute=0.0002s, update=0.0001s, interaction=0.0000s, pruning=0.0012s, overhead=0.0001s)
==================

Step: 12
[POMCP] applicable values:
        scan(brl_robot, tomato2): 2.438374895577648
        place(brl_robot, tomato2): 7.304960113701475
        discard(brl_robot, tomato2): 2.5667104163975245

[POMCP] Selected: place(brl_robot, tomato2)
[POMCP] Average simulation time:  0.0096
[POMCP] Average select time:  0.0
[Planner] Selected action: place(brl_robot, tomato2)
[Planner] Observation:  ['loaded(tomato2,brl_robot)', 'handempty(brl_robot)']
    [Feedback] method=ours-random-when, confidence=0.9978, threshold=0.8000, trigger=True
    [Planner] Current confidence: 0.9978363653160293
    [Query] Q: handempty(brl_robot) is True?
    [Query] T: handempty(brl_robot)=True?
    [Query] A: True
    [Planner] Reduced 2 --> 1
    [Planner] Updated confidence: 1.0
    [Belief Diff]
      + add (2): loaded(tomato2,brl_robot), handempty(brl_robot)
      - del (2): holded(tomato2,brl_robot), holding(brl_robot,tomato2)
[TIME] step_total=0.9583s (search=0.9575s, execute=0.0002s, update=0.0001s, interaction=0.0003s, pruning=0.0002s, overhead=0.0001s)
==================

Step: 13
[POMCP] applicable values:
        navigate(brl_robot, stem_01, dock_station): 2.9756314051351134
        navigate(brl_robot, stem_01, stem_02): 0.814183432630097
        detect(brl_robot, stem_01): 0.4062857801974713
        pick(brl_robot, tomato1, stem_01): 0.0

[POMCP] Selected: navigate(brl_robot, stem_01, dock_station)
[POMCP] Average simulation time:  0.0102
[POMCP] Average select time:  0.0
[Planner] Selected action: navigate(brl_robot, stem_01, dock_station)
[Planner] Observation:  ['located(brl_robot,dock_station)']
    [Feedback] method=ours-random-when, confidence=0.9059, threshold=0.8000, trigger=True
    [Planner] Current confidence: 0.9058723401136975
    [Query] Q: located(brl_robot,dock_station) is True?
    [Query] T: located(brl_robot,dock_station)=True?
    [Query] A: True
    [Planner] Reduced 3 --> 1
    [Planner] Updated confidence: 1.0
    [Belief Diff]
      + add (1): located(brl_robot,dock_station)
      - del (1): located(brl_robot,stem_01)
[TIME] step_total=1.0213s (search=1.0202s, execute=0.0002s, update=0.0001s, interaction=0.0003s, pruning=0.0004s, overhead=0.0001s)
==================

Step: 14
[POMCP] applicable values:
        navigate(brl_robot, dock_station, stem_01): 3.9869841328050883
        navigate(brl_robot, dock_station, stem_02): 1.178471697184243

[POMCP] Selected: navigate(brl_robot, dock_station, stem_01)
[POMCP] Average simulation time:  0.0104
[POMCP] Average select time:  0.0
[Planner] Selected action: navigate(brl_robot, dock_station, stem_01)
[Planner] Observation:  ['located(brl_robot,stem_02)']
    [Feedback] method=ours-random-when, confidence=0.2855, threshold=0.8000, trigger=False
    [Planner] Updated confidence: 0.28547872904076654
    [Belief Diff]
      + add (1): located(brl_robot,stem_01)
      - del (1): located(brl_robot,dock_station)
[TIME] step_total=1.0366s (search=1.0355s, execute=0.0002s, update=0.0001s, interaction=0.0000s, pruning=0.0006s, overhead=0.0001s)
==================

Step: 15
[POMCP] applicable values:
        navigate(brl_robot, stem_01, dock_station): 0.0
        navigate(brl_robot, stem_01, stem_02): 0.0
        detect(brl_robot, stem_01): 1.1003166716294135
        pick(brl_robot, tomato1, stem_01): 4.901497703476995

[POMCP] Selected: pick(brl_robot, tomato1, stem_01)
[POMCP] Average simulation time:  0.0109
[POMCP] Average select time:  0.0
[Planner] Selected action: pick(brl_robot, tomato1, stem_01)
[Planner] Observation:  ['holding(brl_robot,tomato1)', 'holded(tomato1,brl_robot)']
    [Feedback] method=ours-random-when, confidence=0.9964, threshold=0.8000, trigger=True
    [Planner] Current confidence: 0.9964327223158036
    [Query] Q: at(tomato1,stem_01) is True?
    [Query] T: at(tomato1,stem_01)=True?
    [Query] A: False
    [Planner] Reduced 2 --> 1
    [Planner] Updated confidence: 1.0
    [Belief Diff]
      + add (2): holding(brl_robot,tomato1), holded(tomato1,brl_robot)
      - del (2): at(tomato1,stem_01), handempty(brl_robot)
[TIME] step_total=1.0954s (search=1.0945s, execute=0.0002s, update=0.0001s, interaction=0.0003s, pruning=0.0002s, overhead=0.0001s)
==================

Step: 16
[POMCP] applicable values:
        scan(brl_robot, tomato1): 5.48186325679848
        place(brl_robot, tomato1): 1.1003166716294135
        discard(brl_robot, tomato1): 0.0

[POMCP] Selected: scan(brl_robot, tomato1)
[POMCP] Average simulation time:  0.0119
[POMCP] Average select time:  0.0
[Planner] Selected action: scan(brl_robot, tomato1)
[Planner] Observation:  ['rotten(tomato1)']
    [Feedback] method=ours-random-when, confidence=0.6446, threshold=0.8000, trigger=False
    [Planner] Updated confidence: 0.6446422178928657
    [Belief Diff]
      + add (2): rotten(tomato1), scanned(tomato1)
      - del (1): ripe(tomato1)
[TIME] step_total=1.1872s (search=1.1853s, execute=0.0002s, update=0.0001s, interaction=0.0001s, pruning=0.0015s, overhead=0.0001s)
==================

Step: 17
[POMCP] applicable values:
        scan(brl_robot, tomato1): 0.0
        discard(brl_robot, tomato1): 6.570761571062245

[POMCP] Selected: discard(brl_robot, tomato1)
[POMCP] Average simulation time:  0.0123
[POMCP] Average select time:  0.0
[Planner] Selected action: discard(brl_robot, tomato1)
[Planner] Observation:  ['discarded(tomato1)', 'handempty(brl_robot)']
    [Feedback] method=ours-random-when, confidence=0.9981, threshold=0.8000, trigger=True
    [Planner] Current confidence: 0.9980844819186403
    [Query] Q: discarded(tomato1) is True?
    [Query] T: discarded(tomato1)=True?
    [Query] A: True
    [Planner] Reduced 2 --> 1
    [Planner] Updated confidence: 1.0
    [Belief Diff]
      + add (2): discarded(tomato1), handempty(brl_robot)
      - del (2): holded(tomato1,brl_robot), holding(brl_robot,tomato1)
[TIME] step_total=1.2327s (search=1.2320s, execute=0.0002s, update=0.0001s, interaction=0.0003s, pruning=0.0000s, overhead=0.0001s)
[TIME SUMMARY]
avg search: 1.0341s
avg execute: 0.0003s
avg update: 0.0005s
avg interaction: 0.0006s
avg pruning: 0.0005s
avg step wall: 1.0361s
total wall clock: 17.6144s
=============Action Log=============
[STEP 1]: navigate(brl_robot, dock_station, stem_02)
[STEP 2]: detect(brl_robot, stem_02)
[STEP 3]: pick(brl_robot, tomato3, stem_02)
[STEP 4]: scan(brl_robot, tomato3)
[STEP 5]: place(brl_robot, tomato3)
[STEP 6]: navigate(brl_robot, stem_02, stem_01)
[STEP 7]: detect(brl_robot, stem_01)
[STEP 8]: navigate(brl_robot, stem_01, stem_02)
[STEP 9]: navigate(brl_robot, stem_02, stem_01)
[STEP 10]: pick(brl_robot, tomato2, stem_01)
[STEP 11]: scan(brl_robot, tomato2)
[STEP 12]: place(brl_robot, tomato2)
[STEP 13]: navigate(brl_robot, stem_01, dock_station)
[STEP 14]: navigate(brl_robot, dock_station, stem_01)
[STEP 15]: pick(brl_robot, tomato1, stem_01)
[STEP 16]: scan(brl_robot, tomato1)
[STEP 17]: discard(brl_robot, tomato1)
=============Final Knowledge=============
at(tomato4,stem_02)
discarded(tomato1)
handempty(brl_robot)
loaded(tomato2,brl_robot)
loaded(tomato3,brl_robot)
located(brl_robot,stem_01)
location(dock_station)
location(stem_01)
location(stem_02)
observed(tomato1)
observed(tomato2)
observed(tomato3)
observed(tomato4)
ripe(tomato2)
ripe(tomato3)
robot(brl_robot)
rotten(tomato1)
scanned(tomato1)
scanned(tomato2)
scanned(tomato3)
stem(stem_01)
stem(stem_02)
tomato(tomato1)
tomato(tomato2)
tomato(tomato3)
tomato(tomato4)
unripe(tomato4)
=============Query=============
Total Query 14
=============Action Schema Summary=============
detect: actions=2, questions=7, expected_questions_per_action=3.5000
discard: actions=1, questions=1, expected_questions_per_action=1.0000
navigate: actions=6, questions=2, expected_questions_per_action=0.3333
pick: actions=3, questions=2, expected_questions_per_action=0.6667
place: actions=2, questions=1, expected_questions_per_action=0.5000
scan: actions=3, questions=1, expected_questions_per_action=0.3333
=============Log File=============
/home/changmin/PyProject/00_BRL-CF/experiments_logs/system_log/e2_ablation/tomato/scene_04_step50/ours-random-when/oracle/exp_tomato_20260804_132315_224689.txt
