Step: 1
[POMCP] applicable values:
        navigate(brl_robot, dock_station, stem_01): 1.3308133933145923
        navigate(brl_robot, dock_station, stem_02): 0.8296837851954151

[POMCP] Selected: navigate(brl_robot, dock_station, stem_01)
[POMCP] Average simulation time:  0.0083
[POMCP] Average select time:  0.0
[Planner] Selected action: navigate(brl_robot, dock_station, stem_01)
[Planner] Observation:  ['located(brl_robot,stem_01)']
    [Feedback] method=ours, confidence=0.9610, threshold=0.0000, trigger=False
    [Planner] Updated confidence: 0.9610081366224994
    [Belief Diff]
      + add (1): located(brl_robot,stem_01)
      - del (1): located(brl_robot,dock_station)
[TIME] step_total=0.8324s (search=0.8319s, execute=0.0002s, update=0.0002s, interaction=0.0000s, pruning=0.0001s, overhead=0.0001s)
==================

Step: 2
[POMCP] applicable values:
        navigate(brl_robot, stem_01, dock_station): 1.003495939692717
        navigate(brl_robot, stem_01, stem_02): 1.4546283734786067
        detect(brl_robot, stem_01): 0.9722944901417383

[POMCP] Selected: navigate(brl_robot, stem_01, stem_02)
[POMCP] Average simulation time:  0.0077
[POMCP] Average select time:  0.0
[Planner] Selected action: navigate(brl_robot, stem_01, stem_02)
[Planner] Observation:  ['located(brl_robot,stem_02)']
    [Feedback] method=ours, confidence=0.9284, threshold=0.0000, trigger=False
    [Planner] Updated confidence: 0.9283574186544978
    [Belief Diff]
      + add (1): located(brl_robot,stem_02)
      - del (1): located(brl_robot,stem_01)
[TIME] step_total=0.7664s (search=0.7659s, execute=0.0001s, update=0.0001s, interaction=0.0000s, pruning=0.0002s, overhead=0.0001s)
==================

Step: 3
[POMCP] applicable values:
        navigate(brl_robot, stem_02, dock_station): 0.0
        navigate(brl_robot, stem_02, stem_01): 0.0
        detect(brl_robot, stem_02): 1.6470714987307224

[POMCP] Selected: detect(brl_robot, stem_02)
[POMCP] Average simulation time:  0.009
[POMCP] Average select time:  0.0
[Planner] Selected action: detect(brl_robot, stem_02)
[Planner] Observation:  ['observed(tomato3)', 'observed(tomato4)', 'unripe(tomato3)', 'unripe(tomato4)']
    [Feedback] method=ours, confidence=0.2279, threshold=0.0000, trigger=False
    [Planner] Updated confidence: 0.22790422031105673
    [Belief Diff]
      + add (6): at(tomato3,stem_02), at(tomato4,stem_02), observed(tomato3), observed(tomato4), unripe(tomato3), unripe(tomato4)
      - del (0): -
[TIME] step_total=0.9046s (search=0.9002s, execute=0.0005s, update=0.0033s, interaction=0.0000s, pruning=0.0005s, overhead=0.0001s)
==================

Step: 4
[POMCP] applicable values:
        navigate(brl_robot, stem_02, dock_station): 0.844969497521901
        navigate(brl_robot, stem_02, stem_01): 1.7941268347898713
        detect(brl_robot, stem_02): 0.0

[POMCP] Selected: navigate(brl_robot, stem_02, stem_01)
[POMCP] Average simulation time:  0.0079
[POMCP] Average select time:  0.0
[Planner] Selected action: navigate(brl_robot, stem_02, stem_01)
[Planner] Observation:  ['located(brl_robot,stem_01)']
    [Feedback] method=ours, confidence=0.9626, threshold=0.0000, trigger=False
    [Planner] Updated confidence: 0.9626154524608996
    [Belief Diff]
      + add (1): located(brl_robot,stem_01)
      - del (1): located(brl_robot,stem_02)
[TIME] step_total=0.7873s (search=0.7868s, execute=0.0002s, update=0.0001s, interaction=0.0000s, pruning=0.0001s, overhead=0.0001s)
==================

Step: 5
[POMCP] applicable values:
        navigate(brl_robot, stem_01, dock_station): 0.0
        navigate(brl_robot, stem_01, stem_02): 0.0
        detect(brl_robot, stem_01): 2.0104055706505433

[POMCP] Selected: detect(brl_robot, stem_01)
[POMCP] Average simulation time:  0.009
[POMCP] Average select time:  0.0
[Planner] Selected action: detect(brl_robot, stem_01)
[Planner] Observation:  ['observed(tomato1)', 'observed(tomato2)', 'ripe(tomato1)', 'unripe(tomato2)']
    [Feedback] method=ours, confidence=0.2092, threshold=0.0000, trigger=False
    [Planner] Updated confidence: 0.20923567272727328
    [Belief Diff]
      + add (6): at(tomato1,stem_01), at(tomato2,stem_01), observed(tomato1), observed(tomato2), ripe(tomato1), unripe(tomato2)
      - del (0): -
[TIME] step_total=0.9056s (search=0.9009s, execute=0.0005s, update=0.0035s, interaction=0.0001s, pruning=0.0005s, overhead=0.0001s)
==================

Step: 6
[POMCP] applicable values:
        navigate(brl_robot, stem_01, dock_station): 1.877866325574275
        navigate(brl_robot, stem_01, stem_02): 0.0
        detect(brl_robot, stem_01): 0.0
        pick(brl_robot, tomato1, stem_01): 5.541438598422869

[POMCP] Selected: pick(brl_robot, tomato1, stem_01)
[POMCP] Average simulation time:  0.009
[POMCP] Average select time:  0.0
[Planner] Selected action: pick(brl_robot, tomato1, stem_01)
[Planner] Observation:  ['holding(brl_robot,tomato1)', 'holded(tomato1,brl_robot)']
    [Feedback] method=ours, confidence=0.9984, threshold=0.0000, trigger=False
    [Planner] Updated confidence: 0.9983826826653096
    [Belief Diff]
      + add (2): holding(brl_robot,tomato1), holded(tomato1,brl_robot)
      - del (2): at(tomato1,stem_01), handempty(brl_robot)
[TIME] step_total=0.9005s (search=0.9000s, execute=0.0002s, update=0.0001s, interaction=0.0000s, pruning=0.0001s, overhead=0.0001s)
==================

Step: 7
[POMCP] applicable values:
        scan(brl_robot, tomato1): 5.879875751570572
        place(brl_robot, tomato1): 0.0
        discard(brl_robot, tomato1): 0.0

[POMCP] Selected: scan(brl_robot, tomato1)
[POMCP] Average simulation time:  0.01
[POMCP] Average select time:  0.0
[Planner] Selected action: scan(brl_robot, tomato1)
[Planner] Observation:  ['ripe(tomato1)']
    [Feedback] method=ours, confidence=0.6919, threshold=0.0000, trigger=False
    [Planner] Updated confidence: 0.6919404850129774
    [Belief Diff]
      + add (1): scanned(tomato1)
      - del (0): -
[TIME] step_total=0.9996s (search=0.9988s, execute=0.0001s, update=0.0001s, interaction=0.0000s, pruning=0.0004s, overhead=0.0001s)
==================

Step: 8
[POMCP] applicable values:
        scan(brl_robot, tomato1): 0.0
        place(brl_robot, tomato1): 6.519917539362412
        discard(brl_robot, tomato1): 2.0906016760958854

[POMCP] Selected: place(brl_robot, tomato1)
[POMCP] Average simulation time:  0.0114
[POMCP] Average select time:  0.0
[Planner] Selected action: place(brl_robot, tomato1)
[Planner] Observation:  ['loaded(tomato1,brl_robot)', 'handempty(brl_robot)']
    [Feedback] method=ours, confidence=0.9992, threshold=0.0000, trigger=False
    [Planner] Updated confidence: 0.999241829659366
    [Belief Diff]
      + add (2): loaded(tomato1,brl_robot), handempty(brl_robot)
      - del (2): holded(tomato1,brl_robot), holding(brl_robot,tomato1)
[TIME] step_total=1.1451s (search=1.1446s, execute=0.0002s, update=0.0001s, interaction=0.0000s, pruning=0.0001s, overhead=0.0001s)
==================

Step: 9
[POMCP] applicable values:
        navigate(brl_robot, stem_01, dock_station): 0.8755609422558661
        navigate(brl_robot, stem_01, stem_02): 1.3882246469864237
        detect(brl_robot, stem_01): 2.15546052362535

[POMCP] Selected: detect(brl_robot, stem_01)
[POMCP] Average simulation time:  0.0112
[POMCP] Average select time:  0.0
[Planner] Selected action: detect(brl_robot, stem_01)
[Planner] Observation:  ['observed(tomato2)', 'ripe(tomato2)']
    [Feedback] method=ours, confidence=0.1148, threshold=0.0000, trigger=False
    [Planner] Updated confidence: 0.11480251594237001
    [Belief Diff]
      + add (1): ripe(tomato2)
      - del (1): unripe(tomato2)
[TIME] step_total=1.1233s (search=1.1163s, execute=0.0026s, update=0.0029s, interaction=0.0000s, pruning=0.0015s, overhead=0.0001s)
==================

Step: 10
[POMCP] applicable values:
        navigate(brl_robot, stem_01, dock_station): 0.0
        navigate(brl_robot, stem_01, stem_02): 0.0
        detect(brl_robot, stem_01): 0.5676027104801913
        pick(brl_robot, tomato2, stem_01): 4.372269971952532

[POMCP] Selected: pick(brl_robot, tomato2, stem_01)
[POMCP] Average simulation time:  0.0099
[POMCP] Average select time:  0.0
[Planner] Selected action: pick(brl_robot, tomato2, stem_01)
[Planner] Observation:  ['handempty(brl_robot)']
    [Feedback] method=ours, confidence=0.0004, threshold=0.0000, trigger=False
    [Planner] Updated confidence: 0.00036774398273098363
    [Belief Diff]
      + add (2): holding(brl_robot,tomato2), holded(tomato2,brl_robot)
      - del (2): at(tomato2,stem_01), handempty(brl_robot)
[TIME] step_total=0.9943s (search=0.9938s, execute=0.0002s, update=0.0001s, interaction=0.0000s, pruning=0.0001s, overhead=0.0001s)
==================

Step: 11
[POMCP] applicable values:
        scan(brl_robot, tomato2): 5.488819406776508
        place(brl_robot, tomato2): 0.0
        discard(brl_robot, tomato2): 0.9860792832529282

[POMCP] Selected: scan(brl_robot, tomato2)
[POMCP] Average simulation time:  0.0108
[POMCP] Average select time:  0.0
[Planner] Selected action: scan(brl_robot, tomato2)
[Planner] Observation:  ['rotten(tomato2)']
    [Feedback] method=ours, confidence=0.6635, threshold=0.0000, trigger=False
    [Planner] Updated confidence: 0.6635206570992096
    [Belief Diff]
      + add (2): rotten(tomato2), scanned(tomato2)
      - del (1): ripe(tomato2)
[TIME] step_total=1.0762s (search=1.0753s, execute=0.0001s, update=0.0001s, interaction=0.0000s, pruning=0.0006s, overhead=0.0001s)
==================

Step: 12
[POMCP] applicable values:
        scan(brl_robot, tomato2): 4.731603657366783
        discard(brl_robot, tomato2): 6.397895360589657

[POMCP] Selected: discard(brl_robot, tomato2)
[POMCP] Average simulation time:  0.0108
[POMCP] Average select time:  0.0
[Planner] Selected action: discard(brl_robot, tomato2)
[Planner] Observation:  ['discarded(tomato2)', 'handempty(brl_robot)']
    [Feedback] method=ours, confidence=0.9989, threshold=0.0000, trigger=False
    [Planner] Updated confidence: 0.9988732937831458
    [Belief Diff]
      + add (2): discarded(tomato2), handempty(brl_robot)
      - del (2): holded(tomato2,brl_robot), holding(brl_robot,tomato2)
[TIME] step_total=1.0845s (search=1.0841s, execute=0.0002s, update=0.0001s, interaction=0.0000s, pruning=0.0001s, overhead=0.0001s)
==================

Step: 13
[POMCP] applicable values:
        navigate(brl_robot, stem_01, dock_station): 0.7929264038173867
        navigate(brl_robot, stem_01, stem_02): 0.8803456525970916
        detect(brl_robot, stem_01): 2.279295164716513

[POMCP] Selected: detect(brl_robot, stem_01)
[POMCP] Average simulation time:  0.0113
[POMCP] Average select time:  0.0
[Planner] Selected action: detect(brl_robot, stem_01)
[Planner] Observation:  []
    [Feedback] method=ours, confidence=0.0002, threshold=0.0000, trigger=False
    [Planner] Updated confidence: 0.00021454414913757436
    [Belief Diff]
      + add (0): -
      - del (0): -
[TIME] step_total=1.1403s (search=1.1345s, execute=0.0027s, update=0.0023s, interaction=0.0000s, pruning=0.0008s, overhead=0.0001s)
==================

Step: 14
[POMCP] applicable values:
        navigate(brl_robot, stem_01, dock_station): 0.732385841193856
        navigate(brl_robot, stem_01, stem_02): 1.1168627449382167
        detect(brl_robot, stem_01): 1.395317051992827

[POMCP] Selected: detect(brl_robot, stem_01)
[POMCP] Average simulation time:  0.0114
[POMCP] Average select time:  0.0
[Planner] Selected action: detect(brl_robot, stem_01)
[Planner] Observation:  []
    [Feedback] method=ours, confidence=0.0002, threshold=0.0000, trigger=False
    [Planner] Updated confidence: 0.00021454414913757436
    [Belief Diff]
      + add (0): -
      - del (0): -
[TIME] step_total=1.1449s (search=1.1396s, execute=0.0027s, update=0.0022s, interaction=0.0000s, pruning=0.0003s, overhead=0.0001s)
==================

Step: 15
[POMCP] applicable values:
        navigate(brl_robot, stem_01, dock_station): 0.7528699942548882
        navigate(brl_robot, stem_01, stem_02): 0.0
        detect(brl_robot, stem_01): 1.8382643887844299

[POMCP] Selected: detect(brl_robot, stem_01)
[POMCP] Average simulation time:  0.0104
[POMCP] Average select time:  0.0
[Planner] Selected action: detect(brl_robot, stem_01)
[Planner] Observation:  []
    [Feedback] method=ours, confidence=0.0002, threshold=0.0000, trigger=False
    [Planner] Updated confidence: 0.00021454414913757436
    [Belief Diff]
      + add (0): -
      - del (0): -
[TIME] step_total=1.0426s (search=1.0372s, execute=0.0026s, update=0.0022s, interaction=0.0000s, pruning=0.0004s, overhead=0.0001s)
==================

Step: 16
[POMCP] applicable values:
        navigate(brl_robot, stem_01, dock_station): 0.6863756429118315
        navigate(brl_robot, stem_01, stem_02): 0.4438183497237184
        detect(brl_robot, stem_01): 1.2947005719347635

[POMCP] Selected: detect(brl_robot, stem_01)
[POMCP] Average simulation time:  0.0106
[POMCP] Average select time:  0.0
[Planner] Selected action: detect(brl_robot, stem_01)
[Planner] Observation:  []
    [Feedback] method=ours, confidence=0.0002, threshold=0.0000, trigger=False
    [Planner] Updated confidence: 0.00021454414913757436
    [Belief Diff]
      + add (0): -
      - del (0): -
[TIME] step_total=1.0669s (search=1.0617s, execute=0.0026s, update=0.0022s, interaction=0.0000s, pruning=0.0002s, overhead=0.0001s)
==================

Step: 17
[POMCP] applicable values:
        navigate(brl_robot, stem_01, dock_station): 0.711586424639683
        navigate(brl_robot, stem_01, stem_02): 0.7372080874544379
        detect(brl_robot, stem_01): 1.5286863729930438

[POMCP] Selected: detect(brl_robot, stem_01)
[POMCP] Average simulation time:  0.0114
[POMCP] Average select time:  0.0
[Planner] Selected action: detect(brl_robot, stem_01)
[Planner] Observation:  []
    [Feedback] method=ours, confidence=0.0002, threshold=0.0000, trigger=False
    [Planner] Updated confidence: 0.00021454414913757436
    [Belief Diff]
      + add (0): -
      - del (0): -
[TIME] step_total=1.1414s (search=1.1361s, execute=0.0027s, update=0.0022s, interaction=0.0000s, pruning=0.0003s, overhead=0.0001s)
==================

Step: 18
[POMCP] applicable values:
        navigate(brl_robot, stem_01, dock_station): 0.641677604099381
        navigate(brl_robot, stem_01, stem_02): 0.9729475262623655
        detect(brl_robot, stem_01): 2.1260051401973015

[POMCP] Selected: detect(brl_robot, stem_01)
[POMCP] Average simulation time:  0.012
[POMCP] Average select time:  0.0
[Planner] Selected action: detect(brl_robot, stem_01)
[Planner] Observation:  []
    [Feedback] method=ours, confidence=0.0002, threshold=0.0000, trigger=False
    [Planner] Updated confidence: 0.00021454414913757436
    [Belief Diff]
      + add (0): -
      - del (0): -
[TIME] step_total=1.2016s (search=1.1963s, execute=0.0026s, update=0.0022s, interaction=0.0000s, pruning=0.0003s, overhead=0.0001s)
==================

Step: 19
[POMCP] applicable values:
        navigate(brl_robot, stem_01, dock_station): 0.7301988022848513
        navigate(brl_robot, stem_01, stem_02): 0.0
        detect(brl_robot, stem_01): 1.0093564243295121

[POMCP] Selected: detect(brl_robot, stem_01)
[POMCP] Average simulation time:  0.0114
[POMCP] Average select time:  0.0
[Planner] Selected action: detect(brl_robot, stem_01)
[Planner] Observation:  []
    [Feedback] method=ours, confidence=0.0002, threshold=0.0000, trigger=False
    [Planner] Updated confidence: 0.00021454414913757436
    [Belief Diff]
      + add (0): -
      - del (0): -
[TIME] step_total=1.1467s (search=1.1414s, execute=0.0026s, update=0.0022s, interaction=0.0000s, pruning=0.0003s, overhead=0.0001s)
==================

Step: 20
[POMCP] applicable values:
        navigate(brl_robot, stem_01, dock_station): 0.3144613354460894
        navigate(brl_robot, stem_01, stem_02): 0.39884179379079
        detect(brl_robot, stem_01): 1.3079089883542727

[POMCP] Selected: detect(brl_robot, stem_01)
[POMCP] Average simulation time:  0.0116
[POMCP] Average select time:  0.0
[Planner] Selected action: detect(brl_robot, stem_01)
[Planner] Observation:  []
    [Feedback] method=ours, confidence=0.0002, threshold=0.0000, trigger=False
    [Planner] Updated confidence: 0.00021454414913757436
    [Belief Diff]
      + add (0): -
      - del (0): -
[TIME] step_total=1.1646s (search=1.1592s, execute=0.0026s, update=0.0022s, interaction=0.0000s, pruning=0.0005s, overhead=0.0001s)
==================

Step: 21
[POMCP] applicable values:
        navigate(brl_robot, stem_01, dock_station): 0.5702213180776112
        navigate(brl_robot, stem_01, stem_02): 0.9257725459996747
        detect(brl_robot, stem_01): 0.7499230598087926

[POMCP] Selected: navigate(brl_robot, stem_01, stem_02)
[POMCP] Average simulation time:  0.0112
[POMCP] Average select time:  0.0
[Planner] Selected action: navigate(brl_robot, stem_01, stem_02)
[Planner] Observation:  ['located(brl_robot,stem_02)']
    [Feedback] method=ours, confidence=0.9410, threshold=0.0000, trigger=False
    [Planner] Updated confidence: 0.9409562227967357
    [Belief Diff]
      + add (1): located(brl_robot,stem_02)
      - del (1): located(brl_robot,stem_01)
[TIME] step_total=1.1232s (search=1.1226s, execute=0.0002s, update=0.0001s, interaction=0.0000s, pruning=0.0001s, overhead=0.0001s)
==================

Step: 22
[POMCP] applicable values:
        navigate(brl_robot, stem_02, dock_station): 0.6769643959845173
        navigate(brl_robot, stem_02, stem_01): 1.2882757269413794
        detect(brl_robot, stem_02): 0.0

[POMCP] Selected: navigate(brl_robot, stem_02, stem_01)
[POMCP] Average simulation time:  0.0114
[POMCP] Average select time:  0.0
[Planner] Selected action: navigate(brl_robot, stem_02, stem_01)
[Planner] Observation:  ['located(brl_robot,stem_01)']
    [Feedback] method=ours, confidence=0.9428, threshold=0.0000, trigger=False
    [Planner] Updated confidence: 0.942826379950165
    [Belief Diff]
      + add (1): located(brl_robot,stem_01)
      - del (1): located(brl_robot,stem_02)
[TIME] step_total=1.1390s (search=1.1384s, execute=0.0002s, update=0.0001s, interaction=0.0000s, pruning=0.0002s, overhead=0.0001s)
==================

Step: 23
[POMCP] applicable values:
        navigate(brl_robot, stem_01, dock_station): 0.8816921167062757
        navigate(brl_robot, stem_01, stem_02): 0.9943365202556312
        detect(brl_robot, stem_01): 2.6492860859503535

[POMCP] Selected: detect(brl_robot, stem_01)
[POMCP] Average simulation time:  0.0112
[POMCP] Average select time:  0.0
[Planner] Selected action: detect(brl_robot, stem_01)
[Planner] Observation:  []
    [Feedback] method=ours, confidence=0.0002, threshold=0.0000, trigger=False
    [Planner] Updated confidence: 0.00021454414913757436
    [Belief Diff]
      + add (0): -
      - del (0): -
[TIME] step_total=1.1259s (search=1.1202s, execute=0.0026s, update=0.0022s, interaction=0.0000s, pruning=0.0007s, overhead=0.0001s)
==================

Step: 24
[POMCP] applicable values:
        navigate(brl_robot, stem_01, dock_station): 1.1477733736884768
        navigate(brl_robot, stem_01, stem_02): 0.0
        detect(brl_robot, stem_01): 2.2411786792620787

[POMCP] Selected: detect(brl_robot, stem_01)
[POMCP] Average simulation time:  0.0113
[POMCP] Average select time:  0.0
[Planner] Selected action: detect(brl_robot, stem_01)
[Planner] Observation:  []
    [Feedback] method=ours, confidence=0.0002, threshold=0.0000, trigger=False
    [Planner] Updated confidence: 0.00021454414913757436
    [Belief Diff]
      + add (0): -
      - del (0): -
[TIME] step_total=1.1350s (search=1.1297s, execute=0.0026s, update=0.0022s, interaction=0.0000s, pruning=0.0003s, overhead=0.0001s)
==================

Step: 25
[POMCP] applicable values:
        navigate(brl_robot, stem_01, dock_station): 1.5046311406787303
        navigate(brl_robot, stem_01, stem_02): 0.7208571513756971
        detect(brl_robot, stem_01): 0.3649862804234655

[POMCP] Selected: navigate(brl_robot, stem_01, dock_station)
[POMCP] Average simulation time:  0.0105
[POMCP] Average select time:  0.0
[Planner] Selected action: navigate(brl_robot, stem_01, dock_station)
[Planner] Observation:  ['located(brl_robot,dock_station)']
    [Feedback] method=ours, confidence=0.9573, threshold=0.0000, trigger=False
    [Planner] Updated confidence: 0.9573017535125614
    [Belief Diff]
      + add (1): located(brl_robot,dock_station)
      - del (1): located(brl_robot,stem_01)
[TIME] step_total=1.0496s (search=1.0491s, execute=0.0002s, update=0.0001s, interaction=0.0000s, pruning=0.0001s, overhead=0.0001s)
==================

Step: 26
[POMCP] applicable values:
        navigate(brl_robot, dock_station, stem_01): 1.75088212228766
        navigate(brl_robot, dock_station, stem_02): 0.5987369392383788

[POMCP] Selected: navigate(brl_robot, dock_station, stem_01)
[POMCP] Average simulation time:  0.0111
[POMCP] Average select time:  0.0
[Planner] Selected action: navigate(brl_robot, dock_station, stem_01)
[Planner] Observation:  ['located(brl_robot,stem_01)']
    [Feedback] method=ours, confidence=0.9406, threshold=0.0000, trigger=False
    [Planner] Updated confidence: 0.9406448082278414
    [Belief Diff]
      + add (1): located(brl_robot,stem_01)
      - del (1): located(brl_robot,dock_station)
[TIME] step_total=1.1103s (search=1.1097s, execute=0.0002s, update=0.0001s, interaction=0.0000s, pruning=0.0001s, overhead=0.0001s)
==================

Step: 27
[POMCP] applicable values:
        navigate(brl_robot, stem_01, dock_station): 0.641677604099381
        navigate(brl_robot, stem_01, stem_02): 1.186260791883222
        detect(brl_robot, stem_01): 2.0685285796198127

[POMCP] Selected: detect(brl_robot, stem_01)
[POMCP] Average simulation time:  0.0109
[POMCP] Average select time:  0.0
[Planner] Selected action: detect(brl_robot, stem_01)
[Planner] Observation:  []
    [Feedback] method=ours, confidence=0.0002, threshold=0.0000, trigger=False
    [Planner] Updated confidence: 0.00021454414913757436
    [Belief Diff]
      + add (0): -
      - del (0): -
[TIME] step_total=1.0947s (search=1.0888s, execute=0.0026s, update=0.0022s, interaction=0.0000s, pruning=0.0010s, overhead=0.0001s)
==================

Step: 28
[POMCP] applicable values:
        navigate(brl_robot, stem_01, dock_station): 1.1737708560027693
        navigate(brl_robot, stem_01, stem_02): 0.7292048934682143
        detect(brl_robot, stem_01): 0.6725249895577647

[POMCP] Selected: navigate(brl_robot, stem_01, dock_station)
[POMCP] Average simulation time:  0.0103
[POMCP] Average select time:  0.0
[Planner] Selected action: navigate(brl_robot, stem_01, dock_station)
[Planner] Observation:  ['located(brl_robot,dock_station)']
    [Feedback] method=ours, confidence=0.9644, threshold=0.0000, trigger=False
    [Planner] Updated confidence: 0.9643588053713393
    [Belief Diff]
      + add (1): located(brl_robot,dock_station)
      - del (1): located(brl_robot,stem_01)
[TIME] step_total=1.0293s (search=1.0288s, execute=0.0002s, update=0.0001s, interaction=0.0000s, pruning=0.0001s, overhead=0.0001s)
==================

Step: 29
[POMCP] applicable values:
        navigate(brl_robot, dock_station, stem_01): 1.1647475724699397
        navigate(brl_robot, dock_station, stem_02): 0.6513739667333899

[POMCP] Selected: navigate(brl_robot, dock_station, stem_01)
[POMCP] Average simulation time:  0.0113
[POMCP] Average select time:  0.0
[Planner] Selected action: navigate(brl_robot, dock_station, stem_01)
[Planner] Observation:  ['located(brl_robot,stem_01)']
    [Feedback] method=ours, confidence=0.9561, threshold=0.0000, trigger=False
    [Planner] Updated confidence: 0.9560937150790607
    [Belief Diff]
      + add (1): located(brl_robot,stem_01)
      - del (1): located(brl_robot,dock_station)
[TIME] step_total=1.1336s (search=1.1330s, execute=0.0002s, update=0.0001s, interaction=0.0000s, pruning=0.0001s, overhead=0.0001s)
==================

Step: 30
[POMCP] applicable values:
        navigate(brl_robot, stem_01, dock_station): 1.0367792893326153
        navigate(brl_robot, stem_01, stem_02): 0.9965625854008833
        detect(brl_robot, stem_01): 1.264418198315573

[POMCP] Selected: detect(brl_robot, stem_01)
[POMCP] Average simulation time:  0.011
[POMCP] Average select time:  0.0
[Planner] Selected action: detect(brl_robot, stem_01)
[Planner] Observation:  []
    [Feedback] method=ours, confidence=0.0002, threshold=0.0000, trigger=False
    [Planner] Updated confidence: 0.00021454414913757436
    [Belief Diff]
      + add (0): -
      - del (0): -
[TIME] step_total=1.1071s (search=1.1013s, execute=0.0026s, update=0.0022s, interaction=0.0001s, pruning=0.0007s, overhead=0.0001s)
==================

Step: 31
[POMCP] applicable values:
        navigate(brl_robot, stem_01, dock_station): 0.4481074030106774
        navigate(brl_robot, stem_01, stem_02): 0.0
        detect(brl_robot, stem_01): 2.0749073182819813

[POMCP] Selected: detect(brl_robot, stem_01)
[POMCP] Average simulation time:  0.0108
[POMCP] Average select time:  0.0
[Planner] Selected action: detect(brl_robot, stem_01)
[Planner] Observation:  []
    [Feedback] method=ours, confidence=0.0002, threshold=0.0000, trigger=False
    [Planner] Updated confidence: 0.00021454414913757436
    [Belief Diff]
      + add (0): -
      - del (0): -
[TIME] step_total=1.0832s (search=1.0778s, execute=0.0026s, update=0.0022s, interaction=0.0000s, pruning=0.0004s, overhead=0.0001s)
==================

Step: 32
[POMCP] applicable values:
        navigate(brl_robot, stem_01, dock_station): 0.6779778422795923
        navigate(brl_robot, stem_01, stem_02): 0.9407467308473081
        detect(brl_robot, stem_01): 0.6822101429762181

[POMCP] Selected: navigate(brl_robot, stem_01, stem_02)
[POMCP] Average simulation time:  0.0109
[POMCP] Average select time:  0.0
[Planner] Selected action: navigate(brl_robot, stem_01, stem_02)
[Planner] Observation:  ['located(brl_robot,stem_02)']
    [Feedback] method=ours, confidence=0.9543, threshold=0.0000, trigger=False
    [Planner] Updated confidence: 0.9543183374638825
    [Belief Diff]
      + add (1): located(brl_robot,stem_02)
      - del (1): located(brl_robot,stem_01)
[TIME] step_total=1.0952s (search=1.0946s, execute=0.0002s, update=0.0001s, interaction=0.0000s, pruning=0.0002s, overhead=0.0001s)
==================

Step: 33
[POMCP] applicable values:
        navigate(brl_robot, stem_02, dock_station): 1.1753673838185106
        navigate(brl_robot, stem_02, stem_01): 0.4993263003269804
        detect(brl_robot, stem_02): 0.2987382686737849

[POMCP] Selected: navigate(brl_robot, stem_02, dock_station)
[POMCP] Average simulation time:  0.0107
[POMCP] Average select time:  0.0
[Planner] Selected action: navigate(brl_robot, stem_02, dock_station)
[Planner] Observation:  ['located(brl_robot,dock_station)']
    [Feedback] method=ours, confidence=0.9754, threshold=0.0000, trigger=False
    [Planner] Updated confidence: 0.9754342997694517
    [Belief Diff]
      + add (1): located(brl_robot,dock_station)
      - del (1): located(brl_robot,stem_02)
[TIME] step_total=1.0748s (search=1.0743s, execute=0.0002s, update=0.0001s, interaction=0.0000s, pruning=0.0001s, overhead=0.0001s)
==================

Step: 34
[POMCP] applicable values:
        navigate(brl_robot, dock_station, stem_01): 2.4153112574755484
        navigate(brl_robot, dock_station, stem_02): 0.4503000730521973

[POMCP] Selected: navigate(brl_robot, dock_station, stem_01)
[POMCP] Average simulation time:  0.0109
[POMCP] Average select time:  0.0
[Planner] Selected action: navigate(brl_robot, dock_station, stem_01)
[Planner] Observation:  ['located(brl_robot,stem_01)']
    [Feedback] method=ours, confidence=0.9657, threshold=0.0000, trigger=False
    [Planner] Updated confidence: 0.9657205618418554
    [Belief Diff]
      + add (1): located(brl_robot,stem_01)
      - del (1): located(brl_robot,dock_station)
[TIME] step_total=1.0905s (search=1.0899s, execute=0.0002s, update=0.0001s, interaction=0.0000s, pruning=0.0001s, overhead=0.0001s)
==================

Step: 35
[POMCP] applicable values:
        navigate(brl_robot, stem_01, dock_station): 0.8104968716908593
        navigate(brl_robot, stem_01, stem_02): 0.0
        detect(brl_robot, stem_01): 3.267766224606932

[POMCP] Selected: detect(brl_robot, stem_01)
[POMCP] Average simulation time:  0.0115
[POMCP] Average select time:  0.0
[Planner] Selected action: detect(brl_robot, stem_01)
[Planner] Observation:  []
    [Feedback] method=ours, confidence=0.0002, threshold=0.0000, trigger=False
    [Planner] Updated confidence: 0.00021454414913757436
    [Belief Diff]
      + add (0): -
      - del (0): -
[TIME] step_total=1.1513s (search=1.1452s, execute=0.0026s, update=0.0022s, interaction=0.0000s, pruning=0.0012s, overhead=0.0001s)
==================

Step: 36
[POMCP] applicable values:
        navigate(brl_robot, stem_01, dock_station): 0.9835145098809287
        navigate(brl_robot, stem_01, stem_02): 0.8496282722656394
        detect(brl_robot, stem_01): 1.205849356684524

[POMCP] Selected: detect(brl_robot, stem_01)
[POMCP] Average simulation time:  0.0108
[POMCP] Average select time:  0.0
[Planner] Selected action: detect(brl_robot, stem_01)
[Planner] Observation:  []
    [Feedback] method=ours, confidence=0.0002, threshold=0.0000, trigger=False
    [Planner] Updated confidence: 0.00021454414913757436
    [Belief Diff]
      + add (0): -
      - del (0): -
[TIME] step_total=1.0872s (search=1.0819s, execute=0.0026s, update=0.0022s, interaction=0.0000s, pruning=0.0003s, overhead=0.0001s)
==================

Step: 37
[POMCP] applicable values:
        navigate(brl_robot, stem_01, dock_station): 0.9051635097606243
        navigate(brl_robot, stem_01, stem_02): 1.1508618946588696
        detect(brl_robot, stem_01): 0.8438027183265883

[POMCP] Selected: navigate(brl_robot, stem_01, stem_02)
[POMCP] Average simulation time:  0.0105
[POMCP] Average select time:  0.0
[Planner] Selected action: navigate(brl_robot, stem_01, stem_02)
[Planner] Observation:  ['located(brl_robot,stem_02)']
    [Feedback] method=ours, confidence=0.9841, threshold=0.0000, trigger=False
    [Planner] Updated confidence: 0.9841408006807923
    [Belief Diff]
      + add (1): located(brl_robot,stem_02)
      - del (1): located(brl_robot,stem_01)
[TIME] step_total=1.0492s (search=1.0486s, execute=0.0002s, update=0.0001s, interaction=0.0000s, pruning=0.0001s, overhead=0.0001s)
==================

Step: 38
[POMCP] applicable values:
        navigate(brl_robot, stem_02, dock_station): 0.0
        navigate(brl_robot, stem_02, stem_01): 1.5933369729360152
        detect(brl_robot, stem_02): 0.42778506939958744

[POMCP] Selected: navigate(brl_robot, stem_02, stem_01)
[POMCP] Average simulation time:  0.011
[POMCP] Average select time:  0.0
[Planner] Selected action: navigate(brl_robot, stem_02, stem_01)
[Planner] Observation:  ['located(brl_robot,stem_01)']
    [Feedback] method=ours, confidence=0.9662, threshold=0.0000, trigger=False
    [Planner] Updated confidence: 0.9661756852456095
    [Belief Diff]
      + add (1): located(brl_robot,stem_01)
      - del (1): located(brl_robot,stem_02)
[TIME] step_total=1.1051s (search=1.1045s, execute=0.0002s, update=0.0001s, interaction=0.0000s, pruning=0.0001s, overhead=0.0001s)
==================

Step: 39
[POMCP] applicable values:
        navigate(brl_robot, stem_01, dock_station): 1.145246788795174
        navigate(brl_robot, stem_01, stem_02): 0.6983372960937498
        detect(brl_robot, stem_01): 2.6664917889474715

[POMCP] Selected: detect(brl_robot, stem_01)
[POMCP] Average simulation time:  0.0116
[POMCP] Average select time:  0.0
[Planner] Selected action: detect(brl_robot, stem_01)
[Planner] Observation:  []
    [Feedback] method=ours, confidence=0.0002, threshold=0.0000, trigger=False
    [Planner] Updated confidence: 0.00021454414913757436
    [Belief Diff]
      + add (0): -
      - del (0): -
[TIME] step_total=1.1656s (search=1.1597s, execute=0.0026s, update=0.0022s, interaction=0.0000s, pruning=0.0009s, overhead=0.0001s)
==================

Step: 40
[POMCP] applicable values:
        navigate(brl_robot, stem_01, dock_station): 0.7005456654302392
        navigate(brl_robot, stem_01, stem_02): 0.5176855487488738
        detect(brl_robot, stem_01): 0.9589864498403284

[POMCP] Selected: detect(brl_robot, stem_01)
[POMCP] Average simulation time:  0.0099
[POMCP] Average select time:  0.0
[Planner] Selected action: detect(brl_robot, stem_01)
[Planner] Observation:  []
    [Feedback] method=ours, confidence=0.0002, threshold=0.0000, trigger=False
    [Planner] Updated confidence: 0.00021454414913757436
    [Belief Diff]
      + add (0): -
      - del (0): -
[TIME] step_total=0.9961s (search=0.9909s, execute=0.0026s, update=0.0022s, interaction=0.0001s, pruning=0.0003s, overhead=0.0001s)
==================

Step: 41
[POMCP] applicable values:
        navigate(brl_robot, stem_01, dock_station): 0.9303813594274393
        navigate(brl_robot, stem_01, stem_02): 0.0
        detect(brl_robot, stem_01): 1.8634764735680027

[POMCP] Selected: detect(brl_robot, stem_01)
[POMCP] Average simulation time:  0.0117
[POMCP] Average select time:  0.0
[Planner] Selected action: detect(brl_robot, stem_01)
[Planner] Observation:  []
    [Feedback] method=ours, confidence=0.0002, threshold=0.0000, trigger=False
    [Planner] Updated confidence: 0.00021454414913757436
    [Belief Diff]
      + add (0): -
      - del (0): -
[TIME] step_total=1.1757s (search=1.1704s, execute=0.0027s, update=0.0022s, interaction=0.0000s, pruning=0.0003s, overhead=0.0001s)
==================

Step: 42
[POMCP] applicable values:
        navigate(brl_robot, stem_01, dock_station): 1.0215684614765068
        navigate(brl_robot, stem_01, stem_02): 0.5791140376996913
        detect(brl_robot, stem_01): 1.7717090536063984

[POMCP] Selected: detect(brl_robot, stem_01)
[POMCP] Average simulation time:  0.0106
[POMCP] Average select time:  0.0
[Planner] Selected action: detect(brl_robot, stem_01)
[Planner] Observation:  []
    [Feedback] method=ours, confidence=0.0002, threshold=0.0000, trigger=False
    [Planner] Updated confidence: 0.00021454414913757436
    [Belief Diff]
      + add (0): -
      - del (0): -
[TIME] step_total=1.0673s (search=1.0618s, execute=0.0026s, update=0.0022s, interaction=0.0000s, pruning=0.0005s, overhead=0.0001s)
==================

Step: 43
[POMCP] applicable values:
        navigate(brl_robot, stem_01, dock_station): 0.6355357965359725
        navigate(brl_robot, stem_01, stem_02): 0.0
        detect(brl_robot, stem_01): 1.4004985911122005

[POMCP] Selected: detect(brl_robot, stem_01)
[POMCP] Average simulation time:  0.0124
[POMCP] Average select time:  0.0
[Planner] Selected action: detect(brl_robot, stem_01)
[Planner] Observation:  []
    [Feedback] method=ours, confidence=0.0002, threshold=0.0000, trigger=False
    [Planner] Updated confidence: 0.00021454414913757436
    [Belief Diff]
      + add (0): -
      - del (0): -
[TIME] step_total=1.2424s (search=1.2372s, execute=0.0026s, update=0.0022s, interaction=0.0000s, pruning=0.0002s, overhead=0.0001s)
==================

Step: 44
[POMCP] applicable values:
        navigate(brl_robot, stem_01, dock_station): 0.0
        navigate(brl_robot, stem_01, stem_02): 0.6973963568776783
        detect(brl_robot, stem_01): 1.5025182518596343

[POMCP] Selected: detect(brl_robot, stem_01)
[POMCP] Average simulation time:  0.0118
[POMCP] Average select time:  0.0
[Planner] Selected action: detect(brl_robot, stem_01)
[Planner] Observation:  []
    [Feedback] method=ours, confidence=0.0002, threshold=0.0000, trigger=False
    [Planner] Updated confidence: 0.00021454414913757436
    [Belief Diff]
      + add (0): -
      - del (0): -
[TIME] step_total=1.1812s (search=1.1758s, execute=0.0026s, update=0.0022s, interaction=0.0000s, pruning=0.0004s, overhead=0.0001s)
==================

Step: 45
[POMCP] applicable values:
        navigate(brl_robot, stem_01, dock_station): 0.0
        navigate(brl_robot, stem_01, stem_02): 0.5122614462083726
        detect(brl_robot, stem_01): 1.9509166263497582

[POMCP] Selected: detect(brl_robot, stem_01)
[POMCP] Average simulation time:  0.0115
[POMCP] Average select time:  0.0
[Planner] Selected action: detect(brl_robot, stem_01)
[Planner] Observation:  []
    [Feedback] method=ours, confidence=0.0002, threshold=0.0000, trigger=False
    [Planner] Updated confidence: 0.00021454414913757436
    [Belief Diff]
      + add (0): -
      - del (0): -
[TIME] step_total=1.1554s (search=1.1501s, execute=0.0026s, update=0.0022s, interaction=0.0000s, pruning=0.0003s, overhead=0.0001s)
==================

Step: 46
[POMCP] applicable values:
        navigate(brl_robot, stem_01, dock_station): 0.0
        navigate(brl_robot, stem_01, stem_02): 0.0
        detect(brl_robot, stem_01): 1.7330307498682287

[POMCP] Selected: detect(brl_robot, stem_01)
[POMCP] Average simulation time:  0.0112
[POMCP] Average select time:  0.0
[Planner] Selected action: detect(brl_robot, stem_01)
[Planner] Observation:  []
    [Feedback] method=ours, confidence=0.0002, threshold=0.0000, trigger=False
    [Planner] Updated confidence: 0.00021454414913757436
    [Belief Diff]
      + add (0): -
      - del (0): -
[TIME] step_total=1.1299s (search=1.1248s, execute=0.0026s, update=0.0022s, interaction=0.0000s, pruning=0.0003s, overhead=0.0001s)
==================

Step: 47
[POMCP] applicable values:
        navigate(brl_robot, stem_01, dock_station): 0.6974188548722844
        navigate(brl_robot, stem_01, stem_02): 0.0
        detect(brl_robot, stem_01): 1.4107981615991037

[POMCP] Selected: detect(brl_robot, stem_01)
[POMCP] Average simulation time:  0.0113
[POMCP] Average select time:  0.0
[Planner] Selected action: detect(brl_robot, stem_01)
[Planner] Observation:  []
    [Feedback] method=ours, confidence=0.0002, threshold=0.0000, trigger=False
    [Planner] Updated confidence: 0.00021454414913757436
    [Belief Diff]
      + add (0): -
      - del (0): -
[TIME] step_total=1.1317s (search=1.1263s, execute=0.0026s, update=0.0022s, interaction=0.0000s, pruning=0.0004s, overhead=0.0001s)
==================

Step: 48
[POMCP] applicable values:
        navigate(brl_robot, stem_01, dock_station): 0.26953828752521947
        navigate(brl_robot, stem_01, stem_02): 0.45298191387364284
        detect(brl_robot, stem_01): 1.8118880257845729

[POMCP] Selected: detect(brl_robot, stem_01)
[POMCP] Average simulation time:  0.011
[POMCP] Average select time:  0.0
[Planner] Selected action: detect(brl_robot, stem_01)
[Planner] Observation:  []
    [Feedback] method=ours, confidence=0.0002, threshold=0.0000, trigger=False
    [Planner] Updated confidence: 0.00021454414913757436
    [Belief Diff]
      + add (0): -
      - del (0): -
[TIME] step_total=1.1047s (search=1.0994s, execute=0.0026s, update=0.0022s, interaction=0.0000s, pruning=0.0003s, overhead=0.0001s)
==================

Step: 49
[POMCP] applicable values:
        navigate(brl_robot, stem_01, dock_station): 0.6164476317691417
        navigate(brl_robot, stem_01, stem_02): 0.6992183889566713
        detect(brl_robot, stem_01): 1.1830701186274322

[POMCP] Selected: detect(brl_robot, stem_01)
[POMCP] Average simulation time:  0.0111
[POMCP] Average select time:  0.0
[Planner] Selected action: detect(brl_robot, stem_01)
[Planner] Observation:  []
    [Feedback] method=ours, confidence=0.0002, threshold=0.0000, trigger=False
    [Planner] Updated confidence: 0.00021454414913757436
    [Belief Diff]
      + add (0): -
      - del (0): -
[TIME] step_total=1.1179s (search=1.1125s, execute=0.0026s, update=0.0022s, interaction=0.0000s, pruning=0.0004s, overhead=0.0001s)
==================

Step: 50
[POMCP] applicable values:
        navigate(brl_robot, stem_01, dock_station): 0.5522501481122281
        navigate(brl_robot, stem_01, stem_02): 0.0
        detect(brl_robot, stem_01): 1.4493589773772921

[POMCP] Selected: detect(brl_robot, stem_01)
[POMCP] Average simulation time:  0.0111
[POMCP] Average select time:  0.0
[Planner] Selected action: detect(brl_robot, stem_01)
[Planner] Observation:  []
    [Feedback] method=ours, confidence=0.0002, threshold=0.0000, trigger=False
    [Planner] Updated confidence: 0.00021454414913757436
    [Belief Diff]
      + add (0): -
      - del (0): -
[TIME] step_total=1.1130s (search=1.1081s, execute=0.0026s, update=0.0022s, interaction=0.0000s, pruning=0.0000s, overhead=0.0001s)
[TIME SUMMARY]
avg search: 1.0752s
avg execute: 0.0016s
avg update: 0.0014s
avg interaction: 0.0000s
avg pruning: 0.0004s
avg step wall: 1.0787s
total wall clock: 53.9340s
=============Action Log=============
[STEP 1]: navigate(brl_robot, dock_station, stem_01)
[STEP 2]: navigate(brl_robot, stem_01, stem_02)
[STEP 3]: detect(brl_robot, stem_02)
[STEP 4]: navigate(brl_robot, stem_02, stem_01)
[STEP 5]: detect(brl_robot, stem_01)
[STEP 6]: pick(brl_robot, tomato1, stem_01)
[STEP 7]: scan(brl_robot, tomato1)
[STEP 8]: place(brl_robot, tomato1)
[STEP 9]: detect(brl_robot, stem_01)
[STEP 10]: pick(brl_robot, tomato2, stem_01)
[STEP 11]: scan(brl_robot, tomato2)
[STEP 12]: discard(brl_robot, tomato2)
[STEP 13]: detect(brl_robot, stem_01)
[STEP 14]: detect(brl_robot, stem_01)
[STEP 15]: detect(brl_robot, stem_01)
[STEP 16]: detect(brl_robot, stem_01)
[STEP 17]: detect(brl_robot, stem_01)
[STEP 18]: detect(brl_robot, stem_01)
[STEP 19]: detect(brl_robot, stem_01)
[STEP 20]: detect(brl_robot, stem_01)
[STEP 21]: navigate(brl_robot, stem_01, stem_02)
[STEP 22]: navigate(brl_robot, stem_02, stem_01)
[STEP 23]: detect(brl_robot, stem_01)
[STEP 24]: detect(brl_robot, stem_01)
[STEP 25]: navigate(brl_robot, stem_01, dock_station)
[STEP 26]: navigate(brl_robot, dock_station, stem_01)
[STEP 27]: detect(brl_robot, stem_01)
[STEP 28]: navigate(brl_robot, stem_01, dock_station)
[STEP 29]: navigate(brl_robot, dock_station, stem_01)
[STEP 30]: detect(brl_robot, stem_01)
[STEP 31]: detect(brl_robot, stem_01)
[STEP 32]: navigate(brl_robot, stem_01, stem_02)
[STEP 33]: navigate(brl_robot, stem_02, dock_station)
[STEP 34]: navigate(brl_robot, dock_station, stem_01)
[STEP 35]: detect(brl_robot, stem_01)
[STEP 36]: detect(brl_robot, stem_01)
[STEP 37]: navigate(brl_robot, stem_01, stem_02)
[STEP 38]: navigate(brl_robot, stem_02, stem_01)
[STEP 39]: detect(brl_robot, stem_01)
[STEP 40]: detect(brl_robot, stem_01)
[STEP 41]: detect(brl_robot, stem_01)
[STEP 42]: detect(brl_robot, stem_01)
[STEP 43]: detect(brl_robot, stem_01)
[STEP 44]: detect(brl_robot, stem_01)
[STEP 45]: detect(brl_robot, stem_01)
[STEP 46]: detect(brl_robot, stem_01)
[STEP 47]: detect(brl_robot, stem_01)
[STEP 48]: detect(brl_robot, stem_01)
[STEP 49]: detect(brl_robot, stem_01)
[STEP 50]: detect(brl_robot, stem_01)
=============Final Knowledge=============
at(tomato3,stem_02)
at(tomato4,stem_02)
discarded(tomato2)
handempty(brl_robot)
loaded(tomato1,brl_robot)
located(brl_robot,stem_01)
location(dock_station)
location(stem_01)
location(stem_02)
observed(tomato1)
observed(tomato2)
observed(tomato3)
observed(tomato4)
ripe(tomato1)
robot(brl_robot)
rotten(tomato2)
scanned(tomato1)
scanned(tomato2)
stem(stem_01)
stem(stem_02)
tomato(tomato1)
tomato(tomato2)
tomato(tomato3)
tomato(tomato4)
unripe(tomato3)
unripe(tomato4)
=============Query=============
Total Query 0
=============Action Schema Summary=============
detect: actions=30, questions=0, expected_questions_per_action=0.0000
discard: actions=1, questions=0, expected_questions_per_action=0.0000
navigate: actions=14, questions=0, expected_questions_per_action=0.0000
pick: actions=2, questions=0, expected_questions_per_action=0.0000
place: actions=1, questions=0, expected_questions_per_action=0.0000
scan: actions=2, questions=0, expected_questions_per_action=0.0000
=============Log File=============
/home/changmin/PyProject/00_BRL-CF/experiments_logs/system_log/e1_threshold/tomato/scene_01_step50/ours/oracle/tau_0-0/exp_tomato_20260803_195432_571789.txt
