Step: 1
[POMCP] applicable values:
        navigate(brl_robot, dock_station, stem_01): 1.522999124659831
        navigate(brl_robot, dock_station, stem_02): 1.6716311445468879

[POMCP] Selected: navigate(brl_robot, dock_station, stem_02)
[POMCP] Average simulation time:  0.0083
[POMCP] Average select time:  0.0
[Planner] Selected action: navigate(brl_robot, dock_station, stem_02)
[Planner] Observation:  []
    [Feedback] method=ours-random-what, confidence=0.6410, threshold=0.8000, trigger=True
    [Planner] Current confidence: 0.6410310556594643
    [Query] Q: located(brl_robot,dock_station) is True?
    [Query] T: located(brl_robot,dock_station)=True?
    [Query] A: False
    [Planner] Reduced 3 --> 2
    [Planner] Current confidence: 0.7025566035349998
    [Query] Q: located(brl_robot,stem_01) is True?
    [Query] T: located(brl_robot,stem_01)=True?
    [Query] A: False
    [Planner] Reduced 2 --> 1
    [Planner] Updated confidence: 1.0
    [Belief Diff]
      + add (1): located(brl_robot,stem_02)
      - del (1): located(brl_robot,dock_station)
[TIME] step_total=0.8298s (search=0.8272s, execute=0.0002s, update=0.0002s, interaction=0.0020s, pruning=0.0002s, overhead=0.0001s)
==================

Step: 2
[POMCP] applicable values:
        navigate(brl_robot, stem_02, dock_station): 1.300078438438211
        navigate(brl_robot, stem_02, stem_01): 0.0
        detect(brl_robot, stem_02): 1.8312882380602706

[POMCP] Selected: detect(brl_robot, stem_02)
[POMCP] Average simulation time:  0.0082
[POMCP] Average select time:  0.0
[Planner] Selected action: detect(brl_robot, stem_02)
[Planner] Observation:  ['observed(tomato3)', 'observed(tomato4)', 'ripe(tomato3)', 'unripe(tomato4)']
    [Feedback] method=ours-random-what, confidence=0.2932, threshold=0.8000, trigger=True
    [Planner] Current confidence: 0.2931829455574
    [Query] Q: observed(tomato3) is True?
    [Query] T: observed(tomato3)=True?
    [Query] A: False
    [Planner] Reduced 81 --> 27
    [Planner] Current confidence: 0.22211900857709044
    [Query] Q: ripe(tomato2) is True?
    [Query] T: ripe(tomato2)=True?
    [Query] A: False
    [Planner] Reduced 27 --> 18
    [Planner] Current confidence: 0.25325466908747407
    [Query] Q: observed(tomato1) is True?
    [Query] T: observed(tomato1)=True?
    [Query] A: False
    [Planner] Reduced 18 --> 6
    [Planner] Current confidence: 0.40836375198274033
    [Query] Q: unripe(tomato2) is True?
    [Query] T: unripe(tomato2)=True?
    [Query] A: False
    [Planner] Reduced 6 --> 3
    [Planner] Current confidence: 0.6657918051629306
    [Query] Q: ripe(tomato4) is True?
    [Query] T: ripe(tomato4)=True?
    [Query] A: False
    [Planner] Reduced 3 --> 2
    [Planner] Updated confidence: 0.9128931868987019
    [Belief Diff]
      + add (3): at(tomato4,stem_02), observed(tomato4), unripe(tomato4)
      - del (0): -
[TIME] step_total=0.8314s (search=0.8241s, execute=0.0005s, update=0.0033s, interaction=0.0029s, pruning=0.0006s, overhead=0.0001s)
==================

Step: 3
[POMCP] applicable values:
        navigate(brl_robot, stem_02, dock_station): 1.3822138969595335
        navigate(brl_robot, stem_02, stem_01): 0.0
        detect(brl_robot, stem_02): 0.0

[POMCP] Selected: navigate(brl_robot, stem_02, dock_station)
[POMCP] Average simulation time:  0.0076
[POMCP] Average select time:  0.0
[Planner] Selected action: navigate(brl_robot, stem_02, dock_station)
[Planner] Observation:  ['located(brl_robot,stem_01)']
    [Feedback] method=ours-random-what, confidence=0.5379, threshold=0.8000, trigger=True
    [Planner] Current confidence: 0.5379388642689846
    [Query] Q: located(brl_robot,stem_02) is True?
    [Query] T: located(brl_robot,stem_02)=True?
    [Query] A: True
    [Planner] Reduced 3 --> 1
    [Planner] Updated confidence: 1.0
    [Belief Diff]
      + add (0): -
      - del (0): -
[TIME] step_total=0.7594s (search=0.7584s, execute=0.0002s, update=0.0001s, interaction=0.0002s, pruning=0.0004s, overhead=0.0001s)
==================

Step: 4
[POMCP] applicable values:
        navigate(brl_robot, stem_02, dock_station): 0.0
        navigate(brl_robot, stem_02, stem_01): 2.048133976137314
        detect(brl_robot, stem_02): 2.3129212674367783

[POMCP] Selected: detect(brl_robot, stem_02)
[POMCP] Average simulation time:  0.0079
[POMCP] Average select time:  0.0
[Planner] Selected action: detect(brl_robot, stem_02)
[Planner] Observation:  ['observed(tomato3)', 'observed(tomato4)', 'ripe(tomato3)', 'ripe(tomato4)']
    [Feedback] method=ours-random-what, confidence=0.2314, threshold=0.8000, trigger=True
    [Planner] Current confidence: 0.23143118732077894
    [Query] Q: ripe(tomato2) is True?
    [Query] T: ripe(tomato2)=True?
    [Query] A: False
    [Planner] Reduced 54 --> 36
    [Planner] Current confidence: 0.25757351483187063
    [Query] Q: observed(tomato2) is True?
    [Query] T: observed(tomato2)=True?
    [Query] A: False
    [Planner] Reduced 36 --> 18
    [Planner] Current confidence: 0.3192075329288946
    [Query] Q: observed(tomato3) is True?
    [Query] T: observed(tomato3)=True?
    [Query] A: False
    [Planner] Reduced 18 --> 6
    [Planner] Current confidence: 0.010613627189726915
    [Query] Q: at(tomato1,stem_02) is True?
    [Query] T: at(tomato1,stem_02)=True?
    [Query] A: False
    [Planner] Reduced 6 --> 2
    [Planner] Current confidence: 0.02710299680130901
    [Query] Q: unripe(tomato4) is True?
    [Query] T: unripe(tomato4)=True?
    [Query] A: True
    [Planner] Reduced 2 --> 1
    [Planner] Updated confidence: 1.0
    [Belief Diff]
      + add (0): -
      - del (0): -
[TIME] step_total=0.7919s (search=0.7857s, execute=0.0006s, update=0.0026s, interaction=0.0025s, pruning=0.0004s, overhead=0.0001s)
==================

Step: 5
[POMCP] applicable values:
        navigate(brl_robot, stem_02, dock_station): 0.0
        navigate(brl_robot, stem_02, stem_01): 1.1270352957494456
        detect(brl_robot, stem_02): 1.6098845274854667

[POMCP] Selected: detect(brl_robot, stem_02)
[POMCP] Average simulation time:  0.0081
[POMCP] Average select time:  0.0
[Planner] Selected action: detect(brl_robot, stem_02)
[Planner] Observation:  ['observed(tomato3)', 'observed(tomato4)', 'ripe(tomato3)', 'unripe(tomato4)']
    [Feedback] method=ours-random-what, confidence=0.2364, threshold=0.8000, trigger=True
    [Planner] Current confidence: 0.23640886670963868
    [Query] Q: observed(tomato1) is True?
    [Query] T: observed(tomato1)=True?
    [Query] A: False
    [Planner] Reduced 54 --> 18
    [Planner] Current confidence: 0.326076754318536
    [Query] Q: unripe(tomato2) is True?
    [Query] T: unripe(tomato2)=True?
    [Query] A: False
    [Planner] Reduced 18 --> 12
    [Planner] Current confidence: 0.37926780722973064
    [Query] Q: ripe(tomato3) is True?
    [Query] T: ripe(tomato3)=True?
    [Query] A: True
    [Planner] Reduced 12 --> 4
    [Planner] Current confidence: 0.25655137772215486
    [Query] Q: at(tomato2,stem_02) is True?
    [Query] T: at(tomato2,stem_02)=True?
    [Query] A: False
    [Planner] Reduced 4 --> 2
    [Planner] Current confidence: 0.5127672193205948
    [Query] Q: ripe(tomato4) is True?
    [Query] T: ripe(tomato4)=True?
    [Query] A: False
    [Planner] Reduced 2 --> 1
    [Planner] Updated confidence: 1.0
    [Belief Diff]
      + add (3): at(tomato3,stem_02), observed(tomato3), ripe(tomato3)
      - del (0): -
[TIME] step_total=0.8204s (search=0.8148s, execute=0.0005s, update=0.0026s, interaction=0.0021s, pruning=0.0004s, overhead=0.0001s)
==================

Step: 6
[POMCP] applicable values:
        navigate(brl_robot, stem_02, dock_station): 0.0
        navigate(brl_robot, stem_02, stem_01): 1.2614540329843162
        detect(brl_robot, stem_02): 0.0
        pick(brl_robot, tomato3, stem_02): 4.872416589577303

[POMCP] Selected: pick(brl_robot, tomato3, stem_02)
[POMCP] Average simulation time:  0.0091
[POMCP] Average select time:  0.0
[Planner] Selected action: pick(brl_robot, tomato3, stem_02)
[Planner] Observation:  ['holding(brl_robot,tomato3)', 'holded(tomato3,brl_robot)']
    [Feedback] method=ours-random-what, confidence=0.9939, threshold=0.8000, trigger=False
    [Planner] Updated confidence: 0.9939099050959215
    [Belief Diff]
      + add (2): holding(brl_robot,tomato3), holded(tomato3,brl_robot)
      - del (2): at(tomato3,stem_02), handempty(brl_robot)
[TIME] step_total=0.9109s (search=0.9104s, execute=0.0002s, update=0.0001s, interaction=0.0001s, pruning=0.0001s, overhead=0.0001s)
==================

Step: 7
[POMCP] applicable values:
        scan(brl_robot, tomato3): 5.882898687070476
        place(brl_robot, tomato3): 0.0
        discard(brl_robot, tomato3): 0.0

[POMCP] Selected: scan(brl_robot, tomato3)
[POMCP] Average simulation time:  0.0102
[POMCP] Average select time:  0.0
[Planner] Selected action: scan(brl_robot, tomato3)
[Planner] Observation:  ['ripe(tomato3)']
    [Feedback] method=ours-random-what, confidence=0.6627, threshold=0.8000, trigger=True
    [Planner] Current confidence: 0.6627387860528278
    [Query] Q: rotten(tomato3) is True?
    [Query] T: rotten(tomato3)=True?
    [Query] A: False
    [Planner] Reduced 2 --> 1
    [Planner] Updated confidence: 1.0
    [Belief Diff]
      + add (1): scanned(tomato3)
      - del (0): -
[TIME] step_total=1.0189s (search=1.0179s, execute=0.0001s, update=0.0001s, interaction=0.0001s, pruning=0.0006s, overhead=0.0001s)
==================

Step: 8
[POMCP] applicable values:
        scan(brl_robot, tomato3): 2.1434375
        place(brl_robot, tomato3): 6.338624207228591
        discard(brl_robot, tomato3): 0.0

[POMCP] Selected: place(brl_robot, tomato3)
[POMCP] Average simulation time:  0.0101
[POMCP] Average select time:  0.0
[Planner] Selected action: place(brl_robot, tomato3)
[Planner] Observation:  ['loaded(tomato3,brl_robot)', 'handempty(brl_robot)']
    [Feedback] method=ours-random-what, confidence=0.9991, threshold=0.8000, trigger=False
    [Planner] Updated confidence: 0.9990757497755663
    [Belief Diff]
      + add (2): loaded(tomato3,brl_robot), handempty(brl_robot)
      - del (2): holded(tomato3,brl_robot), holding(brl_robot,tomato3)
[TIME] step_total=1.0133s (search=1.0128s, execute=0.0002s, update=0.0001s, interaction=0.0000s, pruning=0.0001s, overhead=0.0001s)
==================

Step: 9
[POMCP] applicable values:
        navigate(brl_robot, stem_02, dock_station): 0.0
        navigate(brl_robot, stem_02, stem_01): 1.9319602311523056
        detect(brl_robot, stem_02): 0.0

[POMCP] Selected: navigate(brl_robot, stem_02, stem_01)
[POMCP] Average simulation time:  0.0107
[POMCP] Average select time:  0.0
[Planner] Selected action: navigate(brl_robot, stem_02, stem_01)
[Planner] Observation:  ['located(brl_robot,stem_01)']
    [Feedback] method=ours-random-what, confidence=0.9727, threshold=0.8000, trigger=False
    [Planner] Updated confidence: 0.9726877585306463
    [Belief Diff]
      + add (1): located(brl_robot,stem_01)
      - del (1): located(brl_robot,stem_02)
[TIME] step_total=1.0730s (search=1.0724s, execute=0.0002s, update=0.0001s, interaction=0.0000s, pruning=0.0002s, overhead=0.0001s)
==================

Step: 10
[POMCP] applicable values:
        navigate(brl_robot, stem_01, dock_station): 0.8667252960324328
        navigate(brl_robot, stem_01, stem_02): 0.4481074030106774
        detect(brl_robot, stem_01): 2.5480750500133023

[POMCP] Selected: detect(brl_robot, stem_01)
[POMCP] Average simulation time:  0.0108
[POMCP] Average select time:  0.0
[Planner] Selected action: detect(brl_robot, stem_01)
[Planner] Observation:  ['observed(tomato1)', 'observed(tomato2)', 'ripe(tomato1)', 'ripe(tomato2)']
    [Feedback] method=ours-random-what, confidence=0.4545, threshold=0.8000, trigger=True
    [Planner] Current confidence: 0.4544602172104041
    [Query] Q: at(tomato1,stem_01) is True?
    [Query] T: at(tomato1,stem_01)=True?
    [Query] A: True
    [Planner] Reduced 27 --> 18
    [Planner] Current confidence: 0.3998735163599786
    [Query] Q: unripe(tomato4) is True?
    [Query] T: unripe(tomato4)=True?
    [Query] A: False
    [Planner] Reduced 18 --> 6
    [Planner] Current confidence: 0.6448817923195044
    [Query] Q: unripe(tomato1) is True?
    [Query] T: unripe(tomato1)=True?
    [Query] A: False
    [Planner] Reduced 6 --> 3
    [Planner] Current confidence: 0.7594758025616397
    [Query] Q: unripe(tomato2) is True?
    [Query] T: unripe(tomato2)=True?
    [Query] A: False
    [Planner] Reduced 3 --> 2
    [Planner] Updated confidence: 0.9420277045792769
    [Belief Diff]
      + add (8): at(tomato1,stem_01), at(tomato2,stem_01), at(tomato4,stem_01), observed(tomato1), observed(tomato2), ripe(tomato1), ripe(tomato2), ripe(tomato4)
      - del (1): unripe(tomato4)
[TIME] step_total=1.0921s (search=1.0837s, execute=0.0024s, update=0.0030s, interaction=0.0015s, pruning=0.0014s, overhead=0.0001s)
==================

Step: 11
[POMCP] applicable values:
        navigate(brl_robot, stem_01, dock_station): 0.0
        navigate(brl_robot, stem_01, stem_02): 0.0
        detect(brl_robot, stem_01): 0.0
        pick(brl_robot, tomato1, stem_01): 0.0
        pick(brl_robot, tomato2, stem_01): 2.180853341054293
        pick(brl_robot, tomato4, stem_01): 6.096457594875896

[POMCP] Selected: pick(brl_robot, tomato4, stem_01)
[POMCP] Average simulation time:  0.0089
[POMCP] Average select time:  0.0
[Planner] Selected action: pick(brl_robot, tomato4, stem_01)
[Planner] Observation:  ['holding(brl_robot,tomato4)', 'holded(tomato4,brl_robot)']
    [Feedback] method=ours-random-what, confidence=0.9971, threshold=0.8000, trigger=False
    [Planner] Updated confidence: 0.9971156701194451
    [Belief Diff]
      + add (2): holding(brl_robot,tomato4), holded(tomato4,brl_robot)
      - del (2): handempty(brl_robot), at(tomato4,stem_01)
[TIME] step_total=0.8951s (search=0.8947s, execute=0.0002s, update=0.0001s, interaction=0.0000s, pruning=0.0000s, overhead=0.0001s)
[TIME SUMMARY]
avg search: 0.9093s
avg execute: 0.0005s
avg update: 0.0011s
avg interaction: 0.0011s
avg pruning: 0.0004s
avg step wall: 0.9124s
total wall clock: 10.0364s
=============Action Log=============
[STEP 1]: navigate(brl_robot, dock_station, stem_02)
[STEP 2]: detect(brl_robot, stem_02)
[STEP 3]: navigate(brl_robot, stem_02, dock_station)
[STEP 4]: detect(brl_robot, stem_02)
[STEP 5]: detect(brl_robot, stem_02)
[STEP 6]: pick(brl_robot, tomato3, stem_02)
[STEP 7]: scan(brl_robot, tomato3)
[STEP 8]: place(brl_robot, tomato3)
[STEP 9]: navigate(brl_robot, stem_02, stem_01)
[STEP 10]: detect(brl_robot, stem_01)
[STEP 11]: pick(brl_robot, tomato4, stem_01)
=============Final Knowledge=============
at(tomato1,stem_01)
at(tomato2,stem_01)
at(tomato4,stem_02)
holded(tomato4,brl_robot)
holding(brl_robot,tomato4)
loaded(tomato3,brl_robot)
located(brl_robot,stem_01)
location(dock_station)
location(stem_01)
location(stem_02)
observed(tomato1)
observed(tomato2)
observed(tomato3)
observed(tomato4)
ripe(tomato1)
ripe(tomato2)
ripe(tomato3)
ripe(tomato4)
robot(brl_robot)
scanned(tomato3)
stem(stem_01)
stem(stem_02)
tomato(tomato1)
tomato(tomato2)
tomato(tomato3)
tomato(tomato4)
=============Query=============
Total Query 23
=============Action Schema Summary=============
detect: actions=4, questions=19, expected_questions_per_action=4.7500
navigate: actions=3, questions=3, expected_questions_per_action=1.0000
pick: actions=2, questions=0, expected_questions_per_action=0.0000
place: actions=1, questions=0, expected_questions_per_action=0.0000
scan: actions=1, questions=1, expected_questions_per_action=1.0000
=============Log File=============
/home/changmin/PyProject/00_BRL-CF/experiments_logs/system_log/e2_ablation/tomato/scene_01_step50/ours-random-what/oracle/exp_tomato_20260804_135218_748645.txt
