Step: 1
[POMCP] applicable values:
        navigate(brl_robot, dock_station, stem_01): 1.278876446876885
        navigate(brl_robot, dock_station, stem_02): 0.599340999706797

[POMCP] Selected: navigate(brl_robot, dock_station, stem_01)
[POMCP] Average simulation time:  0.0066
[POMCP] Average select time:  0.0
[Planner] Selected action: navigate(brl_robot, dock_station, stem_01)
[Planner] Observation:  ['located(brl_robot,stem_01)']
    [Feedback] method=ours, confidence=0.9457, threshold=1.0000, trigger=True
    [Planner] Current confidence: 0.945700187122595
    [Query] Q: located(brl_robot,stem_01) is True?
    [Query] T: located(brl_robot,stem_01)=True?
    [Query] A: True
    [Planner] Reduced 3 --> 1
    [Planner] Updated confidence: 1.0
    [Belief Diff]
      + add (1): located(brl_robot,stem_01)
      - del (1): located(brl_robot,dock_station)
[TIME] step_total=0.6658s (search=0.6635s, execute=0.0001s, update=0.0001s, interaction=0.0019s, pruning=0.0001s, overhead=0.0001s)
==================

Step: 2
[POMCP] applicable values:
        navigate(brl_robot, stem_01, dock_station): 0.0
        navigate(brl_robot, stem_01, stem_02): 1.4284931909856955
        detect(brl_robot, stem_01): 1.4632098818384707

[POMCP] Selected: detect(brl_robot, stem_01)
[POMCP] Average simulation time:  0.0077
[POMCP] Average select time:  0.0
[Planner] Selected action: detect(brl_robot, stem_01)
[Planner] Observation:  ['observed(tomato1)', 'observed(tomato2)', 'ripe(tomato1)', 'ripe(tomato2)']
    [Feedback] method=ours, confidence=0.2702, threshold=1.0000, trigger=True
    [Planner] Current confidence: 0.2702082545017843
    [Query] Q: at(tomato3,stem_01) is True?
    [Query] T: at(tomato3,stem_01)=True?
    [Query] A: False
    [Planner] Reduced 81 --> 27
    [Planner] Current confidence: 0.3600604878351882
    [Query] Q: at(tomato4,stem_01) is True?
    [Query] T: at(tomato4,stem_01)=True?
    [Query] A: False
    [Planner] Reduced 27 --> 9
    [Planner] Current confidence: 0.5399228607468367
    [Query] Q: ripe(tomato1) is True?
    [Query] T: ripe(tomato1)=True?
    [Query] A: True
    [Planner] Reduced 9 --> 3
    [Planner] Current confidence: 0.5400025631700383
    [Query] Q: ripe(tomato2) is True?
    [Query] T: ripe(tomato2)=True?
    [Query] A: True
    [Planner] Reduced 3 --> 1
    [Planner] Updated confidence: 1.0
    [Belief Diff]
      + add (6): at(tomato1,stem_01), at(tomato2,stem_01), observed(tomato1), observed(tomato2), ripe(tomato1), ripe(tomato2)
      - del (0): -
[TIME] step_total=0.7810s (search=0.7726s, execute=0.0005s, update=0.0036s, interaction=0.0037s, pruning=0.0006s, overhead=0.0001s)
==================

Step: 3
[POMCP] applicable values:
        navigate(brl_robot, stem_01, dock_station): 0.0
        navigate(brl_robot, stem_01, stem_02): 1.7458432402343749
        detect(brl_robot, stem_01): 0.0
        pick(brl_robot, tomato1, stem_01): 0.0
        pick(brl_robot, tomato2, stem_01): 5.878349062320129

[POMCP] Selected: pick(brl_robot, tomato2, stem_01)
[POMCP] Average simulation time:  0.0088
[POMCP] Average select time:  0.0
[Planner] Selected action: pick(brl_robot, tomato2, stem_01)
[Planner] Observation:  ['holding(brl_robot,tomato2)', 'holded(tomato2,brl_robot)']
    [Feedback] method=ours, confidence=0.9983, threshold=1.0000, trigger=True
    [Planner] Current confidence: 0.9982543645973193
    [Query] Q: at(tomato2,stem_01) is True?
    [Query] T: at(tomato2,stem_01)=True?
    [Query] A: False
    [Planner] Reduced 2 --> 1
    [Planner] Updated confidence: 1.0
    [Belief Diff]
      + add (2): holding(brl_robot,tomato2), holded(tomato2,brl_robot)
      - del (2): at(tomato2,stem_01), handempty(brl_robot)
[TIME] step_total=0.8759s (search=0.8754s, execute=0.0001s, update=0.0001s, interaction=0.0002s, pruning=0.0001s, overhead=0.0001s)
==================

Step: 4
[POMCP] applicable values:
        scan(brl_robot, tomato2): 7.233661599637509
        place(brl_robot, tomato2): 2.993684696191894
        discard(brl_robot, tomato2): 2.3164561507987655

[POMCP] Selected: scan(brl_robot, tomato2)
[POMCP] Average simulation time:  0.0088
[POMCP] Average select time:  0.0
[Planner] Selected action: scan(brl_robot, tomato2)
[Planner] Observation:  ['ripe(tomato2)']
    [Feedback] method=ours, confidence=0.8046, threshold=1.0000, trigger=True
    [Planner] Current confidence: 0.8046349929533252
    [Query] Q: ripe(tomato2) is True?
    [Query] T: ripe(tomato2)=True?
    [Query] A: True
    [Planner] Reduced 2 --> 1
    [Planner] Updated confidence: 1.0
    [Belief Diff]
      + add (1): scanned(tomato2)
      - del (0): -
[TIME] step_total=0.8825s (search=0.8817s, execute=0.0001s, update=0.0001s, interaction=0.0002s, pruning=0.0003s, overhead=0.0001s)
==================

Step: 5
[POMCP] applicable values:
        scan(brl_robot, tomato2): 2.375
        place(brl_robot, tomato2): 8.304321752235781
        discard(brl_robot, tomato2): 2.1434375

[POMCP] Selected: place(brl_robot, tomato2)
[POMCP] Average simulation time:  0.0088
[POMCP] Average select time:  0.0
[Planner] Selected action: place(brl_robot, tomato2)
[Planner] Observation:  ['loaded(tomato2,brl_robot)', 'handempty(brl_robot)']
    [Feedback] method=ours, confidence=0.9998, threshold=1.0000, trigger=True
    [Planner] Current confidence: 0.9998007298129915
    [Query] Q: handempty(brl_robot) is True?
    [Query] T: handempty(brl_robot)=True?
    [Query] A: True
    [Planner] Reduced 2 --> 1
    [Planner] Updated confidence: 1.0
    [Belief Diff]
      + add (2): loaded(tomato2,brl_robot), handempty(brl_robot)
      - del (2): holded(tomato2,brl_robot), holding(brl_robot,tomato2)
[TIME] step_total=0.8856s (search=0.8850s, execute=0.0001s, update=0.0001s, interaction=0.0002s, pruning=0.0001s, overhead=0.0001s)
==================

Step: 6
[POMCP] applicable values:
        navigate(brl_robot, stem_01, dock_station): 1.1636678642293259
        navigate(brl_robot, stem_01, stem_02): 1.2120945736355941
        detect(brl_robot, stem_01): 0.0
        pick(brl_robot, tomato1, stem_01): 4.630983480415562

[POMCP] Selected: pick(brl_robot, tomato1, stem_01)
[POMCP] Average simulation time:  0.0099
[POMCP] Average select time:  0.0
[Planner] Selected action: pick(brl_robot, tomato1, stem_01)
[Planner] Observation:  ['holding(brl_robot,tomato1)', 'holded(tomato1,brl_robot)']
    [Feedback] method=ours, confidence=0.9982, threshold=1.0000, trigger=True
    [Planner] Current confidence: 0.998158794390066
    [Query] Q: at(tomato1,stem_01) is True?
    [Query] T: at(tomato1,stem_01)=True?
    [Query] A: False
    [Planner] Reduced 2 --> 1
    [Planner] Updated confidence: 1.0
    [Belief Diff]
      + add (2): holding(brl_robot,tomato1), holded(tomato1,brl_robot)
      - del (2): handempty(brl_robot), at(tomato1,stem_01)
[TIME] step_total=0.9896s (search=0.9888s, execute=0.0002s, update=0.0001s, interaction=0.0003s, pruning=0.0003s, overhead=0.0001s)
==================

Step: 7
[POMCP] applicable values:
        scan(brl_robot, tomato1): 5.836185579275351
        place(brl_robot, tomato1): 1.0731494071191892
        discard(brl_robot, tomato1): 0.675450109578296

[POMCP] Selected: scan(brl_robot, tomato1)
[POMCP] Average simulation time:  0.0099
[POMCP] Average select time:  0.0
[Planner] Selected action: scan(brl_robot, tomato1)
[Planner] Observation:  ['rotten(tomato1)']
    [Feedback] method=ours, confidence=0.5877, threshold=1.0000, trigger=True
    [Planner] Current confidence: 0.5877128656880521
    [Query] Q: ripe(tomato1) is True?
    [Query] T: ripe(tomato1)=True?
    [Query] A: False
    [Planner] Reduced 2 --> 1
    [Planner] Updated confidence: 1.0
    [Belief Diff]
      + add (2): rotten(tomato1), scanned(tomato1)
      - del (1): ripe(tomato1)
[TIME] step_total=0.9943s (search=0.9932s, execute=0.0001s, update=0.0001s, interaction=0.0002s, pruning=0.0006s, overhead=0.0001s)
==================

Step: 8
[POMCP] applicable values:
        scan(brl_robot, tomato1): 0.0
        discard(brl_robot, tomato1): 6.400102307426821

[POMCP] Selected: discard(brl_robot, tomato1)
[POMCP] Average simulation time:  0.0111
[POMCP] Average select time:  0.0
[Planner] Selected action: discard(brl_robot, tomato1)
[Planner] Observation:  ['discarded(tomato1)', 'handempty(brl_robot)']
    [Feedback] method=ours, confidence=0.9996, threshold=1.0000, trigger=True
    [Planner] Current confidence: 0.9996165551718014
    [Query] Q: discarded(tomato1) is True?
    [Query] T: discarded(tomato1)=True?
    [Query] A: True
    [Planner] Reduced 2 --> 1
    [Planner] Updated confidence: 1.0
    [Belief Diff]
      + add (2): discarded(tomato1), handempty(brl_robot)
      - del (2): holded(tomato1,brl_robot), holding(brl_robot,tomato1)
[TIME] step_total=1.1088s (search=1.1081s, execute=0.0002s, update=0.0001s, interaction=0.0002s, pruning=0.0000s, overhead=0.0001s)
==================

Step: 9
[POMCP] applicable values:
        navigate(brl_robot, stem_01, dock_station): 0.0
        navigate(brl_robot, stem_01, stem_02): 0.6789336654460255
        detect(brl_robot, stem_01): 2.071197521437779

[POMCP] Selected: detect(brl_robot, stem_01)
[POMCP] Average simulation time:  0.0118
[POMCP] Average select time:  0.0
[Planner] Selected action: detect(brl_robot, stem_01)
[Planner] Observation:  []
    [Feedback] method=ours, confidence=0.0002, threshold=1.0000, trigger=True
    [Planner] Current confidence: 0.00021454414913757436
    [Query] Q: at(tomato3,stem_01) is True?
    [Query] T: at(tomato3,stem_01)=True?
    [Query] A: False
    [Planner] Reduced 9 --> 3
    [Planner] Current confidence: 0.00020089199550132886
    [Query] Q: at(tomato4,stem_01) is True?
    [Query] T: at(tomato4,stem_01)=True?
    [Query] A: False
    [Planner] Reduced 3 --> 1
    [Planner] Updated confidence: 1.0
    [Belief Diff]
      + add (0): -
      - del (0): -
[TIME] step_total=1.1844s (search=1.1779s, execute=0.0025s, update=0.0021s, interaction=0.0007s, pruning=0.0011s, overhead=0.0001s)
==================

Step: 10
[POMCP] applicable values:
        navigate(brl_robot, stem_01, dock_station): 0.20964089029739286
        navigate(brl_robot, stem_01, stem_02): 0.6207722012802623
        detect(brl_robot, stem_01): 1.27792602511706

[POMCP] Selected: detect(brl_robot, stem_01)
[POMCP] Average simulation time:  0.0109
[POMCP] Average select time:  0.0
[Planner] Selected action: detect(brl_robot, stem_01)
[Planner] Observation:  []
    [Feedback] method=ours, confidence=0.0002, threshold=1.0000, trigger=True
    [Planner] Current confidence: 0.00021454414913757436
    [Query] Q: at(tomato3,stem_01) is True?
    [Query] T: at(tomato3,stem_01)=True?
    [Query] A: False
    [Planner] Reduced 9 --> 3
    [Planner] Current confidence: 0.00020089199550132886
    [Query] Q: at(tomato4,stem_01) is True?
    [Query] T: at(tomato4,stem_01)=True?
    [Query] A: False
    [Planner] Reduced 3 --> 1
    [Planner] Updated confidence: 1.0
    [Belief Diff]
      + add (0): -
      - del (0): -
[TIME] step_total=1.0972s (search=1.0913s, execute=0.0026s, update=0.0021s, interaction=0.0007s, pruning=0.0004s, overhead=0.0001s)
==================

Step: 11
[POMCP] applicable values:
        navigate(brl_robot, stem_01, dock_station): 0.0
        navigate(brl_robot, stem_01, stem_02): 1.4357725565145696
        detect(brl_robot, stem_01): 0.0

[POMCP] Selected: navigate(brl_robot, stem_01, stem_02)
[POMCP] Average simulation time:  0.0109
[POMCP] Average select time:  0.0
[Planner] Selected action: navigate(brl_robot, stem_01, stem_02)
[Planner] Observation:  ['located(brl_robot,stem_02)']
    [Feedback] method=ours, confidence=0.9756, threshold=1.0000, trigger=True
    [Planner] Current confidence: 0.9755691685972265
    [Query] Q: located(brl_robot,stem_02) is True?
    [Query] T: located(brl_robot,stem_02)=True?
    [Query] A: True
    [Planner] Reduced 3 --> 1
    [Planner] Updated confidence: 1.0
    [Belief Diff]
      + add (1): located(brl_robot,stem_02)
      - del (1): located(brl_robot,stem_01)
[TIME] step_total=1.0942s (search=1.0935s, execute=0.0002s, update=0.0001s, interaction=0.0002s, pruning=0.0001s, overhead=0.0001s)
==================

Step: 12
[POMCP] applicable values:
        navigate(brl_robot, stem_02, dock_station): 0.5501583358147066
        navigate(brl_robot, stem_02, stem_01): 0.5122614462083726
        detect(brl_robot, stem_02): 2.0914243509880626

[POMCP] Selected: detect(brl_robot, stem_02)
[POMCP] Average simulation time:  0.0112
[POMCP] Average select time:  0.0
[Planner] Selected action: detect(brl_robot, stem_02)
[Planner] Observation:  ['observed(tomato3)', 'observed(tomato4)', 'ripe(tomato3)', 'unripe(tomato4)']
    [Feedback] method=ours, confidence=0.6421, threshold=1.0000, trigger=True
    [Planner] Current confidence: 0.6420953999189143
    [Query] Q: unripe(tomato4) is True?
    [Query] T: unripe(tomato4)=True?
    [Query] A: True
    [Planner] Reduced 9 --> 3
    [Planner] Current confidence: 0.8598759979267039
    [Query] Q: ripe(tomato3) is True?
    [Query] T: ripe(tomato3)=True?
    [Query] A: True
    [Planner] Reduced 3 --> 1
    [Planner] Updated confidence: 1.0
    [Belief Diff]
      + add (6): at(tomato3,stem_02), at(tomato4,stem_02), observed(tomato3), observed(tomato4), ripe(tomato3), unripe(tomato4)
      - del (0): -
[TIME] step_total=1.1232s (search=1.1171s, execute=0.0024s, update=0.0022s, interaction=0.0007s, pruning=0.0007s, overhead=0.0001s)
==================

Step: 13
[POMCP] applicable values:
        navigate(brl_robot, stem_02, dock_station): 0.0
        navigate(brl_robot, stem_02, stem_01): 0.0
        detect(brl_robot, stem_02): 0.0
        pick(brl_robot, tomato3, stem_02): 4.829125328064369

[POMCP] Selected: pick(brl_robot, tomato3, stem_02)
[POMCP] Average simulation time:  0.0102
[POMCP] Average select time:  0.0
[Planner] Selected action: pick(brl_robot, tomato3, stem_02)
[Planner] Observation:  ['holding(brl_robot,tomato3)', 'holded(tomato3,brl_robot)']
    [Feedback] method=ours, confidence=0.9927, threshold=1.0000, trigger=True
    [Planner] Current confidence: 0.9927265138771874
    [Query] Q: at(tomato3,stem_02) is True?
    [Query] T: at(tomato3,stem_02)=True?
    [Query] A: False
    [Planner] Reduced 2 --> 1
    [Planner] Updated confidence: 1.0
    [Belief Diff]
      + add (2): holding(brl_robot,tomato3), holded(tomato3,brl_robot)
      - del (2): handempty(brl_robot), at(tomato3,stem_02)
[TIME] step_total=1.0186s (search=1.0178s, execute=0.0002s, update=0.0001s, interaction=0.0003s, pruning=0.0001s, overhead=0.0001s)
==================

Step: 14
[POMCP] applicable values:
        scan(brl_robot, tomato3): 5.7326734235724945
        place(brl_robot, tomato3): 0.0
        discard(brl_robot, tomato3): 0.0

[POMCP] Selected: scan(brl_robot, tomato3)
[POMCP] Average simulation time:  0.0102
[POMCP] Average select time:  0.0
[Planner] Selected action: scan(brl_robot, tomato3)
[Planner] Observation:  ['ripe(tomato3)']
    [Feedback] method=ours, confidence=0.7065, threshold=1.0000, trigger=True
    [Planner] Current confidence: 0.7064538434948155
    [Query] Q: ripe(tomato3) is True?
    [Query] T: ripe(tomato3)=True?
    [Query] A: True
    [Planner] Reduced 2 --> 1
    [Planner] Updated confidence: 1.0
    [Belief Diff]
      + add (1): scanned(tomato3)
      - del (0): -
[TIME] step_total=1.0172s (search=1.0159s, execute=0.0002s, update=0.0001s, interaction=0.0002s, pruning=0.0007s, overhead=0.0001s)
==================

Step: 15
[POMCP] applicable values:
        scan(brl_robot, tomato3): 0.0
        place(brl_robot, tomato3): 5.419560136656356
        discard(brl_robot, tomato3): 0.0

[POMCP] Selected: place(brl_robot, tomato3)
[POMCP] Average simulation time:  0.0108
[POMCP] Average select time:  0.0
[Planner] Selected action: place(brl_robot, tomato3)
[Planner] Observation:  ['loaded(tomato3,brl_robot)', 'handempty(brl_robot)']
    [Feedback] method=ours, confidence=0.9990, threshold=1.0000, trigger=True
    [Planner] Current confidence: 0.9989811174880379
    [Query] Q: handempty(brl_robot) is True?
    [Query] T: handempty(brl_robot)=True?
    [Query] A: True
    [Planner] Reduced 2 --> 1
    [Planner] Updated confidence: 1.0
    [Belief Diff]
      + add (2): loaded(tomato3,brl_robot), handempty(brl_robot)
      - del (2): holding(brl_robot,tomato3), holded(tomato3,brl_robot)
[TIME] step_total=1.0785s (search=1.0779s, execute=0.0002s, update=0.0001s, interaction=0.0003s, pruning=0.0000s, overhead=0.0001s)
[TIME SUMMARY]
avg search: 0.9840s
avg execute: 0.0006s
avg update: 0.0007s
avg interaction: 0.0007s
avg pruning: 0.0003s
avg step wall: 0.9865s
total wall clock: 14.7970s
=============Action Log=============
[STEP 1]: navigate(brl_robot, dock_station, stem_01)
[STEP 2]: detect(brl_robot, stem_01)
[STEP 3]: pick(brl_robot, tomato2, stem_01)
[STEP 4]: scan(brl_robot, tomato2)
[STEP 5]: place(brl_robot, tomato2)
[STEP 6]: pick(brl_robot, tomato1, stem_01)
[STEP 7]: scan(brl_robot, tomato1)
[STEP 8]: discard(brl_robot, tomato1)
[STEP 9]: detect(brl_robot, stem_01)
[STEP 10]: detect(brl_robot, stem_01)
[STEP 11]: navigate(brl_robot, stem_01, stem_02)
[STEP 12]: detect(brl_robot, stem_02)
[STEP 13]: pick(brl_robot, tomato3, stem_02)
[STEP 14]: scan(brl_robot, tomato3)
[STEP 15]: place(brl_robot, tomato3)
=============Final Knowledge=============
at(tomato4,stem_02)
discarded(tomato1)
handempty(brl_robot)
loaded(tomato2,brl_robot)
loaded(tomato3,brl_robot)
located(brl_robot,stem_02)
location(dock_station)
location(stem_01)
location(stem_02)
observed(tomato1)
observed(tomato2)
observed(tomato3)
observed(tomato4)
ripe(tomato2)
ripe(tomato3)
robot(brl_robot)
rotten(tomato1)
scanned(tomato1)
scanned(tomato2)
scanned(tomato3)
stem(stem_01)
stem(stem_02)
tomato(tomato1)
tomato(tomato2)
tomato(tomato3)
tomato(tomato4)
unripe(tomato4)
=============Query=============
Total Query 21
=============Action Schema Summary=============
detect: actions=4, questions=10, expected_questions_per_action=2.5000
discard: actions=1, questions=1, expected_questions_per_action=1.0000
navigate: actions=2, questions=2, expected_questions_per_action=1.0000
pick: actions=3, questions=3, expected_questions_per_action=1.0000
place: actions=2, questions=2, expected_questions_per_action=1.0000
scan: actions=3, questions=3, expected_questions_per_action=1.0000
=============Log File=============
/home/changmin/PyProject/00_BRL-CF/experiments_logs/system_log/e1_threshold/tomato/scene_04_step50/ours/oracle/tau_1-0/exp_tomato_20260804_051318_480610.txt
