Step: 1
[POMCP] applicable values:
        navigate(brl_robot, dock_station, stem_01): 1.5140141404194631
        navigate(brl_robot, dock_station, stem_02): 0.6983372960937498

[POMCP] Selected: navigate(brl_robot, dock_station, stem_01)
[POMCP] Average simulation time:  0.008
[POMCP] Average select time:  0.0
[Planner] Selected action: navigate(brl_robot, dock_station, stem_01)
[Planner] Observation:  ['located(brl_robot,stem_02)']
    [Feedback] method=ours, confidence=0.2956, threshold=1.0000, trigger=True
    [Planner] Current confidence: 0.2955951998198112
    [Query] Q: located(brl_robot,stem_01) is True?
    [Query] T: located(brl_robot,stem_01)=True?
    [Query] A: True
    [Planner] Reduced 3 --> 1
    [Planner] Updated confidence: 1.0
    [Belief Diff]
      + add (1): located(brl_robot,stem_01)
      - del (1): located(brl_robot,dock_station)
[TIME] step_total=0.8053s (search=0.8029s, execute=0.0001s, update=0.0001s, interaction=0.0020s, pruning=0.0001s, overhead=0.0001s)
==================

Step: 2
[POMCP] applicable values:
        navigate(brl_robot, stem_01, dock_station): 1.3761094705265007
        navigate(brl_robot, stem_01, stem_02): 1.4577585117884293
        detect(brl_robot, stem_01): 1.6679248463328054

[POMCP] Selected: detect(brl_robot, stem_01)
[POMCP] Average simulation time:  0.0091
[POMCP] Average select time:  0.0
[Planner] Selected action: detect(brl_robot, stem_01)
[Planner] Observation:  ['observed(tomato1)', 'observed(tomato2)', 'ripe(tomato1)', 'ripe(tomato2)']
    [Feedback] method=ours, confidence=0.3249, threshold=1.0000, trigger=True
    [Planner] Current confidence: 0.3249170052853506
    [Query] Q: at(tomato3,stem_01) is True?
    [Query] T: at(tomato3,stem_01)=True?
    [Query] A: False
    [Planner] Reduced 81 --> 27
    [Planner] Current confidence: 0.4330094683570973
    [Query] Q: at(tomato4,stem_01) is True?
    [Query] T: at(tomato4,stem_01)=True?
    [Query] A: False
    [Planner] Reduced 27 --> 9
    [Planner] Current confidence: 0.6493472415023118
    [Query] Q: ripe(tomato1) is True?
    [Query] T: ripe(tomato1)=True?
    [Query] A: True
    [Planner] Reduced 9 --> 3
    [Planner] Current confidence: 0.6741266178211163
    [Query] Q: ripe(tomato2) is True?
    [Query] T: ripe(tomato2)=True?
    [Query] A: True
    [Planner] Reduced 3 --> 1
    [Planner] Updated confidence: 1.0
    [Belief Diff]
      + add (6): at(tomato1,stem_01), at(tomato2,stem_01), observed(tomato1), observed(tomato2), ripe(tomato1), ripe(tomato2)
      - del (0): -
[TIME] step_total=0.9213s (search=0.9134s, execute=0.0005s, update=0.0032s, interaction=0.0037s, pruning=0.0005s, overhead=0.0001s)
==================

Step: 3
[POMCP] applicable values:
        navigate(brl_robot, stem_01, dock_station): 0.0
        navigate(brl_robot, stem_01, stem_02): 0.0
        detect(brl_robot, stem_01): 1.7061385358381704
        pick(brl_robot, tomato1, stem_01): 0.0
        pick(brl_robot, tomato2, stem_01): 4.928870078671285

[POMCP] Selected: pick(brl_robot, tomato2, stem_01)
[POMCP] Average simulation time:  0.009
[POMCP] Average select time:  0.0
[Planner] Selected action: pick(brl_robot, tomato2, stem_01)
[Planner] Observation:  ['handempty(brl_robot)']
    [Feedback] method=ours, confidence=0.0803, threshold=1.0000, trigger=True
    [Planner] Current confidence: 0.08034662216203159
    [Query] Q: at(tomato2,stem_01) is True?
    [Query] T: at(tomato2,stem_01)=True?
    [Query] A: False
    [Planner] Reduced 2 --> 1
    [Planner] Updated confidence: 1.0
    [Belief Diff]
      + add (2): holding(brl_robot,tomato2), holded(tomato2,brl_robot)
      - del (2): handempty(brl_robot), at(tomato2,stem_01)
[TIME] step_total=0.8979s (search=0.8971s, execute=0.0001s, update=0.0001s, interaction=0.0002s, pruning=0.0003s, overhead=0.0001s)
==================

Step: 4
[POMCP] applicable values:
        scan(brl_robot, tomato2): 7.3100378463759945
        place(brl_robot, tomato2): 0.0
        discard(brl_robot, tomato2): 3.28242337086314

[POMCP] Selected: scan(brl_robot, tomato2)
[POMCP] Average simulation time:  0.0092
[POMCP] Average select time:  0.0
[Planner] Selected action: scan(brl_robot, tomato2)
[Planner] Observation:  ['rotten(tomato2)']
    [Feedback] method=ours, confidence=0.1113, threshold=1.0000, trigger=True
    [Planner] Current confidence: 0.1112906495039504
    [Query] Q: ripe(tomato2) is True?
    [Query] T: ripe(tomato2)=True?
    [Query] A: True
    [Planner] Reduced 2 --> 1
    [Planner] Updated confidence: 1.0
    [Belief Diff]
      + add (1): scanned(tomato2)
      - del (0): -
[TIME] step_total=0.9257s (search=0.9250s, execute=0.0001s, update=0.0001s, interaction=0.0002s, pruning=0.0002s, overhead=0.0001s)
==================

Step: 5
[POMCP] applicable values:
        scan(brl_robot, tomato2): 4.286875
        place(brl_robot, tomato2): 9.367948854644808
        discard(brl_robot, tomato2): 1.986071592291091

[POMCP] Selected: place(brl_robot, tomato2)
[POMCP] Average simulation time:  0.0097
[POMCP] Average select time:  0.0
[Planner] Selected action: place(brl_robot, tomato2)
[Planner] Observation:  ['loaded(tomato2,brl_robot)', 'handempty(brl_robot)']
    [Feedback] method=ours, confidence=0.9993, threshold=1.0000, trigger=True
    [Planner] Current confidence: 0.9992625805155472
    [Query] Q: handempty(brl_robot) is True?
    [Query] T: handempty(brl_robot)=True?
    [Query] A: True
    [Planner] Reduced 2 --> 1
    [Planner] Updated confidence: 1.0
    [Belief Diff]
      + add (2): loaded(tomato2,brl_robot), handempty(brl_robot)
      - del (2): holding(brl_robot,tomato2), holded(tomato2,brl_robot)
[TIME] step_total=0.9673s (search=0.9667s, execute=0.0002s, update=0.0001s, interaction=0.0003s, pruning=0.0001s, overhead=0.0001s)
==================

Step: 6
[POMCP] applicable values:
        navigate(brl_robot, stem_01, dock_station): 0.0
        navigate(brl_robot, stem_01, stem_02): 0.0
        detect(brl_robot, stem_01): 0.0
        pick(brl_robot, tomato1, stem_01): 4.908465986386342

[POMCP] Selected: pick(brl_robot, tomato1, stem_01)
[POMCP] Average simulation time:  0.0102
[POMCP] Average select time:  0.0
[Planner] Selected action: pick(brl_robot, tomato1, stem_01)
[Planner] Observation:  ['holding(brl_robot,tomato1)', 'holded(tomato1,brl_robot)']
    [Feedback] method=ours, confidence=0.9988, threshold=1.0000, trigger=True
    [Planner] Current confidence: 0.9988493506839762
    [Query] Q: at(tomato1,stem_01) is True?
    [Query] T: at(tomato1,stem_01)=True?
    [Query] A: False
    [Planner] Reduced 2 --> 1
    [Planner] Updated confidence: 1.0
    [Belief Diff]
      + add (2): holding(brl_robot,tomato1), holded(tomato1,brl_robot)
      - del (2): handempty(brl_robot), at(tomato1,stem_01)
[TIME] step_total=1.0197s (search=1.0191s, execute=0.0001s, update=0.0001s, interaction=0.0002s, pruning=0.0001s, overhead=0.0001s)
==================

Step: 7
[POMCP] applicable values:
        scan(brl_robot, tomato1): 5.5129832251571695
        place(brl_robot, tomato1): 0.0
        discard(brl_robot, tomato1): 1.4220002306911494

[POMCP] Selected: scan(brl_robot, tomato1)
[POMCP] Average simulation time:  0.0113
[POMCP] Average select time:  0.0
[Planner] Selected action: scan(brl_robot, tomato1)
[Planner] Observation:  ['rotten(tomato1)']
    [Feedback] method=ours, confidence=0.5693, threshold=1.0000, trigger=True
    [Planner] Current confidence: 0.5692590142806946
    [Query] Q: ripe(tomato1) is True?
    [Query] T: ripe(tomato1)=True?
    [Query] A: False
    [Planner] Reduced 2 --> 1
    [Planner] Updated confidence: 1.0
    [Belief Diff]
      + add (2): rotten(tomato1), scanned(tomato1)
      - del (1): ripe(tomato1)
[TIME] step_total=1.1333s (search=1.1320s, execute=0.0001s, update=0.0001s, interaction=0.0002s, pruning=0.0008s, overhead=0.0001s)
==================

Step: 8
[POMCP] applicable values:
        scan(brl_robot, tomato1): 4.214125115345575
        discard(brl_robot, tomato1): 6.045393378739782

[POMCP] Selected: discard(brl_robot, tomato1)
[POMCP] Average simulation time:  0.0109
[POMCP] Average select time:  0.0
[Planner] Selected action: discard(brl_robot, tomato1)
[Planner] Observation:  ['discarded(tomato1)', 'handempty(brl_robot)']
    [Feedback] method=ours, confidence=0.9997, threshold=1.0000, trigger=True
    [Planner] Current confidence: 0.9997459474520469
    [Query] Q: discarded(tomato1) is True?
    [Query] T: discarded(tomato1)=True?
    [Query] A: True
    [Planner] Reduced 2 --> 1
    [Planner] Updated confidence: 1.0
    [Belief Diff]
      + add (2): discarded(tomato1), handempty(brl_robot)
      - del (2): holded(tomato1,brl_robot), holding(brl_robot,tomato1)
[TIME] step_total=1.0916s (search=1.0910s, execute=0.0002s, update=0.0001s, interaction=0.0002s, pruning=0.0001s, overhead=0.0001s)
==================

Step: 9
[POMCP] applicable values:
        navigate(brl_robot, stem_01, dock_station): 0.25667104163975246
        navigate(brl_robot, stem_01, stem_02): 1.7648877174335214
        detect(brl_robot, stem_01): 0.15718809594705907

[POMCP] Selected: navigate(brl_robot, stem_01, stem_02)
[POMCP] Average simulation time:  0.011
[POMCP] Average select time:  0.0
[Planner] Selected action: navigate(brl_robot, stem_01, stem_02)
[Planner] Observation:  ['located(brl_robot,stem_02)']
    [Feedback] method=ours, confidence=0.9645, threshold=1.0000, trigger=True
    [Planner] Current confidence: 0.9644882698892691
    [Query] Q: located(brl_robot,stem_02) is True?
    [Query] T: located(brl_robot,stem_02)=True?
    [Query] A: False
    [Planner] Reduced 3 --> 2
    [Planner] Current confidence: 2.885361228244232e-05
    [Query] Q: located(brl_robot,dock_station) is True?
    [Query] T: located(brl_robot,dock_station)=True?
    [Query] A: True
    [Planner] Reduced 2 --> 1
    [Planner] Updated confidence: 1.0
    [Belief Diff]
      + add (1): located(brl_robot,dock_station)
      - del (1): located(brl_robot,stem_01)
[TIME] step_total=1.1047s (search=1.1023s, execute=0.0002s, update=0.0001s, interaction=0.0004s, pruning=0.0015s, overhead=0.0001s)
==================

Step: 10
[POMCP] applicable values:
        navigate(brl_robot, dock_station, stem_01): 0.7941445213520607
        navigate(brl_robot, dock_station, stem_02): 0.942791555257762

[POMCP] Selected: navigate(brl_robot, dock_station, stem_02)
[POMCP] Average simulation time:  0.01
[POMCP] Average select time:  0.0
[Planner] Selected action: navigate(brl_robot, dock_station, stem_02)
[Planner] Observation:  ['located(brl_robot,stem_02)']
    [Feedback] method=ours, confidence=0.9359, threshold=1.0000, trigger=True
    [Planner] Current confidence: 0.935919603715014
    [Query] Q: located(brl_robot,stem_02) is True?
    [Query] T: located(brl_robot,stem_02)=True?
    [Query] A: True
    [Planner] Reduced 3 --> 1
    [Planner] Updated confidence: 1.0
    [Belief Diff]
      + add (1): located(brl_robot,stem_02)
      - del (1): located(brl_robot,dock_station)
[TIME] step_total=1.0055s (search=1.0047s, execute=0.0002s, update=0.0001s, interaction=0.0002s, pruning=0.0002s, overhead=0.0001s)
==================

Step: 11
[POMCP] applicable values:
        navigate(brl_robot, stem_02, dock_station): 0.9963661002323146
        navigate(brl_robot, stem_02, stem_01): 0.9636339041063076
        detect(brl_robot, stem_02): 1.145020512005106

[POMCP] Selected: detect(brl_robot, stem_02)
[POMCP] Average simulation time:  0.0117
[POMCP] Average select time:  0.0
[Planner] Selected action: detect(brl_robot, stem_02)
[Planner] Observation:  ['observed(tomato3)', 'observed(tomato4)', 'unripe(tomato3)', 'unripe(tomato4)']
    [Feedback] method=ours, confidence=0.4309, threshold=1.0000, trigger=True
    [Planner] Current confidence: 0.4309282233943953
    [Query] Q: unripe(tomato3) is True?
    [Query] T: unripe(tomato3)=True?
    [Query] A: False
    [Planner] Reduced 9 --> 6
    [Planner] Current confidence: 0.5413077988570992
    [Query] Q: unripe(tomato4) is True?
    [Query] T: unripe(tomato4)=True?
    [Query] A: True
    [Planner] Reduced 6 --> 2
    [Planner] Current confidence: 0.5463125138767834
    [Query] Q: at(tomato3,stem_02) is True?
    [Query] T: at(tomato3,stem_02)=True?
    [Query] A: True
    [Planner] Reduced 2 --> 1
    [Planner] Updated confidence: 1.0
    [Belief Diff]
      + add (6): at(tomato3,stem_02), at(tomato4,stem_02), observed(tomato3), observed(tomato4), ripe(tomato3), unripe(tomato4)
      - del (0): -
[TIME] step_total=1.1733s (search=1.1671s, execute=0.0026s, update=0.0021s, interaction=0.0010s, pruning=0.0004s, overhead=0.0001s)
==================

Step: 12
[POMCP] applicable values:
        navigate(brl_robot, stem_02, dock_station): 1.1003166716294135
        navigate(brl_robot, stem_02, stem_01): 1.0504156828743487
        detect(brl_robot, stem_02): 0.0
        pick(brl_robot, tomato3, stem_02): 4.498098120540491

[POMCP] Selected: pick(brl_robot, tomato3, stem_02)
[POMCP] Average simulation time:  0.0098
[POMCP] Average select time:  0.0
[Planner] Selected action: pick(brl_robot, tomato3, stem_02)
[Planner] Observation:  ['holding(brl_robot,tomato3)', 'holded(tomato3,brl_robot)']
    [Feedback] method=ours, confidence=0.9938, threshold=1.0000, trigger=True
    [Planner] Current confidence: 0.9937611035404443
    [Query] Q: at(tomato3,stem_02) is True?
    [Query] T: at(tomato3,stem_02)=True?
    [Query] A: False
    [Planner] Reduced 2 --> 1
    [Planner] Updated confidence: 1.0
    [Belief Diff]
      + add (2): holding(brl_robot,tomato3), holded(tomato3,brl_robot)
      - del (2): at(tomato3,stem_02), handempty(brl_robot)
[TIME] step_total=0.9832s (search=0.9825s, execute=0.0002s, update=0.0001s, interaction=0.0003s, pruning=0.0001s, overhead=0.0001s)
==================

Step: 13
[POMCP] applicable values:
        scan(brl_robot, tomato3): 5.056176375400502
        place(brl_robot, tomato3): 0.0
        discard(brl_robot, tomato3): 0.0

[POMCP] Selected: scan(brl_robot, tomato3)
[POMCP] Average simulation time:  0.0097
[POMCP] Average select time:  0.0
[Planner] Selected action: scan(brl_robot, tomato3)
[Planner] Observation:  ['ripe(tomato3)']
    [Feedback] method=ours, confidence=0.8056, threshold=1.0000, trigger=True
    [Planner] Current confidence: 0.8056369935909187
    [Query] Q: ripe(tomato3) is True?
    [Query] T: ripe(tomato3)=True?
    [Query] A: True
    [Planner] Reduced 2 --> 1
    [Planner] Updated confidence: 1.0
    [Belief Diff]
      + add (1): scanned(tomato3)
      - del (0): -
[TIME] step_total=0.9676s (search=0.9666s, execute=0.0001s, update=0.0001s, interaction=0.0002s, pruning=0.0004s, overhead=0.0001s)
==================

Step: 14
[POMCP] applicable values:
        scan(brl_robot, tomato3): 2.375
        place(brl_robot, tomato3): 5.865899795483159
        discard(brl_robot, tomato3): 0.0

[POMCP] Selected: place(brl_robot, tomato3)
[POMCP] Average simulation time:  0.012
[POMCP] Average select time:  0.0
[Planner] Selected action: place(brl_robot, tomato3)
[Planner] Observation:  ['loaded(tomato3,brl_robot)', 'handempty(brl_robot)']
    [Feedback] method=ours, confidence=0.9992, threshold=1.0000, trigger=True
    [Planner] Current confidence: 0.9992254921946594
    [Query] Q: handempty(brl_robot) is True?
    [Query] T: handempty(brl_robot)=True?
    [Query] A: True
    [Planner] Reduced 2 --> 1
    [Planner] Updated confidence: 1.0
    [Belief Diff]
      + add (2): loaded(tomato3,brl_robot), handempty(brl_robot)
      - del (2): holding(brl_robot,tomato3), holded(tomato3,brl_robot)
[TIME] step_total=1.2033s (search=1.2027s, execute=0.0001s, update=0.0001s, interaction=0.0003s, pruning=0.0000s, overhead=0.0001s)
[TIME SUMMARY]
avg search: 1.0124s
avg execute: 0.0003s
avg update: 0.0005s
avg interaction: 0.0007s
avg pruning: 0.0003s
avg step wall: 1.0143s
total wall clock: 14.1997s
=============Action Log=============
[STEP 1]: navigate(brl_robot, dock_station, stem_01)
[STEP 2]: detect(brl_robot, stem_01)
[STEP 3]: pick(brl_robot, tomato2, stem_01)
[STEP 4]: scan(brl_robot, tomato2)
[STEP 5]: place(brl_robot, tomato2)
[STEP 6]: pick(brl_robot, tomato1, stem_01)
[STEP 7]: scan(brl_robot, tomato1)
[STEP 8]: discard(brl_robot, tomato1)
[STEP 9]: navigate(brl_robot, stem_01, stem_02)
[STEP 10]: navigate(brl_robot, dock_station, stem_02)
[STEP 11]: detect(brl_robot, stem_02)
[STEP 12]: pick(brl_robot, tomato3, stem_02)
[STEP 13]: scan(brl_robot, tomato3)
[STEP 14]: place(brl_robot, tomato3)
=============Final Knowledge=============
at(tomato4,stem_02)
discarded(tomato1)
handempty(brl_robot)
loaded(tomato2,brl_robot)
loaded(tomato3,brl_robot)
located(brl_robot,stem_02)
location(dock_station)
location(stem_01)
location(stem_02)
observed(tomato1)
observed(tomato2)
observed(tomato3)
observed(tomato4)
ripe(tomato2)
ripe(tomato3)
robot(brl_robot)
rotten(tomato1)
scanned(tomato1)
scanned(tomato2)
scanned(tomato3)
stem(stem_01)
stem(stem_02)
tomato(tomato1)
tomato(tomato2)
tomato(tomato3)
tomato(tomato4)
unripe(tomato4)
=============Query=============
Total Query 20
=============Action Schema Summary=============
detect: actions=2, questions=7, expected_questions_per_action=3.5000
discard: actions=1, questions=1, expected_questions_per_action=1.0000
navigate: actions=3, questions=4, expected_questions_per_action=1.3333
pick: actions=3, questions=3, expected_questions_per_action=1.0000
place: actions=2, questions=2, expected_questions_per_action=1.0000
scan: actions=3, questions=3, expected_questions_per_action=1.0000
=============Log File=============
/home/changmin/PyProject/00_BRL-CF/experiments_logs/system_log/e1_threshold/tomato/scene_04_step50/ours/oracle/tau_1-0/exp_tomato_20260804_051043_370802.txt
