Step: 1
[POMCP] applicable values:
        navigate(brl_robot, dock_station, stem_01): 1.9278143381736224
        navigate(brl_robot, dock_station, stem_02): 0.0

[POMCP] Selected: navigate(brl_robot, dock_station, stem_01)
[POMCP] Average simulation time:  0.0083
[POMCP] Average select time:  0.0
[Planner] Selected action: navigate(brl_robot, dock_station, stem_01)
[Planner] Observation:  ['located(brl_robot,stem_01)']
    [Feedback] method=ours-random-what, confidence=0.9576, threshold=0.8000, trigger=False
    [Planner] Updated confidence: 0.9576201308658807
    [Belief Diff]
      + add (1): located(brl_robot,stem_01)
      - del (1): located(brl_robot,dock_station)
[TIME] step_total=0.8259s (search=0.8253s, execute=0.0002s, update=0.0002s, interaction=0.0001s, pruning=0.0001s, overhead=0.0001s)
==================

Step: 2
[POMCP] applicable values:
        navigate(brl_robot, stem_01, dock_station): 1.2569278742159473
        navigate(brl_robot, stem_01, stem_02): 0.641677604099381
        detect(brl_robot, stem_01): 1.9906175739427998

[POMCP] Selected: detect(brl_robot, stem_01)
[POMCP] Average simulation time:  0.0084
[POMCP] Average select time:  0.0
[Planner] Selected action: detect(brl_robot, stem_01)
[Planner] Observation:  ['observed(tomato1)', 'observed(tomato2)', 'ripe(tomato1)', 'ripe(tomato2)']
    [Feedback] method=ours-random-what, confidence=0.3766, threshold=0.8000, trigger=True
    [Planner] Current confidence: 0.37663553309805653
    [Query] Q: ripe(tomato4) is True?
    [Query] T: ripe(tomato4)=True?
    [Query] A: False
    [Planner] Reduced 81 --> 54
    [Planner] Current confidence: 0.4148645089867642
    [Query] Q: unripe(tomato2) is True?
    [Query] T: unripe(tomato2)=True?
    [Query] A: False
    [Planner] Reduced 54 --> 36
    [Planner] Current confidence: 0.4230422468984645
    [Query] Q: observed(tomato2) is True?
    [Query] T: observed(tomato2)=True?
    [Query] A: False
    [Planner] Reduced 36 --> 18
    [Planner] Current confidence: 0.3019727302937112
    [Query] Q: ripe(tomato1) is True?
    [Query] T: ripe(tomato1)=True?
    [Query] A: True
    [Planner] Reduced 18 --> 6
    [Planner] Current confidence: 0.00025856069154672756
    [Query] Q: at(tomato3,stem_01) is True?
    [Query] T: at(tomato3,stem_01)=True?
    [Query] A: False
    [Planner] Reduced 6 --> 2
    [Planner] Current confidence: 0.0003355381225651488
    [Query] Q: at(tomato4,stem_01) is True?
    [Query] T: at(tomato4,stem_01)=True?
    [Query] A: False
    [Planner] Reduced 2 --> 1
    [Planner] Updated confidence: 1.0
    [Belief Diff]
      + add (3): at(tomato1,stem_01), observed(tomato1), ripe(tomato1)
      - del (0): -
[TIME] step_total=0.8490s (search=0.8381s, execute=0.0005s, update=0.0037s, interaction=0.0060s, pruning=0.0008s, overhead=0.0001s)
==================

Step: 3
[POMCP] applicable values:
        navigate(brl_robot, stem_01, dock_station): 0.8997648297709784
        navigate(brl_robot, stem_01, stem_02): 1.6476037002790362
        detect(brl_robot, stem_01): 1.0138827787449336
        pick(brl_robot, tomato1, stem_01): 1.1320765413117626

[POMCP] Selected: navigate(brl_robot, stem_01, stem_02)
[POMCP] Average simulation time:  0.0084
[POMCP] Average select time:  0.0
[Planner] Selected action: navigate(brl_robot, stem_01, stem_02)
[Planner] Observation:  ['located(brl_robot,stem_02)']
    [Feedback] method=ours-random-what, confidence=0.9661, threshold=0.8000, trigger=False
    [Planner] Updated confidence: 0.9661106295689885
    [Belief Diff]
      + add (1): located(brl_robot,stem_02)
      - del (1): located(brl_robot,stem_01)
[TIME] step_total=0.8412s (search=0.8406s, execute=0.0002s, update=0.0001s, interaction=0.0000s, pruning=0.0002s, overhead=0.0001s)
==================

Step: 4
[POMCP] applicable values:
        navigate(brl_robot, stem_02, dock_station): 1.7529076319055505
        navigate(brl_robot, stem_02, stem_01): 1.2339742087130845
        detect(brl_robot, stem_02): 2.42543750064605

[POMCP] Selected: detect(brl_robot, stem_02)
[POMCP] Average simulation time:  0.0086
[POMCP] Average select time:  0.0
[Planner] Selected action: detect(brl_robot, stem_02)
[Planner] Observation:  ['observed(tomato3)', 'observed(tomato4)', 'ripe(tomato3)', 'unripe(tomato4)']
    [Feedback] method=ours-random-what, confidence=0.2786, threshold=0.8000, trigger=True
    [Planner] Current confidence: 0.2786178420847153
    [Query] Q: ripe(tomato3) is True?
    [Query] T: ripe(tomato3)=True?
    [Query] A: True
    [Planner] Reduced 81 --> 27
    [Planner] Current confidence: 0.22147204352620842
    [Query] Q: observed(tomato2) is True?
    [Query] T: observed(tomato2)=True?
    [Query] A: False
    [Planner] Reduced 27 --> 9
    [Planner] Current confidence: 0.33203953288124155
    [Query] Q: observed(tomato4) is True?
    [Query] T: observed(tomato4)=True?
    [Query] A: False
    [Planner] Reduced 9 --> 3
    [Planner] Current confidence: 0.00020089199550132886
    [Query] Q: ripe(tomato1) is True?
    [Query] T: ripe(tomato1)=True?
    [Query] A: False
    [Planner] Reduced 3 --> 1
    [Planner] Updated confidence: 1.0
    [Belief Diff]
      + add (5): at(tomato1,stem_02), at(tomato3,stem_02), observed(tomato3), ripe(tomato3), unripe(tomato1)
      - del (1): ripe(tomato1)
[TIME] step_total=0.8673s (search=0.8599s, execute=0.0005s, update=0.0033s, interaction=0.0028s, pruning=0.0007s, overhead=0.0001s)
==================

Step: 5
[POMCP] applicable values:
        navigate(brl_robot, stem_02, dock_station): 1.6103197137950256
        navigate(brl_robot, stem_02, stem_01): 0.7110001153455747
        detect(brl_robot, stem_02): 0.0
        pick(brl_robot, tomato3, stem_02): 4.628893318006326

[POMCP] Selected: pick(brl_robot, tomato3, stem_02)
[POMCP] Average simulation time:  0.0088
[POMCP] Average select time:  0.0
[Planner] Selected action: pick(brl_robot, tomato3, stem_02)
[Planner] Observation:  ['holding(brl_robot,tomato3)', 'holded(tomato3,brl_robot)']
    [Feedback] method=ours-random-what, confidence=0.9992, threshold=0.8000, trigger=False
    [Planner] Updated confidence: 0.9991554131021959
    [Belief Diff]
      + add (2): holding(brl_robot,tomato3), holded(tomato3,brl_robot)
      - del (2): handempty(brl_robot), at(tomato3,stem_02)
[TIME] step_total=0.8837s (search=0.8831s, execute=0.0002s, update=0.0001s, interaction=0.0000s, pruning=0.0003s, overhead=0.0001s)
==================

Step: 6
[POMCP] applicable values:
        scan(brl_robot, tomato3): 5.847083234547233
        place(brl_robot, tomato3): 2.5667104163975245
        discard(brl_robot, tomato3): 2.7588677498520684

[POMCP] Selected: scan(brl_robot, tomato3)
[POMCP] Average simulation time:  0.0097
[POMCP] Average select time:  0.0
[Planner] Selected action: scan(brl_robot, tomato3)
[Planner] Observation:  ['ripe(tomato3)']
    [Feedback] method=ours-random-what, confidence=0.4965, threshold=0.8000, trigger=True
    [Planner] Current confidence: 0.49650390942303346
    [Query] Q: ripe(tomato3) is True?
    [Query] T: ripe(tomato3)=True?
    [Query] A: True
    [Planner] Reduced 2 --> 1
    [Planner] Updated confidence: 1.0
    [Belief Diff]
      + add (1): scanned(tomato3)
      - del (0): -
[TIME] step_total=0.9759s (search=0.9749s, execute=0.0001s, update=0.0001s, interaction=0.0002s, pruning=0.0005s, overhead=0.0001s)
==================

Step: 7
[POMCP] applicable values:
        scan(brl_robot, tomato3): 0.0
        place(brl_robot, tomato3): 6.621421544230669
        discard(brl_robot, tomato3): 0.0

[POMCP] Selected: place(brl_robot, tomato3)
[POMCP] Average simulation time:  0.0114
[POMCP] Average select time:  0.0
[Planner] Selected action: place(brl_robot, tomato3)
[Planner] Observation:  ['loaded(tomato3,brl_robot)', 'handempty(brl_robot)']
    [Feedback] method=ours-random-what, confidence=0.9996, threshold=0.8000, trigger=False
    [Planner] Updated confidence: 0.9995506864614292
    [Belief Diff]
      + add (2): loaded(tomato3,brl_robot), handempty(brl_robot)
      - del (2): holded(tomato3,brl_robot), holding(brl_robot,tomato3)
[TIME] step_total=1.1415s (search=1.1410s, execute=0.0002s, update=0.0001s, interaction=0.0000s, pruning=0.0001s, overhead=0.0001s)
==================

Step: 8
[POMCP] applicable values:
        navigate(brl_robot, stem_02, dock_station): 0.4501781498032923
        navigate(brl_robot, stem_02, stem_01): 0.39721431845821825
        detect(brl_robot, stem_02): 2.0893193488514723

[POMCP] Selected: detect(brl_robot, stem_02)
[POMCP] Average simulation time:  0.0112
[POMCP] Average select time:  0.0
[Planner] Selected action: detect(brl_robot, stem_02)
[Planner] Observation:  ['observed(tomato4)', 'unripe(tomato4)']
    [Feedback] method=ours-random-what, confidence=0.2000, threshold=0.8000, trigger=True
    [Planner] Current confidence: 0.20001848904474528
    [Query] Q: at(tomato4,stem_02) is True?
    [Query] T: at(tomato4,stem_02)=True?
    [Query] A: True
    [Planner] Reduced 18 --> 12
    [Planner] Current confidence: 0.1008441481948944
    [Query] Q: unripe(tomato2) is True?
    [Query] T: unripe(tomato2)=True?
    [Query] A: False
    [Planner] Reduced 12 --> 8
    [Planner] Current confidence: 0.12049878364811895
    [Query] Q: unripe(tomato4) is True?
    [Query] T: unripe(tomato4)=True?
    [Query] A: True
    [Planner] Reduced 8 --> 4
    [Planner] Current confidence: 0.0010842560558607106
    [Query] Q: at(tomato2,stem_02) is True?
    [Query] T: at(tomato2,stem_02)=True?
    [Query] A: False
    [Planner] Reduced 4 --> 2
    [Planner] Current confidence: 0.0018329745687493126
    [Query] Q: ripe(tomato1) is True?
    [Query] T: ripe(tomato1)=True?
    [Query] A: False
    [Planner] Reduced 2 --> 1
    [Planner] Updated confidence: 1.0
    [Belief Diff]
      + add (3): at(tomato4,stem_02), observed(tomato4), unripe(tomato4)
      - del (0): -
[TIME] step_total=1.1326s (search=1.1247s, execute=0.0025s, update=0.0027s, interaction=0.0013s, pruning=0.0013s, overhead=0.0001s)
==================

Step: 9
[POMCP] applicable values:
        navigate(brl_robot, stem_02, dock_station): 0.0
        navigate(brl_robot, stem_02, stem_01): 1.5584555235200537
        detect(brl_robot, stem_02): 1.3107627432968283

[POMCP] Selected: navigate(brl_robot, stem_02, stem_01)
[POMCP] Average simulation time:  0.0112
[POMCP] Average select time:  0.0
[Planner] Selected action: navigate(brl_robot, stem_02, stem_01)
[Planner] Observation:  ['located(brl_robot,stem_01)']
    [Feedback] method=ours-random-what, confidence=0.9278, threshold=0.8000, trigger=False
    [Planner] Updated confidence: 0.9278002455753763
    [Belief Diff]
      + add (1): located(brl_robot,stem_01)
      - del (1): located(brl_robot,stem_02)
[TIME] step_total=1.1184s (search=1.1177s, execute=0.0002s, update=0.0001s, interaction=0.0000s, pruning=0.0003s, overhead=0.0001s)
==================

Step: 10
[POMCP] applicable values:
        navigate(brl_robot, stem_01, dock_station): 1.3535238185729508
        navigate(brl_robot, stem_01, stem_02): 1.374655022893119
        detect(brl_robot, stem_01): 1.4672332390854612

[POMCP] Selected: detect(brl_robot, stem_01)
[POMCP] Average simulation time:  0.0109
[POMCP] Average select time:  0.0
[Planner] Selected action: detect(brl_robot, stem_01)
[Planner] Observation:  ['observed(tomato1)', 'observed(tomato2)', 'ripe(tomato1)', 'ripe(tomato2)']
    [Feedback] method=ours-random-what, confidence=0.2794, threshold=0.8000, trigger=True
    [Planner] Current confidence: 0.2793914520271139
    [Query] Q: at(tomato4,stem_01) is True?
    [Query] T: at(tomato4,stem_01)=True?
    [Query] A: False
    [Planner] Reduced 18 --> 6
    [Planner] Current confidence: 0.45052623526688407
    [Query] Q: ripe(tomato1) is True?
    [Query] T: ripe(tomato1)=True?
    [Query] A: True
    [Planner] Reduced 6 --> 3
    [Planner] Current confidence: 0.45683934511799384
    [Query] Q: observed(tomato2) is True?
    [Query] T: observed(tomato2)=True?
    [Query] A: False
    [Planner] Reduced 3 --> 1
    [Planner] Updated confidence: 1.0
    [Belief Diff]
      + add (1): ripe(tomato1)
      - del (1): unripe(tomato1)
[TIME] step_total=1.1025s (search=1.0947s, execute=0.0024s, update=0.0028s, interaction=0.0010s, pruning=0.0014s, overhead=0.0001s)
==================

Step: 11
[POMCP] applicable values:
        navigate(brl_robot, stem_01, dock_station): 1.575623524311523
        navigate(brl_robot, stem_01, stem_02): 0.0
        detect(brl_robot, stem_01): 1.459945121693862
        pick(brl_robot, tomato1, stem_01): 5.026166968689623

[POMCP] Selected: pick(brl_robot, tomato1, stem_01)
[POMCP] Average simulation time:  0.0097
[POMCP] Average select time:  0.0
[Planner] Selected action: pick(brl_robot, tomato1, stem_01)
[Planner] Observation:  ['holding(brl_robot,tomato1)', 'holded(tomato1,brl_robot)']
    [Feedback] method=ours-random-what, confidence=0.9888, threshold=0.8000, trigger=False
    [Planner] Updated confidence: 0.9887691874819118
    [Belief Diff]
      + add (2): holding(brl_robot,tomato1), holded(tomato1,brl_robot)
      - del (2): handempty(brl_robot), at(tomato1,stem_01)
[TIME] step_total=0.9729s (search=0.9724s, execute=0.0002s, update=0.0001s, interaction=0.0000s, pruning=0.0001s, overhead=0.0001s)
==================

Step: 12
[POMCP] applicable values:
        scan(brl_robot, tomato1): 5.811289071187732
        place(brl_robot, tomato1): 3.4916864804687497
        discard(brl_robot, tomato1): 0.0

[POMCP] Selected: scan(brl_robot, tomato1)
[POMCP] Average simulation time:  0.0092
[POMCP] Average select time:  0.0
[Planner] Selected action: scan(brl_robot, tomato1)
[Planner] Observation:  ['rotten(tomato1)']
    [Feedback] method=ours-random-what, confidence=0.7094, threshold=0.8000, trigger=True
    [Planner] Current confidence: 0.7093990590820767
    [Query] Q: rotten(tomato1) is True?
    [Query] T: rotten(tomato1)=True?
    [Query] A: True
    [Planner] Reduced 2 --> 1
    [Planner] Updated confidence: 1.0
    [Belief Diff]
      + add (2): rotten(tomato1), scanned(tomato1)
      - del (1): ripe(tomato1)
[TIME] step_total=0.9223s (search=0.9211s, execute=0.0002s, update=0.0001s, interaction=0.0002s, pruning=0.0007s, overhead=0.0001s)
==================

Step: 13
[POMCP] applicable values:
        scan(brl_robot, tomato1): 4.5164583333333335
        discard(brl_robot, tomato1): 6.690012631003522

[POMCP] Selected: discard(brl_robot, tomato1)
[POMCP] Average simulation time:  0.0117
[POMCP] Average select time:  0.0
[Planner] Selected action: discard(brl_robot, tomato1)
[Planner] Observation:  ['discarded(tomato1)', 'handempty(brl_robot)']
    [Feedback] method=ours-random-what, confidence=0.9988, threshold=0.8000, trigger=False
    [Planner] Updated confidence: 0.9988303417684128
    [Belief Diff]
      + add (2): discarded(tomato1), handempty(brl_robot)
      - del (2): holding(brl_robot,tomato1), holded(tomato1,brl_robot)
[TIME] step_total=1.1665s (search=1.1660s, execute=0.0002s, update=0.0001s, interaction=0.0000s, pruning=0.0001s, overhead=0.0001s)
==================

Step: 14
[POMCP] applicable values:
        navigate(brl_robot, stem_01, dock_station): 0.0
        navigate(brl_robot, stem_01, stem_02): 0.2864770044202769
        detect(brl_robot, stem_01): 2.3116470956913187

[POMCP] Selected: detect(brl_robot, stem_01)
[POMCP] Average simulation time:  0.0131
[POMCP] Average select time:  0.0
[Planner] Selected action: detect(brl_robot, stem_01)
[Planner] Observation:  ['observed(tomato2)', 'ripe(tomato2)']
    [Feedback] method=ours-random-what, confidence=0.4257, threshold=0.8000, trigger=True
    [Planner] Current confidence: 0.4256576195427475
    [Query] Q: ripe(tomato4) is True?
    [Query] T: ripe(tomato4)=True?
    [Query] A: False
    [Planner] Reduced 9 --> 6
    [Planner] Current confidence: 0.5219770599351502
    [Query] Q: observed(tomato2) is True?
    [Query] T: observed(tomato2)=True?
    [Query] A: False
    [Planner] Reduced 6 --> 2
    [Planner] Current confidence: 0.0003355381225651488
    [Query] Q: at(tomato4,stem_01) is True?
    [Query] T: at(tomato4,stem_01)=True?
    [Query] A: False
    [Planner] Reduced 2 --> 1
    [Planner] Updated confidence: 1.0
    [Belief Diff]
      + add (0): -
      - del (0): -
[TIME] step_total=1.3156s (search=1.3063s, execute=0.0033s, update=0.0028s, interaction=0.0010s, pruning=0.0021s, overhead=0.0001s)
==================

Step: 15
[POMCP] applicable values:
        navigate(brl_robot, stem_01, dock_station): 0.5142587655710754
        navigate(brl_robot, stem_01, stem_02): 0.5761138718072526
        detect(brl_robot, stem_01): 1.8659442248106746

[POMCP] Selected: detect(brl_robot, stem_01)
[POMCP] Average simulation time:  0.0111
[POMCP] Average select time:  0.0
[Planner] Selected action: detect(brl_robot, stem_01)
[Planner] Observation:  ['observed(tomato2)', 'ripe(tomato2)']
    [Feedback] method=ours-random-what, confidence=0.3041, threshold=0.8000, trigger=True
    [Planner] Current confidence: 0.30414446266063755
    [Query] Q: unripe(tomato2) is True?
    [Query] T: unripe(tomato2)=True?
    [Query] A: False
    [Planner] Reduced 9 --> 6
    [Planner] Current confidence: 0.34536603216398876
    [Query] Q: at(tomato4,stem_01) is True?
    [Query] T: at(tomato4,stem_01)=True?
    [Query] A: False
    [Planner] Reduced 6 --> 2
    [Planner] Updated confidence: 0.8924254494190309
    [Belief Diff]
      + add (3): at(tomato2,stem_01), observed(tomato2), ripe(tomato2)
      - del (0): -
[TIME] step_total=1.1207s (search=1.1150s, execute=0.0024s, update=0.0022s, interaction=0.0005s, pruning=0.0005s, overhead=0.0001s)
==================

Step: 16
[POMCP] applicable values:
        navigate(brl_robot, stem_01, dock_station): 0.0
        navigate(brl_robot, stem_01, stem_02): 0.0
        detect(brl_robot, stem_01): 0.0
        pick(brl_robot, tomato2, stem_01): 4.28504336391934

[POMCP] Selected: pick(brl_robot, tomato2, stem_01)
[POMCP] Average simulation time:  0.0102
[POMCP] Average select time:  0.0
[Planner] Selected action: pick(brl_robot, tomato2, stem_01)
[Planner] Observation:  ['holding(brl_robot,tomato2)', 'holded(tomato2,brl_robot)']
    [Feedback] method=ours-random-what, confidence=0.9858, threshold=0.8000, trigger=False
    [Planner] Updated confidence: 0.9857954233443544
    [Belief Diff]
      + add (2): holding(brl_robot,tomato2), holded(tomato2,brl_robot)
      - del (2): handempty(brl_robot), at(tomato2,stem_01)
[TIME] step_total=1.0184s (search=1.0179s, execute=0.0002s, update=0.0001s, interaction=0.0000s, pruning=0.0001s, overhead=0.0001s)
==================

Step: 17
[POMCP] applicable values:
        scan(brl_robot, tomato2): 5.583921907263908
        place(brl_robot, tomato2): 0.0
        discard(brl_robot, tomato2): 0.0

[POMCP] Selected: scan(brl_robot, tomato2)
[POMCP] Average simulation time:  0.01
[POMCP] Average select time:  0.0
[Planner] Selected action: scan(brl_robot, tomato2)
[Planner] Observation:  ['ripe(tomato2)']
    [Feedback] method=ours-random-what, confidence=0.4067, threshold=0.8000, trigger=True
    [Planner] Current confidence: 0.40669674463575956
    [Query] Q: ripe(tomato2) is True?
    [Query] T: ripe(tomato2)=True?
    [Query] A: True
    [Planner] Reduced 2 --> 1
    [Planner] Updated confidence: 1.0
    [Belief Diff]
      + add (1): scanned(tomato2)
      - del (0): -
[TIME] step_total=0.9982s (search=0.9970s, execute=0.0002s, update=0.0001s, interaction=0.0002s, pruning=0.0006s, overhead=0.0001s)
==================

Step: 18
[POMCP] applicable values:
        scan(brl_robot, tomato2): 0.0
        place(brl_robot, tomato2): 6.669331691209911
        discard(brl_robot, tomato2): 0.0

[POMCP] Selected: place(brl_robot, tomato2)
[POMCP] Average simulation time:  0.0113
[POMCP] Average select time:  0.0
[Planner] Selected action: place(brl_robot, tomato2)
[Planner] Observation:  ['loaded(tomato2,brl_robot)', 'handempty(brl_robot)']
    [Feedback] method=ours-random-what, confidence=0.9993, threshold=0.8000, trigger=False
    [Planner] Updated confidence: 0.9992717113653672
    [Belief Diff]
      + add (2): loaded(tomato2,brl_robot), handempty(brl_robot)
      - del (2): holded(tomato2,brl_robot), holding(brl_robot,tomato2)
[TIME] step_total=1.1347s (search=1.1343s, execute=0.0002s, update=0.0001s, interaction=0.0000s, pruning=0.0000s, overhead=0.0001s)
[TIME SUMMARY]
avg search: 1.0183s
avg execute: 0.0008s
avg update: 0.0010s
avg interaction: 0.0008s
avg pruning: 0.0006s
avg step wall: 1.0215s
total wall clock: 18.3878s
=============Action Log=============
[STEP 1]: navigate(brl_robot, dock_station, stem_01)
[STEP 2]: detect(brl_robot, stem_01)
[STEP 3]: navigate(brl_robot, stem_01, stem_02)
[STEP 4]: detect(brl_robot, stem_02)
[STEP 5]: pick(brl_robot, tomato3, stem_02)
[STEP 6]: scan(brl_robot, tomato3)
[STEP 7]: place(brl_robot, tomato3)
[STEP 8]: detect(brl_robot, stem_02)
[STEP 9]: navigate(brl_robot, stem_02, stem_01)
[STEP 10]: detect(brl_robot, stem_01)
[STEP 11]: pick(brl_robot, tomato1, stem_01)
[STEP 12]: scan(brl_robot, tomato1)
[STEP 13]: discard(brl_robot, tomato1)
[STEP 14]: detect(brl_robot, stem_01)
[STEP 15]: detect(brl_robot, stem_01)
[STEP 16]: pick(brl_robot, tomato2, stem_01)
[STEP 17]: scan(brl_robot, tomato2)
[STEP 18]: place(brl_robot, tomato2)
=============Final Knowledge=============
at(tomato1,stem_02)
at(tomato4,stem_02)
discarded(tomato1)
handempty(brl_robot)
loaded(tomato2,brl_robot)
loaded(tomato3,brl_robot)
located(brl_robot,stem_01)
location(dock_station)
location(stem_01)
location(stem_02)
observed(tomato1)
observed(tomato2)
observed(tomato3)
observed(tomato4)
ripe(tomato2)
ripe(tomato3)
robot(brl_robot)
rotten(tomato1)
scanned(tomato1)
scanned(tomato2)
scanned(tomato3)
stem(stem_01)
stem(stem_02)
tomato(tomato1)
tomato(tomato2)
tomato(tomato3)
tomato(tomato4)
unripe(tomato4)
=============Query=============
Total Query 26
=============Action Schema Summary=============
detect: actions=6, questions=23, expected_questions_per_action=3.8333
discard: actions=1, questions=0, expected_questions_per_action=0.0000
navigate: actions=3, questions=0, expected_questions_per_action=0.0000
pick: actions=3, questions=0, expected_questions_per_action=0.0000
place: actions=2, questions=0, expected_questions_per_action=0.0000
scan: actions=3, questions=3, expected_questions_per_action=1.0000
=============Log File=============
/home/changmin/PyProject/00_BRL-CF/experiments_logs/system_log/e2_ablation/tomato/scene_04_step50/ours-random-what/oracle/exp_tomato_20260804_144446_060561.txt
