Step: 1
[POMCP] applicable values:
        navigate(brl_robot, dock_station, stem_01): 0.0
        navigate(brl_robot, dock_station, stem_02): 1.4315608429598756

[POMCP] Selected: navigate(brl_robot, dock_station, stem_02)
[POMCP] Average simulation time:  0.0076
[POMCP] Average select time:  0.0
[Planner] Selected action: navigate(brl_robot, dock_station, stem_02)
[Planner] Observation:  ['located(brl_robot,stem_01)']
    [Feedback] method=ours-random-what, confidence=0.3062, threshold=0.8000, trigger=True
    [Planner] Current confidence: 0.3061800310363425
    [Query] Q: located(brl_robot,stem_01) is True?
    [Query] T: located(brl_robot,stem_01)=True?
    [Query] A: False
    [Planner] Reduced 3 --> 2
    [Planner] Current confidence: 0.7025566035349997
    [Query] Q: located(brl_robot,dock_station) is True?
    [Query] T: located(brl_robot,dock_station)=True?
    [Query] A: False
    [Planner] Reduced 2 --> 1
    [Planner] Updated confidence: 1.0
    [Belief Diff]
      + add (1): located(brl_robot,stem_02)
      - del (1): located(brl_robot,dock_station)
[TIME] step_total=0.7585s (search=0.7557s, execute=0.0002s, update=0.0002s, interaction=0.0023s, pruning=0.0001s, overhead=0.0001s)
==================

Step: 2
[POMCP] applicable values:
        navigate(brl_robot, stem_02, dock_station): 0.9994521691209614
        navigate(brl_robot, stem_02, stem_01): 1.4204069617452777
        detect(brl_robot, stem_02): 2.2051704361889417

[POMCP] Selected: detect(brl_robot, stem_02)
[POMCP] Average simulation time:  0.009
[POMCP] Average select time:  0.0
[Planner] Selected action: detect(brl_robot, stem_02)
[Planner] Observation:  ['observed(tomato3)', 'observed(tomato4)', 'ripe(tomato3)', 'unripe(tomato4)']
    [Feedback] method=ours-random-what, confidence=0.2925, threshold=0.8000, trigger=True
    [Planner] Current confidence: 0.29245619726196304
    [Query] Q: ripe(tomato3) is True?
    [Query] T: ripe(tomato3)=True?
    [Query] A: True
    [Planner] Reduced 81 --> 27
    [Planner] Current confidence: 0.22074723011813346
    [Query] Q: at(tomato4,stem_02) is True?
    [Query] T: at(tomato4,stem_02)=True?
    [Query] A: True
    [Planner] Reduced 27 --> 18
    [Planner] Current confidence: 0.12983371107428832
    [Query] Q: observed(tomato2) is True?
    [Query] T: observed(tomato2)=True?
    [Query] A: False
    [Planner] Reduced 18 --> 6
    [Planner] Current confidence: 0.20926750291786844
    [Query] Q: ripe(tomato4) is True?
    [Query] T: ripe(tomato4)=True?
    [Query] A: False
    [Planner] Reduced 6 --> 3
    [Planner] Current confidence: 0.00020089199550132886
    [Query] Q: ripe(tomato1) is True?
    [Query] T: ripe(tomato1)=True?
    [Query] A: False
    [Planner] Reduced 3 --> 2
    [Planner] Current confidence: 0.00033553812256537086
    [Query] Q: at(tomato1,stem_02) is True?
    [Query] T: at(tomato1,stem_02)=True?
    [Query] A: False
    [Planner] Reduced 2 --> 1
    [Planner] Updated confidence: 1.0
    [Belief Diff]
      + add (6): at(tomato3,stem_02), at(tomato4,stem_02), observed(tomato3), observed(tomato4), ripe(tomato3), unripe(tomato4)
      - del (0): -
[TIME] step_total=0.9122s (search=0.9042s, execute=0.0005s, update=0.0034s, interaction=0.0033s, pruning=0.0008s, overhead=0.0001s)
==================

Step: 3
[POMCP] applicable values:
        navigate(brl_robot, stem_02, dock_station): 0.0
        navigate(brl_robot, stem_02, stem_01): 1.7924296120427095
        detect(brl_robot, stem_02): 2.3108696258166552
        pick(brl_robot, tomato3, stem_02): 5.197669405482382

[POMCP] Selected: pick(brl_robot, tomato3, stem_02)
[POMCP] Average simulation time:  0.01
[POMCP] Average select time:  0.0
[Planner] Selected action: pick(brl_robot, tomato3, stem_02)
[Planner] Observation:  ['holding(brl_robot,tomato3)', 'holded(tomato3,brl_robot)']
    [Feedback] method=ours-random-what, confidence=0.9984, threshold=0.8000, trigger=False
    [Planner] Updated confidence: 0.9984175001166091
    [Belief Diff]
      + add (2): holding(brl_robot,tomato3), holded(tomato3,brl_robot)
      - del (2): handempty(brl_robot), at(tomato3,stem_02)
[TIME] step_total=0.9993s (search=0.9989s, execute=0.0002s, update=0.0001s, interaction=0.0000s, pruning=0.0001s, overhead=0.0001s)
==================

Step: 4
[POMCP] applicable values:
        scan(brl_robot, tomato3): 5.755947972745295
        place(brl_robot, tomato3): 2.701800438313184
        discard(brl_robot, tomato3): 1.6176677248685452

[POMCP] Selected: scan(brl_robot, tomato3)
[POMCP] Average simulation time:  0.0106
[POMCP] Average select time:  0.0
[Planner] Selected action: scan(brl_robot, tomato3)
[Planner] Observation:  ['ripe(tomato3)']
    [Feedback] method=ours-random-what, confidence=0.6762, threshold=0.8000, trigger=True
    [Planner] Current confidence: 0.6761670058045155
    [Query] Q: rotten(tomato3) is True?
    [Query] T: rotten(tomato3)=True?
    [Query] A: False
    [Planner] Reduced 2 --> 1
    [Planner] Updated confidence: 1.0
    [Belief Diff]
      + add (1): scanned(tomato3)
      - del (0): -
[TIME] step_total=1.0651s (search=1.0641s, execute=0.0001s, update=0.0001s, interaction=0.0001s, pruning=0.0005s, overhead=0.0001s)
==================

Step: 5
[POMCP] applicable values:
        scan(brl_robot, tomato3): 2.375
        place(brl_robot, tomato3): 6.337889356952228
        discard(brl_robot, tomato3): 0.0

[POMCP] Selected: place(brl_robot, tomato3)
[POMCP] Average simulation time:  0.0112
[POMCP] Average select time:  0.0
[Planner] Selected action: place(brl_robot, tomato3)
[Planner] Observation:  ['loaded(tomato3,brl_robot)', 'handempty(brl_robot)']
    [Feedback] method=ours-random-what, confidence=0.9999, threshold=0.8000, trigger=False
    [Planner] Updated confidence: 0.9999118473681113
    [Belief Diff]
      + add (2): loaded(tomato3,brl_robot), handempty(brl_robot)
      - del (2): holding(brl_robot,tomato3), holded(tomato3,brl_robot)
[TIME] step_total=1.1206s (search=1.1201s, execute=0.0002s, update=0.0001s, interaction=0.0000s, pruning=0.0001s, overhead=0.0001s)
==================

Step: 6
[POMCP] applicable values:
        navigate(brl_robot, stem_02, dock_station): 0.9133819189212247
        navigate(brl_robot, stem_02, stem_01): 1.8197414121872704
        detect(brl_robot, stem_02): 0.0

[POMCP] Selected: navigate(brl_robot, stem_02, stem_01)
[POMCP] Average simulation time:  0.0107
[POMCP] Average select time:  0.0
[Planner] Selected action: navigate(brl_robot, stem_02, stem_01)
[Planner] Observation:  ['located(brl_robot,stem_01)']
    [Feedback] method=ours-random-what, confidence=0.9288, threshold=0.8000, trigger=False
    [Planner] Updated confidence: 0.9287908205102154
    [Belief Diff]
      + add (1): located(brl_robot,stem_01)
      - del (1): located(brl_robot,stem_02)
[TIME] step_total=1.0746s (search=1.0739s, execute=0.0002s, update=0.0001s, interaction=0.0000s, pruning=0.0003s, overhead=0.0001s)
==================

Step: 7
[POMCP] applicable values:
        navigate(brl_robot, stem_01, dock_station): 0.0
        navigate(brl_robot, stem_01, stem_02): 0.9085558686563797
        detect(brl_robot, stem_01): 2.3737052611280296

[POMCP] Selected: detect(brl_robot, stem_01)
[POMCP] Average simulation time:  0.013
[POMCP] Average select time:  0.0
[Planner] Selected action: detect(brl_robot, stem_01)
[Planner] Observation:  ['observed(tomato1)', 'observed(tomato2)', 'ripe(tomato1)', 'ripe(tomato2)']
    [Feedback] method=ours-random-what, confidence=0.4029, threshold=0.8000, trigger=True
    [Planner] Current confidence: 0.4029113906891595
    [Query] Q: observed(tomato2) is True?
    [Query] T: observed(tomato2)=True?
    [Query] A: False
    [Planner] Reduced 27 --> 9
    [Planner] Current confidence: 0.37118196714706
    [Query] Q: ripe(tomato4) is True?
    [Query] T: ripe(tomato4)=True?
    [Query] A: False
    [Planner] Reduced 9 --> 6
    [Planner] Current confidence: 0.45517384984060616
    [Query] Q: ripe(tomato1) is True?
    [Query] T: ripe(tomato1)=True?
    [Query] A: True
    [Planner] Reduced 6 --> 2
    [Planner] Current confidence: 0.0003355381225651488
    [Query] Q: at(tomato4,stem_01) is True?
    [Query] T: at(tomato4,stem_01)=True?
    [Query] A: False
    [Planner] Reduced 2 --> 1
    [Planner] Updated confidence: 1.0
    [Belief Diff]
      + add (3): at(tomato1,stem_01), observed(tomato1), ripe(tomato1)
      - del (0): -
[TIME] step_total=1.3105s (search=1.3007s, execute=0.0026s, update=0.0031s, interaction=0.0014s, pruning=0.0026s, overhead=0.0001s)
==================

Step: 8
[POMCP] applicable values:
        navigate(brl_robot, stem_01, dock_station): 0.0
        navigate(brl_robot, stem_01, stem_02): 1.4484718860584676
        detect(brl_robot, stem_01): 0.0
        pick(brl_robot, tomato1, stem_01): 4.704991223489704

[POMCP] Selected: pick(brl_robot, tomato1, stem_01)
[POMCP] Average simulation time:  0.0099
[POMCP] Average select time:  0.0
[Planner] Selected action: pick(brl_robot, tomato1, stem_01)
[Planner] Observation:  ['holding(brl_robot,tomato1)', 'holded(tomato1,brl_robot)']
    [Feedback] method=ours-random-what, confidence=0.9977, threshold=0.8000, trigger=False
    [Planner] Updated confidence: 0.9977440119197278
    [Belief Diff]
      + add (2): holding(brl_robot,tomato1), holded(tomato1,brl_robot)
      - del (2): handempty(brl_robot), at(tomato1,stem_01)
[TIME] step_total=0.9888s (search=0.9882s, execute=0.0002s, update=0.0001s, interaction=0.0000s, pruning=0.0002s, overhead=0.0001s)
==================

Step: 9
[POMCP] applicable values:
        scan(brl_robot, tomato1): 5.521704667223709
        place(brl_robot, tomato1): 0.0
        discard(brl_robot, tomato1): 2.438374895577648

[POMCP] Selected: scan(brl_robot, tomato1)
[POMCP] Average simulation time:  0.0105
[POMCP] Average select time:  0.0
[Planner] Selected action: scan(brl_robot, tomato1)
[Planner] Observation:  ['rotten(tomato1)']
    [Feedback] method=ours-random-what, confidence=0.6337, threshold=0.8000, trigger=True
    [Planner] Current confidence: 0.6337321322625011
    [Query] Q: ripe(tomato1) is True?
    [Query] T: ripe(tomato1)=True?
    [Query] A: False
    [Planner] Reduced 2 --> 1
    [Planner] Updated confidence: 1.0
    [Belief Diff]
      + add (2): rotten(tomato1), scanned(tomato1)
      - del (1): ripe(tomato1)
[TIME] step_total=1.0466s (search=1.0454s, execute=0.0002s, update=0.0001s, interaction=0.0002s, pruning=0.0006s, overhead=0.0001s)
==================

Step: 10
[POMCP] applicable values:
        scan(brl_robot, tomato1): 4.670833333333333
        discard(brl_robot, tomato1): 6.049654026941518

[POMCP] Selected: discard(brl_robot, tomato1)
[POMCP] Average simulation time:  0.0108
[POMCP] Average select time:  0.0
[Planner] Selected action: discard(brl_robot, tomato1)
[Planner] Observation:  ['discarded(tomato1)', 'handempty(brl_robot)']
    [Feedback] method=ours-random-what, confidence=0.9996, threshold=0.8000, trigger=False
    [Planner] Updated confidence: 0.9995560672883503
    [Belief Diff]
      + add (2): discarded(tomato1), handempty(brl_robot)
      - del (2): holded(tomato1,brl_robot), holding(brl_robot,tomato1)
[TIME] step_total=1.0799s (search=1.0793s, execute=0.0002s, update=0.0001s, interaction=0.0000s, pruning=0.0001s, overhead=0.0001s)
==================

Step: 11
[POMCP] applicable values:
        navigate(brl_robot, stem_01, dock_station): 0.0
        navigate(brl_robot, stem_01, stem_02): 0.9211233594858469
        detect(brl_robot, stem_01): 1.5437999922133332

[POMCP] Selected: detect(brl_robot, stem_01)
[POMCP] Average simulation time:  0.0116
[POMCP] Average select time:  0.0
[Planner] Selected action: detect(brl_robot, stem_01)
[Planner] Observation:  ['observed(tomato2)', 'ripe(tomato2)']
    [Feedback] method=ours-random-what, confidence=0.2919, threshold=0.8000, trigger=True
    [Planner] Current confidence: 0.29193253795614615
    [Query] Q: at(tomato4,stem_01) is True?
    [Query] T: at(tomato4,stem_01)=True?
    [Query] A: False
    [Planner] Reduced 9 --> 3
    [Planner] Current confidence: 0.5836369060685036
    [Query] Q: at(tomato2,stem_01) is True?
    [Query] T: at(tomato2,stem_01)=True?
    [Query] A: True
    [Planner] Reduced 3 --> 2
    [Planner] Current confidence: 0.4368594093599176
    [Query] Q: ripe(tomato2) is True?
    [Query] T: ripe(tomato2)=True?
    [Query] A: True
    [Planner] Reduced 2 --> 1
    [Planner] Updated confidence: 1.0
    [Belief Diff]
      + add (3): at(tomato2,stem_01), observed(tomato2), ripe(tomato2)
      - del (0): -
[TIME] step_total=1.1641s (search=1.1571s, execute=0.0025s, update=0.0022s, interaction=0.0006s, pruning=0.0016s, overhead=0.0001s)
==================

Step: 12
[POMCP] applicable values:
        navigate(brl_robot, stem_01, dock_station): 0.0
        navigate(brl_robot, stem_01, stem_02): 0.0
        detect(brl_robot, stem_01): 0.0
        pick(brl_robot, tomato2, stem_01): 4.678897256001822

[POMCP] Selected: pick(brl_robot, tomato2, stem_01)
[POMCP] Average simulation time:  0.0106
[POMCP] Average select time:  0.0
[Planner] Selected action: pick(brl_robot, tomato2, stem_01)
[Planner] Observation:  ['holding(brl_robot,tomato2)', 'holded(tomato2,brl_robot)']
    [Feedback] method=ours-random-what, confidence=0.9992, threshold=0.8000, trigger=False
    [Planner] Updated confidence: 0.9991810585623434
    [Belief Diff]
      + add (2): holding(brl_robot,tomato2), holded(tomato2,brl_robot)
      - del (2): handempty(brl_robot), at(tomato2,stem_01)
[TIME] step_total=1.0586s (search=1.0580s, execute=0.0002s, update=0.0001s, interaction=0.0000s, pruning=0.0001s, overhead=0.0001s)
==================

Step: 13
[POMCP] applicable values:
        scan(brl_robot, tomato2): 5.887891130472591
        place(brl_robot, tomato2): 0.0
        discard(brl_robot, tomato2): 1.8650124712136555

[POMCP] Selected: scan(brl_robot, tomato2)
[POMCP] Average simulation time:  0.0102
[POMCP] Average select time:  0.0
[Planner] Selected action: scan(brl_robot, tomato2)
[Planner] Observation:  ['ripe(tomato2)']
    [Feedback] method=ours-random-what, confidence=0.6790, threshold=0.8000, trigger=True
    [Planner] Current confidence: 0.6789683537825091
    [Query] Q: ripe(tomato2) is True?
    [Query] T: ripe(tomato2)=True?
    [Query] A: True
    [Planner] Reduced 2 --> 1
    [Planner] Updated confidence: 1.0
    [Belief Diff]
      + add (1): scanned(tomato2)
      - del (0): -
[TIME] step_total=1.0182s (search=1.0169s, execute=0.0002s, update=0.0001s, interaction=0.0002s, pruning=0.0008s, overhead=0.0001s)
==================

Step: 14
[POMCP] applicable values:
        scan(brl_robot, tomato2): 0.0
        place(brl_robot, tomato2): 7.072143931499984
        discard(brl_robot, tomato2): 0.0

[POMCP] Selected: place(brl_robot, tomato2)
[POMCP] Average simulation time:  0.0116
[POMCP] Average select time:  0.0
[Planner] Selected action: place(brl_robot, tomato2)
[Planner] Observation:  ['loaded(tomato2,brl_robot)', 'handempty(brl_robot)']
    [Feedback] method=ours-random-what, confidence=0.9987, threshold=0.8000, trigger=False
    [Planner] Updated confidence: 0.9987117432646444
    [Belief Diff]
      + add (2): loaded(tomato2,brl_robot), handempty(brl_robot)
      - del (2): holding(brl_robot,tomato2), holded(tomato2,brl_robot)
[TIME] step_total=1.1567s (search=1.1563s, execute=0.0002s, update=0.0001s, interaction=0.0000s, pruning=0.0000s, overhead=0.0001s)
[TIME SUMMARY]
avg search: 1.0514s
avg execute: 0.0005s
avg update: 0.0007s
avg interaction: 0.0006s
avg pruning: 0.0006s
avg step wall: 1.0538s
total wall clock: 14.7539s
=============Action Log=============
[STEP 1]: navigate(brl_robot, dock_station, stem_02)
[STEP 2]: detect(brl_robot, stem_02)
[STEP 3]: pick(brl_robot, tomato3, stem_02)
[STEP 4]: scan(brl_robot, tomato3)
[STEP 5]: place(brl_robot, tomato3)
[STEP 6]: navigate(brl_robot, stem_02, stem_01)
[STEP 7]: detect(brl_robot, stem_01)
[STEP 8]: pick(brl_robot, tomato1, stem_01)
[STEP 9]: scan(brl_robot, tomato1)
[STEP 10]: discard(brl_robot, tomato1)
[STEP 11]: detect(brl_robot, stem_01)
[STEP 12]: pick(brl_robot, tomato2, stem_01)
[STEP 13]: scan(brl_robot, tomato2)
[STEP 14]: place(brl_robot, tomato2)
=============Final Knowledge=============
at(tomato4,stem_02)
discarded(tomato1)
handempty(brl_robot)
loaded(tomato2,brl_robot)
loaded(tomato3,brl_robot)
located(brl_robot,stem_01)
location(dock_station)
location(stem_01)
location(stem_02)
observed(tomato1)
observed(tomato2)
observed(tomato3)
observed(tomato4)
ripe(tomato2)
ripe(tomato3)
robot(brl_robot)
rotten(tomato1)
scanned(tomato1)
scanned(tomato2)
scanned(tomato3)
stem(stem_01)
stem(stem_02)
tomato(tomato1)
tomato(tomato2)
tomato(tomato3)
tomato(tomato4)
unripe(tomato4)
=============Query=============
Total Query 18
=============Action Schema Summary=============
detect: actions=3, questions=13, expected_questions_per_action=4.3333
discard: actions=1, questions=0, expected_questions_per_action=0.0000
navigate: actions=2, questions=2, expected_questions_per_action=1.0000
pick: actions=3, questions=0, expected_questions_per_action=0.0000
place: actions=2, questions=0, expected_questions_per_action=0.0000
scan: actions=3, questions=3, expected_questions_per_action=1.0000
=============Log File=============
/home/changmin/PyProject/00_BRL-CF/experiments_logs/system_log/e2_ablation/tomato/scene_04_step50/ours-random-what/oracle/exp_tomato_20260804_144547_439834.txt
