Step: 1
[POMCP] applicable values:
        navigate(brl_robot, dock_station, stem_01): 0.0
        navigate(brl_robot, dock_station, stem_02): 1.6973898765733022

[POMCP] Selected: navigate(brl_robot, dock_station, stem_02)
[POMCP] Average simulation time:  0.0075
[POMCP] Average select time:  0.0
[Planner] Selected action: navigate(brl_robot, dock_station, stem_02)
[Planner] Observation:  ['located(brl_robot,stem_01)']
    [Feedback] method=ours-random-what, confidence=0.2717, threshold=0.8000, trigger=True
    [Planner] Current confidence: 0.27173615415280816
    [Query] Q: located(brl_robot,dock_station) is True?
    [Query] T: located(brl_robot,dock_station)=True?
    [Query] A: True
    [Planner] Reduced 3 --> 1
    [Planner] Updated confidence: 1.0
    [Belief Diff]
      + add (0): -
      - del (0): -
[TIME] step_total=0.7480s (search=0.7453s, execute=0.0002s, update=0.0002s, interaction=0.0020s, pruning=0.0003s, overhead=0.0001s)
==================

Step: 2
[POMCP] applicable values:
        navigate(brl_robot, dock_station, stem_01): 1.566864172186081
        navigate(brl_robot, dock_station, stem_02): 1.295918219720597

[POMCP] Selected: navigate(brl_robot, dock_station, stem_01)
[POMCP] Average simulation time:  0.0082
[POMCP] Average select time:  0.0
[Planner] Selected action: navigate(brl_robot, dock_station, stem_01)
[Planner] Observation:  ['located(brl_robot,stem_01)']
    [Feedback] method=ours-random-what, confidence=0.9662, threshold=0.8000, trigger=False
    [Planner] Updated confidence: 0.9661756852456095
    [Belief Diff]
      + add (1): located(brl_robot,stem_01)
      - del (1): located(brl_robot,dock_station)
[TIME] step_total=0.8178s (search=0.8172s, execute=0.0002s, update=0.0001s, interaction=0.0000s, pruning=0.0002s, overhead=0.0001s)
==================

Step: 3
[POMCP] applicable values:
        navigate(brl_robot, stem_01, dock_station): 1.493244034621397
        navigate(brl_robot, stem_01, stem_02): 0.0
        detect(brl_robot, stem_01): 1.857366975599923

[POMCP] Selected: detect(brl_robot, stem_01)
[POMCP] Average simulation time:  0.0085
[POMCP] Average select time:  0.0
[Planner] Selected action: detect(brl_robot, stem_01)
[Planner] Observation:  ['observed(tomato1)', 'observed(tomato2)', 'ripe(tomato1)', 'ripe(tomato2)']
    [Feedback] method=ours-random-what, confidence=0.3710, threshold=0.8000, trigger=True
    [Planner] Current confidence: 0.37102968060108
    [Query] Q: at(tomato2,stem_01) is True?
    [Query] T: at(tomato2,stem_01)=True?
    [Query] A: True
    [Planner] Reduced 81 --> 54
    [Planner] Current confidence: 0.3169398788831317
    [Query] Q: at(tomato3,stem_01) is True?
    [Query] T: at(tomato3,stem_01)=True?
    [Query] A: False
    [Planner] Reduced 54 --> 18
    [Planner] Current confidence: 0.4372191051163382
    [Query] Q: at(tomato1,stem_01) is True?
    [Query] T: at(tomato1,stem_01)=True?
    [Query] A: True
    [Planner] Reduced 18 --> 12
    [Planner] Current confidence: 0.3614451948051314
    [Query] Q: ripe(tomato4) is True?
    [Query] T: ripe(tomato4)=True?
    [Query] A: False
    [Planner] Reduced 12 --> 8
    [Planner] Current confidence: 0.4319138044975753
    [Query] Q: unripe(tomato4) is True?
    [Query] T: unripe(tomato4)=True?
    [Query] A: False
    [Planner] Reduced 8 --> 4
    [Planner] Current confidence: 0.6476885386770823
    [Query] Q: unripe(tomato2) is True?
    [Query] T: unripe(tomato2)=True?
    [Query] A: False
    [Planner] Reduced 4 --> 2
    [Planner] Current confidence: 0.6457817654053075
    [Query] Q: unripe(tomato1) is True?
    [Query] T: unripe(tomato1)=True?
    [Query] A: False
    [Planner] Reduced 2 --> 1
    [Planner] Updated confidence: 1.0
    [Belief Diff]
      + add (6): at(tomato1,stem_01), at(tomato2,stem_01), observed(tomato1), observed(tomato2), ripe(tomato1), ripe(tomato2)
      - del (0): -
[TIME] step_total=0.8620s (search=0.8532s, execute=0.0005s, update=0.0034s, interaction=0.0041s, pruning=0.0007s, overhead=0.0001s)
==================

Step: 4
[POMCP] applicable values:
        navigate(brl_robot, stem_01, dock_station): 0.0
        navigate(brl_robot, stem_01, stem_02): 0.0
        detect(brl_robot, stem_01): 0.0
        pick(brl_robot, tomato1, stem_01): 5.1414027469106145
        pick(brl_robot, tomato2, stem_01): 0.0

[POMCP] Selected: pick(brl_robot, tomato1, stem_01)
[POMCP] Average simulation time:  0.0088
[POMCP] Average select time:  0.0
[Planner] Selected action: pick(brl_robot, tomato1, stem_01)
[Planner] Observation:  ['holding(brl_robot,tomato1)', 'holded(tomato1,brl_robot)']
    [Feedback] method=ours-random-what, confidence=0.9994, threshold=0.8000, trigger=False
    [Planner] Updated confidence: 0.9994260636126915
    [Belief Diff]
      + add (2): holding(brl_robot,tomato1), holded(tomato1,brl_robot)
      - del (2): at(tomato1,stem_01), handempty(brl_robot)
[TIME] step_total=0.8762s (search=0.8758s, execute=0.0002s, update=0.0001s, interaction=0.0000s, pruning=0.0001s, overhead=0.0001s)
==================

Step: 5
[POMCP] applicable values:
        scan(brl_robot, tomato1): 6.730885659705041
        place(brl_robot, tomato1): 2.993684696191894
        discard(brl_robot, tomato1): 0.0

[POMCP] Selected: scan(brl_robot, tomato1)
[POMCP] Average simulation time:  0.0094
[POMCP] Average select time:  0.0
[Planner] Selected action: scan(brl_robot, tomato1)
[Planner] Observation:  ['rotten(tomato1)']
    [Feedback] method=ours-random-what, confidence=0.7726, threshold=0.8000, trigger=True
    [Planner] Current confidence: 0.7726060249544925
    [Query] Q: rotten(tomato1) is True?
    [Query] T: rotten(tomato1)=True?
    [Query] A: True
    [Planner] Reduced 2 --> 1
    [Planner] Updated confidence: 1.0
    [Belief Diff]
      + add (2): rotten(tomato1), scanned(tomato1)
      - del (1): ripe(tomato1)
[TIME] step_total=0.9388s (search=0.9378s, execute=0.0001s, update=0.0001s, interaction=0.0001s, pruning=0.0006s, overhead=0.0001s)
==================

Step: 6
[POMCP] applicable values:
        scan(brl_robot, tomato1): 4.63125
        discard(brl_robot, tomato1): 8.403761053503471

[POMCP] Selected: discard(brl_robot, tomato1)
[POMCP] Average simulation time:  0.0096
[POMCP] Average select time:  0.0
[Planner] Selected action: discard(brl_robot, tomato1)
[Planner] Observation:  ['discarded(tomato1)', 'handempty(brl_robot)']
    [Feedback] method=ours-random-what, confidence=0.9996, threshold=0.8000, trigger=False
    [Planner] Updated confidence: 0.9995542771245912
    [Belief Diff]
      + add (2): discarded(tomato1), handempty(brl_robot)
      - del (2): holding(brl_robot,tomato1), holded(tomato1,brl_robot)
[TIME] step_total=0.9569s (search=0.9564s, execute=0.0002s, update=0.0001s, interaction=0.0000s, pruning=0.0001s, overhead=0.0001s)
==================

Step: 7
[POMCP] applicable values:
        navigate(brl_robot, stem_01, dock_station): 3.9655696980758286
        navigate(brl_robot, stem_01, stem_02): 0.9880856963555408
        detect(brl_robot, stem_01): 0.0
        pick(brl_robot, tomato2, stem_01): 0.0

[POMCP] Selected: navigate(brl_robot, stem_01, dock_station)
[POMCP] Average simulation time:  0.0103
[POMCP] Average select time:  0.0
[Planner] Selected action: navigate(brl_robot, stem_01, dock_station)
[Planner] Observation:  ['located(brl_robot,dock_station)']
    [Feedback] method=ours-random-what, confidence=0.9551, threshold=0.8000, trigger=False
    [Planner] Updated confidence: 0.9550785280165683
    [Belief Diff]
      + add (1): located(brl_robot,dock_station)
      - del (1): located(brl_robot,stem_01)
[TIME] step_total=1.0281s (search=1.0273s, execute=0.0002s, update=0.0001s, interaction=0.0000s, pruning=0.0003s, overhead=0.0001s)
==================

Step: 8
[POMCP] applicable values:
        navigate(brl_robot, dock_station, stem_01): 4.713175962512463
        navigate(brl_robot, dock_station, stem_02): 0.0

[POMCP] Selected: navigate(brl_robot, dock_station, stem_01)
[POMCP] Average simulation time:  0.0102
[POMCP] Average select time:  0.0
[Planner] Selected action: navigate(brl_robot, dock_station, stem_01)
[Planner] Observation:  ['located(brl_robot,stem_01)']
    [Feedback] method=ours-random-what, confidence=0.9303, threshold=0.8000, trigger=False
    [Planner] Updated confidence: 0.9303390568170927
    [Belief Diff]
      + add (1): located(brl_robot,stem_01)
      - del (1): located(brl_robot,dock_station)
[TIME] step_total=1.0179s (search=1.0171s, execute=0.0002s, update=0.0001s, interaction=0.0001s, pruning=0.0003s, overhead=0.0001s)
==================

Step: 9
[POMCP] applicable values:
        navigate(brl_robot, stem_01, dock_station): 0.0
        navigate(brl_robot, stem_01, stem_02): 0.0
        detect(brl_robot, stem_01): 0.0
        pick(brl_robot, tomato2, stem_01): 5.73484023048954

[POMCP] Selected: pick(brl_robot, tomato2, stem_01)
[POMCP] Average simulation time:  0.0098
[POMCP] Average select time:  0.0
[Planner] Selected action: pick(brl_robot, tomato2, stem_01)
[Planner] Observation:  ['holding(brl_robot,tomato2)', 'holded(tomato2,brl_robot)']
    [Feedback] method=ours-random-what, confidence=0.9863, threshold=0.8000, trigger=False
    [Planner] Updated confidence: 0.9863177480224212
    [Belief Diff]
      + add (2): holding(brl_robot,tomato2), holded(tomato2,brl_robot)
      - del (2): handempty(brl_robot), at(tomato2,stem_01)
[TIME] step_total=0.9833s (search=0.9827s, execute=0.0002s, update=0.0001s, interaction=0.0000s, pruning=0.0002s, overhead=0.0001s)
==================

Step: 10
[POMCP] applicable values:
        scan(brl_robot, tomato2): 6.385171875707012
        place(brl_robot, tomato2): 0.0
        discard(brl_robot, tomato2): 2.701800438313184

[POMCP] Selected: scan(brl_robot, tomato2)
[POMCP] Average simulation time:  0.0105
[POMCP] Average select time:  0.0
[Planner] Selected action: scan(brl_robot, tomato2)
[Planner] Observation:  ['ripe(tomato2)']
    [Feedback] method=ours-random-what, confidence=0.5114, threshold=0.8000, trigger=True
    [Planner] Current confidence: 0.5113750909459597
    [Query] Q: ripe(tomato2) is True?
    [Query] T: ripe(tomato2)=True?
    [Query] A: True
    [Planner] Reduced 2 --> 1
    [Planner] Updated confidence: 1.0
    [Belief Diff]
      + add (1): scanned(tomato2)
      - del (0): -
[TIME] step_total=1.0478s (search=1.0457s, execute=0.0001s, update=0.0001s, interaction=0.0002s, pruning=0.0016s, overhead=0.0001s)
==================

Step: 11
[POMCP] applicable values:
        scan(brl_robot, tomato2): 4.5262809375
        place(brl_robot, tomato2): 7.326676057633122
        discard(brl_robot, tomato2): 3.6754594531249998

[POMCP] Selected: place(brl_robot, tomato2)
[POMCP] Average simulation time:  0.0116
[POMCP] Average select time:  0.0
[Planner] Selected action: place(brl_robot, tomato2)
[Planner] Observation:  []
    [Feedback] method=ours-random-what, confidence=0.9192, threshold=0.8000, trigger=False
    [Planner] Updated confidence: 0.9192357107233737
    [Belief Diff]
      + add (2): loaded(tomato2,brl_robot), handempty(brl_robot)
      - del (2): holded(tomato2,brl_robot), holding(brl_robot,tomato2)
[TIME] step_total=1.1566s (search=1.1561s, execute=0.0002s, update=0.0001s, interaction=0.0000s, pruning=0.0001s, overhead=0.0001s)
==================

Step: 12
[POMCP] applicable values:
        navigate(brl_robot, stem_01, dock_station): 0.0
        navigate(brl_robot, stem_01, stem_02): 0.0
        detect(brl_robot, stem_01): 3.0043173345217404

[POMCP] Selected: detect(brl_robot, stem_01)
[POMCP] Average simulation time:  0.0114
[POMCP] Average select time:  0.0
[Planner] Selected action: detect(brl_robot, stem_01)
[Planner] Observation:  []
    [Feedback] method=ours-random-what, confidence=0.0002, threshold=0.8000, trigger=True
    [Planner] Current confidence: 0.00021454414913757436
    [Query] Q: at(tomato3,stem_01) is True?
    [Query] T: at(tomato3,stem_01)=True?
    [Query] A: False
    [Planner] Reduced 9 --> 3
    [Planner] Current confidence: 0.00020089199550132886
    [Query] Q: at(tomato4,stem_01) is True?
    [Query] T: at(tomato4,stem_01)=True?
    [Query] A: False
    [Planner] Reduced 3 --> 1
    [Planner] Updated confidence: 1.0
    [Belief Diff]
      + add (0): -
      - del (0): -
[TIME] step_total=1.1533s (search=1.1451s, execute=0.0027s, update=0.0022s, interaction=0.0004s, pruning=0.0028s, overhead=0.0001s)
==================

Step: 13
[POMCP] applicable values:
        navigate(brl_robot, stem_01, dock_station): 0.0
        navigate(brl_robot, stem_01, stem_02): 0.9062754035571059
        detect(brl_robot, stem_01): 1.3214439421840314

[POMCP] Selected: detect(brl_robot, stem_01)
[POMCP] Average simulation time:  0.0118
[POMCP] Average select time:  0.0
[Planner] Selected action: detect(brl_robot, stem_01)
[Planner] Observation:  []
    [Feedback] method=ours-random-what, confidence=0.0002, threshold=0.8000, trigger=True
    [Planner] Current confidence: 0.00021454414913757436
    [Query] Q: at(tomato3,stem_01) is True?
    [Query] T: at(tomato3,stem_01)=True?
    [Query] A: False
    [Planner] Reduced 9 --> 3
    [Planner] Current confidence: 0.00020089199550132886
    [Query] Q: ripe(tomato4) is True?
    [Query] T: ripe(tomato4)=True?
    [Query] A: False
    [Planner] Reduced 3 --> 2
    [Planner] Current confidence: 0.0003355381225651488
    [Query] Q: unripe(tomato4) is True?
    [Query] T: unripe(tomato4)=True?
    [Query] A: False
    [Planner] Reduced 2 --> 1
    [Planner] Updated confidence: 1.0
    [Belief Diff]
      + add (0): -
      - del (0): -
[TIME] step_total=1.1812s (search=1.1754s, execute=0.0026s, update=0.0022s, interaction=0.0005s, pruning=0.0005s, overhead=0.0001s)
==================

Step: 14
[POMCP] applicable values:
        navigate(brl_robot, stem_01, dock_station): 0.0
        navigate(brl_robot, stem_01, stem_02): 0.0
        detect(brl_robot, stem_01): 1.4029603253514908

[POMCP] Selected: detect(brl_robot, stem_01)
[POMCP] Average simulation time:  0.0121
[POMCP] Average select time:  0.0
[Planner] Selected action: detect(brl_robot, stem_01)
[Planner] Observation:  []
    [Feedback] method=ours-random-what, confidence=0.0002, threshold=0.8000, trigger=True
    [Planner] Current confidence: 0.00021454414913757436
    [Query] Q: at(tomato4,stem_01) is True?
    [Query] T: at(tomato4,stem_01)=True?
    [Query] A: False
    [Planner] Reduced 9 --> 3
    [Planner] Current confidence: 0.00020089199550132886
    [Query] Q: observed(tomato3) is True?
    [Query] T: observed(tomato3)=True?
    [Query] A: False
    [Planner] Reduced 3 --> 1
    [Planner] Updated confidence: 1.0
    [Belief Diff]
      + add (0): -
      - del (0): -
[TIME] step_total=1.2122s (search=1.2066s, execute=0.0026s, update=0.0022s, interaction=0.0004s, pruning=0.0004s, overhead=0.0001s)
==================

Step: 15
[POMCP] applicable values:
        navigate(brl_robot, stem_01, dock_station): 0.6206384543729204
        navigate(brl_robot, stem_01, stem_02): 1.324219030033384
        detect(brl_robot, stem_01): 0.18249314021173274

[POMCP] Selected: navigate(brl_robot, stem_01, stem_02)
[POMCP] Average simulation time:  0.0103
[POMCP] Average select time:  0.0
[Planner] Selected action: navigate(brl_robot, stem_01, stem_02)
[Planner] Observation:  ['located(brl_robot,stem_02)']
    [Feedback] method=ours-random-what, confidence=0.9665, threshold=0.8000, trigger=False
    [Planner] Updated confidence: 0.9665011565646114
    [Belief Diff]
      + add (1): located(brl_robot,stem_02)
      - del (1): located(brl_robot,stem_01)
[TIME] step_total=1.0344s (search=1.0337s, execute=0.0002s, update=0.0001s, interaction=0.0000s, pruning=0.0004s, overhead=0.0001s)
==================

Step: 16
[POMCP] applicable values:
        navigate(brl_robot, stem_02, dock_station): 0.34843361268264755
        navigate(brl_robot, stem_02, stem_01): 0.0
        detect(brl_robot, stem_02): 1.5138948851918974

[POMCP] Selected: detect(brl_robot, stem_02)
[POMCP] Average simulation time:  0.0114
[POMCP] Average select time:  0.0
[Planner] Selected action: detect(brl_robot, stem_02)
[Planner] Observation:  ['observed(tomato3)', 'observed(tomato4)', 'ripe(tomato3)', 'unripe(tomato4)']
    [Feedback] method=ours-random-what, confidence=0.6317, threshold=0.8000, trigger=True
    [Planner] Current confidence: 0.6316878200858704
    [Query] Q: ripe(tomato4) is True?
    [Query] T: ripe(tomato4)=True?
    [Query] A: False
    [Planner] Reduced 9 --> 6
    [Planner] Current confidence: 0.7580964835082358
    [Query] Q: ripe(tomato3) is True?
    [Query] T: ripe(tomato3)=True?
    [Query] A: True
    [Planner] Reduced 6 --> 2
    [Planner] Updated confidence: 0.88329570614165
    [Belief Diff]
      + add (6): at(tomato3,stem_02), at(tomato4,stem_02), observed(tomato3), observed(tomato4), ripe(tomato3), unripe(tomato4)
      - del (0): -
[TIME] step_total=1.1436s (search=1.1380s, execute=0.0023s, update=0.0021s, interaction=0.0006s, pruning=0.0005s, overhead=0.0001s)
==================

Step: 17
[POMCP] applicable values:
        navigate(brl_robot, stem_02, dock_station): 1.1316382436997316
        navigate(brl_robot, stem_02, stem_01): 0.323533544973709
        detect(brl_robot, stem_02): 0.9656370589544051
        pick(brl_robot, tomato3, stem_02): 3.6099576086150162

[POMCP] Selected: pick(brl_robot, tomato3, stem_02)
[POMCP] Average simulation time:  0.0099
[POMCP] Average select time:  0.0
[Planner] Selected action: pick(brl_robot, tomato3, stem_02)
[Planner] Observation:  ['holding(brl_robot,tomato3)', 'holded(tomato3,brl_robot)']
    [Feedback] method=ours-random-what, confidence=0.9985, threshold=0.8000, trigger=False
    [Planner] Updated confidence: 0.9985197960031413
    [Belief Diff]
      + add (2): holding(brl_robot,tomato3), holded(tomato3,brl_robot)
      - del (2): at(tomato3,stem_02), handempty(brl_robot)
[TIME] step_total=0.9946s (search=0.9937s, execute=0.0002s, update=0.0001s, interaction=0.0000s, pruning=0.0005s, overhead=0.0001s)
==================

Step: 18
[POMCP] applicable values:
        scan(brl_robot, tomato3): 5.049702097622403
        place(brl_robot, tomato3): 0.0
        discard(brl_robot, tomato3): 0.0

[POMCP] Selected: scan(brl_robot, tomato3)
[POMCP] Average simulation time:  0.0107
[POMCP] Average select time:  0.0
[Planner] Selected action: scan(brl_robot, tomato3)
[Planner] Observation:  ['ripe(tomato3)']
    [Feedback] method=ours-random-what, confidence=0.5720, threshold=0.8000, trigger=True
    [Planner] Current confidence: 0.5719592237681258
    [Query] Q: rotten(tomato3) is True?
    [Query] T: rotten(tomato3)=True?
    [Query] A: False
    [Planner] Reduced 2 --> 1
    [Planner] Updated confidence: 1.0
    [Belief Diff]
      + add (1): scanned(tomato3)
      - del (0): -
[TIME] step_total=1.0740s (search=1.0730s, execute=0.0002s, update=0.0001s, interaction=0.0002s, pruning=0.0004s, overhead=0.0001s)
==================

Step: 19
[POMCP] applicable values:
        scan(brl_robot, tomato3): 4.162968021906763
        place(brl_robot, tomato3): 5.441546608043946
        discard(brl_robot, tomato3): 0.0

[POMCP] Selected: place(brl_robot, tomato3)
[POMCP] Average simulation time:  0.0114
[POMCP] Average select time:  0.0
[Planner] Selected action: place(brl_robot, tomato3)
[Planner] Observation:  ['loaded(tomato3,brl_robot)', 'handempty(brl_robot)']
    [Feedback] method=ours-random-what, confidence=0.9985, threshold=0.8000, trigger=False
    [Planner] Updated confidence: 0.9985193785300549
    [Belief Diff]
      + add (2): loaded(tomato3,brl_robot), handempty(brl_robot)
      - del (2): holding(brl_robot,tomato3), holded(tomato3,brl_robot)
[TIME] step_total=1.1403s (search=1.1400s, execute=0.0002s, update=0.0001s, interaction=0.0000s, pruning=0.0000s, overhead=0.0001s)
[TIME SUMMARY]
avg search: 1.0168s
avg execute: 0.0007s
avg update: 0.0007s
avg interaction: 0.0005s
avg pruning: 0.0005s
avg step wall: 1.0193s
total wall clock: 19.3672s
=============Action Log=============
[STEP 1]: navigate(brl_robot, dock_station, stem_02)
[STEP 2]: navigate(brl_robot, dock_station, stem_01)
[STEP 3]: detect(brl_robot, stem_01)
[STEP 4]: pick(brl_robot, tomato1, stem_01)
[STEP 5]: scan(brl_robot, tomato1)
[STEP 6]: discard(brl_robot, tomato1)
[STEP 7]: navigate(brl_robot, stem_01, dock_station)
[STEP 8]: navigate(brl_robot, dock_station, stem_01)
[STEP 9]: pick(brl_robot, tomato2, stem_01)
[STEP 10]: scan(brl_robot, tomato2)
[STEP 11]: place(brl_robot, tomato2)
[STEP 12]: detect(brl_robot, stem_01)
[STEP 13]: detect(brl_robot, stem_01)
[STEP 14]: detect(brl_robot, stem_01)
[STEP 15]: navigate(brl_robot, stem_01, stem_02)
[STEP 16]: detect(brl_robot, stem_02)
[STEP 17]: pick(brl_robot, tomato3, stem_02)
[STEP 18]: scan(brl_robot, tomato3)
[STEP 19]: place(brl_robot, tomato3)
=============Final Knowledge=============
at(tomato4,stem_02)
discarded(tomato1)
handempty(brl_robot)
loaded(tomato2,brl_robot)
loaded(tomato3,brl_robot)
located(brl_robot,stem_02)
location(dock_station)
location(stem_01)
location(stem_02)
observed(tomato1)
observed(tomato2)
observed(tomato3)
observed(tomato4)
ripe(tomato2)
ripe(tomato3)
robot(brl_robot)
rotten(tomato1)
scanned(tomato1)
scanned(tomato2)
scanned(tomato3)
stem(stem_01)
stem(stem_02)
tomato(tomato1)
tomato(tomato2)
tomato(tomato3)
tomato(tomato4)
unripe(tomato4)
=============Query=============
Total Query 20
=============Action Schema Summary=============
detect: actions=5, questions=16, expected_questions_per_action=3.2000
discard: actions=1, questions=0, expected_questions_per_action=0.0000
navigate: actions=5, questions=1, expected_questions_per_action=0.2000
pick: actions=3, questions=0, expected_questions_per_action=0.0000
place: actions=2, questions=0, expected_questions_per_action=0.0000
scan: actions=3, questions=3, expected_questions_per_action=1.0000
=============Log File=============
/home/changmin/PyProject/00_BRL-CF/experiments_logs/system_log/e2_ablation/tomato/scene_04_step50/ours-random-what/oracle/exp_tomato_20260804_143547_298951.txt
