Step: 1
[POMCP] applicable values:
        navigate(brl_robot, dock_station, stem_01): 1.3024687274232118
        navigate(brl_robot, dock_station, stem_02): 0.0

[POMCP] Selected: navigate(brl_robot, dock_station, stem_01)
[POMCP] Average simulation time:  0.007
[POMCP] Average select time:  0.0
[Planner] Selected action: navigate(brl_robot, dock_station, stem_01)
[Planner] Observation:  ['located(brl_robot,stem_01)']
    [Feedback] method=ours, confidence=0.9189, threshold=0.1000, trigger=False
    [Planner] Updated confidence: 0.9188892317635795
    [Belief Diff]
      + add (1): located(brl_robot,stem_01)
      - del (1): located(brl_robot,dock_station)
[TIME] step_total=0.7037s (search=0.7033s, execute=0.0001s, update=0.0002s, interaction=0.0000s, pruning=0.0001s, overhead=0.0001s)
==================

Step: 2
[POMCP] applicable values:
        navigate(brl_robot, stem_01, dock_station): 0.7206619720915894
        navigate(brl_robot, stem_01, stem_02): 1.4320845296182674
        detect(brl_robot, stem_01): 1.7234568028814512

[POMCP] Selected: detect(brl_robot, stem_01)
[POMCP] Average simulation time:  0.0081
[POMCP] Average select time:  0.0
[Planner] Selected action: detect(brl_robot, stem_01)
[Planner] Observation:  ['observed(tomato1)', 'observed(tomato2)', 'ripe(tomato1)', 'unripe(tomato2)']
    [Feedback] method=ours, confidence=0.3367, threshold=0.1000, trigger=False
    [Planner] Updated confidence: 0.33672415073174966
    [Belief Diff]
      + add (6): at(tomato1,stem_01), at(tomato2,stem_01), observed(tomato1), observed(tomato2), ripe(tomato1), unripe(tomato2)
      - del (0): -
[TIME] step_total=0.8136s (search=0.8092s, execute=0.0005s, update=0.0034s, interaction=0.0001s, pruning=0.0005s, overhead=0.0001s)
==================

Step: 3
[POMCP] applicable values:
        navigate(brl_robot, stem_01, dock_station): 0.6289226708921787
        navigate(brl_robot, stem_01, stem_02): 0.0
        detect(brl_robot, stem_01): 0.0
        pick(brl_robot, tomato1, stem_01): 5.132701138143217

[POMCP] Selected: pick(brl_robot, tomato1, stem_01)
[POMCP] Average simulation time:  0.0092
[POMCP] Average select time:  0.0
[Planner] Selected action: pick(brl_robot, tomato1, stem_01)
[Planner] Observation:  ['holding(brl_robot,tomato1)', 'holded(tomato1,brl_robot)']
    [Feedback] method=ours, confidence=0.9967, threshold=0.1000, trigger=False
    [Planner] Updated confidence: 0.996724315520027
    [Belief Diff]
      + add (2): holding(brl_robot,tomato1), holded(tomato1,brl_robot)
      - del (2): handempty(brl_robot), at(tomato1,stem_01)
[TIME] step_total=0.9194s (search=0.9190s, execute=0.0001s, update=0.0001s, interaction=0.0000s, pruning=0.0000s, overhead=0.0001s)
==================

Step: 4
[POMCP] applicable values:
        scan(brl_robot, tomato1): 5.743614810789153
        place(brl_robot, tomato1): 0.0
        discard(brl_robot, tomato1): 0.0

[POMCP] Selected: scan(brl_robot, tomato1)
[POMCP] Average simulation time:  0.0101
[POMCP] Average select time:  0.0
[Planner] Selected action: scan(brl_robot, tomato1)
[Planner] Observation:  ['ripe(tomato1)']
    [Feedback] method=ours, confidence=0.7972, threshold=0.1000, trigger=False
    [Planner] Updated confidence: 0.7971819417624231
    [Belief Diff]
      + add (1): scanned(tomato1)
      - del (0): -
[TIME] step_total=1.0120s (search=1.0113s, execute=0.0001s, update=0.0001s, interaction=0.0000s, pruning=0.0003s, overhead=0.0001s)
==================

Step: 5
[POMCP] applicable values:
        scan(brl_robot, tomato1): 3.1996340063382678
        place(brl_robot, tomato1): 6.64630604681766
        discard(brl_robot, tomato1): 1.6176677248685452

[POMCP] Selected: place(brl_robot, tomato1)
[POMCP] Average simulation time:  0.0116
[POMCP] Average select time:  0.0
[Planner] Selected action: place(brl_robot, tomato1)
[Planner] Observation:  ['loaded(tomato1,brl_robot)', 'handempty(brl_robot)']
    [Feedback] method=ours, confidence=0.9998, threshold=0.1000, trigger=False
    [Planner] Updated confidence: 0.999788236625214
    [Belief Diff]
      + add (2): loaded(tomato1,brl_robot), handempty(brl_robot)
      - del (2): holded(tomato1,brl_robot), holding(brl_robot,tomato1)
[TIME] step_total=1.1572s (search=1.1568s, execute=0.0002s, update=0.0001s, interaction=0.0000s, pruning=0.0001s, overhead=0.0001s)
==================

Step: 6
[POMCP] applicable values:
        navigate(brl_robot, stem_01, dock_station): 0.6983372960937498
        navigate(brl_robot, stem_01, stem_02): 0.9983674305685117
        detect(brl_robot, stem_01): 1.9212953458967272

[POMCP] Selected: detect(brl_robot, stem_01)
[POMCP] Average simulation time:  0.0117
[POMCP] Average select time:  0.0
[Planner] Selected action: detect(brl_robot, stem_01)
[Planner] Observation:  ['observed(tomato2)', 'ripe(tomato2)']
    [Feedback] method=ours, confidence=0.0070, threshold=0.1000, trigger=True
    [Planner] Current confidence: 0.006994920321061526
    [Query] Q: ripe(tomato2) is True?
    [Query] T: ripe(tomato2)=True?
    [Query] A: False
    [Planner] Reduced 18 --> 9
    [Planner] Current confidence: 0.00021454414913757436
    [Query] Q: at(tomato3,stem_01) is True?
    [Query] T: at(tomato3,stem_01)=True?
    [Query] A: False
    [Planner] Reduced 9 --> 3
    [Planner] Current confidence: 0.00020089199550132886
    [Query] Q: at(tomato4,stem_01) is True?
    [Query] T: at(tomato4,stem_01)=True?
    [Query] A: False
    [Planner] Reduced 3 --> 1
    [Planner] Updated confidence: 1.0
    [Belief Diff]
      + add (0): -
      - del (0): -
[TIME] step_total=1.1816s (search=1.1721s, execute=0.0026s, update=0.0028s, interaction=0.0032s, pruning=0.0010s, overhead=0.0001s)
==================

Step: 7
[POMCP] applicable values:
        navigate(brl_robot, stem_01, dock_station): 0.0
        navigate(brl_robot, stem_01, stem_02): 0.0
        detect(brl_robot, stem_01): 1.5744180465469029

[POMCP] Selected: detect(brl_robot, stem_01)
[POMCP] Average simulation time:  0.0116
[POMCP] Average select time:  0.0
[Planner] Selected action: detect(brl_robot, stem_01)
[Planner] Observation:  ['observed(tomato2)', 'unripe(tomato2)']
    [Feedback] method=ours, confidence=0.0608, threshold=0.1000, trigger=True
    [Planner] Current confidence: 0.060849045439911764
    [Query] Q: at(tomato3,stem_01) is True?
    [Query] T: at(tomato3,stem_01)=True?
    [Query] A: False
    [Planner] Reduced 18 --> 6
    [Planner] Current confidence: 0.0979850722577752
    [Query] Q: at(tomato4,stem_01) is True?
    [Query] T: at(tomato4,stem_01)=True?
    [Query] A: False
    [Planner] Reduced 6 --> 2
    [Planner] Updated confidence: 0.2529549069817516
    [Belief Diff]
      + add (0): -
      - del (0): -
[TIME] step_total=1.1651s (search=1.1585s, execute=0.0025s, update=0.0027s, interaction=0.0010s, pruning=0.0003s, overhead=0.0001s)
==================

Step: 8
[POMCP] applicable values:
        navigate(brl_robot, stem_01, dock_station): 1.1682197676498371
        navigate(brl_robot, stem_01, stem_02): 1.097324996425054
        detect(brl_robot, stem_01): 1.0619150679208968

[POMCP] Selected: navigate(brl_robot, stem_01, dock_station)
[POMCP] Average simulation time:  0.0109
[POMCP] Average select time:  0.0
[Planner] Selected action: navigate(brl_robot, stem_01, dock_station)
[Planner] Observation:  ['located(brl_robot,dock_station)']
    [Feedback] method=ours, confidence=0.9492, threshold=0.1000, trigger=False
    [Planner] Updated confidence: 0.9492108612429135
    [Belief Diff]
      + add (1): located(brl_robot,dock_station)
      - del (1): located(brl_robot,stem_01)
[TIME] step_total=1.0938s (search=1.0932s, execute=0.0002s, update=0.0001s, interaction=0.0000s, pruning=0.0002s, overhead=0.0001s)
==================

Step: 9
[POMCP] applicable values:
        navigate(brl_robot, dock_station, stem_01): 0.8502628132565948
        navigate(brl_robot, dock_station, stem_02): 1.0935716609017774

[POMCP] Selected: navigate(brl_robot, dock_station, stem_02)
[POMCP] Average simulation time:  0.0096
[POMCP] Average select time:  0.0
[Planner] Selected action: navigate(brl_robot, dock_station, stem_02)
[Planner] Observation:  ['located(brl_robot,stem_02)']
    [Feedback] method=ours, confidence=0.9788, threshold=0.1000, trigger=False
    [Planner] Updated confidence: 0.9788343525280154
    [Belief Diff]
      + add (1): located(brl_robot,stem_02)
      - del (1): located(brl_robot,dock_station)
[TIME] step_total=0.9645s (search=0.9639s, execute=0.0002s, update=0.0001s, interaction=0.0000s, pruning=0.0001s, overhead=0.0001s)
==================

Step: 10
[POMCP] applicable values:
        navigate(brl_robot, stem_02, dock_station): 1.1832512918272506
        navigate(brl_robot, stem_02, stem_01): 0.8613296126871597
        detect(brl_robot, stem_02): 0.0

[POMCP] Selected: navigate(brl_robot, stem_02, dock_station)
[POMCP] Average simulation time:  0.0099
[POMCP] Average select time:  0.0
[Planner] Selected action: navigate(brl_robot, stem_02, dock_station)
[Planner] Observation:  ['located(brl_robot,stem_02)']
    [Feedback] method=ours, confidence=0.5858, threshold=0.1000, trigger=False
    [Planner] Updated confidence: 0.5857587970286144
    [Belief Diff]
      + add (1): located(brl_robot,dock_station)
      - del (1): located(brl_robot,stem_02)
[TIME] step_total=0.9932s (search=0.9926s, execute=0.0002s, update=0.0001s, interaction=0.0000s, pruning=0.0002s, overhead=0.0001s)
==================

Step: 11
[POMCP] applicable values:
        navigate(brl_robot, dock_station, stem_01): 1.030646143295559
        navigate(brl_robot, dock_station, stem_02): 1.443411337148311

[POMCP] Selected: navigate(brl_robot, dock_station, stem_02)
[POMCP] Average simulation time:  0.0112
[POMCP] Average select time:  0.0
[Planner] Selected action: navigate(brl_robot, dock_station, stem_02)
[Planner] Observation:  ['located(brl_robot,stem_02)']
    [Feedback] method=ours, confidence=0.9567, threshold=0.1000, trigger=False
    [Planner] Updated confidence: 0.9567291759483744
    [Belief Diff]
      + add (1): located(brl_robot,stem_02)
      - del (1): located(brl_robot,dock_station)
[TIME] step_total=1.1205s (search=1.1199s, execute=0.0002s, update=0.0001s, interaction=0.0000s, pruning=0.0002s, overhead=0.0001s)
==================

Step: 12
[POMCP] applicable values:
        navigate(brl_robot, stem_02, dock_station): 1.0850715269637643
        navigate(brl_robot, stem_02, stem_01): 1.3461675300010174
        detect(brl_robot, stem_02): 1.6785747625855834

[POMCP] Selected: detect(brl_robot, stem_02)
[POMCP] Average simulation time:  0.0111
[POMCP] Average select time:  0.0
[Planner] Selected action: detect(brl_robot, stem_02)
[Planner] Observation:  ['observed(tomato1)', 'observed(tomato3)', 'observed(tomato4)', 'ripe(tomato3)', 'ripe(tomato4)', 'unripe(tomato1)']
    [Feedback] method=ours, confidence=0.3499, threshold=0.1000, trigger=False
    [Planner] Updated confidence: 0.34992454304188503
    [Belief Diff]
      + add (6): at(tomato3,stem_02), at(tomato4,stem_02), observed(tomato3), observed(tomato4), ripe(tomato3), ripe(tomato4)
      - del (0): -
[TIME] step_total=1.1189s (search=1.1123s, execute=0.0024s, update=0.0030s, interaction=0.0000s, pruning=0.0010s, overhead=0.0001s)
==================

Step: 13
[POMCP] applicable values:
        navigate(brl_robot, stem_02, dock_station): 2.273845964663464
        navigate(brl_robot, stem_02, stem_01): 2.0690150132879603
        detect(brl_robot, stem_02): 2.2926592154183107
        pick(brl_robot, tomato3, stem_02): 6.0362536954094
        pick(brl_robot, tomato4, stem_02): 0.0

[POMCP] Selected: pick(brl_robot, tomato3, stem_02)
[POMCP] Average simulation time:  0.0086
[POMCP] Average select time:  0.0
[Planner] Selected action: pick(brl_robot, tomato3, stem_02)
[Planner] Observation:  ['holding(brl_robot,tomato3)', 'holded(tomato3,brl_robot)']
    [Feedback] method=ours, confidence=0.9908, threshold=0.1000, trigger=False
    [Planner] Updated confidence: 0.9908449275806639
    [Belief Diff]
      + add (2): holding(brl_robot,tomato3), holded(tomato3,brl_robot)
      - del (2): handempty(brl_robot), at(tomato3,stem_02)
[TIME] step_total=0.8636s (search=0.8632s, execute=0.0002s, update=0.0001s, interaction=0.0000s, pruning=0.0001s, overhead=0.0001s)
==================

Step: 14
[POMCP] applicable values:
        scan(brl_robot, tomato3): 7.873199276779306
        place(brl_robot, tomato3): 0.0
        discard(brl_robot, tomato3): 0.0

[POMCP] Selected: scan(brl_robot, tomato3)
[POMCP] Average simulation time:  0.0092
[POMCP] Average select time:  0.0
[Planner] Selected action: scan(brl_robot, tomato3)
[Planner] Observation:  ['ripe(tomato3)']
    [Feedback] method=ours, confidence=0.4168, threshold=0.1000, trigger=False
    [Planner] Updated confidence: 0.41683856495729965
    [Belief Diff]
      + add (1): scanned(tomato3)
      - del (0): -
[TIME] step_total=0.9256s (search=0.9249s, execute=0.0001s, update=0.0001s, interaction=0.0000s, pruning=0.0004s, overhead=0.0001s)
==================

Step: 15
[POMCP] applicable values:
        scan(brl_robot, tomato3): 0.0
        place(brl_robot, tomato3): 9.458202173138568
        discard(brl_robot, tomato3): 0.0

[POMCP] Selected: place(brl_robot, tomato3)
[POMCP] Average simulation time:  0.0094
[POMCP] Average select time:  0.0
[Planner] Selected action: place(brl_robot, tomato3)
[Planner] Observation:  ['loaded(tomato3,brl_robot)', 'handempty(brl_robot)']
    [Feedback] method=ours, confidence=0.9994, threshold=0.1000, trigger=False
    [Planner] Updated confidence: 0.9994163053118867
    [Belief Diff]
      + add (2): loaded(tomato3,brl_robot), handempty(brl_robot)
      - del (2): holding(brl_robot,tomato3), holded(tomato3,brl_robot)
[TIME] step_total=0.9401s (search=0.9397s, execute=0.0001s, update=0.0001s, interaction=0.0000s, pruning=0.0001s, overhead=0.0001s)
==================

Step: 16
[POMCP] applicable values:
        navigate(brl_robot, stem_02, dock_station): 0.0
        navigate(brl_robot, stem_02, stem_01): 0.0
        detect(brl_robot, stem_02): 0.0
        pick(brl_robot, tomato4, stem_02): 5.059276241561631

[POMCP] Selected: pick(brl_robot, tomato4, stem_02)
[POMCP] Average simulation time:  0.01
[POMCP] Average select time:  0.0
[Planner] Selected action: pick(brl_robot, tomato4, stem_02)
[Planner] Observation:  ['holding(brl_robot,tomato4)', 'holded(tomato4,brl_robot)']
    [Feedback] method=ours, confidence=0.9934, threshold=0.1000, trigger=False
    [Planner] Updated confidence: 0.9933880133854578
    [Belief Diff]
      + add (2): holding(brl_robot,tomato4), holded(tomato4,brl_robot)
      - del (2): handempty(brl_robot), at(tomato4,stem_02)
[TIME] step_total=0.9964s (search=0.9960s, execute=0.0002s, update=0.0001s, interaction=0.0000s, pruning=0.0001s, overhead=0.0001s)
==================

Step: 17
[POMCP] applicable values:
        scan(brl_robot, tomato4): 5.6760068663410355
        place(brl_robot, tomato4): 0.0
        discard(brl_robot, tomato4): 0.0

[POMCP] Selected: scan(brl_robot, tomato4)
[POMCP] Average simulation time:  0.0112
[POMCP] Average select time:  0.0
[Planner] Selected action: scan(brl_robot, tomato4)
[Planner] Observation:  ['rotten(tomato4)']
    [Feedback] method=ours, confidence=0.7967, threshold=0.1000, trigger=False
    [Planner] Updated confidence: 0.7966888866000746
    [Belief Diff]
      + add (2): rotten(tomato4), scanned(tomato4)
      - del (1): ripe(tomato4)
[TIME] step_total=1.1203s (search=1.1190s, execute=0.0001s, update=0.0001s, interaction=0.0000s, pruning=0.0010s, overhead=0.0001s)
==================

Step: 18
[POMCP] applicable values:
        scan(brl_robot, tomato4): 4.800561977822642
        discard(brl_robot, tomato4): 6.921583281680122

[POMCP] Selected: discard(brl_robot, tomato4)
[POMCP] Average simulation time:  0.0127
[POMCP] Average select time:  0.0
[Planner] Selected action: discard(brl_robot, tomato4)
[Planner] Observation:  ['discarded(tomato4)', 'handempty(brl_robot)']
    [Feedback] method=ours, confidence=0.9995, threshold=0.1000, trigger=False
    [Planner] Updated confidence: 0.9995416494950216
    [Belief Diff]
      + add (2): discarded(tomato4), handempty(brl_robot)
      - del (2): holding(brl_robot,tomato4), holded(tomato4,brl_robot)
[TIME] step_total=1.2744s (search=1.2740s, execute=0.0002s, update=0.0001s, interaction=0.0000s, pruning=0.0000s, overhead=0.0001s)
[TIME SUMMARY]
avg search: 1.0183s
avg execute: 0.0006s
avg update: 0.0007s
avg interaction: 0.0003s
avg pruning: 0.0003s
avg step wall: 1.0202s
total wall clock: 18.3642s
=============Action Log=============
[STEP 1]: navigate(brl_robot, dock_station, stem_01)
[STEP 2]: detect(brl_robot, stem_01)
[STEP 3]: pick(brl_robot, tomato1, stem_01)
[STEP 4]: scan(brl_robot, tomato1)
[STEP 5]: place(brl_robot, tomato1)
[STEP 6]: detect(brl_robot, stem_01)
[STEP 7]: detect(brl_robot, stem_01)
[STEP 8]: navigate(brl_robot, stem_01, dock_station)
[STEP 9]: navigate(brl_robot, dock_station, stem_02)
[STEP 10]: navigate(brl_robot, stem_02, dock_station)
[STEP 11]: navigate(brl_robot, dock_station, stem_02)
[STEP 12]: detect(brl_robot, stem_02)
[STEP 13]: pick(brl_robot, tomato3, stem_02)
[STEP 14]: scan(brl_robot, tomato3)
[STEP 15]: place(brl_robot, tomato3)
[STEP 16]: pick(brl_robot, tomato4, stem_02)
[STEP 17]: scan(brl_robot, tomato4)
[STEP 18]: discard(brl_robot, tomato4)
=============Final Knowledge=============
at(tomato2,stem_01)
discarded(tomato4)
handempty(brl_robot)
loaded(tomato1,brl_robot)
loaded(tomato3,brl_robot)
located(brl_robot,stem_02)
location(dock_station)
location(stem_01)
location(stem_02)
observed(tomato1)
observed(tomato2)
observed(tomato3)
observed(tomato4)
ripe(tomato1)
ripe(tomato3)
robot(brl_robot)
rotten(tomato4)
scanned(tomato1)
scanned(tomato3)
scanned(tomato4)
stem(stem_01)
stem(stem_02)
tomato(tomato1)
tomato(tomato2)
tomato(tomato3)
tomato(tomato4)
unripe(tomato2)
=============Query=============
Total Query 5
=============Action Schema Summary=============
detect: actions=4, questions=5, expected_questions_per_action=1.2500
discard: actions=1, questions=0, expected_questions_per_action=0.0000
navigate: actions=5, questions=0, expected_questions_per_action=0.0000
pick: actions=3, questions=0, expected_questions_per_action=0.0000
place: actions=2, questions=0, expected_questions_per_action=0.0000
scan: actions=3, questions=0, expected_questions_per_action=0.0000
=============Log File=============
/home/changmin/PyProject/00_BRL-CF/experiments_logs/system_log/e1_threshold/tomato/scene_03_step50/ours/oracle/tau_0-1/exp_tomato_20260804_004915_084422.txt
