Step: 1
[POMCP] applicable values:
        navigate(brl_robot, dock_station, stem_01): 1.2579290294964154
        navigate(brl_robot, dock_station, stem_02): 0.4276692423131277

[POMCP] Selected: navigate(brl_robot, dock_station, stem_01)
[POMCP] Average simulation time:  0.0079
[POMCP] Average select time:  0.0
[Planner] Selected action: navigate(brl_robot, dock_station, stem_01)
[Planner] Observation:  ['located(brl_robot,stem_01)']
    [Feedback] method=ours, confidence=0.9547, threshold=0.2000, trigger=False
    [Planner] Updated confidence: 0.9546983073693364
    [Belief Diff]
      + add (1): located(brl_robot,stem_01)
      - del (1): located(brl_robot,dock_station)
[TIME] step_total=0.7927s (search=0.7922s, execute=0.0002s, update=0.0001s, interaction=0.0000s, pruning=0.0001s, overhead=0.0001s)
==================

Step: 2
[POMCP] applicable values:
        navigate(brl_robot, stem_01, dock_station): 0.7918052140202136
        navigate(brl_robot, stem_01, stem_02): 1.212011437417011
        detect(brl_robot, stem_01): 1.6540456213019228

[POMCP] Selected: detect(brl_robot, stem_01)
[POMCP] Average simulation time:  0.0086
[POMCP] Average select time:  0.0
[Planner] Selected action: detect(brl_robot, stem_01)
[Planner] Observation:  ['observed(tomato1)', 'observed(tomato2)', 'observed(tomato3)', 'ripe(tomato1)', 'ripe(tomato2)', 'ripe(tomato3)']
    [Feedback] method=ours, confidence=0.2736, threshold=0.2000, trigger=False
    [Planner] Updated confidence: 0.2735985220391465
    [Belief Diff]
      + add (9): at(tomato1,stem_01), at(tomato2,stem_01), at(tomato3,stem_01), observed(tomato1), observed(tomato2), observed(tomato3), ripe(tomato1), ripe(tomato2), ripe(tomato3)
      - del (0): -
[TIME] step_total=0.8685s (search=0.8641s, execute=0.0005s, update=0.0033s, interaction=0.0000s, pruning=0.0005s, overhead=0.0001s)
==================

Step: 3
[POMCP] applicable values:
        navigate(brl_robot, stem_01, dock_station): 0.0
        navigate(brl_robot, stem_01, stem_02): 0.729972560846931
        detect(brl_robot, stem_01): 0.0
        pick(brl_robot, tomato1, stem_01): 0.0
        pick(brl_robot, tomato2, stem_01): 0.0
        pick(brl_robot, tomato3, stem_01): 5.9080782180936975

[POMCP] Selected: pick(brl_robot, tomato3, stem_01)
[POMCP] Average simulation time:  0.0089
[POMCP] Average select time:  0.0
[Planner] Selected action: pick(brl_robot, tomato3, stem_01)
[Planner] Observation:  []
    [Feedback] method=ours, confidence=0.7136, threshold=0.2000, trigger=False
    [Planner] Updated confidence: 0.7136318952664279
    [Belief Diff]
      + add (2): holding(brl_robot,tomato3), holded(tomato3,brl_robot)
      - del (2): at(tomato3,stem_01), handempty(brl_robot)
[TIME] step_total=0.8861s (search=0.8856s, execute=0.0002s, update=0.0001s, interaction=0.0000s, pruning=0.0001s, overhead=0.0001s)
==================

Step: 4
[POMCP] applicable values:
        scan(brl_robot, tomato3): 7.286922702361557
        place(brl_robot, tomato3): 0.0
        discard(brl_robot, tomato3): 0.0

[POMCP] Selected: scan(brl_robot, tomato3)
[POMCP] Average simulation time:  0.0102
[POMCP] Average select time:  0.0
[Planner] Selected action: scan(brl_robot, tomato3)
[Planner] Observation:  ['ripe(tomato3)']
    [Feedback] method=ours, confidence=0.7384, threshold=0.2000, trigger=False
    [Planner] Updated confidence: 0.7383573366859756
    [Belief Diff]
      + add (1): scanned(tomato3)
      - del (0): -
[TIME] step_total=1.0214s (search=1.0207s, execute=0.0001s, update=0.0001s, interaction=0.0000s, pruning=0.0003s, overhead=0.0001s)
==================

Step: 5
[POMCP] applicable values:
        scan(brl_robot, tomato3): 0.0
        place(brl_robot, tomato3): 10.320662830114394
        discard(brl_robot, tomato3): 0.0

[POMCP] Selected: place(brl_robot, tomato3)
[POMCP] Average simulation time:  0.0087
[POMCP] Average select time:  0.0
[Planner] Selected action: place(brl_robot, tomato3)
[Planner] Observation:  ['loaded(tomato3,brl_robot)', 'handempty(brl_robot)']
    [Feedback] method=ours, confidence=0.9995, threshold=0.2000, trigger=False
    [Planner] Updated confidence: 0.999477909618185
    [Belief Diff]
      + add (2): loaded(tomato3,brl_robot), handempty(brl_robot)
      - del (2): holding(brl_robot,tomato3), holded(tomato3,brl_robot)
[TIME] step_total=0.8714s (search=0.8710s, execute=0.0001s, update=0.0001s, interaction=0.0000s, pruning=0.0001s, overhead=0.0001s)
==================

Step: 6
[POMCP] applicable values:
        navigate(brl_robot, stem_01, dock_station): 0.0
        navigate(brl_robot, stem_01, stem_02): 0.0
        detect(brl_robot, stem_01): 0.0
        pick(brl_robot, tomato1, stem_01): 0.0
        pick(brl_robot, tomato2, stem_01): 6.6403467331841

[POMCP] Selected: pick(brl_robot, tomato2, stem_01)
[POMCP] Average simulation time:  0.0096
[POMCP] Average select time:  0.0
[Planner] Selected action: pick(brl_robot, tomato2, stem_01)
[Planner] Observation:  ['handempty(brl_robot)']
    [Feedback] method=ours, confidence=0.0015, threshold=0.2000, trigger=True
    [Planner] Current confidence: 0.0015182493551320064
    [Query] Q: at(tomato2,stem_01) is True?
    [Query] T: at(tomato2,stem_01)=True?
    [Query] A: False
    [Planner] Reduced 2 --> 1
    [Planner] Updated confidence: 1.0
    [Belief Diff]
      + add (2): holding(brl_robot,tomato2), holded(tomato2,brl_robot)
      - del (2): at(tomato2,stem_01), handempty(brl_robot)
[TIME] step_total=0.9606s (search=0.9582s, execute=0.0001s, update=0.0001s, interaction=0.0021s, pruning=0.0000s, overhead=0.0001s)
[TIME SUMMARY]
avg search: 0.8986s
avg execute: 0.0002s
avg update: 0.0006s
avg interaction: 0.0004s
avg pruning: 0.0002s
avg step wall: 0.9001s
total wall clock: 5.4007s
=============Action Log=============
[STEP 1]: navigate(brl_robot, dock_station, stem_01)
[STEP 2]: detect(brl_robot, stem_01)
[STEP 3]: pick(brl_robot, tomato3, stem_01)
[STEP 4]: scan(brl_robot, tomato3)
[STEP 5]: place(brl_robot, tomato3)
[STEP 6]: pick(brl_robot, tomato2, stem_01)
=============Final Knowledge=============
at(tomato1,stem_01)
holded(tomato2,brl_robot)
holding(brl_robot,tomato2)
loaded(tomato3,brl_robot)
located(brl_robot,stem_01)
location(dock_station)
location(stem_01)
location(stem_02)
observed(tomato1)
observed(tomato2)
observed(tomato3)
ripe(tomato1)
ripe(tomato2)
ripe(tomato3)
robot(brl_robot)
scanned(tomato3)
stem(stem_01)
stem(stem_02)
tomato(tomato1)
tomato(tomato2)
tomato(tomato3)
tomato(tomato4)
=============Query=============
Total Query 1
=============Action Schema Summary=============
detect: actions=1, questions=0, expected_questions_per_action=0.0000
navigate: actions=1, questions=0, expected_questions_per_action=0.0000
pick: actions=2, questions=1, expected_questions_per_action=0.5000
place: actions=1, questions=0, expected_questions_per_action=0.0000
scan: actions=1, questions=0, expected_questions_per_action=0.0000
=============Log File=============
/home/changmin/PyProject/00_BRL-CF/experiments_logs/system_log/e1_threshold/tomato/scene_05_step50/ours/oracle/tau_0-2/exp_tomato_20260804_055343_479219.txt
