Step: 1
[POMCP] applicable values:
        navigate(brl_robot, dock_station, stem_01): 0.0
        navigate(brl_robot, dock_station, stem_02): 1.6205405329396465

[POMCP] Selected: navigate(brl_robot, dock_station, stem_02)
[POMCP] Average simulation time:  0.009
[POMCP] Average select time:  0.0
[Planner] Selected action: navigate(brl_robot, dock_station, stem_02)
[Planner] Observation:  ['located(brl_robot,stem_02)']
    [Feedback] method=ours-random-when, confidence=0.9358, threshold=0.8000, trigger=True
    [Planner] Current confidence: 0.9357954398123858
    [Query] Q: located(brl_robot,stem_02) is True?
    [Query] T: located(brl_robot,stem_02)=True?
    [Query] A: True
    [Planner] Reduced 3 --> 1
    [Planner] Updated confidence: 1.0
    [Belief Diff]
      + add (1): located(brl_robot,stem_02)
      - del (1): located(brl_robot,dock_station)
[TIME] step_total=0.9001s (search=0.8975s, execute=0.0002s, update=0.0002s, interaction=0.0022s, pruning=0.0001s, overhead=0.0001s)
==================

Step: 2
[POMCP] applicable values:
        navigate(brl_robot, stem_02, dock_station): 0.0
        navigate(brl_robot, stem_02, stem_01): 0.0
        detect(brl_robot, stem_02): 1.7435339925715287

[POMCP] Selected: detect(brl_robot, stem_02)
[POMCP] Average simulation time:  0.0094
[POMCP] Average select time:  0.0
[Planner] Selected action: detect(brl_robot, stem_02)
[Planner] Observation:  ['observed(tomato3)', 'observed(tomato4)', 'ripe(tomato3)', 'ripe(tomato4)']
    [Feedback] method=ours-random-when, confidence=0.2744, threshold=0.8000, trigger=True
    [Planner] Current confidence: 0.27435997573008464
    [Query] Q: at(tomato1,stem_02) is True?
    [Query] T: at(tomato1,stem_02)=True?
    [Query] A: False
    [Planner] Reduced 81 --> 27
    [Planner] Current confidence: 0.3655963995357694
    [Query] Q: at(tomato2,stem_02) is True?
    [Query] T: at(tomato2,stem_02)=True?
    [Query] A: False
    [Planner] Reduced 27 --> 9
    [Planner] Current confidence: 0.5482267874614988
    [Query] Q: ripe(tomato3) is True?
    [Query] T: ripe(tomato3)=True?
    [Query] A: True
    [Planner] Reduced 9 --> 3
    [Planner] Current confidence: 0.6065509269936031
    [Query] Q: ripe(tomato4) is True?
    [Query] T: ripe(tomato4)=True?
    [Query] A: True
    [Planner] Reduced 3 --> 1
    [Planner] Updated confidence: 1.0
    [Belief Diff]
      + add (6): at(tomato3,stem_02), at(tomato4,stem_02), observed(tomato3), observed(tomato4), ripe(tomato3), ripe(tomato4)
      - del (0): -
[TIME] step_total=0.9530s (search=0.9438s, execute=0.0005s, update=0.0034s, interaction=0.0042s, pruning=0.0009s, overhead=0.0001s)
==================

Step: 3
[POMCP] applicable values:
        navigate(brl_robot, stem_02, dock_station): 0.0
        navigate(brl_robot, stem_02, stem_01): 0.0
        detect(brl_robot, stem_02): 0.0
        pick(brl_robot, tomato3, stem_02): 0.0
        pick(brl_robot, tomato4, stem_02): 4.866190939218941

[POMCP] Selected: pick(brl_robot, tomato4, stem_02)
[POMCP] Average simulation time:  0.0104
[POMCP] Average select time:  0.0
[Planner] Selected action: pick(brl_robot, tomato4, stem_02)
[Planner] Observation:  []
    [Feedback] method=ours-random-when, confidence=0.7136, threshold=0.8000, trigger=False
    [Planner] Updated confidence: 0.7136318952664279
    [Belief Diff]
      + add (2): holding(brl_robot,tomato4), holded(tomato4,brl_robot)
      - del (2): handempty(brl_robot), at(tomato4,stem_02)
[TIME] step_total=1.0356s (search=1.0351s, execute=0.0002s, update=0.0001s, interaction=0.0000s, pruning=0.0001s, overhead=0.0001s)
==================

Step: 4
[POMCP] applicable values:
        scan(brl_robot, tomato4): 7.142515639302234
        place(brl_robot, tomato4): 0.0
        discard(brl_robot, tomato4): 0.0

[POMCP] Selected: scan(brl_robot, tomato4)
[POMCP] Average simulation time:  0.01
[POMCP] Average select time:  0.0
[Planner] Selected action: scan(brl_robot, tomato4)
[Planner] Observation:  ['rotten(tomato4)']
    [Feedback] method=ours-random-when, confidence=0.5954, threshold=0.8000, trigger=True
    [Planner] Current confidence: 0.5953879590735636
    [Query] Q: ripe(tomato4) is True?
    [Query] T: ripe(tomato4)=True?
    [Query] A: False
    [Planner] Reduced 2 --> 1
    [Planner] Updated confidence: 1.0
    [Belief Diff]
      + add (2): rotten(tomato4), scanned(tomato4)
      - del (1): ripe(tomato4)
[TIME] step_total=1.0015s (search=1.0004s, execute=0.0002s, update=0.0001s, interaction=0.0002s, pruning=0.0005s, overhead=0.0001s)
==================

Step: 5
[POMCP] applicable values:
        scan(brl_robot, tomato4): 4.678186036012724
        discard(brl_robot, tomato4): 8.649875432705713

[POMCP] Selected: discard(brl_robot, tomato4)
[POMCP] Average simulation time:  0.011
[POMCP] Average select time:  0.0
[Planner] Selected action: discard(brl_robot, tomato4)
[Planner] Observation:  ['discarded(tomato4)', 'handempty(brl_robot)']
    [Feedback] method=ours-random-when, confidence=0.9990, threshold=0.8000, trigger=True
    [Planner] Current confidence: 0.9989703134954598
    [Query] Q: discarded(tomato4) is True?
    [Query] T: discarded(tomato4)=True?
    [Query] A: True
    [Planner] Reduced 2 --> 1
    [Planner] Updated confidence: 1.0
    [Belief Diff]
      + add (2): discarded(tomato4), handempty(brl_robot)
      - del (2): holding(brl_robot,tomato4), holded(tomato4,brl_robot)
[TIME] step_total=1.0973s (search=1.0965s, execute=0.0002s, update=0.0001s, interaction=0.0003s, pruning=0.0001s, overhead=0.0001s)
==================

Step: 6
[POMCP] applicable values:
        navigate(brl_robot, stem_02, dock_station): 0.74907768384977
        navigate(brl_robot, stem_02, stem_01): 0.9317857609186732
        detect(brl_robot, stem_02): 0.0
        pick(brl_robot, tomato3, stem_02): 4.937017963713143

[POMCP] Selected: pick(brl_robot, tomato3, stem_02)
[POMCP] Average simulation time:  0.0112
[POMCP] Average select time:  0.0
[Planner] Selected action: pick(brl_robot, tomato3, stem_02)
[Planner] Observation:  ['holding(brl_robot,tomato3)', 'holded(tomato3,brl_robot)']
    [Feedback] method=ours-random-when, confidence=0.9995, threshold=0.8000, trigger=True
    [Planner] Current confidence: 0.9995216884647257
    [Query] Q: at(tomato3,stem_02) is True?
    [Query] T: at(tomato3,stem_02)=True?
    [Query] A: False
    [Planner] Reduced 2 --> 1
    [Planner] Updated confidence: 1.0
    [Belief Diff]
      + add (2): holding(brl_robot,tomato3), holded(tomato3,brl_robot)
      - del (2): handempty(brl_robot), at(tomato3,stem_02)
[TIME] step_total=1.1251s (search=1.1241s, execute=0.0002s, update=0.0001s, interaction=0.0003s, pruning=0.0003s, overhead=0.0001s)
==================

Step: 7
[POMCP] applicable values:
        scan(brl_robot, tomato3): 5.78463873016215
        place(brl_robot, tomato3): 0.0
        discard(brl_robot, tomato3): 0.0

[POMCP] Selected: scan(brl_robot, tomato3)
[POMCP] Average simulation time:  0.012
[POMCP] Average select time:  0.0
[Planner] Selected action: scan(brl_robot, tomato3)
[Planner] Observation:  ['ripe(tomato3)']
    [Feedback] method=ours-random-when, confidence=0.4649, threshold=0.8000, trigger=False
    [Planner] Updated confidence: 0.46494624348005364
    [Belief Diff]
      + add (1): scanned(tomato3)
      - del (0): -
[TIME] step_total=1.2035s (search=1.2019s, execute=0.0002s, update=0.0001s, interaction=0.0000s, pruning=0.0012s, overhead=0.0001s)
==================

Step: 8
[POMCP] applicable values:
        scan(brl_robot, tomato3): 0.0
        place(brl_robot, tomato3): 6.775396803017498
        discard(brl_robot, tomato3): 0.0

[POMCP] Selected: place(brl_robot, tomato3)
[POMCP] Average simulation time:  0.0127
[POMCP] Average select time:  0.0
[Planner] Selected action: place(brl_robot, tomato3)
[Planner] Observation:  ['loaded(tomato3,brl_robot)', 'handempty(brl_robot)']
    [Feedback] method=ours-random-when, confidence=0.9990, threshold=0.8000, trigger=False
    [Planner] Updated confidence: 0.9989567268140265
    [Belief Diff]
      + add (2): loaded(tomato3,brl_robot), handempty(brl_robot)
      - del (2): holded(tomato3,brl_robot), holding(brl_robot,tomato3)
[TIME] step_total=1.2683s (search=1.2677s, execute=0.0002s, update=0.0001s, interaction=0.0000s, pruning=0.0002s, overhead=0.0001s)
==================

Step: 9
[POMCP] applicable values:
        navigate(brl_robot, stem_02, dock_station): 0.0
        navigate(brl_robot, stem_02, stem_01): 0.4072531249999999
        detect(brl_robot, stem_02): 2.168966858575545

[POMCP] Selected: detect(brl_robot, stem_02)
[POMCP] Average simulation time:  0.0126
[POMCP] Average select time:  0.0
[Planner] Selected action: detect(brl_robot, stem_02)
[Planner] Observation:  []
    [Feedback] method=ours-random-when, confidence=0.0002, threshold=0.8000, trigger=True
    [Planner] Current confidence: 0.00021454414913757436
    [Query] Q: at(tomato1,stem_02) is True?
    [Query] T: at(tomato1,stem_02)=True?
    [Query] A: False
    [Planner] Reduced 9 --> 3
    [Planner] Current confidence: 0.00020089199550132886
    [Query] Q: at(tomato2,stem_02) is True?
    [Query] T: at(tomato2,stem_02)=True?
    [Query] A: False
    [Planner] Reduced 3 --> 1
    [Planner] Updated confidence: 1.0
    [Belief Diff]
      + add (0): -
      - del (0): -
[TIME] step_total=1.2703s (search=1.2622s, execute=0.0028s, update=0.0023s, interaction=0.0007s, pruning=0.0021s, overhead=0.0001s)
==================

Step: 10
[POMCP] applicable values:
        navigate(brl_robot, stem_02, dock_station): 0.6576191376245025
        navigate(brl_robot, stem_02, stem_01): 0.24825894903638634
        detect(brl_robot, stem_02): 1.0731015738739722

[POMCP] Selected: detect(brl_robot, stem_02)
[POMCP] Average simulation time:  0.0118
[POMCP] Average select time:  0.0
[Planner] Selected action: detect(brl_robot, stem_02)
[Planner] Observation:  []
    [Feedback] method=ours-random-when, confidence=0.0002, threshold=0.8000, trigger=False
    [Planner] Updated confidence: 0.00021454414913757436
    [Belief Diff]
      + add (0): -
      - del (0): -
[TIME] step_total=1.1866s (search=1.1809s, execute=0.0027s, update=0.0023s, interaction=0.0000s, pruning=0.0005s, overhead=0.0001s)
==================

Step: 11
[POMCP] applicable values:
        navigate(brl_robot, stem_02, dock_station): 0.3358676707533054
        navigate(brl_robot, stem_02, stem_01): 0.3059515145209556
        detect(brl_robot, stem_02): 0.7720873629662526

[POMCP] Selected: detect(brl_robot, stem_02)
[POMCP] Average simulation time:  0.0134
[POMCP] Average select time:  0.0
[Planner] Selected action: detect(brl_robot, stem_02)
[Planner] Observation:  []
    [Feedback] method=ours-random-when, confidence=0.0002, threshold=0.8000, trigger=False
    [Planner] Updated confidence: 0.00021454414913757436
    [Belief Diff]
      + add (0): -
      - del (0): -
[TIME] step_total=1.3411s (search=1.3352s, execute=0.0029s, update=0.0023s, interaction=0.0000s, pruning=0.0005s, overhead=0.0001s)
==================

Step: 12
[POMCP] applicable values:
        navigate(brl_robot, stem_02, dock_station): 0.7269111570498249
        navigate(brl_robot, stem_02, stem_01): 0.42609409599017567
        detect(brl_robot, stem_02): 0.2302834381686072

[POMCP] Selected: navigate(brl_robot, stem_02, dock_station)
[POMCP] Average simulation time:  0.011
[POMCP] Average select time:  0.0
[Planner] Selected action: navigate(brl_robot, stem_02, dock_station)
[Planner] Observation:  ['located(brl_robot,stem_02)']
    [Feedback] method=ours-random-when, confidence=0.2723, threshold=0.8000, trigger=False
    [Planner] Updated confidence: 0.2723494033897945
    [Belief Diff]
      + add (1): located(brl_robot,dock_station)
      - del (1): located(brl_robot,stem_02)
[TIME] step_total=1.0991s (search=1.0983s, execute=0.0002s, update=0.0001s, interaction=0.0000s, pruning=0.0003s, overhead=0.0001s)
==================

Step: 13
[POMCP] applicable values:
        navigate(brl_robot, dock_station, stem_01): 0.6770097971010984
        navigate(brl_robot, dock_station, stem_02): 0.9433225521295224

[POMCP] Selected: navigate(brl_robot, dock_station, stem_02)
[POMCP] Average simulation time:  0.0115
[POMCP] Average select time:  0.0
[Planner] Selected action: navigate(brl_robot, dock_station, stem_02)
[Planner] Observation:  ['located(brl_robot,stem_02)']
    [Feedback] method=ours-random-when, confidence=0.9646, threshold=0.8000, trigger=False
    [Planner] Updated confidence: 0.9645530196647313
    [Belief Diff]
      + add (1): located(brl_robot,stem_02)
      - del (1): located(brl_robot,dock_station)
[TIME] step_total=1.1552s (search=1.1542s, execute=0.0002s, update=0.0002s, interaction=0.0000s, pruning=0.0005s, overhead=0.0001s)
==================

Step: 14
[POMCP] applicable values:
        navigate(brl_robot, stem_02, dock_station): 0.42148997861516224
        navigate(brl_robot, stem_02, stem_01): 0.7202049595512056
        detect(brl_robot, stem_02): 1.0206849939243419

[POMCP] Selected: detect(brl_robot, stem_02)
[POMCP] Average simulation time:  0.0131
[POMCP] Average select time:  0.0
[Planner] Selected action: detect(brl_robot, stem_02)
[Planner] Observation:  []
    [Feedback] method=ours-random-when, confidence=0.0002, threshold=0.8000, trigger=True
    [Planner] Current confidence: 0.00021454414913757436
    [Query] Q: at(tomato1,stem_02) is True?
    [Query] T: at(tomato1,stem_02)=True?
    [Query] A: False
    [Planner] Reduced 9 --> 3
    [Planner] Current confidence: 0.00020089199550132886
    [Query] Q: at(tomato2,stem_02) is True?
    [Query] T: at(tomato2,stem_02)=True?
    [Query] A: False
    [Planner] Reduced 3 --> 1
    [Planner] Updated confidence: 1.0
    [Belief Diff]
      + add (0): -
      - del (0): -
[TIME] step_total=1.3158s (search=1.3088s, execute=0.0030s, update=0.0023s, interaction=0.0007s, pruning=0.0009s, overhead=0.0001s)
==================

Step: 15
[POMCP] applicable values:
        navigate(brl_robot, stem_02, dock_station): 0.0
        navigate(brl_robot, stem_02, stem_01): 1.1388765830768475
        detect(brl_robot, stem_02): 0.9670272260371553

[POMCP] Selected: navigate(brl_robot, stem_02, stem_01)
[POMCP] Average simulation time:  0.0119
[POMCP] Average select time:  0.0
[Planner] Selected action: navigate(brl_robot, stem_02, stem_01)
[Planner] Observation:  ['located(brl_robot,stem_01)']
    [Feedback] method=ours-random-when, confidence=0.9270, threshold=0.8000, trigger=True
    [Planner] Current confidence: 0.9269955423565964
    [Query] Q: located(brl_robot,stem_01) is True?
    [Query] T: located(brl_robot,stem_01)=True?
    [Query] A: True
    [Planner] Reduced 3 --> 1
    [Planner] Updated confidence: 1.0
    [Belief Diff]
      + add (1): located(brl_robot,stem_01)
      - del (1): located(brl_robot,stem_02)
[TIME] step_total=1.1958s (search=1.1948s, execute=0.0002s, update=0.0001s, interaction=0.0003s, pruning=0.0003s, overhead=0.0001s)
==================

Step: 16
[POMCP] applicable values:
        navigate(brl_robot, stem_01, dock_station): 0.8360198140306387
        navigate(brl_robot, stem_01, stem_02): 0.7576844106205627
        detect(brl_robot, stem_01): 2.316537410923473

[POMCP] Selected: detect(brl_robot, stem_01)
[POMCP] Average simulation time:  0.0126
[POMCP] Average select time:  0.0
[Planner] Selected action: detect(brl_robot, stem_01)
[Planner] Observation:  ['observed(tomato1)', 'observed(tomato2)', 'ripe(tomato1)', 'unripe(tomato2)']
    [Feedback] method=ours-random-when, confidence=0.8177, threshold=0.8000, trigger=True
    [Planner] Current confidence: 0.8177422506076406
    [Query] Q: unripe(tomato2) is True?
    [Query] T: unripe(tomato2)=True?
    [Query] A: True
    [Planner] Reduced 9 --> 3
    [Planner] Updated confidence: 0.8302645568919982
    [Belief Diff]
      + add (6): at(tomato1,stem_01), at(tomato2,stem_01), observed(tomato1), observed(tomato2), ripe(tomato1), unripe(tomato2)
      - del (0): -
[TIME] step_total=1.2672s (search=1.2613s, execute=0.0024s, update=0.0022s, interaction=0.0005s, pruning=0.0007s, overhead=0.0001s)
==================

Step: 17
[POMCP] applicable values:
        navigate(brl_robot, stem_01, dock_station): 0.0
        navigate(brl_robot, stem_01, stem_02): 0.8938108519578603
        detect(brl_robot, stem_01): 0.0
        pick(brl_robot, tomato1, stem_01): 4.547529415274816

[POMCP] Selected: pick(brl_robot, tomato1, stem_01)
[POMCP] Average simulation time:  0.0105
[POMCP] Average select time:  0.0001
[Planner] Selected action: pick(brl_robot, tomato1, stem_01)
[Planner] Observation:  ['holding(brl_robot,tomato1)', 'holded(tomato1,brl_robot)']
    [Feedback] method=ours-random-when, confidence=0.9834, threshold=0.8000, trigger=False
    [Planner] Updated confidence: 0.9834128745253726
    [Belief Diff]
      + add (2): holding(brl_robot,tomato1), holded(tomato1,brl_robot)
      - del (2): handempty(brl_robot), at(tomato1,stem_01)
[TIME] step_total=1.0536s (search=1.0530s, execute=0.0002s, update=0.0001s, interaction=0.0000s, pruning=0.0002s, overhead=0.0001s)
==================

Step: 18
[POMCP] applicable values:
        scan(brl_robot, tomato1): 5.442708549740343
        place(brl_robot, tomato1): 0.0
        discard(brl_robot, tomato1): 0.0

[POMCP] Selected: scan(brl_robot, tomato1)
[POMCP] Average simulation time:  0.0102
[POMCP] Average select time:  0.0
[Planner] Selected action: scan(brl_robot, tomato1)
[Planner] Observation:  ['ripe(tomato1)']
    [Feedback] method=ours-random-when, confidence=0.4570, threshold=0.8000, trigger=False
    [Planner] Updated confidence: 0.4570261449530302
    [Belief Diff]
      + add (1): scanned(tomato1)
      - del (0): -
[TIME] step_total=1.0164s (search=1.0152s, execute=0.0002s, update=0.0001s, interaction=0.0000s, pruning=0.0008s, overhead=0.0001s)
==================

Step: 19
[POMCP] applicable values:
        scan(brl_robot, tomato1): 0.0
        place(brl_robot, tomato1): 6.5184277097204015
        discard(brl_robot, tomato1): 0.0

[POMCP] Selected: place(brl_robot, tomato1)
[POMCP] Average simulation time:  0.0118
[POMCP] Average select time:  0.0
[Planner] Selected action: place(brl_robot, tomato1)
[Planner] Observation:  ['loaded(tomato1,brl_robot)', 'handempty(brl_robot)']
    [Feedback] method=ours-random-when, confidence=0.9990, threshold=0.8000, trigger=True
    [Planner] Current confidence: 0.9989567268140265
    [Query] Q: handempty(brl_robot) is True?
    [Query] T: handempty(brl_robot)=True?
    [Query] A: True
    [Planner] Reduced 2 --> 1
    [Planner] Updated confidence: 1.0
    [Belief Diff]
      + add (2): loaded(tomato1,brl_robot), handempty(brl_robot)
      - del (2): holding(brl_robot,tomato1), holded(tomato1,brl_robot)
[TIME] step_total=1.1761s (search=1.1754s, execute=0.0002s, update=0.0001s, interaction=0.0003s, pruning=0.0000s, overhead=0.0001s)
[TIME SUMMARY]
avg search: 1.1372s
avg execute: 0.0009s
avg update: 0.0009s
avg interaction: 0.0005s
avg pruning: 0.0005s
avg step wall: 1.1401s
total wall clock: 21.6618s
=============Action Log=============
[STEP 1]: navigate(brl_robot, dock_station, stem_02)
[STEP 2]: detect(brl_robot, stem_02)
[STEP 3]: pick(brl_robot, tomato4, stem_02)
[STEP 4]: scan(brl_robot, tomato4)
[STEP 5]: discard(brl_robot, tomato4)
[STEP 6]: pick(brl_robot, tomato3, stem_02)
[STEP 7]: scan(brl_robot, tomato3)
[STEP 8]: place(brl_robot, tomato3)
[STEP 9]: detect(brl_robot, stem_02)
[STEP 10]: detect(brl_robot, stem_02)
[STEP 11]: detect(brl_robot, stem_02)
[STEP 12]: navigate(brl_robot, stem_02, dock_station)
[STEP 13]: navigate(brl_robot, dock_station, stem_02)
[STEP 14]: detect(brl_robot, stem_02)
[STEP 15]: navigate(brl_robot, stem_02, stem_01)
[STEP 16]: detect(brl_robot, stem_01)
[STEP 17]: pick(brl_robot, tomato1, stem_01)
[STEP 18]: scan(brl_robot, tomato1)
[STEP 19]: place(brl_robot, tomato1)
=============Final Knowledge=============
at(tomato2,stem_01)
discarded(tomato4)
handempty(brl_robot)
loaded(tomato1,brl_robot)
loaded(tomato3,brl_robot)
located(brl_robot,stem_01)
location(dock_station)
location(stem_01)
location(stem_02)
observed(tomato1)
observed(tomato2)
observed(tomato3)
observed(tomato4)
ripe(tomato1)
ripe(tomato3)
robot(brl_robot)
rotten(tomato4)
scanned(tomato1)
scanned(tomato3)
scanned(tomato4)
stem(stem_01)
stem(stem_02)
tomato(tomato1)
tomato(tomato2)
tomato(tomato3)
tomato(tomato4)
unripe(tomato2)
=============Query=============
Total Query 15
=============Action Schema Summary=============
detect: actions=6, questions=9, expected_questions_per_action=1.5000
discard: actions=1, questions=1, expected_questions_per_action=1.0000
navigate: actions=4, questions=2, expected_questions_per_action=0.5000
pick: actions=3, questions=1, expected_questions_per_action=0.3333
place: actions=2, questions=1, expected_questions_per_action=0.5000
scan: actions=3, questions=1, expected_questions_per_action=0.3333
=============Log File=============
/home/changmin/PyProject/00_BRL-CF/experiments_logs/system_log/e2_ablation/tomato/scene_03_step50/ours-random-when/oracle/exp_tomato_20260804_130320_985245.txt
