Step: 1
[POMCP] applicable values:
        detect_waste(brl_robot): 4.135623240070643

[POMCP] Selected: detect_waste(brl_robot)
[POMCP] Average simulation time:  0.0135
[POMCP] Average select time:  0.0
[Planner] Selected action: detect_waste(brl_robot)
[Planner] Observation:  ['can(waste1)', 'detected(waste1)', 'detected(waste2)', 'detected(waste3)', 'general(waste2)', 'paper(waste3)']
    [Feedback] method=ours, confidence=0.3231, threshold=0.6000, trigger=True
    [Planner] Current confidence: 0.3230928627783548
    [Query] Q: general(waste2) is True?
    [Query] T: general(waste2)=True?
    [Query] A: True
    [Planner] Reduced 625 --> 125
    [Planner] Current confidence: 0.3888055006187594
    [Query] Q: paper(waste3) is True?
    [Query] T: paper(waste3)=True?
    [Query] A: True
    [Planner] Reduced 125 --> 25
    [Planner] Current confidence: 0.43700549438509284
    [Query] Q: detected(waste4) is True?
    [Query] T: detected(waste4)=True?
    [Query] A: False
    [Planner] Reduced 25 --> 5
    [Planner] Current confidence: 0.4946478713837421
    [Query] Q: can(waste1) is True?
    [Query] T: can(waste1)=True?
    [Query] A: True
    [Planner] Reduced 5 --> 1
    [Planner] Updated confidence: 1.0
    [Belief Diff]
      + add (6): can(waste1), detected(waste1), detected(waste2), detected(waste3), general(waste2), paper(waste3)
      - del (0): -
[TIME] step_total=1.5089s (search=1.3546s, execute=0.0061s, update=0.1288s, interaction=0.0191s, pruning=0.0003s, overhead=0.0001s)
==================

Step: 2
[POMCP] applicable values:
        detect_waste(brl_robot): 3.8863866583198403
        pick(brl_robot, waste1): 3.6985545456380207
        pick(brl_robot, waste2): 2.701800438313184
        pick(brl_robot, waste3): 6.400724392083023

[POMCP] Selected: pick(brl_robot, waste3)
[POMCP] Average simulation time:  0.0046
[POMCP] Average select time:  0.0
[Planner] Selected action: pick(brl_robot, waste3)
[Planner] Observation:  ['holding(brl_robot,waste3)']
    [Feedback] method=ours, confidence=0.9122, threshold=0.6000, trigger=False
    [Planner] Updated confidence: 0.9121585706137616
    [Belief Diff]
      + add (1): holding(brl_robot,waste3)
      - del (1): handempty(brl_robot)
[TIME] step_total=0.4606s (search=0.4603s, execute=0.0001s, update=0.0001s, interaction=0.0000s, pruning=0.0001s, overhead=0.0000s)
==================

Step: 3
[POMCP] applicable values:
        place_gw_bin(brl_robot, waste3, gw_bin): 0.0
        place_paper_bin(brl_robot, waste3, pp_bin): 7.6639814154343275
        place_can_bin(brl_robot, waste3, ca_bin): 4.543551439721802
        place_plastic_bin(brl_robot, waste3, pl_bin): 4.07253125

[POMCP] Selected: place_paper_bin(brl_robot, waste3, pp_bin)
[POMCP] Average simulation time:  0.0037
[POMCP] Average select time:  0.0
[Planner] Selected action: place_paper_bin(brl_robot, waste3, pp_bin)
[Planner] Observation:  ['in_bin(waste3,pp_bin)', 'handempty(brl_robot)']
    [Feedback] method=ours, confidence=0.9718, threshold=0.6000, trigger=False
    [Planner] Updated confidence: 0.9717529113025564
    [Belief Diff]
      + add (2): in_bin(waste3,pp_bin), handempty(brl_robot)
      - del (2): holding(brl_robot,waste3), detected(waste3)
[TIME] step_total=0.3732s (search=0.3729s, execute=0.0001s, update=0.0001s, interaction=0.0000s, pruning=0.0001s, overhead=0.0000s)
==================

Step: 4
[POMCP] applicable values:
        detect_waste(brl_robot): 2.984437101081464
        pick(brl_robot, waste1): 2.4297079535104595
        pick(brl_robot, waste2): 0.0

[POMCP] Selected: detect_waste(brl_robot)
[POMCP] Average simulation time:  0.0036
[POMCP] Average select time:  0.0
[Planner] Selected action: detect_waste(brl_robot)
[Planner] Observation:  ['detected(waste1)', 'detected(waste2)', 'detected(waste4)', 'general(waste2)', 'general(waste4)', 'paper(waste1)']
    [Feedback] method=ours, confidence=0.2415, threshold=0.6000, trigger=True
    [Planner] Current confidence: 0.24153822232394484
    [Query] Q: paper(waste1) is True?
    [Query] T: paper(waste1)=True?
    [Query] A: False
    [Planner] Reduced 80 --> 60
    [Planner] Current confidence: 0.25655249405312075
    [Query] Q: can(waste1) is True?
    [Query] T: can(waste1)=True?
    [Query] A: True
    [Planner] Reduced 60 --> 20
    [Planner] Current confidence: 0.330845286131939
    [Query] Q: general(waste4) is True?
    [Query] T: general(waste4)=True?
    [Query] A: False
    [Planner] Reduced 20 --> 16
    [Planner] Current confidence: 0.34799865182241696
    [Query] Q: can(waste4) is True?
    [Query] T: can(waste4)=True?
    [Query] A: True
    [Planner] Reduced 16 --> 4
    [Planner] Updated confidence: 0.6959107932278634
    [Belief Diff]
      + add (2): can(waste4), detected(waste4)
      - del (0): -
[TIME] step_total=0.3881s (search=0.3639s, execute=0.0033s, update=0.0159s, interaction=0.0045s, pruning=0.0005s, overhead=0.0000s)
==================

Step: 5
[POMCP] applicable values:
        detect_waste(brl_robot): 0.0
        pick(brl_robot, waste1): 12.187451942223039
        pick(brl_robot, waste2): 0.0
        pick(brl_robot, waste4): 2.287529794563965

[POMCP] Selected: pick(brl_robot, waste1)
[POMCP] Average simulation time:  0.0016
[POMCP] Average select time:  0.0
[Planner] Selected action: pick(brl_robot, waste1)
[Planner] Observation:  ['holding(brl_robot,waste1)']
    [Feedback] method=ours, confidence=0.8965, threshold=0.6000, trigger=False
    [Planner] Updated confidence: 0.8964633586910015
    [Belief Diff]
      + add (1): holding(brl_robot,waste1)
      - del (1): handempty(brl_robot)
[TIME] step_total=0.1639s (search=0.1635s, execute=0.0001s, update=0.0001s, interaction=0.0000s, pruning=0.0001s, overhead=0.0001s)
==================

Step: 6
[POMCP] applicable values:
        place_gw_bin(brl_robot, waste1, gw_bin): 3.317102156445312
        place_paper_bin(brl_robot, waste1, pp_bin): 0.0
        place_can_bin(brl_robot, waste1, ca_bin): 16.189897030632707
        place_plastic_bin(brl_robot, waste1, pl_bin): 3.317102156445312

[POMCP] Selected: place_can_bin(brl_robot, waste1, ca_bin)
[POMCP] Average simulation time:  0.0017
[POMCP] Average select time:  0.0
[Planner] Selected action: place_can_bin(brl_robot, waste1, ca_bin)
[Planner] Observation:  ['in_bin(waste1,ca_bin)', 'handempty(brl_robot)']
    [Feedback] method=ours, confidence=0.9955, threshold=0.6000, trigger=False
    [Planner] Updated confidence: 0.9954978579626657
    [Belief Diff]
      + add (2): in_bin(waste1,ca_bin), handempty(brl_robot)
      - del (2): detected(waste1), holding(brl_robot,waste1)
[TIME] step_total=0.1672s (search=0.1669s, execute=0.0001s, update=0.0001s, interaction=0.0000s, pruning=0.0001s, overhead=0.0001s)
==================

Step: 7
[POMCP] applicable values:
        detect_waste(brl_robot): 1.7458432402343749
        pick(brl_robot, waste2): 0.0
        pick(brl_robot, waste4): 13.795277635793813

[POMCP] Selected: pick(brl_robot, waste4)
[POMCP] Average simulation time:  0.0017
[POMCP] Average select time:  0.0
[Planner] Selected action: pick(brl_robot, waste4)
[Planner] Observation:  ['handempty(brl_robot)']
    [Feedback] method=ours, confidence=0.0002, threshold=0.6000, trigger=True
    [Planner] Current confidence: 0.00022102234735354997
    [Query] Q: handempty(brl_robot) is True?
    [Query] T: handempty(brl_robot)=True?
    [Query] A: False
    [Planner] Reduced 2 --> 1
    [Planner] Updated confidence: 1.0
    [Belief Diff]
      + add (1): holding(brl_robot,waste4)
      - del (1): handempty(brl_robot)
[TIME] step_total=0.1661s (search=0.1655s, execute=0.0001s, update=0.0001s, interaction=0.0002s, pruning=0.0001s, overhead=0.0001s)
==================

Step: 8
[POMCP] applicable values:
        place_gw_bin(brl_robot, waste4, gw_bin): 2.7938015624999997
        place_paper_bin(brl_robot, waste4, pp_bin): 0.0
        place_can_bin(brl_robot, waste4, ca_bin): 15.967401510369717
        place_plastic_bin(brl_robot, waste4, pl_bin): 0.0

[POMCP] Selected: place_can_bin(brl_robot, waste4, ca_bin)
[POMCP] Average simulation time:  0.0017
[POMCP] Average select time:  0.0
[Planner] Selected action: place_can_bin(brl_robot, waste4, ca_bin)
[Planner] Observation:  ['in_bin(waste4,ca_bin)', 'handempty(brl_robot)']
    [Feedback] method=ours, confidence=0.9947, threshold=0.6000, trigger=False
    [Planner] Updated confidence: 0.9946652789524111
    [Belief Diff]
      + add (2): in_bin(waste4,ca_bin), handempty(brl_robot)
      - del (2): detected(waste4), holding(brl_robot,waste4)
[TIME] step_total=0.1728s (search=0.1724s, execute=0.0001s, update=0.0001s, interaction=0.0000s, pruning=0.0001s, overhead=0.0001s)
==================

Step: 9
[POMCP] applicable values:
        detect_waste(brl_robot): 0.0
        pick(brl_robot, waste2): 13.014396672891953

[POMCP] Selected: pick(brl_robot, waste2)
[POMCP] Average simulation time:  0.0018
[POMCP] Average select time:  0.0
[Planner] Selected action: pick(brl_robot, waste2)
[Planner] Observation:  ['holding(brl_robot,waste2)']
    [Feedback] method=ours, confidence=0.9556, threshold=0.6000, trigger=False
    [Planner] Updated confidence: 0.9555968769962838
    [Belief Diff]
      + add (1): holding(brl_robot,waste2)
      - del (1): handempty(brl_robot)
[TIME] step_total=0.1828s (search=0.1825s, execute=0.0001s, update=0.0001s, interaction=0.0000s, pruning=0.0001s, overhead=0.0000s)
==================

Step: 10
[POMCP] applicable values:
        place_gw_bin(brl_robot, waste2, gw_bin): 14.640992647058821
        place_paper_bin(brl_robot, waste2, pp_bin): 0.0
        place_can_bin(brl_robot, waste2, ca_bin): 0.0
        place_plastic_bin(brl_robot, waste2, pl_bin): 0.0

[POMCP] Selected: place_gw_bin(brl_robot, waste2, gw_bin)
[POMCP] Average simulation time:  0.0018
[POMCP] Average select time:  0.0
[Planner] Selected action: place_gw_bin(brl_robot, waste2, gw_bin)
[Planner] Observation:  ['in_bin(waste2,gw_bin)', 'handempty(brl_robot)']
    [Feedback] method=ours, confidence=0.9919, threshold=0.6000, trigger=False
    [Planner] Updated confidence: 0.9919093929587848
    [Belief Diff]
      + add (2): in_bin(waste2,gw_bin), handempty(brl_robot)
      - del (2): holding(brl_robot,waste2), detected(waste2)
[TIME] step_total=0.1808s (search=0.1804s, execute=0.0002s, update=0.0001s, interaction=0.0000s, pruning=0.0000s, overhead=0.0001s)
[TIME SUMMARY]
avg search: 0.3583s
avg execute: 0.0010s
avg update: 0.0145s
avg interaction: 0.0024s
avg pruning: 0.0001s
avg step wall: 0.3764s
total wall clock: 3.7645s
=============Action Log=============
[STEP 1]: detect_waste(brl_robot)
[STEP 2]: pick(brl_robot, waste3)
[STEP 3]: place_paper_bin(brl_robot, waste3, pp_bin)
[STEP 4]: detect_waste(brl_robot)
[STEP 5]: pick(brl_robot, waste1)
[STEP 6]: place_can_bin(brl_robot, waste1, ca_bin)
[STEP 7]: pick(brl_robot, waste4)
[STEP 8]: place_can_bin(brl_robot, waste4, ca_bin)
[STEP 9]: pick(brl_robot, waste2)
[STEP 10]: place_gw_bin(brl_robot, waste2, gw_bin)
=============Final Knowledge=============
can(waste1)
can(waste4)
can_bin(ca_bin)
general(waste2)
general_bin(gw_bin)
handempty(brl_robot)
in_bin(waste1,ca_bin)
in_bin(waste2,gw_bin)
in_bin(waste3,pp_bin)
in_bin(waste4,ca_bin)
paper(waste3)
paper_bin(pp_bin)
plastic_bin(pl_bin)
robot(brl_robot)
waste(waste1)
waste(waste2)
waste(waste3)
waste(waste4)
=============Query=============
Total Query 9
=============Action Schema Summary=============
detect_waste: actions=2, questions=8, expected_questions_per_action=4.0000
pick: actions=4, questions=1, expected_questions_per_action=0.2500
place_can_bin: actions=2, questions=0, expected_questions_per_action=0.0000
place_gw_bin: actions=1, questions=0, expected_questions_per_action=0.0000
place_paper_bin: actions=1, questions=0, expected_questions_per_action=0.0000
=============Log File=============
/home/changmin/PyProject/00_BRL-CF/experiments_logs/system_log/e1_threshold/wastesorting/scene_02_step50/ours/oracle/tau_0-6/exp_wastesorting_20260804_082727_572889.txt
