Step: 1
[POMCP] applicable values:
        detect_waste(brl_robot): 3.6041820122630317

[POMCP] Selected: detect_waste(brl_robot)
[POMCP] Average simulation time:  0.0148
[POMCP] Average select time:  0.0
[Planner] Selected action: detect_waste(brl_robot)
[Planner] Observation:  ['can(waste4)', 'detected(waste1)', 'detected(waste2)', 'detected(waste3)', 'detected(waste4)', 'general(waste2)', 'paper(waste1)', 'plastic(waste3)']
    [Feedback] method=ours, confidence=0.4546, threshold=0.4000, trigger=False
    [Planner] Updated confidence: 0.454637319959144
    [Belief Diff]
      + add (8): can(waste4), detected(waste1), detected(waste2), detected(waste3), detected(waste4), general(waste2), paper(waste1), plastic(waste3)
      - del (0): -
[TIME] step_total=1.6163s (search=1.4847s, execute=0.0057s, update=0.1253s, interaction=0.0002s, pruning=0.0003s, overhead=0.0001s)
==================

Step: 2
[POMCP] applicable values:
        detect_waste(brl_robot): 3.4637877483155513
        pick(brl_robot, waste1): 9.676034582092196
        pick(brl_robot, waste2): 0.0
        pick(brl_robot, waste3): 3.692331505421528
        pick(brl_robot, waste4): 0.0

[POMCP] Selected: pick(brl_robot, waste1)
[POMCP] Average simulation time:  0.0026
[POMCP] Average select time:  0.0
[Planner] Selected action: pick(brl_robot, waste1)
[Planner] Observation:  ['holding(brl_robot,waste1)']
    [Feedback] method=ours, confidence=0.9473, threshold=0.4000, trigger=False
    [Planner] Updated confidence: 0.9473177774960974
    [Belief Diff]
      + add (1): holding(brl_robot,waste1)
      - del (1): handempty(brl_robot)
[TIME] step_total=0.2581s (search=0.2578s, execute=0.0001s, update=0.0001s, interaction=0.0000s, pruning=0.0001s, overhead=0.0000s)
==================

Step: 3
[POMCP] applicable values:
        place_gw_bin(brl_robot, waste1, gw_bin): 2.993684696191894
        place_paper_bin(brl_robot, waste1, pp_bin): 12.859352984441793
        place_can_bin(brl_robot, waste1, ca_bin): 3.6754594531249998
        place_plastic_bin(brl_robot, waste1, pl_bin): 2.438374895577648

[POMCP] Selected: place_paper_bin(brl_robot, waste1, pp_bin)
[POMCP] Average simulation time:  0.0016
[POMCP] Average select time:  0.0
[Planner] Selected action: place_paper_bin(brl_robot, waste1, pp_bin)
[Planner] Observation:  ['in_bin(waste1,pp_bin)', 'handempty(brl_robot)']
    [Feedback] method=ours, confidence=0.9939, threshold=0.4000, trigger=False
    [Planner] Updated confidence: 0.9938950682677782
    [Belief Diff]
      + add (2): in_bin(waste1,pp_bin), handempty(brl_robot)
      - del (2): holding(brl_robot,waste1), detected(waste1)
[TIME] step_total=0.1633s (search=0.1629s, execute=0.0001s, update=0.0001s, interaction=0.0000s, pruning=0.0001s, overhead=0.0000s)
==================

Step: 4
[POMCP] applicable values:
        detect_waste(brl_robot): 2.9340695746557612
        pick(brl_robot, waste2): 2.633749016207682
        pick(brl_robot, waste3): 10.054469958953817
        pick(brl_robot, waste4): 0.0

[POMCP] Selected: pick(brl_robot, waste3)
[POMCP] Average simulation time:  0.0019
[POMCP] Average select time:  0.0
[Planner] Selected action: pick(brl_robot, waste3)
[Planner] Observation:  ['holding(brl_robot,waste3)']
    [Feedback] method=ours, confidence=0.9440, threshold=0.4000, trigger=False
    [Planner] Updated confidence: 0.9440002550778188
    [Belief Diff]
      + add (1): holding(brl_robot,waste3)
      - del (1): handempty(brl_robot)
[TIME] step_total=0.1901s (search=0.1897s, execute=0.0001s, update=0.0001s, interaction=0.0000s, pruning=0.0001s, overhead=0.0001s)
==================

Step: 5
[POMCP] applicable values:
        place_gw_bin(brl_robot, waste3, gw_bin): 0.0
        place_paper_bin(brl_robot, waste3, pp_bin): 0.0
        place_can_bin(brl_robot, waste3, ca_bin): 3.151247048623046
        place_plastic_bin(brl_robot, waste3, pl_bin): 12.681222143370896

[POMCP] Selected: place_plastic_bin(brl_robot, waste3, pl_bin)
[POMCP] Average simulation time:  0.0016
[POMCP] Average select time:  0.0
[Planner] Selected action: place_plastic_bin(brl_robot, waste3, pl_bin)
[Planner] Observation:  ['in_bin(waste3,pl_bin)', 'handempty(brl_robot)']
    [Feedback] method=ours, confidence=0.9889, threshold=0.4000, trigger=False
    [Planner] Updated confidence: 0.9888928975295416
    [Belief Diff]
      + add (2): in_bin(waste3,pl_bin), handempty(brl_robot)
      - del (2): detected(waste3), holding(brl_robot,waste3)
[TIME] step_total=0.1621s (search=0.1618s, execute=0.0001s, update=0.0001s, interaction=0.0000s, pruning=0.0001s, overhead=0.0000s)
==================

Step: 6
[POMCP] applicable values:
        detect_waste(brl_robot): 3.0083333333333337
        pick(brl_robot, waste2): 9.510361642501595
        pick(brl_robot, waste4): 3.2017076187890625

[POMCP] Selected: pick(brl_robot, waste2)
[POMCP] Average simulation time:  0.0017
[POMCP] Average select time:  0.0
[Planner] Selected action: pick(brl_robot, waste2)
[Planner] Observation:  ['holding(brl_robot,waste2)']
    [Feedback] method=ours, confidence=0.8971, threshold=0.4000, trigger=False
    [Planner] Updated confidence: 0.8970545109389835
    [Belief Diff]
      + add (1): holding(brl_robot,waste2)
      - del (1): handempty(brl_robot)
[TIME] step_total=0.1666s (search=0.1661s, execute=0.0001s, update=0.0001s, interaction=0.0000s, pruning=0.0002s, overhead=0.0000s)
==================

Step: 7
[POMCP] applicable values:
        place_gw_bin(brl_robot, waste2, gw_bin): 10.201772735802614
        place_paper_bin(brl_robot, waste2, pp_bin): 0.0
        place_can_bin(brl_robot, waste2, ca_bin): 0.0
        place_plastic_bin(brl_robot, waste2, pl_bin): 0.0

[POMCP] Selected: place_gw_bin(brl_robot, waste2, gw_bin)
[POMCP] Average simulation time:  0.0017
[POMCP] Average select time:  0.0
[Planner] Selected action: place_gw_bin(brl_robot, waste2, gw_bin)
[Planner] Observation:  ['in_bin(waste2,gw_bin)', 'handempty(brl_robot)']
    [Feedback] method=ours, confidence=0.9953, threshold=0.4000, trigger=False
    [Planner] Updated confidence: 0.9953367586348385
    [Belief Diff]
      + add (2): in_bin(waste2,gw_bin), handempty(brl_robot)
      - del (2): holding(brl_robot,waste2), detected(waste2)
[TIME] step_total=0.1708s (search=0.1704s, execute=0.0001s, update=0.0001s, interaction=0.0000s, pruning=0.0002s, overhead=0.0000s)
==================

Step: 8
[POMCP] applicable values:
        detect_waste(brl_robot): 5.365055320670959
        pick(brl_robot, waste4): 0.0

[POMCP] Selected: detect_waste(brl_robot)
[POMCP] Average simulation time:  0.0018
[POMCP] Average select time:  0.0
[Planner] Selected action: detect_waste(brl_robot)
[Planner] Observation:  ['can(waste4)', 'detected(waste4)']
    [Feedback] method=ours, confidence=0.4519, threshold=0.4000, trigger=False
    [Planner] Updated confidence: 0.45194873968440696
    [Belief Diff]
      + add (0): -
      - del (0): -
[TIME] step_total=0.1855s (search=0.1805s, execute=0.0036s, update=0.0007s, interaction=0.0000s, pruning=0.0006s, overhead=0.0000s)
==================

Step: 9
[POMCP] applicable values:
        detect_waste(brl_robot): 5.235040452660878
        pick(brl_robot, waste4): 0.0

[POMCP] Selected: detect_waste(brl_robot)
[POMCP] Average simulation time:  0.0017
[POMCP] Average select time:  0.0
[Planner] Selected action: detect_waste(brl_robot)
[Planner] Observation:  ['can(waste4)', 'detected(waste4)']
    [Feedback] method=ours, confidence=0.5706, threshold=0.4000, trigger=False
    [Planner] Updated confidence: 0.5706279838580667
    [Belief Diff]
      + add (0): -
      - del (0): -
[TIME] step_total=0.1739s (search=0.1694s, execute=0.0034s, update=0.0007s, interaction=0.0000s, pruning=0.0004s, overhead=0.0000s)
==================

Step: 10
[POMCP] applicable values:
        detect_waste(brl_robot): 3.9988312932045047
        pick(brl_robot, waste4): 0.0

[POMCP] Selected: detect_waste(brl_robot)
[POMCP] Average simulation time:  0.0017
[POMCP] Average select time:  0.0
[Planner] Selected action: detect_waste(brl_robot)
[Planner] Observation:  ['can(waste4)', 'detected(waste4)']
    [Feedback] method=ours, confidence=0.7461, threshold=0.4000, trigger=False
    [Planner] Updated confidence: 0.7461465235172267
    [Belief Diff]
      + add (0): -
      - del (0): -
[TIME] step_total=0.1735s (search=0.1687s, execute=0.0037s, update=0.0007s, interaction=0.0001s, pruning=0.0003s, overhead=0.0001s)
==================

Step: 11
[POMCP] applicable values:
        detect_waste(brl_robot): 4.966083382570151
        pick(brl_robot, waste4): 0.0

[POMCP] Selected: detect_waste(brl_robot)
[POMCP] Average simulation time:  0.0016
[POMCP] Average select time:  0.0
[Planner] Selected action: detect_waste(brl_robot)
[Planner] Observation:  ['can(waste4)', 'detected(waste4)']
    [Feedback] method=ours, confidence=0.6272, threshold=0.4000, trigger=False
    [Planner] Updated confidence: 0.6272428547237652
    [Belief Diff]
      + add (0): -
      - del (0): -
[TIME] step_total=0.1641s (search=0.1597s, execute=0.0034s, update=0.0007s, interaction=0.0000s, pruning=0.0002s, overhead=0.0000s)
==================

Step: 12
[POMCP] applicable values:
        detect_waste(brl_robot): 6.437774329834315
        pick(brl_robot, waste4): 0.0

[POMCP] Selected: detect_waste(brl_robot)
[POMCP] Average simulation time:  0.0016
[POMCP] Average select time:  0.0
[Planner] Selected action: detect_waste(brl_robot)
[Planner] Observation:  ['can(waste4)', 'detected(waste4)']
    [Feedback] method=ours, confidence=0.6842, threshold=0.4000, trigger=False
    [Planner] Updated confidence: 0.6841723963620501
    [Belief Diff]
      + add (0): -
      - del (0): -
[TIME] step_total=0.1743s (search=0.1650s, execute=0.0084s, update=0.0007s, interaction=0.0000s, pruning=0.0002s, overhead=0.0000s)
==================

Step: 13
[POMCP] applicable values:
        detect_waste(brl_robot): 3.478009375
        pick(brl_robot, waste4): 12.202319042842744

[POMCP] Selected: pick(brl_robot, waste4)
[POMCP] Average simulation time:  0.0017
[POMCP] Average select time:  0.0
[Planner] Selected action: pick(brl_robot, waste4)
[Planner] Observation:  ['holding(brl_robot,waste4)']
    [Feedback] method=ours, confidence=0.9311, threshold=0.4000, trigger=False
    [Planner] Updated confidence: 0.9311205329379345
    [Belief Diff]
      + add (1): holding(brl_robot,waste4)
      - del (1): handempty(brl_robot)
[TIME] step_total=0.1685s (search=0.1682s, execute=0.0001s, update=0.0001s, interaction=0.0000s, pruning=0.0001s, overhead=0.0000s)
==================

Step: 14
[POMCP] applicable values:
        place_gw_bin(brl_robot, waste4, gw_bin): 0.0
        place_paper_bin(brl_robot, waste4, pp_bin): 0.0
        place_can_bin(brl_robot, waste4, ca_bin): 14.688311688311689
        place_plastic_bin(brl_robot, waste4, pl_bin): 0.0

[POMCP] Selected: place_can_bin(brl_robot, waste4, ca_bin)
[POMCP] Average simulation time:  0.0017
[POMCP] Average select time:  0.0
[Planner] Selected action: place_can_bin(brl_robot, waste4, ca_bin)
[Planner] Observation:  ['in_bin(waste4,ca_bin)', 'handempty(brl_robot)']
    [Feedback] method=ours, confidence=0.9938, threshold=0.4000, trigger=False
    [Planner] Updated confidence: 0.9937649353673883
    [Belief Diff]
      + add (2): in_bin(waste4,ca_bin), handempty(brl_robot)
      - del (2): detected(waste4), holding(brl_robot,waste4)
[TIME] step_total=0.1750s (search=0.1747s, execute=0.0001s, update=0.0001s, interaction=0.0000s, pruning=0.0000s, overhead=0.0000s)
[TIME SUMMARY]
avg search: 0.2700s
avg execute: 0.0021s
avg update: 0.0092s
avg interaction: 0.0000s
avg pruning: 0.0002s
avg step wall: 0.2816s
total wall clock: 3.9422s
=============Action Log=============
[STEP 1]: detect_waste(brl_robot)
[STEP 2]: pick(brl_robot, waste1)
[STEP 3]: place_paper_bin(brl_robot, waste1, pp_bin)
[STEP 4]: pick(brl_robot, waste3)
[STEP 5]: place_plastic_bin(brl_robot, waste3, pl_bin)
[STEP 6]: pick(brl_robot, waste2)
[STEP 7]: place_gw_bin(brl_robot, waste2, gw_bin)
[STEP 8]: detect_waste(brl_robot)
[STEP 9]: detect_waste(brl_robot)
[STEP 10]: detect_waste(brl_robot)
[STEP 11]: detect_waste(brl_robot)
[STEP 12]: detect_waste(brl_robot)
[STEP 13]: pick(brl_robot, waste4)
[STEP 14]: place_can_bin(brl_robot, waste4, ca_bin)
=============Final Knowledge=============
can(waste4)
can_bin(ca_bin)
general(waste2)
general_bin(gw_bin)
handempty(brl_robot)
in_bin(waste1,pp_bin)
in_bin(waste2,gw_bin)
in_bin(waste3,pl_bin)
in_bin(waste4,ca_bin)
paper(waste1)
paper_bin(pp_bin)
plastic(waste3)
plastic_bin(pl_bin)
robot(brl_robot)
waste(waste1)
waste(waste2)
waste(waste3)
waste(waste4)
=============Query=============
Total Query 0
=============Action Schema Summary=============
detect_waste: actions=6, questions=0, expected_questions_per_action=0.0000
pick: actions=4, questions=0, expected_questions_per_action=0.0000
place_can_bin: actions=1, questions=0, expected_questions_per_action=0.0000
place_gw_bin: actions=1, questions=0, expected_questions_per_action=0.0000
place_paper_bin: actions=1, questions=0, expected_questions_per_action=0.0000
place_plastic_bin: actions=1, questions=0, expected_questions_per_action=0.0000
=============Log File=============
/home/changmin/PyProject/00_BRL-CF/experiments_logs/system_log/e1_threshold/wastesorting/scene_01_step50/ours/oracle/tau_0-4/exp_wastesorting_20260804_075422_812903.txt
