Step: 1
[POMCP] applicable values:
        detect_waste(brl_robot): 4.075559056598813

[POMCP] Selected: detect_waste(brl_robot)
[POMCP] Average simulation time:  0.014
[POMCP] Average select time:  0.0
[Planner] Selected action: detect_waste(brl_robot)
[Planner] Observation:  ['can(waste4)', 'detected(waste1)', 'detected(waste2)', 'detected(waste3)', 'detected(waste4)', 'paper(waste1)', 'paper(waste2)', 'plastic(waste3)']
    [Feedback] method=ours, confidence=0.3070, threshold=0.4000, trigger=True
    [Planner] Current confidence: 0.3070346389820555
    [Query] Q: plastic(waste3) is True?
    [Query] T: plastic(waste3)=True?
    [Query] A: True
    [Planner] Reduced 625 --> 125
    [Planner] Current confidence: 0.33474725441826136
    [Query] Q: paper(waste2) is True?
    [Query] T: paper(waste2)=True?
    [Query] A: False
    [Planner] Reduced 125 --> 100
    [Planner] Current confidence: 0.3438202079225008
    [Query] Q: can(waste2) is True?
    [Query] T: can(waste2)=True?
    [Query] A: False
    [Planner] Reduced 100 --> 75
    [Planner] Current confidence: 0.36667212816587735
    [Query] Q: general(waste2) is True?
    [Query] T: general(waste2)=True?
    [Query] A: True
    [Planner] Reduced 75 --> 25
    [Planner] Updated confidence: 0.4916638350708984
    [Belief Diff]
      + add (8): can(waste4), detected(waste1), detected(waste2), detected(waste3), detected(waste4), general(waste2), paper(waste1), plastic(waste3)
      - del (0): -
[TIME] step_total=1.5573s (search=1.4004s, execute=0.0058s, update=0.1284s, interaction=0.0224s, pruning=0.0003s, overhead=0.0001s)
==================

Step: 2
[POMCP] applicable values:
        detect_waste(brl_robot): 3.4606789550911747
        pick(brl_robot, waste1): 12.219530711007009
        pick(brl_robot, waste2): 3.1215160251626366
        pick(brl_robot, waste3): 2.2592187500000005
        pick(brl_robot, waste4): 1.9344523437499999

[POMCP] Selected: pick(brl_robot, waste1)
[POMCP] Average simulation time:  0.0038
[POMCP] Average select time:  0.0
[Planner] Selected action: pick(brl_robot, waste1)
[Planner] Observation:  ['holding(brl_robot,waste1)']
    [Feedback] method=ours, confidence=0.9374, threshold=0.4000, trigger=False
    [Planner] Updated confidence: 0.9374343521582006
    [Belief Diff]
      + add (1): holding(brl_robot,waste1)
      - del (1): handempty(brl_robot)
[TIME] step_total=0.3765s (search=0.3761s, execute=0.0001s, update=0.0001s, interaction=0.0000s, pruning=0.0001s, overhead=0.0000s)
==================

Step: 3
[POMCP] applicable values:
        place_gw_bin(brl_robot, waste1, gw_bin): 7.130875461382298
        place_paper_bin(brl_robot, waste1, pp_bin): 16.27418615490694
        place_can_bin(brl_robot, waste1, ca_bin): 4.286875
        place_plastic_bin(brl_robot, waste1, pl_bin): 0.0

[POMCP] Selected: place_paper_bin(brl_robot, waste1, pp_bin)
[POMCP] Average simulation time:  0.0017
[POMCP] Average select time:  0.0
[Planner] Selected action: place_paper_bin(brl_robot, waste1, pp_bin)
[Planner] Observation:  ['holding(brl_robot,waste1)', 'detected(waste1)']
    [Feedback] method=ours, confidence=0.8573, threshold=0.4000, trigger=False
    [Planner] Updated confidence: 0.8573414428165973
    [Belief Diff]
      + add (0): -
      - del (0): -
[TIME] step_total=0.1686s (search=0.1680s, execute=0.0001s, update=0.0001s, interaction=0.0000s, pruning=0.0004s, overhead=0.0000s)
==================

Step: 4
[POMCP] applicable values:
        place_gw_bin(brl_robot, waste1, gw_bin): 5.425453313457127
        place_paper_bin(brl_robot, waste1, pp_bin): 13.428274663208258
        place_can_bin(brl_robot, waste1, ca_bin): 4.5125
        place_plastic_bin(brl_robot, waste1, pl_bin): 3.151247048623046

[POMCP] Selected: place_paper_bin(brl_robot, waste1, pp_bin)
[POMCP] Average simulation time:  0.0016
[POMCP] Average select time:  0.0
[Planner] Selected action: place_paper_bin(brl_robot, waste1, pp_bin)
[Planner] Observation:  ['holding(brl_robot,waste1)', 'detected(waste1)']
    [Feedback] method=ours, confidence=0.4398, threshold=0.4000, trigger=False
    [Planner] Updated confidence: 0.43979643232335186
    [Belief Diff]
      + add (0): -
      - del (0): -
[TIME] step_total=0.1589s (search=0.1584s, execute=0.0001s, update=0.0001s, interaction=0.0000s, pruning=0.0002s, overhead=0.0000s)
==================

Step: 5
[POMCP] applicable values:
        place_gw_bin(brl_robot, waste1, gw_bin): 3.8689046874999997
        place_paper_bin(brl_robot, waste1, pp_bin): 11.770186578835256
        place_can_bin(brl_robot, waste1, ca_bin): 0.0
        place_plastic_bin(brl_robot, waste1, pl_bin): 0.0

[POMCP] Selected: place_paper_bin(brl_robot, waste1, pp_bin)
[POMCP] Average simulation time:  0.0017
[POMCP] Average select time:  0.0
[Planner] Selected action: place_paper_bin(brl_robot, waste1, pp_bin)
[Planner] Observation:  ['in_bin(waste1,pp_bin)', 'handempty(brl_robot)']
    [Feedback] method=ours, confidence=0.9969, threshold=0.4000, trigger=False
    [Planner] Updated confidence: 0.9969199218714382
    [Belief Diff]
      + add (2): in_bin(waste1,pp_bin), handempty(brl_robot)
      - del (2): detected(waste1), holding(brl_robot,waste1)
[TIME] step_total=0.1676s (search=0.1673s, execute=0.0001s, update=0.0001s, interaction=0.0000s, pruning=0.0001s, overhead=0.0000s)
==================

Step: 6
[POMCP] applicable values:
        detect_waste(brl_robot): 2.036265625
        pick(brl_robot, waste2): 10.394636796133643
        pick(brl_robot, waste3): 2.453530389322917
        pick(brl_robot, waste4): 2.375

[POMCP] Selected: pick(brl_robot, waste2)
[POMCP] Average simulation time:  0.0016
[POMCP] Average select time:  0.0
[Planner] Selected action: pick(brl_robot, waste2)
[Planner] Observation:  ['holding(brl_robot,waste2)']
    [Feedback] method=ours, confidence=0.9231, threshold=0.4000, trigger=False
    [Planner] Updated confidence: 0.923139142144975
    [Belief Diff]
      + add (1): holding(brl_robot,waste2)
      - del (1): handempty(brl_robot)
[TIME] step_total=0.1576s (search=0.1573s, execute=0.0001s, update=0.0001s, interaction=0.0000s, pruning=0.0001s, overhead=0.0000s)
==================

Step: 7
[POMCP] applicable values:
        place_gw_bin(brl_robot, waste2, gw_bin): 12.878473779936849
        place_paper_bin(brl_robot, waste2, pp_bin): 3.8370204220782957
        place_can_bin(brl_robot, waste2, ca_bin): 4.07253125
        place_plastic_bin(brl_robot, waste2, pl_bin): 4.07253125

[POMCP] Selected: place_gw_bin(brl_robot, waste2, gw_bin)
[POMCP] Average simulation time:  0.0016
[POMCP] Average select time:  0.0
[Planner] Selected action: place_gw_bin(brl_robot, waste2, gw_bin)
[Planner] Observation:  ['in_bin(waste2,gw_bin)', 'handempty(brl_robot)']
    [Feedback] method=ours, confidence=0.9914, threshold=0.4000, trigger=False
    [Planner] Updated confidence: 0.9913921623192261
    [Belief Diff]
      + add (2): in_bin(waste2,gw_bin), handempty(brl_robot)
      - del (2): holding(brl_robot,waste2), detected(waste2)
[TIME] step_total=0.1629s (search=0.1626s, execute=0.0001s, update=0.0001s, interaction=0.0000s, pruning=0.0001s, overhead=0.0000s)
==================

Step: 8
[POMCP] applicable values:
        detect_waste(brl_robot): 0.0
        pick(brl_robot, waste3): 0.0
        pick(brl_robot, waste4): 9.518990897891562

[POMCP] Selected: pick(brl_robot, waste4)
[POMCP] Average simulation time:  0.0017
[POMCP] Average select time:  0.0
[Planner] Selected action: pick(brl_robot, waste4)
[Planner] Observation:  ['holding(brl_robot,waste4)']
    [Feedback] method=ours, confidence=0.9583, threshold=0.4000, trigger=False
    [Planner] Updated confidence: 0.9582774357302384
    [Belief Diff]
      + add (1): holding(brl_robot,waste4)
      - del (1): handempty(brl_robot)
[TIME] step_total=0.1708s (search=0.1703s, execute=0.0001s, update=0.0001s, interaction=0.0000s, pruning=0.0001s, overhead=0.0001s)
==================

Step: 9
[POMCP] applicable values:
        place_gw_bin(brl_robot, waste4, gw_bin): 0.0
        place_paper_bin(brl_robot, waste4, pp_bin): 4.5125
        place_can_bin(brl_robot, waste4, ca_bin): 11.017947555483754
        place_plastic_bin(brl_robot, waste4, pl_bin): 0.0

[POMCP] Selected: place_can_bin(brl_robot, waste4, ca_bin)
[POMCP] Average simulation time:  0.0017
[POMCP] Average select time:  0.0001
[Planner] Selected action: place_can_bin(brl_robot, waste4, ca_bin)
[Planner] Observation:  ['in_bin(waste4,ca_bin)', 'handempty(brl_robot)']
    [Feedback] method=ours, confidence=0.9699, threshold=0.4000, trigger=False
    [Planner] Updated confidence: 0.9699457199289234
    [Belief Diff]
      + add (2): in_bin(waste4,ca_bin), handempty(brl_robot)
      - del (2): holding(brl_robot,waste4), detected(waste4)
[TIME] step_total=0.1744s (search=0.1740s, execute=0.0001s, update=0.0001s, interaction=0.0000s, pruning=0.0001s, overhead=0.0000s)
==================

Step: 10
[POMCP] applicable values:
        detect_waste(brl_robot): 7.11214557872027
        pick(brl_robot, waste3): 0.0

[POMCP] Selected: detect_waste(brl_robot)
[POMCP] Average simulation time:  0.0018
[POMCP] Average select time:  0.0
[Planner] Selected action: detect_waste(brl_robot)
[Planner] Observation:  ['detected(waste3)', 'plastic(waste3)']
    [Feedback] method=ours, confidence=0.7272, threshold=0.4000, trigger=False
    [Planner] Updated confidence: 0.7272335997483161
    [Belief Diff]
      + add (0): -
      - del (0): -
[TIME] step_total=0.1826s (search=0.1771s, execute=0.0039s, update=0.0007s, interaction=0.0000s, pruning=0.0008s, overhead=0.0000s)
==================

Step: 11
[POMCP] applicable values:
        detect_waste(brl_robot): 8.737850775788871
        pick(brl_robot, waste3): 0.0

[POMCP] Selected: detect_waste(brl_robot)
[POMCP] Average simulation time:  0.0018
[POMCP] Average select time:  0.0
[Planner] Selected action: detect_waste(brl_robot)
[Planner] Observation:  ['detected(waste3)', 'plastic(waste3)']
    [Feedback] method=ours, confidence=0.4602, threshold=0.4000, trigger=False
    [Planner] Updated confidence: 0.4602364774960982
    [Belief Diff]
      + add (0): -
      - del (0): -
[TIME] step_total=0.1892s (search=0.1838s, execute=0.0039s, update=0.0007s, interaction=0.0000s, pruning=0.0007s, overhead=0.0001s)
==================

Step: 12
[POMCP] applicable values:
        detect_waste(brl_robot): 0.0
        pick(brl_robot, waste3): 13.37862193341122

[POMCP] Selected: pick(brl_robot, waste3)
[POMCP] Average simulation time:  0.0017
[POMCP] Average select time:  0.0
[Planner] Selected action: pick(brl_robot, waste3)
[Planner] Observation:  ['holding(brl_robot,waste3)']
    [Feedback] method=ours, confidence=0.9124, threshold=0.4000, trigger=False
    [Planner] Updated confidence: 0.9124145818520193
    [Belief Diff]
      + add (1): holding(brl_robot,waste3)
      - del (1): handempty(brl_robot)
[TIME] step_total=0.1726s (search=0.1722s, execute=0.0001s, update=0.0001s, interaction=0.0000s, pruning=0.0001s, overhead=0.0001s)
==================

Step: 13
[POMCP] applicable values:
        place_gw_bin(brl_robot, waste3, gw_bin): 0.0
        place_paper_bin(brl_robot, waste3, pp_bin): 0.0
        place_can_bin(brl_robot, waste3, ca_bin): 0.0
        place_plastic_bin(brl_robot, waste3, pl_bin): 14.698962628865978

[POMCP] Selected: place_plastic_bin(brl_robot, waste3, pl_bin)
[POMCP] Average simulation time:  0.0019
[POMCP] Average select time:  0.0
[Planner] Selected action: place_plastic_bin(brl_robot, waste3, pl_bin)
[Planner] Observation:  ['in_bin(waste3,pl_bin)', 'handempty(brl_robot)']
    [Feedback] method=ours, confidence=0.9941, threshold=0.4000, trigger=False
    [Planner] Updated confidence: 0.9940786639761197
    [Belief Diff]
      + add (2): in_bin(waste3,pl_bin), handempty(brl_robot)
      - del (2): holding(brl_robot,waste3), detected(waste3)
[TIME] step_total=0.1865s (search=0.1862s, execute=0.0001s, update=0.0001s, interaction=0.0000s, pruning=0.0000s, overhead=0.0000s)
[TIME SUMMARY]
avg search: 0.2810s
avg execute: 0.0011s
avg update: 0.0100s
avg interaction: 0.0017s
avg pruning: 0.0002s
avg step wall: 0.2943s
total wall clock: 3.8255s
=============Action Log=============
[STEP 1]: detect_waste(brl_robot)
[STEP 2]: pick(brl_robot, waste1)
[STEP 3]: place_paper_bin(brl_robot, waste1, pp_bin)
[STEP 4]: place_paper_bin(brl_robot, waste1, pp_bin)
[STEP 5]: place_paper_bin(brl_robot, waste1, pp_bin)
[STEP 6]: pick(brl_robot, waste2)
[STEP 7]: place_gw_bin(brl_robot, waste2, gw_bin)
[STEP 8]: pick(brl_robot, waste4)
[STEP 9]: place_can_bin(brl_robot, waste4, ca_bin)
[STEP 10]: detect_waste(brl_robot)
[STEP 11]: detect_waste(brl_robot)
[STEP 12]: pick(brl_robot, waste3)
[STEP 13]: place_plastic_bin(brl_robot, waste3, pl_bin)
=============Final Knowledge=============
can(waste4)
can_bin(ca_bin)
general(waste2)
general_bin(gw_bin)
handempty(brl_robot)
in_bin(waste1,pp_bin)
in_bin(waste2,gw_bin)
in_bin(waste3,pl_bin)
in_bin(waste4,ca_bin)
paper(waste1)
paper_bin(pp_bin)
plastic(waste3)
plastic_bin(pl_bin)
robot(brl_robot)
waste(waste1)
waste(waste2)
waste(waste3)
waste(waste4)
=============Query=============
Total Query 4
=============Action Schema Summary=============
detect_waste: actions=3, questions=4, expected_questions_per_action=1.3333
pick: actions=4, questions=0, expected_questions_per_action=0.0000
place_can_bin: actions=1, questions=0, expected_questions_per_action=0.0000
place_gw_bin: actions=1, questions=0, expected_questions_per_action=0.0000
place_paper_bin: actions=3, questions=0, expected_questions_per_action=0.0000
place_plastic_bin: actions=1, questions=0, expected_questions_per_action=0.0000
=============Log File=============
/home/changmin/PyProject/00_BRL-CF/experiments_logs/system_log/e1_threshold/wastesorting/scene_01_step50/ours/oracle/tau_0-4/exp_wastesorting_20260804_075438_585836.txt
