Step: 1
[POMCP] applicable values:
        detect_waste(brl_robot): 3.73198793554723

[POMCP] Selected: detect_waste(brl_robot)
[POMCP] Average simulation time:  0.0141
[POMCP] Average select time:  0.0
[Planner] Selected action: detect_waste(brl_robot)
[Planner] Observation:  ['can(waste1)', 'can(waste2)', 'detected(waste1)', 'detected(waste2)', 'detected(waste3)', 'plastic(waste3)']
    [Feedback] method=ours-random-what, confidence=0.1948, threshold=0.8000, trigger=True
    [Planner] Current confidence: 0.19476824589063935
    [Query] Q: detected(waste3) is True?
    [Query] T: detected(waste3)=True?
    [Query] A: True
    [Planner] Reduced 625 --> 500
    [Planner] Current confidence: 0.20257987863512172
    [Query] Q: detected(waste1) is True?
    [Query] T: detected(waste1)=True?
    [Query] A: True
    [Planner] Reduced 500 --> 400
    [Planner] Current confidence: 0.2075177846034798
    [Query] Q: general(waste3) is True?
    [Query] T: general(waste3)=True?
    [Query] A: False
    [Planner] Reduced 400 --> 300
    [Planner] Current confidence: 0.21872777725307269
    [Query] Q: paper(waste3) is True?
    [Query] T: paper(waste3)=True?
    [Query] A: True
    [Planner] Reduced 300 --> 100
    [Planner] Current confidence: 0.2547401706354818
    [Query] Q: paper(waste2) is True?
    [Query] T: paper(waste2)=True?
    [Query] A: False
    [Planner] Reduced 100 --> 80
    [Planner] Current confidence: 0.2683997706749053
    [Query] Q: can(waste1) is True?
    [Query] T: can(waste1)=True?
    [Query] A: True
    [Planner] Reduced 80 --> 20
    [Planner] Current confidence: 0.2132696117633388
    [Query] Q: general(waste2) is True?
    [Query] T: general(waste2)=True?
    [Query] A: True
    [Planner] Reduced 20 --> 5
    [Planner] Current confidence: 0.3792700480096267
    [Query] Q: can(waste4) is True?
    [Query] T: can(waste4)=True?
    [Query] A: False
    [Planner] Reduced 5 --> 4
    [Planner] Current confidence: 0.42450882255465494
    [Query] Q: paper(waste4) is True?
    [Query] T: paper(waste4)=True?
    [Query] A: False
    [Planner] Reduced 4 --> 3
    [Planner] Current confidence: 0.481824835492799
    [Query] Q: detected(waste4) is True?
    [Query] T: detected(waste4)=True?
    [Query] A: False
    [Planner] Reduced 3 --> 1
    [Planner] Updated confidence: 1.0
    [Belief Diff]
      + add (6): can(waste1), detected(waste1), detected(waste2), detected(waste3), general(waste2), paper(waste3)
      - del (0): -
[TIME] step_total=1.5850s (search=1.4144s, execute=0.0062s, update=0.1269s, interaction=0.0372s, pruning=0.0004s, overhead=0.0001s)
==================

Step: 2
[POMCP] applicable values:
        detect_waste(brl_robot): 3.6725637868127543
        pick(brl_robot, waste1): 6.5088219133519205
        pick(brl_robot, waste2): 2.036265625
        pick(brl_robot, waste3): 3.359439370032534

[POMCP] Selected: pick(brl_robot, waste1)
[POMCP] Average simulation time:  0.0061
[POMCP] Average select time:  0.0
[Planner] Selected action: pick(brl_robot, waste1)
[Planner] Observation:  ['holding(brl_robot,waste1)']
    [Feedback] method=ours-random-what, confidence=0.9269, threshold=0.8000, trigger=False
    [Planner] Updated confidence: 0.9269455247038045
    [Belief Diff]
      + add (1): holding(brl_robot,waste1)
      - del (1): handempty(brl_robot)
[TIME] step_total=0.6146s (search=0.6140s, execute=0.0001s, update=0.0001s, interaction=0.0000s, pruning=0.0002s, overhead=0.0000s)
==================

Step: 3
[POMCP] applicable values:
        place_gw_bin(brl_robot, waste1, gw_bin): 3.151247048623046
        place_paper_bin(brl_robot, waste1, pp_bin): 3.8689046874999997
        place_can_bin(brl_robot, waste1, ca_bin): 11.589783657843785
        place_plastic_bin(brl_robot, waste1, pl_bin): 0.0

[POMCP] Selected: place_can_bin(brl_robot, waste1, ca_bin)
[POMCP] Average simulation time:  0.0018
[POMCP] Average select time:  0.0
[Planner] Selected action: place_can_bin(brl_robot, waste1, ca_bin)
[Planner] Observation:  []
    [Feedback] method=ours-random-what, confidence=0.5310, threshold=0.8000, trigger=True
    [Planner] Current confidence: 0.531033259510088
    [Query] Q: holding(brl_robot,waste1) is True?
    [Query] T: holding(brl_robot,waste1)=True?
    [Query] A: False
    [Planner] Reduced 2 --> 1
    [Planner] Updated confidence: 1.0
    [Belief Diff]
      + add (2): in_bin(waste1,ca_bin), handempty(brl_robot)
      - del (2): detected(waste1), holding(brl_robot,waste1)
[TIME] step_total=0.1762s (search=0.1757s, execute=0.0001s, update=0.0001s, interaction=0.0002s, pruning=0.0001s, overhead=0.0000s)
==================

Step: 4
[POMCP] applicable values:
        detect_waste(brl_robot): 2.9108078396722554
        pick(brl_robot, waste2): 0.0
        pick(brl_robot, waste3): 10.669341500132354

[POMCP] Selected: pick(brl_robot, waste3)
[POMCP] Average simulation time:  0.0017
[POMCP] Average select time:  0.0
[Planner] Selected action: pick(brl_robot, waste3)
[Planner] Observation:  ['holding(brl_robot,waste3)']
    [Feedback] method=ours-random-what, confidence=0.9613, threshold=0.8000, trigger=False
    [Planner] Updated confidence: 0.9612632315647048
    [Belief Diff]
      + add (1): holding(brl_robot,waste3)
      - del (1): handempty(brl_robot)
[TIME] step_total=0.1685s (search=0.1680s, execute=0.0001s, update=0.0001s, interaction=0.0000s, pruning=0.0003s, overhead=0.0000s)
==================

Step: 5
[POMCP] applicable values:
        place_gw_bin(brl_robot, waste3, gw_bin): 3.6754594531249998
        place_paper_bin(brl_robot, waste3, pp_bin): 12.673600513215364
        place_can_bin(brl_robot, waste3, ca_bin): 0.0
        place_plastic_bin(brl_robot, waste3, pl_bin): 0.0

[POMCP] Selected: place_paper_bin(brl_robot, waste3, pp_bin)
[POMCP] Average simulation time:  0.0017
[POMCP] Average select time:  0.0
[Planner] Selected action: place_paper_bin(brl_robot, waste3, pp_bin)
[Planner] Observation:  ['in_bin(waste3,pp_bin)', 'handempty(brl_robot)']
    [Feedback] method=ours-random-what, confidence=0.9923, threshold=0.8000, trigger=False
    [Planner] Updated confidence: 0.9922662131653374
    [Belief Diff]
      + add (2): in_bin(waste3,pp_bin), handempty(brl_robot)
      - del (2): holding(brl_robot,waste3), detected(waste3)
[TIME] step_total=0.1664s (search=0.1658s, execute=0.0002s, update=0.0001s, interaction=0.0000s, pruning=0.0002s, overhead=0.0000s)
==================

Step: 6
[POMCP] applicable values:
        detect_waste(brl_robot): 0.0
        pick(brl_robot, waste2): 8.986450723393792

[POMCP] Selected: pick(brl_robot, waste2)
[POMCP] Average simulation time:  0.0018
[POMCP] Average select time:  0.0
[Planner] Selected action: pick(brl_robot, waste2)
[Planner] Observation:  ['holding(brl_robot,waste2)']
    [Feedback] method=ours-random-what, confidence=0.8794, threshold=0.8000, trigger=False
    [Planner] Updated confidence: 0.8793770445129544
    [Belief Diff]
      + add (1): holding(brl_robot,waste2)
      - del (1): handempty(brl_robot)
[TIME] step_total=0.1802s (search=0.1798s, execute=0.0001s, update=0.0001s, interaction=0.0000s, pruning=0.0001s, overhead=0.0000s)
==================

Step: 7
[POMCP] applicable values:
        place_gw_bin(brl_robot, waste2, gw_bin): 11.217763754073296
        place_paper_bin(brl_robot, waste2, pp_bin): 0.0
        place_can_bin(brl_robot, waste2, ca_bin): 0.0
        place_plastic_bin(brl_robot, waste2, pl_bin): 0.0

[POMCP] Selected: place_gw_bin(brl_robot, waste2, gw_bin)
[POMCP] Average simulation time:  0.0017
[POMCP] Average select time:  0.0
[Planner] Selected action: place_gw_bin(brl_robot, waste2, gw_bin)
[Planner] Observation:  ['in_bin(waste2,gw_bin)', 'handempty(brl_robot)']
    [Feedback] method=ours-random-what, confidence=0.9979, threshold=0.8000, trigger=False
    [Planner] Updated confidence: 0.9978890373830555
    [Belief Diff]
      + add (2): in_bin(waste2,gw_bin), handempty(brl_robot)
      - del (2): detected(waste2), holding(brl_robot,waste2)
[TIME] step_total=0.1706s (search=0.1701s, execute=0.0002s, update=0.0001s, interaction=0.0000s, pruning=0.0002s, overhead=0.0000s)
==================

Step: 8
[POMCP] applicable values:
        detect_waste(brl_robot): 7.413687951366121

[POMCP] Selected: detect_waste(brl_robot)
[POMCP] Average simulation time:  0.0017
[POMCP] Average select time:  0.0001
[Planner] Selected action: detect_waste(brl_robot)
[Planner] Observation:  ['can(waste4)', 'detected(waste4)']
    [Feedback] method=ours-random-what, confidence=0.4607, threshold=0.8000, trigger=True
    [Planner] Current confidence: 0.46065453857815164
    [Query] Q: paper(waste4) is True?
    [Query] T: paper(waste4)=True?
    [Query] A: False
    [Planner] Reduced 5 --> 4
    [Planner] Current confidence: 0.5055843517569574
    [Query] Q: plastic(waste4) is True?
    [Query] T: plastic(waste4)=True?
    [Query] A: False
    [Planner] Reduced 4 --> 3
    [Planner] Current confidence: 0.5606300617198303
    [Query] Q: can(waste4) is True?
    [Query] T: can(waste4)=True?
    [Query] A: True
    [Planner] Reduced 3 --> 1
    [Planner] Updated confidence: 1.0
    [Belief Diff]
      + add (2): can(waste4), detected(waste4)
      - del (0): -
[TIME] step_total=0.1819s (search=0.1750s, execute=0.0038s, update=0.0008s, interaction=0.0004s, pruning=0.0018s, overhead=0.0001s)
==================

Step: 9
[POMCP] applicable values:
        detect_waste(brl_robot): 0.0
        pick(brl_robot, waste4): 12.895046562097287

[POMCP] Selected: pick(brl_robot, waste4)
[POMCP] Average simulation time:  0.0018
[POMCP] Average select time:  0.0
[Planner] Selected action: pick(brl_robot, waste4)
[Planner] Observation:  ['holding(brl_robot,waste4)']
    [Feedback] method=ours-random-what, confidence=0.9822, threshold=0.8000, trigger=False
    [Planner] Updated confidence: 0.9822477295848824
    [Belief Diff]
      + add (1): holding(brl_robot,waste4)
      - del (1): handempty(brl_robot)
[TIME] step_total=0.1806s (search=0.1801s, execute=0.0002s, update=0.0001s, interaction=0.0000s, pruning=0.0001s, overhead=0.0001s)
==================

Step: 10
[POMCP] applicable values:
        place_gw_bin(brl_robot, waste4, gw_bin): 0.0
        place_paper_bin(brl_robot, waste4, pp_bin): 0.0
        place_can_bin(brl_robot, waste4, ca_bin): 14.656272563176893
        place_plastic_bin(brl_robot, waste4, pl_bin): 0.0

[POMCP] Selected: place_can_bin(brl_robot, waste4, ca_bin)
[POMCP] Average simulation time:  0.0018
[POMCP] Average select time:  0.0
[Planner] Selected action: place_can_bin(brl_robot, waste4, ca_bin)
[Planner] Observation:  ['in_bin(waste4,ca_bin)', 'handempty(brl_robot)']
    [Feedback] method=ours-random-what, confidence=0.9893, threshold=0.8000, trigger=False
    [Planner] Updated confidence: 0.9892623920365593
    [Belief Diff]
      + add (2): in_bin(waste4,ca_bin), handempty(brl_robot)
      - del (2): detected(waste4), holding(brl_robot,waste4)
[TIME] step_total=0.1757s (search=0.1754s, execute=0.0002s, update=0.0001s, interaction=0.0000s, pruning=0.0000s, overhead=0.0001s)
[TIME SUMMARY]
avg search: 0.3418s
avg execute: 0.0011s
avg update: 0.0128s
avg interaction: 0.0038s
avg pruning: 0.0003s
avg step wall: 0.3600s
total wall clock: 3.5998s
=============Action Log=============
[STEP 1]: detect_waste(brl_robot)
[STEP 2]: pick(brl_robot, waste1)
[STEP 3]: place_can_bin(brl_robot, waste1, ca_bin)
[STEP 4]: pick(brl_robot, waste3)
[STEP 5]: place_paper_bin(brl_robot, waste3, pp_bin)
[STEP 6]: pick(brl_robot, waste2)
[STEP 7]: place_gw_bin(brl_robot, waste2, gw_bin)
[STEP 8]: detect_waste(brl_robot)
[STEP 9]: pick(brl_robot, waste4)
[STEP 10]: place_can_bin(brl_robot, waste4, ca_bin)
=============Final Knowledge=============
can(waste1)
can(waste4)
can_bin(ca_bin)
general(waste2)
general_bin(gw_bin)
handempty(brl_robot)
in_bin(waste1,ca_bin)
in_bin(waste2,gw_bin)
in_bin(waste3,pp_bin)
in_bin(waste4,ca_bin)
paper(waste3)
paper_bin(pp_bin)
plastic_bin(pl_bin)
robot(brl_robot)
waste(waste1)
waste(waste2)
waste(waste3)
waste(waste4)
=============Query=============
Total Query 14
=============Action Schema Summary=============
detect_waste: actions=2, questions=13, expected_questions_per_action=6.5000
pick: actions=4, questions=0, expected_questions_per_action=0.0000
place_can_bin: actions=2, questions=1, expected_questions_per_action=0.5000
place_gw_bin: actions=1, questions=0, expected_questions_per_action=0.0000
place_paper_bin: actions=1, questions=0, expected_questions_per_action=0.0000
=============Log File=============
/home/changmin/PyProject/00_BRL-CF/experiments_logs/system_log/e2_ablation/wastesorting/scene_02_step50/ours-random-what/oracle/exp_wastesorting_20260804_150600_432440.txt
