Step: 1
[POMCP] applicable values:
        detect_waste(brl_robot): 3.8375992512860235

[POMCP] Selected: detect_waste(brl_robot)
[POMCP] Average simulation time:  0.0137
[POMCP] Average select time:  0.0
[Planner] Selected action: detect_waste(brl_robot)
[Planner] Observation:  ['detected(waste1)', 'detected(waste2)', 'paper(waste1)', 'paper(waste2)']
    [Feedback] method=ours-random-what, confidence=0.3228, threshold=0.8000, trigger=True
    [Planner] Current confidence: 0.322757795761502
    [Query] Q: paper(waste3) is True?
    [Query] T: paper(waste3)=True?
    [Query] A: False
    [Planner] Reduced 625 --> 500
    [Planner] Current confidence: 0.3306341254959114
    [Query] Q: general(waste1) is True?
    [Query] T: general(waste1)=True?
    [Query] A: False
    [Planner] Reduced 500 --> 400
    [Planner] Current confidence: 0.33786337070159633
    [Query] Q: plastic(waste2) is True?
    [Query] T: plastic(waste2)=True?
    [Query] A: False
    [Planner] Reduced 400 --> 320
    [Planner] Current confidence: 0.3525166711486395
    [Query] Q: can(waste1) is True?
    [Query] T: can(waste1)=True?
    [Query] A: False
    [Planner] Reduced 320 --> 240
    [Planner] Current confidence: 0.35810592323626766
    [Query] Q: general(waste4) is True?
    [Query] T: general(waste4)=True?
    [Query] A: False
    [Planner] Reduced 240 --> 192
    [Planner] Current confidence: 0.36905027473309127
    [Query] Q: general(waste2) is True?
    [Query] T: general(waste2)=True?
    [Query] A: False
    [Planner] Reduced 192 --> 144
    [Planner] Current confidence: 0.39065380136521266
    [Query] Q: general(waste3) is True?
    [Query] T: general(waste3)=True?
    [Query] A: False
    [Planner] Reduced 144 --> 108
    [Planner] Current confidence: 0.4019495806980822
    [Query] Q: detected(waste3) is True?
    [Query] T: detected(waste3)=True?
    [Query] A: False
    [Planner] Reduced 108 --> 36
    [Planner] Current confidence: 0.3772737870740617
    [Query] Q: paper(waste1) is True?
    [Query] T: paper(waste1)=True?
    [Query] A: True
    [Planner] Reduced 36 --> 12
    [Planner] Current confidence: 0.3156765396234449
    [Query] Q: can(waste2) is True?
    [Query] T: can(waste2)=True?
    [Query] A: False
    [Planner] Reduced 12 --> 8
    [Planner] Current confidence: 0.36333497755221333
    [Query] Q: detected(waste4) is True?
    [Query] T: detected(waste4)=True?
    [Query] A: False
    [Planner] Reduced 8 --> 2
    [Planner] Current confidence: 0.2409584471834938
    [Query] Q: paper(waste2) is True?
    [Query] T: paper(waste2)=True?
    [Query] A: True
    [Planner] Reduced 2 --> 1
    [Planner] Updated confidence: 1.0
    [Belief Diff]
      + add (4): detected(waste1), detected(waste2), paper(waste1), paper(waste2)
      - del (0): -
[TIME] step_total=1.5564s (search=1.3749s, execute=0.0068s, update=0.1272s, interaction=0.0470s, pruning=0.0004s, overhead=0.0001s)
==================

Step: 2
[POMCP] applicable values:
        detect_waste(brl_robot): 4.251038825062418
        pick(brl_robot, waste1): 0.0
        pick(brl_robot, waste2): 3.0522111225639157

[POMCP] Selected: detect_waste(brl_robot)
[POMCP] Average simulation time:  0.0134
[POMCP] Average select time:  0.0
[Planner] Selected action: detect_waste(brl_robot)
[Planner] Observation:  ['detected(waste1)', 'detected(waste2)', 'paper(waste1)', 'paper(waste2)']
    [Feedback] method=ours-random-what, confidence=0.4908, threshold=0.8000, trigger=True
    [Planner] Current confidence: 0.49076459211522105
    [Query] Q: can(waste2) is True?
    [Query] T: can(waste2)=True?
    [Query] A: False
    [Planner] Reduced 400 --> 300
    [Planner] Current confidence: 0.4872234023275739
    [Query] Q: can(waste3) is True?
    [Query] T: can(waste3)=True?
    [Query] A: False
    [Planner] Reduced 300 --> 240
    [Planner] Current confidence: 0.5029718177853864
    [Query] Q: paper(waste3) is True?
    [Query] T: paper(waste3)=True?
    [Query] A: False
    [Planner] Reduced 240 --> 180
    [Planner] Current confidence: 0.5193479987164173
    [Query] Q: paper(waste2) is True?
    [Query] T: paper(waste2)=True?
    [Query] A: True
    [Planner] Reduced 180 --> 60
    [Planner] Current confidence: 0.45763932955224795
    [Query] Q: detected(waste4) is True?
    [Query] T: detected(waste4)=True?
    [Query] A: False
    [Planner] Reduced 60 --> 12
    [Planner] Current confidence: 0.5082263951101635
    [Query] Q: general(waste1) is True?
    [Query] T: general(waste1)=True?
    [Query] A: False
    [Planner] Reduced 12 --> 9
    [Planner] Current confidence: 0.5324416407154933
    [Query] Q: plastic(waste1) is True?
    [Query] T: plastic(waste1)=True?
    [Query] A: False
    [Planner] Reduced 9 --> 6
    [Planner] Current confidence: 0.5472808899375101
    [Query] Q: detected(waste3) is True?
    [Query] T: detected(waste3)=True?
    [Query] A: False
    [Planner] Reduced 6 --> 2
    [Planner] Current confidence: 0.6510118811658032
    [Query] Q: paper(waste1) is True?
    [Query] T: paper(waste1)=True?
    [Query] A: True
    [Planner] Reduced 2 --> 1
    [Planner] Updated confidence: 1.0
    [Belief Diff]
      + add (0): -
      - del (0): -
[TIME] step_total=1.4597s (search=1.3431s, execute=0.0068s, update=0.0879s, interaction=0.0215s, pruning=0.0004s, overhead=0.0001s)
==================

Step: 3
[POMCP] applicable values:
        detect_waste(brl_robot): 3.7083748771877523
        pick(brl_robot, waste1): 0.0
        pick(brl_robot, waste2): 0.0

[POMCP] Selected: detect_waste(brl_robot)
[POMCP] Average simulation time:  0.0142
[POMCP] Average select time:  0.0
[Planner] Selected action: detect_waste(brl_robot)
[Planner] Observation:  ['detected(waste1)', 'detected(waste2)', 'general(waste1)', 'paper(waste2)']
    [Feedback] method=ours-random-what, confidence=0.3539, threshold=0.8000, trigger=True
    [Planner] Current confidence: 0.3539172554062946
    [Query] Q: general(waste1) is True?
    [Query] T: general(waste1)=True?
    [Query] A: False
    [Planner] Reduced 400 --> 300
    [Planner] Current confidence: 0.3702874350017049
    [Query] Q: general(waste3) is True?
    [Query] T: general(waste3)=True?
    [Query] A: False
    [Planner] Reduced 300 --> 240
    [Planner] Current confidence: 0.38126217331171175
    [Query] Q: paper(waste4) is True?
    [Query] T: paper(waste4)=True?
    [Query] A: False
    [Planner] Reduced 240 --> 192
    [Planner] Current confidence: 0.39318973619172226
    [Query] Q: detected(waste3) is True?
    [Query] T: detected(waste3)=True?
    [Query] A: False
    [Planner] Reduced 192 --> 48
    [Planner] Current confidence: 0.3816248561266733
    [Query] Q: general(waste4) is True?
    [Query] T: general(waste4)=True?
    [Query] A: False
    [Planner] Reduced 48 --> 36
    [Planner] Current confidence: 0.39572318171357823
    [Query] Q: plastic(waste4) is True?
    [Query] T: plastic(waste4)=True?
    [Query] A: False
    [Planner] Reduced 36 --> 24
    [Planner] Current confidence: 0.4012669958439754
    [Query] Q: general(waste2) is True?
    [Query] T: general(waste2)=True?
    [Query] A: False
    [Planner] Reduced 24 --> 18
    [Planner] Current confidence: 0.4004445221126026
    [Query] Q: paper(waste2) is True?
    [Query] T: paper(waste2)=True?
    [Query] A: True
    [Planner] Reduced 18 --> 6
    [Planner] Current confidence: 0.24866416408032244
    [Query] Q: detected(waste4) is True?
    [Query] T: detected(waste4)=True?
    [Query] A: False
    [Planner] Reduced 6 --> 3
    [Planner] Current confidence: 0.05363267636450386
    [Query] Q: can(waste1) is True?
    [Query] T: can(waste1)=True?
    [Query] A: False
    [Planner] Reduced 3 --> 2
    [Planner] Current confidence: 0.08173301952172718
    [Query] Q: plastic(waste1) is True?
    [Query] T: plastic(waste1)=True?
    [Query] A: False
    [Planner] Reduced 2 --> 1
    [Planner] Updated confidence: 1.0
    [Belief Diff]
      + add (0): -
      - del (0): -
[TIME] step_total=1.5418s (search=1.4231s, execute=0.0067s, update=0.0881s, interaction=0.0235s, pruning=0.0004s, overhead=0.0001s)
==================

Step: 4
[POMCP] applicable values:
        detect_waste(brl_robot): 3.575907826186528
        pick(brl_robot, waste1): 1.2833552081987623
        pick(brl_robot, waste2): 0.0

[POMCP] Selected: detect_waste(brl_robot)
[POMCP] Average simulation time:  0.0154
[POMCP] Average select time:  0.0001
[Planner] Selected action: detect_waste(brl_robot)
[Planner] Observation:  ['detected(waste1)', 'detected(waste2)', 'paper(waste1)', 'paper(waste2)']
    [Feedback] method=ours-random-what, confidence=0.4619, threshold=0.8000, trigger=True
    [Planner] Current confidence: 0.4618771735238669
    [Query] Q: paper(waste3) is True?
    [Query] T: paper(waste3)=True?
    [Query] A: False
    [Planner] Reduced 400 --> 320
    [Planner] Current confidence: 0.475827800962048
    [Query] Q: can(waste3) is True?
    [Query] T: can(waste3)=True?
    [Query] A: False
    [Planner] Reduced 320 --> 240
    [Planner] Current confidence: 0.48988563355300097
    [Query] Q: paper(waste4) is True?
    [Query] T: paper(waste4)=True?
    [Query] A: False
    [Planner] Reduced 240 --> 192
    [Planner] Current confidence: 0.5064296902722021
    [Query] Q: can(waste2) is True?
    [Query] T: can(waste2)=True?
    [Query] A: False
    [Planner] Reduced 192 --> 144
    [Planner] Current confidence: 0.5076196376426368
    [Query] Q: general(waste2) is True?
    [Query] T: general(waste2)=True?
    [Query] A: False
    [Planner] Reduced 144 --> 96
    [Planner] Current confidence: 0.4985878927450337
    [Query] Q: plastic(waste4) is True?
    [Query] T: plastic(waste4)=True?
    [Query] A: False
    [Planner] Reduced 96 --> 72
    [Planner] Current confidence: 0.518244551742003
    [Query] Q: plastic(waste3) is True?
    [Query] T: plastic(waste3)=True?
    [Query] A: False
    [Planner] Reduced 72 --> 48
    [Planner] Current confidence: 0.535600986032819
    [Query] Q: general(waste1) is True?
    [Query] T: general(waste1)=True?
    [Query] A: False
    [Planner] Reduced 48 --> 36
    [Planner] Current confidence: 0.5592042120412263
    [Query] Q: can(waste4) is True?
    [Query] T: can(waste4)=True?
    [Query] A: False
    [Planner] Reduced 36 --> 24
    [Planner] Current confidence: 0.5856066547178971
    [Query] Q: plastic(waste2) is True?
    [Query] T: plastic(waste2)=True?
    [Query] A: False
    [Planner] Reduced 24 --> 12
    [Planner] Current confidence: 0.5386413771939168
    [Query] Q: can(waste1) is True?
    [Query] T: can(waste1)=True?
    [Query] A: False
    [Planner] Reduced 12 --> 8
    [Planner] Current confidence: 0.5679671557415558
    [Query] Q: general(waste3) is True?
    [Query] T: general(waste3)=True?
    [Query] A: False
    [Planner] Reduced 8 --> 4
    [Planner] Current confidence: 0.573052699140469
    [Query] Q: general(waste4) is True?
    [Query] T: general(waste4)=True?
    [Query] A: False
    [Planner] Reduced 4 --> 2
    [Planner] Current confidence: 0.5883380691780868
    [Query] Q: paper(waste1) is True?
    [Query] T: paper(waste1)=True?
    [Query] A: True
    [Planner] Reduced 2 --> 1
    [Planner] Updated confidence: 1.0
    [Belief Diff]
      + add (0): -
      - del (0): -
[TIME] step_total=1.6664s (search=1.5353s, execute=0.0070s, update=0.0878s, interaction=0.0359s, pruning=0.0004s, overhead=0.0001s)
==================

Step: 5
[POMCP] applicable values:
        detect_waste(brl_robot): 4.047085875914469
        pick(brl_robot, waste1): 0.0
        pick(brl_robot, waste2): 0.0

[POMCP] Selected: detect_waste(brl_robot)
[POMCP] Average simulation time:  0.0152
[POMCP] Average select time:  0.0
[Planner] Selected action: detect_waste(brl_robot)
[Planner] Observation:  ['can(waste2)', 'detected(waste1)', 'detected(waste2)', 'paper(waste1)']
    [Feedback] method=ours-random-what, confidence=0.3368, threshold=0.8000, trigger=True
    [Planner] Current confidence: 0.3367714390155663
    [Query] Q: plastic(waste2) is True?
    [Query] T: plastic(waste2)=True?
    [Query] A: False
    [Planner] Reduced 400 --> 300
    [Planner] Current confidence: 0.3514403012855417
    [Query] Q: detected(waste3) is True?
    [Query] T: detected(waste3)=True?
    [Query] A: False
    [Planner] Reduced 300 --> 60
    [Planner] Current confidence: 0.33994609747332993
    [Query] Q: plastic(waste1) is True?
    [Query] T: plastic(waste1)=True?
    [Query] A: False
    [Planner] Reduced 60 --> 45
    [Planner] Current confidence: 0.3408256277014
    [Query] Q: paper(waste4) is True?
    [Query] T: paper(waste4)=True?
    [Query] A: False
    [Planner] Reduced 45 --> 36
    [Planner] Current confidence: 0.355910219158299
    [Query] Q: detected(waste4) is True?
    [Query] T: detected(waste4)=True?
    [Query] A: False
    [Planner] Reduced 36 --> 9
    [Planner] Current confidence: 0.31252494025823974
    [Query] Q: paper(waste2) is True?
    [Query] T: paper(waste2)=True?
    [Query] A: True
    [Planner] Reduced 9 --> 3
    [Planner] Current confidence: 0.5866691006203739
    [Query] Q: can(waste1) is True?
    [Query] T: can(waste1)=True?
    [Query] A: False
    [Planner] Reduced 3 --> 2
    [Planner] Current confidence: 0.6542824787022876
    [Query] Q: general(waste1) is True?
    [Query] T: general(waste1)=True?
    [Query] A: False
    [Planner] Reduced 2 --> 1
    [Planner] Updated confidence: 1.0
    [Belief Diff]
      + add (0): -
      - del (0): -
[TIME] step_total=1.6261s (search=1.5160s, execute=0.0067s, update=0.0867s, interaction=0.0161s, pruning=0.0004s, overhead=0.0001s)
==================

Step: 6
[POMCP] applicable values:
        detect_waste(brl_robot): 0.0
        pick(brl_robot, waste1): 8.389413814663303
        pick(brl_robot, waste2): 3.288707613337053

[POMCP] Selected: pick(brl_robot, waste1)
[POMCP] Average simulation time:  0.0035
[POMCP] Average select time:  0.0
[Planner] Selected action: pick(brl_robot, waste1)
[Planner] Observation:  ['holding(brl_robot,waste1)']
    [Feedback] method=ours-random-what, confidence=0.9061, threshold=0.8000, trigger=False
    [Planner] Updated confidence: 0.9061151783146735
    [Belief Diff]
      + add (1): holding(brl_robot,waste1)
      - del (1): handempty(brl_robot)
[TIME] step_total=0.3464s (search=0.3459s, execute=0.0002s, update=0.0001s, interaction=0.0000s, pruning=0.0001s, overhead=0.0000s)
==================

Step: 7
[POMCP] applicable values:
        place_gw_bin(brl_robot, waste1, gw_bin): 3.8689046874999997
        place_paper_bin(brl_robot, waste1, pp_bin): 10.296155700544297
        place_can_bin(brl_robot, waste1, ca_bin): 0.0
        place_plastic_bin(brl_robot, waste1, pl_bin): 0.0

[POMCP] Selected: place_paper_bin(brl_robot, waste1, pp_bin)
[POMCP] Average simulation time:  0.0023
[POMCP] Average select time:  0.0
[Planner] Selected action: place_paper_bin(brl_robot, waste1, pp_bin)
[Planner] Observation:  ['in_bin(waste1,pp_bin)', 'handempty(brl_robot)']
    [Feedback] method=ours-random-what, confidence=0.9841, threshold=0.8000, trigger=False
    [Planner] Updated confidence: 0.9841140919651921
    [Belief Diff]
      + add (2): in_bin(waste1,pp_bin), handempty(brl_robot)
      - del (2): detected(waste1), holding(brl_robot,waste1)
[TIME] step_total=0.2276s (search=0.2271s, execute=0.0001s, update=0.0001s, interaction=0.0000s, pruning=0.0002s, overhead=0.0000s)
==================

Step: 8
[POMCP] applicable values:
        detect_waste(brl_robot): 0.0
        pick(brl_robot, waste2): 6.587963272076246

[POMCP] Selected: pick(brl_robot, waste2)
[POMCP] Average simulation time:  0.0019
[POMCP] Average select time:  0.0
[Planner] Selected action: pick(brl_robot, waste2)
[Planner] Observation:  ['holding(brl_robot,waste2)']
    [Feedback] method=ours-random-what, confidence=0.9526, threshold=0.8000, trigger=False
    [Planner] Updated confidence: 0.9525729054055863
    [Belief Diff]
      + add (1): holding(brl_robot,waste2)
      - del (1): handempty(brl_robot)
[TIME] step_total=0.1917s (search=0.1913s, execute=0.0001s, update=0.0001s, interaction=0.0000s, pruning=0.0002s, overhead=0.0000s)
==================

Step: 9
[POMCP] applicable values:
        place_gw_bin(brl_robot, waste2, gw_bin): 0.0
        place_paper_bin(brl_robot, waste2, pp_bin): 7.2676798572618315
        place_can_bin(brl_robot, waste2, ca_bin): 3.5835729667968748
        place_plastic_bin(brl_robot, waste2, pl_bin): 3.752846031315104

[POMCP] Selected: place_paper_bin(brl_robot, waste2, pp_bin)
[POMCP] Average simulation time:  0.0019
[POMCP] Average select time:  0.0001
[Planner] Selected action: place_paper_bin(brl_robot, waste2, pp_bin)
[Planner] Observation:  ['in_bin(waste2,pp_bin)', 'handempty(brl_robot)']
    [Feedback] method=ours-random-what, confidence=0.9950, threshold=0.8000, trigger=False
    [Planner] Updated confidence: 0.9950064361832907
    [Belief Diff]
      + add (2): in_bin(waste2,pp_bin), handempty(brl_robot)
      - del (2): detected(waste2), holding(brl_robot,waste2)
[TIME] step_total=0.1897s (search=0.1891s, execute=0.0002s, update=0.0001s, interaction=0.0000s, pruning=0.0003s, overhead=0.0000s)
==================

Step: 10
[POMCP] applicable values:
        detect_waste(brl_robot): 2.9680286682191

[POMCP] Selected: detect_waste(brl_robot)
[POMCP] Average simulation time:  0.002
[POMCP] Average select time:  0.0
[Planner] Selected action: detect_waste(brl_robot)
[Planner] Observation:  ['detected(waste3)', 'detected(waste4)', 'general(waste4)', 'paper(waste3)']
    [Feedback] method=ours-random-what, confidence=0.1278, threshold=0.8000, trigger=True
    [Planner] Current confidence: 0.12780796218595725
    [Query] Q: general(waste4) is True?
    [Query] T: general(waste4)=True?
    [Query] A: True
    [Planner] Reduced 25 --> 5
    [Planner] Current confidence: 0.020030972041384376
    [Query] Q: general(waste3) is True?
    [Query] T: general(waste3)=True?
    [Query] A: False
    [Planner] Reduced 5 --> 4
    [Planner] Current confidence: 0.026081616469259217
    [Query] Q: paper(waste3) is True?
    [Query] T: paper(waste3)=True?
    [Query] A: False
    [Planner] Reduced 4 --> 3
    [Planner] Current confidence: 2.730676719919778e-05
    [Query] Q: plastic(waste3) is True?
    [Query] T: plastic(waste3)=True?
    [Query] A: False
    [Planner] Reduced 3 --> 2
    [Planner] Current confidence: 2.8853612282553343e-05
    [Query] Q: detected(waste3) is True?
    [Query] T: detected(waste3)=True?
    [Query] A: True
    [Planner] Reduced 2 --> 1
    [Planner] Updated confidence: 1.0
    [Belief Diff]
      + add (4): can(waste3), detected(waste3), detected(waste4), general(waste4)
      - del (0): -
[TIME] step_total=0.2116s (search=0.2017s, execute=0.0033s, update=0.0041s, interaction=0.0010s, pruning=0.0014s, overhead=0.0001s)
==================

Step: 11
[POMCP] applicable values:
        detect_waste(brl_robot): 0.0
        pick(brl_robot, waste3): 0.0
        pick(brl_robot, waste4): 7.768724402471186

[POMCP] Selected: pick(brl_robot, waste4)
[POMCP] Average simulation time:  0.0016
[POMCP] Average select time:  0.0
[Planner] Selected action: pick(brl_robot, waste4)
[Planner] Observation:  ['holding(brl_robot,waste4)']
    [Feedback] method=ours-random-what, confidence=0.9543, threshold=0.8000, trigger=False
    [Planner] Updated confidence: 0.9543107186859336
    [Belief Diff]
      + add (1): holding(brl_robot,waste4)
      - del (1): handempty(brl_robot)
[TIME] step_total=0.1580s (search=0.1576s, execute=0.0002s, update=0.0001s, interaction=0.0000s, pruning=0.0001s, overhead=0.0001s)
==================

Step: 12
[POMCP] applicable values:
        place_gw_bin(brl_robot, waste4, gw_bin): 10.52625319100798
        place_paper_bin(brl_robot, waste4, pp_bin): 0.0
        place_can_bin(brl_robot, waste4, ca_bin): 0.0
        place_plastic_bin(brl_robot, waste4, pl_bin): 0.0

[POMCP] Selected: place_gw_bin(brl_robot, waste4, gw_bin)
[POMCP] Average simulation time:  0.0018
[POMCP] Average select time:  0.0
[Planner] Selected action: place_gw_bin(brl_robot, waste4, gw_bin)
[Planner] Observation:  ['in_bin(waste4,gw_bin)', 'handempty(brl_robot)']
    [Feedback] method=ours-random-what, confidence=0.9919, threshold=0.8000, trigger=False
    [Planner] Updated confidence: 0.9919093929587848
    [Belief Diff]
      + add (2): in_bin(waste4,gw_bin), handempty(brl_robot)
      - del (2): detected(waste4), holding(brl_robot,waste4)
[TIME] step_total=0.1815s (search=0.1811s, execute=0.0002s, update=0.0001s, interaction=0.0000s, pruning=0.0001s, overhead=0.0001s)
==================

Step: 13
[POMCP] applicable values:
        detect_waste(brl_robot): 6.610343662344942
        pick(brl_robot, waste3): 0.0

[POMCP] Selected: detect_waste(brl_robot)
[POMCP] Average simulation time:  0.0018
[POMCP] Average select time:  0.0
[Planner] Selected action: detect_waste(brl_robot)
[Planner] Observation:  ['can(waste3)', 'detected(waste3)']
    [Feedback] method=ours-random-what, confidence=0.6016, threshold=0.8000, trigger=True
    [Planner] Current confidence: 0.6015707644837319
    [Query] Q: can(waste3) is True?
    [Query] T: can(waste3)=True?
    [Query] A: True
    [Planner] Reduced 4 --> 1
    [Planner] Updated confidence: 1.0
    [Belief Diff]
      + add (0): -
      - del (0): -
[TIME] step_total=0.1889s (search=0.1829s, execute=0.0041s, update=0.0007s, interaction=0.0002s, pruning=0.0010s, overhead=0.0001s)
==================

Step: 14
[POMCP] applicable values:
        detect_waste(brl_robot): 8.09617629386982
        pick(brl_robot, waste3): 0.0

[POMCP] Selected: detect_waste(brl_robot)
[POMCP] Average simulation time:  0.0018
[POMCP] Average select time:  0.0
[Planner] Selected action: detect_waste(brl_robot)
[Planner] Observation:  ['can(waste3)', 'detected(waste3)']
    [Feedback] method=ours-random-what, confidence=0.3136, threshold=0.8000, trigger=True
    [Planner] Current confidence: 0.3135655805881534
    [Query] Q: can(waste3) is True?
    [Query] T: can(waste3)=True?
    [Query] A: True
    [Planner] Reduced 4 --> 1
    [Planner] Updated confidence: 1.0
    [Belief Diff]
      + add (0): -
      - del (0): -
[TIME] step_total=0.1823s (search=0.1769s, execute=0.0039s, update=0.0006s, interaction=0.0002s, pruning=0.0006s, overhead=0.0001s)
==================

Step: 15
[POMCP] applicable values:
        detect_waste(brl_robot): 0.0
        pick(brl_robot, waste3): 12.924816677807483

[POMCP] Selected: pick(brl_robot, waste3)
[POMCP] Average simulation time:  0.0019
[POMCP] Average select time:  0.0
[Planner] Selected action: pick(brl_robot, waste3)
[Planner] Observation:  ['holding(brl_robot,waste3)']
    [Feedback] method=ours-random-what, confidence=0.9733, threshold=0.8000, trigger=False
    [Planner] Updated confidence: 0.9732844572286589
    [Belief Diff]
      + add (1): holding(brl_robot,waste3)
      - del (1): handempty(brl_robot)
[TIME] step_total=0.1902s (search=0.1895s, execute=0.0002s, update=0.0001s, interaction=0.0000s, pruning=0.0002s, overhead=0.0001s)
==================

Step: 16
[POMCP] applicable values:
        place_gw_bin(brl_robot, waste3, gw_bin): 0.0
        place_paper_bin(brl_robot, waste3, pp_bin): 0.0
        place_can_bin(brl_robot, waste3, ca_bin): 14.647727272727268
        place_plastic_bin(brl_robot, waste3, pl_bin): 7.125

[POMCP] Selected: place_can_bin(brl_robot, waste3, ca_bin)
[POMCP] Average simulation time:  0.0019
[POMCP] Average select time:  0.0
[Planner] Selected action: place_can_bin(brl_robot, waste3, ca_bin)
[Planner] Observation:  ['in_bin(waste3,ca_bin)', 'handempty(brl_robot)']
    [Feedback] method=ours-random-what, confidence=0.9819, threshold=0.8000, trigger=False
    [Planner] Updated confidence: 0.981893504248323
    [Belief Diff]
      + add (2): in_bin(waste3,ca_bin), handempty(brl_robot)
      - del (2): holding(brl_robot,waste3), detected(waste3)
[TIME] step_total=0.1907s (search=0.1904s, execute=0.0002s, update=0.0001s, interaction=0.0000s, pruning=0.0000s, overhead=0.0001s)
[TIME SUMMARY]
avg search: 0.5891s
avg execute: 0.0029s
avg update: 0.0302s
avg interaction: 0.0091s
avg pruning: 0.0004s
avg step wall: 0.6318s
total wall clock: 10.1092s
=============Action Log=============
[STEP 1]: detect_waste(brl_robot)
[STEP 2]: detect_waste(brl_robot)
[STEP 3]: detect_waste(brl_robot)
[STEP 4]: detect_waste(brl_robot)
[STEP 5]: detect_waste(brl_robot)
[STEP 6]: pick(brl_robot, waste1)
[STEP 7]: place_paper_bin(brl_robot, waste1, pp_bin)
[STEP 8]: pick(brl_robot, waste2)
[STEP 9]: place_paper_bin(brl_robot, waste2, pp_bin)
[STEP 10]: detect_waste(brl_robot)
[STEP 11]: pick(brl_robot, waste4)
[STEP 12]: place_gw_bin(brl_robot, waste4, gw_bin)
[STEP 13]: detect_waste(brl_robot)
[STEP 14]: detect_waste(brl_robot)
[STEP 15]: pick(brl_robot, waste3)
[STEP 16]: place_can_bin(brl_robot, waste3, ca_bin)
=============Final Knowledge=============
can(waste3)
can_bin(ca_bin)
general(waste4)
general_bin(gw_bin)
handempty(brl_robot)
in_bin(waste1,pp_bin)
in_bin(waste2,pp_bin)
in_bin(waste3,ca_bin)
in_bin(waste4,gw_bin)
paper(waste1)
paper(waste2)
paper_bin(pp_bin)
plastic_bin(pl_bin)
robot(brl_robot)
waste(waste1)
waste(waste2)
waste(waste3)
waste(waste4)
=============Query=============
Total Query 61
=============Action Schema Summary=============
detect_waste: actions=8, questions=61, expected_questions_per_action=7.6250
pick: actions=4, questions=0, expected_questions_per_action=0.0000
place_can_bin: actions=1, questions=0, expected_questions_per_action=0.0000
place_gw_bin: actions=1, questions=0, expected_questions_per_action=0.0000
place_paper_bin: actions=2, questions=0, expected_questions_per_action=0.0000
=============Log File=============
/home/changmin/PyProject/00_BRL-CF/experiments_logs/system_log/e2_ablation/wastesorting/scene_04_step50/ours-random-what/oracle/exp_wastesorting_20260804_151401_598282.txt
