Step: 1
[POMCP] applicable values:
        navigate(brl_robot, dock_station, stem_01): 1.7682759132677948
        navigate(brl_robot, dock_station, stem_02): 1.2191579886121042

[POMCP] Selected: navigate(brl_robot, dock_station, stem_01)
[POMCP] Average simulation time:  0.0071
[POMCP] Average select time:  0.0
[Planner] Selected action: navigate(brl_robot, dock_station, stem_01)
[Planner] Observation:  ['located(brl_robot,dock_station)']
    [Feedback] method=ours, confidence=0.3030, threshold=0.7000, trigger=True
    [Planner] Current confidence: 0.30302284395880763
    [Query] Q: located(brl_robot,dock_station) is True?
    [Query] T: located(brl_robot,dock_station)=True?
    [Query] A: False
    [Planner] Reduced 3 --> 2
    [Planner] Updated confidence: 0.7025566035349998
    [Belief Diff]
      + add (1): located(brl_robot,stem_01)
      - del (1): located(brl_robot,dock_station)
[TIME] step_total=0.7102s (search=0.7077s, execute=0.0001s, update=0.0001s, interaction=0.0020s, pruning=0.0001s, overhead=0.0001s)
==================

Step: 2
[POMCP] applicable values:
        navigate(brl_robot, stem_01, dock_station): 1.0407028165066583
        navigate(brl_robot, stem_01, stem_02): 0.0
        detect(brl_robot, stem_01): 1.866991213635384

[POMCP] Selected: detect(brl_robot, stem_01)
[POMCP] Average simulation time:  0.0088
[POMCP] Average select time:  0.0
[Planner] Selected action: detect(brl_robot, stem_01)
[Planner] Observation:  ['observed(tomato1)', 'observed(tomato2)', 'unripe(tomato1)', 'unripe(tomato2)']
    [Feedback] method=ours, confidence=0.1952, threshold=0.7000, trigger=True
    [Planner] Current confidence: 0.19517412753105634
    [Query] Q: unripe(tomato1) is True?
    [Query] T: unripe(tomato1)=True?
    [Query] A: False
    [Planner] Reduced 81 --> 54
    [Planner] Current confidence: 0.22829959056702975
    [Query] Q: at(tomato3,stem_01) is True?
    [Query] T: at(tomato3,stem_01)=True?
    [Query] A: False
    [Planner] Reduced 54 --> 18
    [Planner] Current confidence: 0.3148851353058546
    [Query] Q: at(tomato4,stem_01) is True?
    [Query] T: at(tomato4,stem_01)=True?
    [Query] A: False
    [Planner] Reduced 18 --> 6
    [Planner] Current confidence: 0.5077828158464
    [Query] Q: unripe(tomato2) is True?
    [Query] T: unripe(tomato2)=True?
    [Query] A: True
    [Planner] Reduced 6 --> 2
    [Planner] Current confidence: 0.5463125138767834
    [Query] Q: at(tomato1,stem_01) is True?
    [Query] T: at(tomato1,stem_01)=True?
    [Query] A: True
    [Planner] Reduced 2 --> 1
    [Planner] Updated confidence: 1.0
    [Belief Diff]
      + add (6): at(tomato1,stem_01), at(tomato2,stem_01), observed(tomato1), observed(tomato2), ripe(tomato1), unripe(tomato2)
      - del (0): -
[TIME] step_total=0.8878s (search=0.8784s, execute=0.0005s, update=0.0033s, interaction=0.0050s, pruning=0.0006s, overhead=0.0001s)
==================

Step: 3
[POMCP] applicable values:
        navigate(brl_robot, stem_01, dock_station): 2.1152057768998325
        navigate(brl_robot, stem_01, stem_02): 0.0
        detect(brl_robot, stem_01): 1.219187447788824
        pick(brl_robot, tomato1, stem_01): 5.0479576376228925

[POMCP] Selected: pick(brl_robot, tomato1, stem_01)
[POMCP] Average simulation time:  0.0098
[POMCP] Average select time:  0.0
[Planner] Selected action: pick(brl_robot, tomato1, stem_01)
[Planner] Observation:  ['holding(brl_robot,tomato1)', 'holded(tomato1,brl_robot)']
    [Feedback] method=ours, confidence=0.9983, threshold=0.7000, trigger=False
    [Planner] Updated confidence: 0.998290475607694
    [Belief Diff]
      + add (2): holding(brl_robot,tomato1), holded(tomato1,brl_robot)
      - del (2): at(tomato1,stem_01), handempty(brl_robot)
[TIME] step_total=0.9833s (search=0.9829s, execute=0.0001s, update=0.0001s, interaction=0.0000s, pruning=0.0001s, overhead=0.0001s)
==================

Step: 4
[POMCP] applicable values:
        scan(brl_robot, tomato1): 5.8126443027591375
        place(brl_robot, tomato1): 0.0
        discard(brl_robot, tomato1): 2.5667104163975245

[POMCP] Selected: scan(brl_robot, tomato1)
[POMCP] Average simulation time:  0.0107
[POMCP] Average select time:  0.0
[Planner] Selected action: scan(brl_robot, tomato1)
[Planner] Observation:  ['ripe(tomato1)']
    [Feedback] method=ours, confidence=0.6588, threshold=0.7000, trigger=True
    [Planner] Current confidence: 0.6588441456794887
    [Query] Q: ripe(tomato1) is True?
    [Query] T: ripe(tomato1)=True?
    [Query] A: True
    [Planner] Reduced 2 --> 1
    [Planner] Updated confidence: 1.0
    [Belief Diff]
      + add (1): scanned(tomato1)
      - del (0): -
[TIME] step_total=1.0747s (search=1.0739s, execute=0.0001s, update=0.0001s, interaction=0.0002s, pruning=0.0003s, overhead=0.0001s)
==================

Step: 5
[POMCP] applicable values:
        scan(brl_robot, tomato1): 0.0
        place(brl_robot, tomato1): 6.389631561306905
        discard(brl_robot, tomato1): 2.264488285836766

[POMCP] Selected: place(brl_robot, tomato1)
[POMCP] Average simulation time:  0.0112
[POMCP] Average select time:  0.0
[Planner] Selected action: place(brl_robot, tomato1)
[Planner] Observation:  ['loaded(tomato1,brl_robot)', 'handempty(brl_robot)']
    [Feedback] method=ours, confidence=0.9995, threshold=0.7000, trigger=False
    [Planner] Updated confidence: 0.9994681989277252
    [Belief Diff]
      + add (2): loaded(tomato1,brl_robot), handempty(brl_robot)
      - del (2): holded(tomato1,brl_robot), holding(brl_robot,tomato1)
[TIME] step_total=1.1248s (search=1.1244s, execute=0.0002s, update=0.0001s, interaction=0.0000s, pruning=0.0001s, overhead=0.0001s)
==================

Step: 6
[POMCP] applicable values:
        navigate(brl_robot, stem_01, dock_station): 0.0
        navigate(brl_robot, stem_01, stem_02): 1.456454749727457
        detect(brl_robot, stem_01): 1.757409661866472

[POMCP] Selected: detect(brl_robot, stem_01)
[POMCP] Average simulation time:  0.0116
[POMCP] Average select time:  0.0
[Planner] Selected action: detect(brl_robot, stem_01)
[Planner] Observation:  ['observed(tomato2)', 'unripe(tomato2)']
    [Feedback] method=ours, confidence=0.0975, threshold=0.7000, trigger=True
    [Planner] Current confidence: 0.09745637991984957
    [Query] Q: at(tomato3,stem_01) is True?
    [Query] T: at(tomato3,stem_01)=True?
    [Query] A: False
    [Planner] Reduced 18 --> 6
    [Planner] Current confidence: 0.1570380954277888
    [Query] Q: at(tomato4,stem_01) is True?
    [Query] T: at(tomato4,stem_01)=True?
    [Query] A: False
    [Planner] Reduced 6 --> 2
    [Planner] Current confidence: 0.40560475867115287
    [Query] Q: ripe(tomato2) is True?
    [Query] T: ripe(tomato2)=True?
    [Query] A: False
    [Planner] Reduced 2 --> 1
    [Planner] Updated confidence: 1.0
    [Belief Diff]
      + add (0): -
      - del (0): -
[TIME] step_total=1.1675s (search=1.1599s, execute=0.0025s, update=0.0028s, interaction=0.0012s, pruning=0.0010s, overhead=0.0001s)
==================

Step: 7
[POMCP] applicable values:
        navigate(brl_robot, stem_01, dock_station): 0.6125765755208332
        navigate(brl_robot, stem_01, stem_02): 1.6428960860568298
        detect(brl_robot, stem_01): 0.3649862804234655

[POMCP] Selected: navigate(brl_robot, stem_01, stem_02)
[POMCP] Average simulation time:  0.0107
[POMCP] Average select time:  0.0
[Planner] Selected action: navigate(brl_robot, stem_01, stem_02)
[Planner] Observation:  ['located(brl_robot,stem_02)']
    [Feedback] method=ours, confidence=0.9527, threshold=0.7000, trigger=False
    [Planner] Updated confidence: 0.9526745770669988
    [Belief Diff]
      + add (1): located(brl_robot,stem_02)
      - del (1): located(brl_robot,stem_01)
[TIME] step_total=1.0660s (search=1.0656s, execute=0.0002s, update=0.0001s, interaction=0.0000s, pruning=0.0001s, overhead=0.0001s)
==================

Step: 8
[POMCP] applicable values:
        navigate(brl_robot, stem_02, dock_station): 0.0
        navigate(brl_robot, stem_02, stem_01): 1.41175312317778
        detect(brl_robot, stem_02): 1.8958691055321744

[POMCP] Selected: detect(brl_robot, stem_02)
[POMCP] Average simulation time:  0.0116
[POMCP] Average select time:  0.0
[Planner] Selected action: detect(brl_robot, stem_02)
[Planner] Observation:  ['observed(tomato3)', 'observed(tomato4)', 'ripe(tomato4)', 'unripe(tomato3)']
    [Feedback] method=ours, confidence=0.2821, threshold=0.7000, trigger=True
    [Planner] Current confidence: 0.2821377697345365
    [Query] Q: unripe(tomato3) is True?
    [Query] T: unripe(tomato3)=True?
    [Query] A: False
    [Planner] Reduced 27 --> 18
    [Planner] Current confidence: 0.34540148882835686
    [Query] Q: at(tomato2,stem_02) is True?
    [Query] T: at(tomato2,stem_02)=True?
    [Query] A: False
    [Planner] Reduced 18 --> 6
    [Planner] Current confidence: 0.557010230618597
    [Query] Q: ripe(tomato4) is True?
    [Query] T: ripe(tomato4)=True?
    [Query] A: True
    [Planner] Reduced 6 --> 2
    [Planner] Current confidence: 0.5463125138767834
    [Query] Q: at(tomato3,stem_02) is True?
    [Query] T: at(tomato3,stem_02)=True?
    [Query] A: True
    [Planner] Reduced 2 --> 1
    [Planner] Updated confidence: 1.0
    [Belief Diff]
      + add (6): at(tomato3,stem_02), at(tomato4,stem_02), observed(tomato3), observed(tomato4), ripe(tomato3), ripe(tomato4)
      - del (0): -
[TIME] step_total=1.1666s (search=1.1583s, execute=0.0024s, update=0.0030s, interaction=0.0022s, pruning=0.0006s, overhead=0.0001s)
==================

Step: 9
[POMCP] applicable values:
        navigate(brl_robot, stem_02, dock_station): 0.0
        navigate(brl_robot, stem_02, stem_01): 0.0
        detect(brl_robot, stem_02): 0.0
        pick(brl_robot, tomato3, stem_02): 5.079654962575279
        pick(brl_robot, tomato4, stem_02): 2.0717693771468575

[POMCP] Selected: pick(brl_robot, tomato3, stem_02)
[POMCP] Average simulation time:  0.0084
[POMCP] Average select time:  0.0
[Planner] Selected action: pick(brl_robot, tomato3, stem_02)
[Planner] Observation:  ['holding(brl_robot,tomato3)', 'holded(tomato3,brl_robot)']
    [Feedback] method=ours, confidence=0.9995, threshold=0.7000, trigger=False
    [Planner] Updated confidence: 0.9995136864651005
    [Belief Diff]
      + add (2): holding(brl_robot,tomato3), holded(tomato3,brl_robot)
      - del (2): at(tomato3,stem_02), handempty(brl_robot)
[TIME] step_total=0.8405s (search=0.8400s, execute=0.0001s, update=0.0001s, interaction=0.0000s, pruning=0.0001s, overhead=0.0001s)
==================

Step: 10
[POMCP] applicable values:
        scan(brl_robot, tomato3): 7.485615061739024
        place(brl_robot, tomato3): 0.0
        discard(brl_robot, tomato3): 3.1545166089287133

[POMCP] Selected: scan(brl_robot, tomato3)
[POMCP] Average simulation time:  0.01
[POMCP] Average select time:  0.0
[Planner] Selected action: scan(brl_robot, tomato3)
[Planner] Observation:  ['rotten(tomato3)']
    [Feedback] method=ours, confidence=0.5596, threshold=0.7000, trigger=True
    [Planner] Current confidence: 0.5595662249787815
    [Query] Q: ripe(tomato3) is True?
    [Query] T: ripe(tomato3)=True?
    [Query] A: False
    [Planner] Reduced 2 --> 1
    [Planner] Updated confidence: 1.0
    [Belief Diff]
      + add (2): rotten(tomato3), scanned(tomato3)
      - del (1): ripe(tomato3)
[TIME] step_total=1.0055s (search=1.0045s, execute=0.0001s, update=0.0001s, interaction=0.0002s, pruning=0.0005s, overhead=0.0001s)
==================

Step: 11
[POMCP] applicable values:
        scan(brl_robot, tomato3): 4.377134895833333
        discard(brl_robot, tomato3): 9.305755192010336

[POMCP] Selected: discard(brl_robot, tomato3)
[POMCP] Average simulation time:  0.0101
[POMCP] Average select time:  0.0
[Planner] Selected action: discard(brl_robot, tomato3)
[Planner] Observation:  ['discarded(tomato3)', 'handempty(brl_robot)']
    [Feedback] method=ours, confidence=0.9997, threshold=0.7000, trigger=False
    [Planner] Updated confidence: 0.9997234843961533
    [Belief Diff]
      + add (2): discarded(tomato3), handempty(brl_robot)
      - del (2): holded(tomato3,brl_robot), holding(brl_robot,tomato3)
[TIME] step_total=1.0135s (search=1.0131s, execute=0.0001s, update=0.0001s, interaction=0.0000s, pruning=0.0001s, overhead=0.0001s)
==================

Step: 12
[POMCP] applicable values:
        navigate(brl_robot, stem_02, dock_station): 0.4277850693995873
        navigate(brl_robot, stem_02, stem_01): 0.0
        detect(brl_robot, stem_02): 0.0
        pick(brl_robot, tomato4, stem_02): 5.195463760459039

[POMCP] Selected: pick(brl_robot, tomato4, stem_02)
[POMCP] Average simulation time:  0.0106
[POMCP] Average select time:  0.0
[Planner] Selected action: pick(brl_robot, tomato4, stem_02)
[Planner] Observation:  []
    [Feedback] method=ours, confidence=0.7136, threshold=0.7000, trigger=False
    [Planner] Updated confidence: 0.7136318952664279
    [Belief Diff]
      + add (2): holding(brl_robot,tomato4), holded(tomato4,brl_robot)
      - del (2): at(tomato4,stem_02), handempty(brl_robot)
[TIME] step_total=1.0603s (search=1.0598s, execute=0.0002s, update=0.0001s, interaction=0.0000s, pruning=0.0002s, overhead=0.0001s)
==================

Step: 13
[POMCP] applicable values:
        scan(brl_robot, tomato4): 5.833545324930771
        place(brl_robot, tomato4): 0.0
        discard(brl_robot, tomato4): 0.0

[POMCP] Selected: scan(brl_robot, tomato4)
[POMCP] Average simulation time:  0.011
[POMCP] Average select time:  0.0
[Planner] Selected action: scan(brl_robot, tomato4)
[Planner] Observation:  ['rotten(tomato4)']
    [Feedback] method=ours, confidence=0.1009, threshold=0.7000, trigger=True
    [Planner] Current confidence: 0.10094379979733847
    [Query] Q: ripe(tomato4) is True?
    [Query] T: ripe(tomato4)=True?
    [Query] A: True
    [Planner] Reduced 2 --> 1
    [Planner] Updated confidence: 1.0
    [Belief Diff]
      + add (1): scanned(tomato4)
      - del (0): -
[TIME] step_total=1.1020s (search=1.1005s, execute=0.0002s, update=0.0001s, interaction=0.0002s, pruning=0.0009s, overhead=0.0001s)
==================

Step: 14
[POMCP] applicable values:
        scan(brl_robot, tomato4): 3.594187447788824
        place(brl_robot, tomato4): 6.024137823183418
        discard(brl_robot, tomato4): 0.0

[POMCP] Selected: place(brl_robot, tomato4)
[POMCP] Average simulation time:  0.012
[POMCP] Average select time:  0.0
[Planner] Selected action: place(brl_robot, tomato4)
[Planner] Observation:  ['loaded(tomato4,brl_robot)', 'handempty(brl_robot)']
    [Feedback] method=ours, confidence=0.9981, threshold=0.7000, trigger=False
    [Planner] Updated confidence: 0.9981180646002961
    [Belief Diff]
      + add (2): loaded(tomato4,brl_robot), handempty(brl_robot)
      - del (2): holding(brl_robot,tomato4), holded(tomato4,brl_robot)
[TIME] step_total=1.1958s (search=1.1954s, execute=0.0002s, update=0.0001s, interaction=0.0000s, pruning=0.0000s, overhead=0.0001s)
[TIME SUMMARY]
avg search: 1.0260s
avg execute: 0.0005s
avg update: 0.0007s
avg interaction: 0.0008s
avg pruning: 0.0003s
avg step wall: 1.0285s
total wall clock: 14.3989s
=============Action Log=============
[STEP 1]: navigate(brl_robot, dock_station, stem_01)
[STEP 2]: detect(brl_robot, stem_01)
[STEP 3]: pick(brl_robot, tomato1, stem_01)
[STEP 4]: scan(brl_robot, tomato1)
[STEP 5]: place(brl_robot, tomato1)
[STEP 6]: detect(brl_robot, stem_01)
[STEP 7]: navigate(brl_robot, stem_01, stem_02)
[STEP 8]: detect(brl_robot, stem_02)
[STEP 9]: pick(brl_robot, tomato3, stem_02)
[STEP 10]: scan(brl_robot, tomato3)
[STEP 11]: discard(brl_robot, tomato3)
[STEP 12]: pick(brl_robot, tomato4, stem_02)
[STEP 13]: scan(brl_robot, tomato4)
[STEP 14]: place(brl_robot, tomato4)
=============Final Knowledge=============
at(tomato2,stem_01)
discarded(tomato3)
handempty(brl_robot)
loaded(tomato1,brl_robot)
loaded(tomato4,brl_robot)
located(brl_robot,stem_02)
location(dock_station)
location(stem_01)
location(stem_02)
observed(tomato1)
observed(tomato2)
observed(tomato3)
observed(tomato4)
ripe(tomato1)
ripe(tomato4)
robot(brl_robot)
rotten(tomato3)
scanned(tomato1)
scanned(tomato3)
scanned(tomato4)
stem(stem_01)
stem(stem_02)
tomato(tomato1)
tomato(tomato2)
tomato(tomato3)
tomato(tomato4)
unripe(tomato2)
=============Query=============
Total Query 16
=============Action Schema Summary=============
detect: actions=3, questions=12, expected_questions_per_action=4.0000
discard: actions=1, questions=0, expected_questions_per_action=0.0000
navigate: actions=2, questions=1, expected_questions_per_action=0.5000
pick: actions=3, questions=0, expected_questions_per_action=0.0000
place: actions=2, questions=0, expected_questions_per_action=0.0000
scan: actions=3, questions=3, expected_questions_per_action=1.0000
=============Log File=============
/home/changmin/PyProject/00_BRL-CF/experiments_logs/system_log/e1_threshold/tomato/scene_02_step50/ours/oracle/tau_0-7/exp_tomato_20260803_235200_852613.txt
