Step: 1
[POMCP] applicable values:
        detect_waste(brl_robot): 4.0153381479169274

[POMCP] Selected: detect_waste(brl_robot)
[POMCP] Average simulation time:  0.0141
[POMCP] Average select time:  0.0
[Planner] Selected action: detect_waste(brl_robot)
[Planner] Observation:  ['detected(waste1)', 'detected(waste2)', 'paper(waste1)', 'paper(waste2)']
    [Feedback] method=ours, confidence=0.3482, threshold=0.3000, trigger=False
    [Planner] Updated confidence: 0.3482101539822987
    [Belief Diff]
      + add (4): detected(waste1), detected(waste2), paper(waste1), paper(waste2)
      - del (0): -
[TIME] step_total=1.5468s (search=1.4086s, execute=0.0067s, update=0.1312s, interaction=0.0001s, pruning=0.0002s, overhead=0.0001s)
==================

Step: 2
[POMCP] applicable values:
        detect_waste(brl_robot): 3.6754594531249998
        pick(brl_robot, waste1): 4.145097201982038
        pick(brl_robot, waste2): 6.817826524173637

[POMCP] Selected: pick(brl_robot, waste2)
[POMCP] Average simulation time:  0.0039
[POMCP] Average select time:  0.0
[Planner] Selected action: pick(brl_robot, waste2)
[Planner] Observation:  ['holding(brl_robot,waste2)']
    [Feedback] method=ours, confidence=0.8909, threshold=0.3000, trigger=False
    [Planner] Updated confidence: 0.8908973815891118
    [Belief Diff]
      + add (1): holding(brl_robot,waste2)
      - del (1): handempty(brl_robot)
[TIME] step_total=0.3948s (search=0.3945s, execute=0.0001s, update=0.0001s, interaction=0.0000s, pruning=0.0001s, overhead=0.0000s)
==================

Step: 3
[POMCP] applicable values:
        place_gw_bin(brl_robot, waste2, gw_bin): 4.07253125
        place_paper_bin(brl_robot, waste2, pp_bin): 7.826327226103799
        place_can_bin(brl_robot, waste2, ca_bin): 3.4916864804687497
        place_plastic_bin(brl_robot, waste2, pl_bin): 3.4916864804687497

[POMCP] Selected: place_paper_bin(brl_robot, waste2, pp_bin)
[POMCP] Average simulation time:  0.004
[POMCP] Average select time:  0.0
[Planner] Selected action: place_paper_bin(brl_robot, waste2, pp_bin)
[Planner] Observation:  ['in_bin(waste2,pp_bin)', 'handempty(brl_robot)']
    [Feedback] method=ours, confidence=0.9859, threshold=0.3000, trigger=False
    [Planner] Updated confidence: 0.9858504193309324
    [Belief Diff]
      + add (2): in_bin(waste2,pp_bin), handempty(brl_robot)
      - del (2): detected(waste2), holding(brl_robot,waste2)
[TIME] step_total=0.4049s (search=0.4045s, execute=0.0001s, update=0.0001s, interaction=0.0000s, pruning=0.0001s, overhead=0.0000s)
==================

Step: 4
[POMCP] applicable values:
        detect_waste(brl_robot): 3.1019440821843824
        pick(brl_robot, waste1): 0.0

[POMCP] Selected: detect_waste(brl_robot)
[POMCP] Average simulation time:  0.0039
[POMCP] Average select time:  0.0
[Planner] Selected action: detect_waste(brl_robot)
[Planner] Observation:  ['detected(waste1)', 'detected(waste4)', 'general(waste4)', 'paper(waste1)']
    [Feedback] method=ours, confidence=0.3979, threshold=0.3000, trigger=False
    [Planner] Updated confidence: 0.3979472602450348
    [Belief Diff]
      + add (2): detected(waste4), general(waste4)
      - del (0): -
[TIME] step_total=0.4142s (search=0.3901s, execute=0.0039s, update=0.0194s, interaction=0.0001s, pruning=0.0007s, overhead=0.0001s)
==================

Step: 5
[POMCP] applicable values:
        detect_waste(brl_robot): 0.0
        pick(brl_robot, waste1): 6.051986629972794
        pick(brl_robot, waste4): 3.8019885782226552

[POMCP] Selected: pick(brl_robot, waste1)
[POMCP] Average simulation time:  0.002
[POMCP] Average select time:  0.0
[Planner] Selected action: pick(brl_robot, waste1)
[Planner] Observation:  ['holding(brl_robot,waste1)']
    [Feedback] method=ours, confidence=0.9486, threshold=0.3000, trigger=False
    [Planner] Updated confidence: 0.9485798280986613
    [Belief Diff]
      + add (1): holding(brl_robot,waste1)
      - del (1): handempty(brl_robot)
[TIME] step_total=0.2044s (search=0.2040s, execute=0.0001s, update=0.0001s, interaction=0.0000s, pruning=0.0001s, overhead=0.0000s)
==================

Step: 6
[POMCP] applicable values:
        place_gw_bin(brl_robot, waste1, gw_bin): 0.0
        place_paper_bin(brl_robot, waste1, pp_bin): 7.394193065091043
        place_can_bin(brl_robot, waste1, ca_bin): 4.286875
        place_plastic_bin(brl_robot, waste1, pl_bin): 5.656147732812499

[POMCP] Selected: place_paper_bin(brl_robot, waste1, pp_bin)
[POMCP] Average simulation time:  0.0018
[POMCP] Average select time:  0.0
[Planner] Selected action: place_paper_bin(brl_robot, waste1, pp_bin)
[Planner] Observation:  ['in_bin(waste1,pp_bin)', 'handempty(brl_robot)']
    [Feedback] method=ours, confidence=0.9773, threshold=0.3000, trigger=False
    [Planner] Updated confidence: 0.9773193139523053
    [Belief Diff]
      + add (2): in_bin(waste1,pp_bin), handempty(brl_robot)
      - del (2): detected(waste1), holding(brl_robot,waste1)
[TIME] step_total=0.1807s (search=0.1803s, execute=0.0001s, update=0.0001s, interaction=0.0000s, pruning=0.0001s, overhead=0.0000s)
==================

Step: 7
[POMCP] applicable values:
        detect_waste(brl_robot): 3.4572881023516846
        pick(brl_robot, waste4): 0.0

[POMCP] Selected: detect_waste(brl_robot)
[POMCP] Average simulation time:  0.0018
[POMCP] Average select time:  0.0
[Planner] Selected action: detect_waste(brl_robot)
[Planner] Observation:  ['detected(waste3)', 'detected(waste4)', 'general(waste4)', 'plastic(waste3)']
    [Feedback] method=ours, confidence=0.2294, threshold=0.3000, trigger=True
    [Planner] Current confidence: 0.22941983109305308
    [Query] Q: plastic(waste3) is True?
    [Query] T: plastic(waste3)=True?
    [Query] A: False
    [Planner] Reduced 20 --> 16
    [Planner] Current confidence: 0.23841026197124748
    [Query] Q: can(waste3) is True?
    [Query] T: can(waste3)=True?
    [Query] A: True
    [Planner] Reduced 16 --> 4
    [Planner] Updated confidence: 0.47673398699523606
    [Belief Diff]
      + add (2): can(waste3), detected(waste3)
      - del (0): -
[TIME] step_total=0.1916s (search=0.1814s, execute=0.0034s, update=0.0035s, interaction=0.0029s, pruning=0.0004s, overhead=0.0001s)
==================

Step: 8
[POMCP] applicable values:
        detect_waste(brl_robot): 0.0
        pick(brl_robot, waste3): 0.0
        pick(brl_robot, waste4): 7.317071604813179

[POMCP] Selected: pick(brl_robot, waste4)
[POMCP] Average simulation time:  0.0017
[POMCP] Average select time:  0.0
[Planner] Selected action: pick(brl_robot, waste4)
[Planner] Observation:  ['holding(brl_robot,waste4)']
    [Feedback] method=ours, confidence=0.9106, threshold=0.3000, trigger=False
    [Planner] Updated confidence: 0.9106236799384831
    [Belief Diff]
      + add (1): holding(brl_robot,waste4)
      - del (1): handempty(brl_robot)
[TIME] step_total=0.1669s (search=0.1666s, execute=0.0001s, update=0.0001s, interaction=0.0000s, pruning=0.0001s, overhead=0.0000s)
==================

Step: 9
[POMCP] applicable values:
        place_gw_bin(brl_robot, waste4, gw_bin): 8.297914653027494
        place_paper_bin(brl_robot, waste4, pp_bin): 4.286875
        place_can_bin(brl_robot, waste4, ca_bin): 4.5125
        place_plastic_bin(brl_robot, waste4, pl_bin): 4.07253125

[POMCP] Selected: place_gw_bin(brl_robot, waste4, gw_bin)
[POMCP] Average simulation time:  0.0017
[POMCP] Average select time:  0.0
[Planner] Selected action: place_gw_bin(brl_robot, waste4, gw_bin)
[Planner] Observation:  ['in_bin(waste4,gw_bin)', 'handempty(brl_robot)']
    [Feedback] method=ours, confidence=0.9936, threshold=0.3000, trigger=False
    [Planner] Updated confidence: 0.9935577505485783
    [Belief Diff]
      + add (2): in_bin(waste4,gw_bin), handempty(brl_robot)
      - del (2): holding(brl_robot,waste4), detected(waste4)
[TIME] step_total=0.1679s (search=0.1676s, execute=0.0001s, update=0.0001s, interaction=0.0000s, pruning=0.0001s, overhead=0.0000s)
==================

Step: 10
[POMCP] applicable values:
        detect_waste(brl_robot): 3.8400710537108735
        pick(brl_robot, waste3): 1.0504156828743487

[POMCP] Selected: detect_waste(brl_robot)
[POMCP] Average simulation time:  0.0018
[POMCP] Average select time:  0.0
[Planner] Selected action: detect_waste(brl_robot)
[Planner] Observation:  ['can(waste3)', 'detected(waste3)']
    [Feedback] method=ours, confidence=0.5143, threshold=0.3000, trigger=False
    [Planner] Updated confidence: 0.5142509108986248
    [Belief Diff]
      + add (0): -
      - del (0): -
[TIME] step_total=0.1856s (search=0.1808s, execute=0.0037s, update=0.0007s, interaction=0.0000s, pruning=0.0004s, overhead=0.0001s)
==================

Step: 11
[POMCP] applicable values:
        detect_waste(brl_robot): 5.344019060592966
        pick(brl_robot, waste3): 0.0

[POMCP] Selected: detect_waste(brl_robot)
[POMCP] Average simulation time:  0.0017
[POMCP] Average select time:  0.0
[Planner] Selected action: detect_waste(brl_robot)
[Planner] Observation:  ['can(waste3)', 'detected(waste3)']
    [Feedback] method=ours, confidence=0.4403, threshold=0.3000, trigger=False
    [Planner] Updated confidence: 0.44029494576594397
    [Belief Diff]
      + add (0): -
      - del (0): -
[TIME] step_total=0.1764s (search=0.1717s, execute=0.0036s, update=0.0007s, interaction=0.0000s, pruning=0.0003s, overhead=0.0000s)
==================

Step: 12
[POMCP] applicable values:
        detect_waste(brl_robot): 6.106934431607192
        pick(brl_robot, waste3): 0.0

[POMCP] Selected: detect_waste(brl_robot)
[POMCP] Average simulation time:  0.0017
[POMCP] Average select time:  0.0
[Planner] Selected action: detect_waste(brl_robot)
[Planner] Observation:  ['can(waste3)', 'detected(waste3)']
    [Feedback] method=ours, confidence=0.5392, threshold=0.3000, trigger=False
    [Planner] Updated confidence: 0.5391523448623854
    [Belief Diff]
      + add (0): -
      - del (0): -
[TIME] step_total=0.1769s (search=0.1718s, execute=0.0039s, update=0.0007s, interaction=0.0000s, pruning=0.0004s, overhead=0.0001s)
==================

Step: 13
[POMCP] applicable values:
        detect_waste(brl_robot): 1.3845170454545452
        pick(brl_robot, waste3): 12.170780803571436

[POMCP] Selected: pick(brl_robot, waste3)
[POMCP] Average simulation time:  0.0018
[POMCP] Average select time:  0.0
[Planner] Selected action: pick(brl_robot, waste3)
[Planner] Observation:  ['holding(brl_robot,waste3)']
    [Feedback] method=ours, confidence=0.9284, threshold=0.3000, trigger=False
    [Planner] Updated confidence: 0.9284213276512591
    [Belief Diff]
      + add (1): holding(brl_robot,waste3)
      - del (1): handempty(brl_robot)
[TIME] step_total=0.1836s (search=0.1832s, execute=0.0001s, update=0.0001s, interaction=0.0000s, pruning=0.0001s, overhead=0.0000s)
==================

Step: 14
[POMCP] applicable values:
        place_gw_bin(brl_robot, waste3, gw_bin): 7.125
        place_paper_bin(brl_robot, waste3, pp_bin): 0.0
        place_can_bin(brl_robot, waste3, ca_bin): 14.692896475770928
        place_plastic_bin(brl_robot, waste3, pl_bin): 0.0

[POMCP] Selected: place_can_bin(brl_robot, waste3, ca_bin)
[POMCP] Average simulation time:  0.0018
[POMCP] Average select time:  0.0
[Planner] Selected action: place_can_bin(brl_robot, waste3, ca_bin)
[Planner] Observation:  ['in_bin(waste3,ca_bin)', 'handempty(brl_robot)']
    [Feedback] method=ours, confidence=0.9853, threshold=0.3000, trigger=False
    [Planner] Updated confidence: 0.9852830881762412
    [Belief Diff]
      + add (2): in_bin(waste3,ca_bin), handempty(brl_robot)
      - del (2): holding(brl_robot,waste3), detected(waste3)
[TIME] step_total=0.1834s (search=0.1831s, execute=0.0002s, update=0.0001s, interaction=0.0000s, pruning=0.0000s, overhead=0.0001s)
[TIME SUMMARY]
avg search: 0.3134s
avg execute: 0.0019s
avg update: 0.0112s
avg interaction: 0.0002s
avg pruning: 0.0002s
avg step wall: 0.3270s
total wall clock: 4.5782s
=============Action Log=============
[STEP 1]: detect_waste(brl_robot)
[STEP 2]: pick(brl_robot, waste2)
[STEP 3]: place_paper_bin(brl_robot, waste2, pp_bin)
[STEP 4]: detect_waste(brl_robot)
[STEP 5]: pick(brl_robot, waste1)
[STEP 6]: place_paper_bin(brl_robot, waste1, pp_bin)
[STEP 7]: detect_waste(brl_robot)
[STEP 8]: pick(brl_robot, waste4)
[STEP 9]: place_gw_bin(brl_robot, waste4, gw_bin)
[STEP 10]: detect_waste(brl_robot)
[STEP 11]: detect_waste(brl_robot)
[STEP 12]: detect_waste(brl_robot)
[STEP 13]: pick(brl_robot, waste3)
[STEP 14]: place_can_bin(brl_robot, waste3, ca_bin)
=============Final Knowledge=============
can(waste3)
can_bin(ca_bin)
general(waste4)
general_bin(gw_bin)
handempty(brl_robot)
in_bin(waste1,pp_bin)
in_bin(waste2,pp_bin)
in_bin(waste3,ca_bin)
in_bin(waste4,gw_bin)
paper(waste1)
paper(waste2)
paper_bin(pp_bin)
plastic_bin(pl_bin)
robot(brl_robot)
waste(waste1)
waste(waste2)
waste(waste3)
waste(waste4)
=============Query=============
Total Query 2
=============Action Schema Summary=============
detect_waste: actions=6, questions=2, expected_questions_per_action=0.3333
pick: actions=4, questions=0, expected_questions_per_action=0.0000
place_can_bin: actions=1, questions=0, expected_questions_per_action=0.0000
place_gw_bin: actions=1, questions=0, expected_questions_per_action=0.0000
place_paper_bin: actions=2, questions=0, expected_questions_per_action=0.0000
=============Log File=============
/home/changmin/PyProject/00_BRL-CF/experiments_logs/system_log/e1_threshold/wastesorting/scene_04_step50/ours/oracle/tau_0-3/exp_wastesorting_20260804_091701_337073.txt
