Step: 1
[POMCP] applicable values:
        detect_waste(brl_robot): 3.8375992512860235

[POMCP] Selected: detect_waste(brl_robot)
[POMCP] Average simulation time:  0.0137
[POMCP] Average select time:  0.0
[Planner] Selected action: detect_waste(brl_robot)
[Planner] Observation:  ['detected(waste1)', 'detected(waste2)', 'paper(waste1)', 'paper(waste2)']
    [Feedback] method=ours, confidence=0.3228, threshold=0.3000, trigger=False
    [Planner] Updated confidence: 0.322757795761502
    [Belief Diff]
      + add (4): detected(waste1), detected(waste2), paper(waste1), paper(waste2)
      - del (0): -
[TIME] step_total=1.5095s (search=1.3718s, execute=0.0068s, update=0.1305s, interaction=0.0001s, pruning=0.0002s, overhead=0.0001s)
==================

Step: 2
[POMCP] applicable values:
        detect_waste(brl_robot): 4.251038825062418
        pick(brl_robot, waste1): 0.0
        pick(brl_robot, waste2): 3.0522111225639157

[POMCP] Selected: detect_waste(brl_robot)
[POMCP] Average simulation time:  0.0132
[POMCP] Average select time:  0.0
[Planner] Selected action: detect_waste(brl_robot)
[Planner] Observation:  ['detected(waste1)', 'detected(waste2)', 'paper(waste1)', 'paper(waste2)']
    [Feedback] method=ours, confidence=0.4908, threshold=0.3000, trigger=False
    [Planner] Updated confidence: 0.49076459211522105
    [Belief Diff]
      + add (0): -
      - del (0): -
[TIME] step_total=1.4168s (search=1.3188s, execute=0.0067s, update=0.0910s, interaction=0.0001s, pruning=0.0002s, overhead=0.0000s)
==================

Step: 3
[POMCP] applicable values:
        detect_waste(brl_robot): 3.7083748771877523
        pick(brl_robot, waste1): 0.0
        pick(brl_robot, waste2): 0.0

[POMCP] Selected: detect_waste(brl_robot)
[POMCP] Average simulation time:  0.0141
[POMCP] Average select time:  0.0
[Planner] Selected action: detect_waste(brl_robot)
[Planner] Observation:  ['detected(waste1)', 'detected(waste2)', 'general(waste1)', 'paper(waste2)']
    [Feedback] method=ours, confidence=0.3539, threshold=0.3000, trigger=False
    [Planner] Updated confidence: 0.3539172554062946
    [Belief Diff]
      + add (1): general(waste1)
      - del (1): paper(waste1)
[TIME] step_total=1.5012s (search=1.4062s, execute=0.0068s, update=0.0878s, interaction=0.0001s, pruning=0.0002s, overhead=0.0000s)
==================

Step: 4
[POMCP] applicable values:
        detect_waste(brl_robot): 3.6566083101829943
        pick(brl_robot, waste1): 2.680760694248936
        pick(brl_robot, waste2): 0.0

[POMCP] Selected: detect_waste(brl_robot)
[POMCP] Average simulation time:  0.015
[POMCP] Average select time:  0.0
[Planner] Selected action: detect_waste(brl_robot)
[Planner] Observation:  ['detected(waste1)', 'detected(waste2)', 'paper(waste1)', 'paper(waste2)']
    [Feedback] method=ours, confidence=0.4011, threshold=0.3000, trigger=False
    [Planner] Updated confidence: 0.4011488498100916
    [Belief Diff]
      + add (1): paper(waste1)
      - del (1): general(waste1)
[TIME] step_total=1.5958s (search=1.5005s, execute=0.0067s, update=0.0882s, interaction=0.0001s, pruning=0.0002s, overhead=0.0000s)
==================

Step: 5
[POMCP] applicable values:
        detect_waste(brl_robot): 2.9668834462364253
        pick(brl_robot, waste1): 0.0
        pick(brl_robot, waste2): 7.061157742304124

[POMCP] Selected: pick(brl_robot, waste2)
[POMCP] Average simulation time:  0.0049
[POMCP] Average select time:  0.0
[Planner] Selected action: pick(brl_robot, waste2)
[Planner] Observation:  ['holding(brl_robot,waste2)']
    [Feedback] method=ours, confidence=0.8906, threshold=0.3000, trigger=False
    [Planner] Updated confidence: 0.8905604553748953
    [Belief Diff]
      + add (1): holding(brl_robot,waste2)
      - del (1): handempty(brl_robot)
[TIME] step_total=0.4898s (search=0.4894s, execute=0.0001s, update=0.0001s, interaction=0.0000s, pruning=0.0001s, overhead=0.0000s)
==================

Step: 6
[POMCP] applicable values:
        place_gw_bin(brl_robot, waste2, gw_bin): 0.0
        place_paper_bin(brl_robot, waste2, pp_bin): 7.911414220775745
        place_can_bin(brl_robot, waste2, ca_bin): 2.844000461382299
        place_plastic_bin(brl_robot, waste2, pl_bin): 4.889575224923871

[POMCP] Selected: place_paper_bin(brl_robot, waste2, pp_bin)
[POMCP] Average simulation time:  0.0039
[POMCP] Average select time:  0.0
[Planner] Selected action: place_paper_bin(brl_robot, waste2, pp_bin)
[Planner] Observation:  ['in_bin(waste2,pp_bin)', 'handempty(brl_robot)']
    [Feedback] method=ours, confidence=0.9953, threshold=0.3000, trigger=False
    [Planner] Updated confidence: 0.9953042138369654
    [Belief Diff]
      + add (2): in_bin(waste2,pp_bin), handempty(brl_robot)
      - del (2): holding(brl_robot,waste2), detected(waste2)
[TIME] step_total=0.3874s (search=0.3870s, execute=0.0001s, update=0.0001s, interaction=0.0000s, pruning=0.0001s, overhead=0.0000s)
==================

Step: 7
[POMCP] applicable values:
        detect_waste(brl_robot): 3.1567742175139832
        pick(brl_robot, waste1): 0.0

[POMCP] Selected: detect_waste(brl_robot)
[POMCP] Average simulation time:  0.0038
[POMCP] Average select time:  0.0
[Planner] Selected action: detect_waste(brl_robot)
[Planner] Observation:  ['detected(waste1)', 'detected(waste4)', 'general(waste4)', 'plastic(waste1)']
    [Feedback] method=ours, confidence=0.2393, threshold=0.3000, trigger=True
    [Planner] Current confidence: 0.2393448858324626
    [Query] Q: general(waste4) is True?
    [Query] T: general(waste4)=True?
    [Query] A: True
    [Planner] Reduced 100 --> 20
    [Planner] Current confidence: 0.21900595892928232
    [Query] Q: paper(waste1) is True?
    [Query] T: paper(waste1)=True?
    [Query] A: True
    [Planner] Reduced 20 --> 5
    [Planner] Updated confidence: 0.3792700480096265
    [Belief Diff]
      + add (2): detected(waste4), general(waste4)
      - del (0): -
[TIME] step_total=0.4076s (search=0.3796s, execute=0.0039s, update=0.0190s, interaction=0.0046s, pruning=0.0005s, overhead=0.0000s)
==================

Step: 8
[POMCP] applicable values:
        detect_waste(brl_robot): 2.80578667806455
        pick(brl_robot, waste1): 0.0
        pick(brl_robot, waste4): 0.0

[POMCP] Selected: detect_waste(brl_robot)
[POMCP] Average simulation time:  0.0038
[POMCP] Average select time:  0.0
[Planner] Selected action: detect_waste(brl_robot)
[Planner] Observation:  ['detected(waste1)', 'detected(waste4)', 'general(waste4)', 'paper(waste1)']
    [Feedback] method=ours, confidence=0.3654, threshold=0.3000, trigger=False
    [Planner] Updated confidence: 0.3654037356231601
    [Belief Diff]
      + add (0): -
      - del (0): -
[TIME] step_total=0.4050s (search=0.3850s, execute=0.0037s, update=0.0160s, interaction=0.0000s, pruning=0.0002s, overhead=0.0000s)
==================

Step: 9
[POMCP] applicable values:
        detect_waste(brl_robot): 0.0
        pick(brl_robot, waste1): 9.26111661799866
        pick(brl_robot, waste4): 0.0

[POMCP] Selected: pick(brl_robot, waste1)
[POMCP] Average simulation time:  0.0016
[POMCP] Average select time:  0.0
[Planner] Selected action: pick(brl_robot, waste1)
[Planner] Observation:  ['holding(brl_robot,waste1)']
    [Feedback] method=ours, confidence=0.9020, threshold=0.3000, trigger=False
    [Planner] Updated confidence: 0.902044456517407
    [Belief Diff]
      + add (1): holding(brl_robot,waste1)
      - del (1): handempty(brl_robot)
[TIME] step_total=0.1652s (search=0.1649s, execute=0.0001s, update=0.0001s, interaction=0.0000s, pruning=0.0000s, overhead=0.0000s)
==================

Step: 10
[POMCP] applicable values:
        place_gw_bin(brl_robot, waste1, gw_bin): 0.0
        place_paper_bin(brl_robot, waste1, pp_bin): 11.617808486726048
        place_can_bin(brl_robot, waste1, ca_bin): 0.0
        place_plastic_bin(brl_robot, waste1, pl_bin): 3.6754594531249998

[POMCP] Selected: place_paper_bin(brl_robot, waste1, pp_bin)
[POMCP] Average simulation time:  0.0016
[POMCP] Average select time:  0.0
[Planner] Selected action: place_paper_bin(brl_robot, waste1, pp_bin)
[Planner] Observation:  ['in_bin(waste1,pp_bin)', 'handempty(brl_robot)']
    [Feedback] method=ours, confidence=0.9896, threshold=0.3000, trigger=False
    [Planner] Updated confidence: 0.9896016038848074
    [Belief Diff]
      + add (2): in_bin(waste1,pp_bin), handempty(brl_robot)
      - del (2): holding(brl_robot,waste1), detected(waste1)
[TIME] step_total=0.1594s (search=0.1591s, execute=0.0001s, update=0.0001s, interaction=0.0001s, pruning=0.0001s, overhead=0.0000s)
==================

Step: 11
[POMCP] applicable values:
        detect_waste(brl_robot): 0.0
        pick(brl_robot, waste4): 8.36265129102019

[POMCP] Selected: pick(brl_robot, waste4)
[POMCP] Average simulation time:  0.0017
[POMCP] Average select time:  0.0
[Planner] Selected action: pick(brl_robot, waste4)
[Planner] Observation:  ['holding(brl_robot,waste4)']
    [Feedback] method=ours, confidence=0.9317, threshold=0.3000, trigger=False
    [Planner] Updated confidence: 0.9317315402019427
    [Belief Diff]
      + add (1): holding(brl_robot,waste4)
      - del (1): handempty(brl_robot)
[TIME] step_total=0.1706s (search=0.1703s, execute=0.0001s, update=0.0001s, interaction=0.0000s, pruning=0.0001s, overhead=0.0000s)
==================

Step: 12
[POMCP] applicable values:
        place_gw_bin(brl_robot, waste4, gw_bin): 9.472937040016058
        place_paper_bin(brl_robot, waste4, pp_bin): 0.0
        place_can_bin(brl_robot, waste4, ca_bin): 0.0
        place_plastic_bin(brl_robot, waste4, pl_bin): 4.286875

[POMCP] Selected: place_gw_bin(brl_robot, waste4, gw_bin)
[POMCP] Average simulation time:  0.0017
[POMCP] Average select time:  0.0
[Planner] Selected action: place_gw_bin(brl_robot, waste4, gw_bin)
[Planner] Observation:  ['in_bin(waste4,gw_bin)', 'handempty(brl_robot)']
    [Feedback] method=ours, confidence=0.9954, threshold=0.3000, trigger=False
    [Planner] Updated confidence: 0.9953691951202348
    [Belief Diff]
      + add (2): in_bin(waste4,gw_bin), handempty(brl_robot)
      - del (2): holding(brl_robot,waste4), detected(waste4)
[TIME] step_total=0.1708s (search=0.1703s, execute=0.0002s, update=0.0001s, interaction=0.0000s, pruning=0.0001s, overhead=0.0000s)
==================

Step: 13
[POMCP] applicable values:
        detect_waste(brl_robot): 5.192035419112796

[POMCP] Selected: detect_waste(brl_robot)
[POMCP] Average simulation time:  0.0018
[POMCP] Average select time:  0.0
[Planner] Selected action: detect_waste(brl_robot)
[Planner] Observation:  ['can(waste3)', 'detected(waste3)']
    [Feedback] method=ours, confidence=0.1271, threshold=0.3000, trigger=True
    [Planner] Current confidence: 0.12712888020176494
    [Query] Q: can(waste3) is True?
    [Query] T: can(waste3)=True?
    [Query] A: True
    [Planner] Reduced 5 --> 1
    [Planner] Updated confidence: 1.0
    [Belief Diff]
      + add (2): can(waste3), detected(waste3)
      - del (0): -
[TIME] step_total=0.1815s (search=0.1758s, execute=0.0037s, update=0.0008s, interaction=0.0003s, pruning=0.0008s, overhead=0.0001s)
==================

Step: 14
[POMCP] applicable values:
        detect_waste(brl_robot): 4.3129423180142155
        pick(brl_robot, waste3): 0.0

[POMCP] Selected: detect_waste(brl_robot)
[POMCP] Average simulation time:  0.0017
[POMCP] Average select time:  0.0
[Planner] Selected action: detect_waste(brl_robot)
[Planner] Observation:  ['can(waste3)', 'detected(waste1)', 'detected(waste3)', 'paper(waste1)']
    [Feedback] method=ours, confidence=0.5459, threshold=0.3000, trigger=False
    [Planner] Updated confidence: 0.5459431916773503
    [Belief Diff]
      + add (0): -
      - del (0): -
[TIME] step_total=0.1752s (search=0.1707s, execute=0.0036s, update=0.0007s, interaction=0.0000s, pruning=0.0002s, overhead=0.0000s)
==================

Step: 15
[POMCP] applicable values:
        detect_waste(brl_robot): 5.559600218829086
        pick(brl_robot, waste3): 2.85

[POMCP] Selected: detect_waste(brl_robot)
[POMCP] Average simulation time:  0.0016
[POMCP] Average select time:  0.0
[Planner] Selected action: detect_waste(brl_robot)
[Planner] Observation:  ['can(waste3)', 'detected(waste3)']
    [Feedback] method=ours, confidence=0.3171, threshold=0.3000, trigger=False
    [Planner] Updated confidence: 0.31709575912150023
    [Belief Diff]
      + add (0): -
      - del (0): -
[TIME] step_total=0.1685s (search=0.1640s, execute=0.0036s, update=0.0007s, interaction=0.0000s, pruning=0.0002s, overhead=0.0000s)
==================

Step: 16
[POMCP] applicable values:
        detect_waste(brl_robot): 6.870890821329509
        pick(brl_robot, waste3): 0.0

[POMCP] Selected: detect_waste(brl_robot)
[POMCP] Average simulation time:  0.0017
[POMCP] Average select time:  0.0
[Planner] Selected action: detect_waste(brl_robot)
[Planner] Observation:  ['can(waste3)', 'detected(waste3)']
    [Feedback] method=ours, confidence=0.4396, threshold=0.3000, trigger=False
    [Planner] Updated confidence: 0.43964283312729546
    [Belief Diff]
      + add (0): -
      - del (0): -
[TIME] step_total=0.1795s (search=0.1746s, execute=0.0038s, update=0.0007s, interaction=0.0000s, pruning=0.0003s, overhead=0.0001s)
==================

Step: 17
[POMCP] applicable values:
        detect_waste(brl_robot): 0.7520833333333334
        pick(brl_robot, waste3): 12.198326174428102

[POMCP] Selected: pick(brl_robot, waste3)
[POMCP] Average simulation time:  0.0017
[POMCP] Average select time:  0.0
[Planner] Selected action: pick(brl_robot, waste3)
[Planner] Observation:  ['holding(brl_robot,waste3)']
    [Feedback] method=ours, confidence=0.8976, threshold=0.3000, trigger=False
    [Planner] Updated confidence: 0.8976458373794463
    [Belief Diff]
      + add (1): holding(brl_robot,waste3)
      - del (1): handempty(brl_robot)
[TIME] step_total=0.1750s (search=0.1746s, execute=0.0001s, update=0.0001s, interaction=0.0000s, pruning=0.0001s, overhead=0.0000s)
==================

Step: 18
[POMCP] applicable values:
        place_gw_bin(brl_robot, waste3, gw_bin): 0.0
        place_paper_bin(brl_robot, waste3, pp_bin): 0.0
        place_can_bin(brl_robot, waste3, ca_bin): 14.629787234042563
        place_plastic_bin(brl_robot, waste3, pl_bin): 0.0

[POMCP] Selected: place_can_bin(brl_robot, waste3, ca_bin)
[POMCP] Average simulation time:  0.0018
[POMCP] Average select time:  0.0
[Planner] Selected action: place_can_bin(brl_robot, waste3, ca_bin)
[Planner] Observation:  ['in_bin(waste3,ca_bin)', 'handempty(brl_robot)']
    [Feedback] method=ours, confidence=0.9884, threshold=0.3000, trigger=False
    [Planner] Updated confidence: 0.9883904722734427
    [Belief Diff]
      + add (2): in_bin(waste3,ca_bin), handempty(brl_robot)
      - del (2): detected(waste3), holding(brl_robot,waste3)
[TIME] step_total=0.1806s (search=0.1803s, execute=0.0001s, update=0.0001s, interaction=0.0000s, pruning=0.0000s, overhead=0.0000s)
[TIME SUMMARY]
avg search: 0.4968s
avg execute: 0.0028s
avg update: 0.0242s
avg interaction: 0.0003s
avg pruning: 0.0002s
avg step wall: 0.5244s
total wall clock: 9.4393s
=============Action Log=============
[STEP 1]: detect_waste(brl_robot)
[STEP 2]: detect_waste(brl_robot)
[STEP 3]: detect_waste(brl_robot)
[STEP 4]: detect_waste(brl_robot)
[STEP 5]: pick(brl_robot, waste2)
[STEP 6]: place_paper_bin(brl_robot, waste2, pp_bin)
[STEP 7]: detect_waste(brl_robot)
[STEP 8]: detect_waste(brl_robot)
[STEP 9]: pick(brl_robot, waste1)
[STEP 10]: place_paper_bin(brl_robot, waste1, pp_bin)
[STEP 11]: pick(brl_robot, waste4)
[STEP 12]: place_gw_bin(brl_robot, waste4, gw_bin)
[STEP 13]: detect_waste(brl_robot)
[STEP 14]: detect_waste(brl_robot)
[STEP 15]: detect_waste(brl_robot)
[STEP 16]: detect_waste(brl_robot)
[STEP 17]: pick(brl_robot, waste3)
[STEP 18]: place_can_bin(brl_robot, waste3, ca_bin)
=============Final Knowledge=============
can(waste3)
can_bin(ca_bin)
general(waste4)
general_bin(gw_bin)
handempty(brl_robot)
in_bin(waste1,pp_bin)
in_bin(waste2,pp_bin)
in_bin(waste3,ca_bin)
in_bin(waste4,gw_bin)
paper(waste1)
paper(waste2)
paper_bin(pp_bin)
plastic_bin(pl_bin)
robot(brl_robot)
waste(waste1)
waste(waste2)
waste(waste3)
waste(waste4)
=============Query=============
Total Query 3
=============Action Schema Summary=============
detect_waste: actions=10, questions=3, expected_questions_per_action=0.3000
pick: actions=4, questions=0, expected_questions_per_action=0.0000
place_can_bin: actions=1, questions=0, expected_questions_per_action=0.0000
place_gw_bin: actions=1, questions=0, expected_questions_per_action=0.0000
place_paper_bin: actions=2, questions=0, expected_questions_per_action=0.0000
=============Log File=============
/home/changmin/PyProject/00_BRL-CF/experiments_logs/system_log/e1_threshold/wastesorting/scene_04_step50/ours/oracle/tau_0-3/exp_wastesorting_20260804_091740_849700.txt
