Step: 1
[POMCP] applicable values:
        detect_waste(brl_robot): 4.226599729695281

[POMCP] Selected: detect_waste(brl_robot)
[POMCP] Average simulation time:  0.0134
[POMCP] Average select time:  0.0
[Planner] Selected action: detect_waste(brl_robot)
[Planner] Observation:  ['detected(waste1)', 'detected(waste2)', 'detected(waste3)', 'paper(waste3)', 'plastic(waste1)', 'plastic(waste2)']
    [Feedback] method=ours, confidence=0.2551, threshold=0.6000, trigger=True
    [Planner] Current confidence: 0.25507523748293826
    [Query] Q: plastic(waste2) is True?
    [Query] T: plastic(waste2)=True?
    [Query] A: True
    [Planner] Reduced 625 --> 125
    [Planner] Current confidence: 0.28830351695778367
    [Query] Q: paper(waste3) is True?
    [Query] T: paper(waste3)=True?
    [Query] A: True
    [Planner] Reduced 125 --> 25
    [Planner] Current confidence: 0.3804468544346933
    [Query] Q: detected(waste4) is True?
    [Query] T: detected(waste4)=True?
    [Query] A: False
    [Planner] Reduced 25 --> 5
    [Planner] Current confidence: 0.38153055843277617
    [Query] Q: plastic(waste1) is True?
    [Query] T: plastic(waste1)=True?
    [Query] A: True
    [Planner] Reduced 5 --> 1
    [Planner] Updated confidence: 1.0
    [Belief Diff]
      + add (6): detected(waste1), detected(waste2), detected(waste3), paper(waste3), plastic(waste1), plastic(waste2)
      - del (0): -
[TIME] step_total=1.4894s (search=1.3409s, execute=0.0059s, update=0.1237s, interaction=0.0186s, pruning=0.0002s, overhead=0.0000s)
==================

Step: 2
[POMCP] applicable values:
        detect_waste(brl_robot): 3.496280804785156
        pick(brl_robot, waste1): 9.356420942879293
        pick(brl_robot, waste2): 2.872968229166667
        pick(brl_robot, waste3): 0.0

[POMCP] Selected: pick(brl_robot, waste1)
[POMCP] Average simulation time:  0.0024
[POMCP] Average select time:  0.0
[Planner] Selected action: pick(brl_robot, waste1)
[Planner] Observation:  ['holding(brl_robot,waste1)']
    [Feedback] method=ours, confidence=0.9223, threshold=0.6000, trigger=False
    [Planner] Updated confidence: 0.9222765725657515
    [Belief Diff]
      + add (1): holding(brl_robot,waste1)
      - del (1): handempty(brl_robot)
[TIME] step_total=0.2429s (search=0.2427s, execute=0.0001s, update=0.0001s, interaction=0.0000s, pruning=0.0001s, overhead=0.0000s)
==================

Step: 3
[POMCP] applicable values:
        place_gw_bin(brl_robot, waste1, gw_bin): 3.317102156445312
        place_paper_bin(brl_robot, waste1, pp_bin): 0.0
        place_can_bin(brl_robot, waste1, ca_bin): 4.07253125
        place_plastic_bin(brl_robot, waste1, pl_bin): 12.235772223177177

[POMCP] Selected: place_plastic_bin(brl_robot, waste1, pl_bin)
[POMCP] Average simulation time:  0.0016
[POMCP] Average select time:  0.0
[Planner] Selected action: place_plastic_bin(brl_robot, waste1, pl_bin)
[Planner] Observation:  ['in_bin(waste1,pl_bin)', 'handempty(brl_robot)']
    [Feedback] method=ours, confidence=0.9983, threshold=0.6000, trigger=False
    [Planner] Updated confidence: 0.9982534256800781
    [Belief Diff]
      + add (2): in_bin(waste1,pl_bin), handempty(brl_robot)
      - del (2): detected(waste1), holding(brl_robot,waste1)
[TIME] step_total=0.1596s (search=0.1592s, execute=0.0001s, update=0.0001s, interaction=0.0000s, pruning=0.0001s, overhead=0.0000s)
==================

Step: 4
[POMCP] applicable values:
        detect_waste(brl_robot): 0.0
        pick(brl_robot, waste2): 0.0
        pick(brl_robot, waste3): 9.407572759404735

[POMCP] Selected: pick(brl_robot, waste3)
[POMCP] Average simulation time:  0.0016
[POMCP] Average select time:  0.0
[Planner] Selected action: pick(brl_robot, waste3)
[Planner] Observation:  []
    [Feedback] method=ours, confidence=0.5310, threshold=0.6000, trigger=True
    [Planner] Current confidence: 0.531033259510088
    [Query] Q: handempty(brl_robot) is True?
    [Query] T: handempty(brl_robot)=True?
    [Query] A: True
    [Planner] Reduced 2 --> 1
    [Planner] Updated confidence: 1.0
    [Belief Diff]
      + add (0): -
      - del (0): -
[TIME] step_total=0.1589s (search=0.1580s, execute=0.0001s, update=0.0001s, interaction=0.0002s, pruning=0.0005s, overhead=0.0000s)
==================

Step: 5
[POMCP] applicable values:
        detect_waste(brl_robot): 0.0
        pick(brl_robot, waste2): 0.0
        pick(brl_robot, waste3): 8.842364046747813

[POMCP] Selected: pick(brl_robot, waste3)
[POMCP] Average simulation time:  0.0017
[POMCP] Average select time:  0.0
[Planner] Selected action: pick(brl_robot, waste3)
[Planner] Observation:  ['holding(brl_robot,waste3)']
    [Feedback] method=ours, confidence=0.9184, threshold=0.6000, trigger=False
    [Planner] Updated confidence: 0.9184055545823029
    [Belief Diff]
      + add (1): holding(brl_robot,waste3)
      - del (1): handempty(brl_robot)
[TIME] step_total=0.1666s (search=0.1663s, execute=0.0001s, update=0.0001s, interaction=0.0000s, pruning=0.0001s, overhead=0.0000s)
==================

Step: 6
[POMCP] applicable values:
        place_gw_bin(brl_robot, waste3, gw_bin): 0.0
        place_paper_bin(brl_robot, waste3, pp_bin): 11.552938013124724
        place_can_bin(brl_robot, waste3, ca_bin): 0.0
        place_plastic_bin(brl_robot, waste3, pl_bin): 0.0

[POMCP] Selected: place_paper_bin(brl_robot, waste3, pp_bin)
[POMCP] Average simulation time:  0.0016
[POMCP] Average select time:  0.0
[Planner] Selected action: place_paper_bin(brl_robot, waste3, pp_bin)
[Planner] Observation:  ['in_bin(waste3,pp_bin)', 'handempty(brl_robot)']
    [Feedback] method=ours, confidence=0.9965, threshold=0.6000, trigger=False
    [Planner] Updated confidence: 0.9964931869487077
    [Belief Diff]
      + add (2): in_bin(waste3,pp_bin), handempty(brl_robot)
      - del (2): holding(brl_robot,waste3), detected(waste3)
[TIME] step_total=0.1558s (search=0.1555s, execute=0.0001s, update=0.0001s, interaction=0.0000s, pruning=0.0001s, overhead=0.0000s)
==================

Step: 7
[POMCP] applicable values:
        detect_waste(brl_robot): 0.0
        pick(brl_robot, waste2): 8.033062451703396

[POMCP] Selected: pick(brl_robot, waste2)
[POMCP] Average simulation time:  0.0016
[POMCP] Average select time:  0.0
[Planner] Selected action: pick(brl_robot, waste2)
[Planner] Observation:  ['holding(brl_robot,waste2)']
    [Feedback] method=ours, confidence=0.8912, threshold=0.6000, trigger=False
    [Planner] Updated confidence: 0.891234350205463
    [Belief Diff]
      + add (1): holding(brl_robot,waste2)
      - del (1): handempty(brl_robot)
[TIME] step_total=0.1596s (search=0.1592s, execute=0.0001s, update=0.0001s, interaction=0.0000s, pruning=0.0001s, overhead=0.0000s)
==================

Step: 8
[POMCP] applicable values:
        place_gw_bin(brl_robot, waste2, gw_bin): 0.0
        place_paper_bin(brl_robot, waste2, pp_bin): 0.0
        place_can_bin(brl_robot, waste2, ca_bin): 4.286875
        place_plastic_bin(brl_robot, waste2, pl_bin): 9.454520070250696

[POMCP] Selected: place_plastic_bin(brl_robot, waste2, pl_bin)
[POMCP] Average simulation time:  0.0017
[POMCP] Average select time:  0.0
[Planner] Selected action: place_plastic_bin(brl_robot, waste2, pl_bin)
[Planner] Observation:  ['detected(waste2)', 'holding(brl_robot,waste2)']
    [Feedback] method=ours, confidence=0.3634, threshold=0.6000, trigger=True
    [Planner] Current confidence: 0.3634160195060874
    [Query] Q: detected(waste2) is True?
    [Query] T: detected(waste2)=True?
    [Query] A: False
    [Planner] Reduced 2 --> 1
    [Planner] Updated confidence: 1.0
    [Belief Diff]
      + add (2): in_bin(waste2,pl_bin), handempty(brl_robot)
      - del (2): holding(brl_robot,waste2), detected(waste2)
[TIME] step_total=0.1705s (search=0.1700s, execute=0.0001s, update=0.0001s, interaction=0.0002s, pruning=0.0001s, overhead=0.0000s)
==================

Step: 9
[POMCP] applicable values:
        detect_waste(brl_robot): 5.469433809314107

[POMCP] Selected: detect_waste(brl_robot)
[POMCP] Average simulation time:  0.0017
[POMCP] Average select time:  0.0
[Planner] Selected action: detect_waste(brl_robot)
[Planner] Observation:  ['detected(waste4)', 'general(waste4)']
    [Feedback] method=ours, confidence=0.1937, threshold=0.6000, trigger=True
    [Planner] Current confidence: 0.19371915339932522
    [Query] Q: general(waste4) is True?
    [Query] T: general(waste4)=True?
    [Query] A: True
    [Planner] Reduced 5 --> 1
    [Planner] Updated confidence: 1.0
    [Belief Diff]
      + add (2): detected(waste4), general(waste4)
      - del (0): -
[TIME] step_total=0.1753s (search=0.1698s, execute=0.0036s, update=0.0008s, interaction=0.0003s, pruning=0.0007s, overhead=0.0001s)
==================

Step: 10
[POMCP] applicable values:
        detect_waste(brl_robot): 4.630476931033717
        pick(brl_robot, waste4): 0.0

[POMCP] Selected: detect_waste(brl_robot)
[POMCP] Average simulation time:  0.0016
[POMCP] Average select time:  0.0
[Planner] Selected action: detect_waste(brl_robot)
[Planner] Observation:  ['detected(waste4)', 'general(waste4)']
    [Feedback] method=ours, confidence=0.3051, threshold=0.6000, trigger=True
    [Planner] Current confidence: 0.30511072732053535
    [Query] Q: general(waste4) is True?
    [Query] T: general(waste4)=True?
    [Query] A: True
    [Planner] Reduced 4 --> 1
    [Planner] Updated confidence: 1.0
    [Belief Diff]
      + add (0): -
      - del (0): -
[TIME] step_total=0.1706s (search=0.1617s, execute=0.0078s, update=0.0006s, interaction=0.0003s, pruning=0.0002s, overhead=0.0000s)
==================

Step: 11
[POMCP] applicable values:
        detect_waste(brl_robot): 4.27050529076204
        pick(brl_robot, waste4): 0.0

[POMCP] Selected: detect_waste(brl_robot)
[POMCP] Average simulation time:  0.0016
[POMCP] Average select time:  0.0
[Planner] Selected action: detect_waste(brl_robot)
[Planner] Observation:  ['detected(waste4)', 'general(waste4)']
    [Feedback] method=ours, confidence=0.2652, threshold=0.6000, trigger=True
    [Planner] Current confidence: 0.2652480268782662
    [Query] Q: general(waste4) is True?
    [Query] T: general(waste4)=True?
    [Query] A: True
    [Planner] Reduced 4 --> 1
    [Planner] Updated confidence: 1.0
    [Belief Diff]
      + add (0): -
      - del (0): -
[TIME] step_total=0.1629s (search=0.1585s, execute=0.0033s, update=0.0007s, interaction=0.0003s, pruning=0.0002s, overhead=0.0000s)
==================

Step: 12
[POMCP] applicable values:
        detect_waste(brl_robot): 5.481705030908591
        pick(brl_robot, waste4): 0.0

[POMCP] Selected: detect_waste(brl_robot)
[POMCP] Average simulation time:  0.0016
[POMCP] Average select time:  0.0
[Planner] Selected action: detect_waste(brl_robot)
[Planner] Observation:  ['detected(waste4)', 'general(waste4)']
    [Feedback] method=ours, confidence=0.7657, threshold=0.6000, trigger=False
    [Planner] Updated confidence: 0.7657228072161545
    [Belief Diff]
      + add (0): -
      - del (0): -
[TIME] step_total=0.1692s (search=0.1649s, execute=0.0033s, update=0.0007s, interaction=0.0000s, pruning=0.0002s, overhead=0.0000s)
==================

Step: 13
[POMCP] applicable values:
        detect_waste(brl_robot): 3.9947972653488986
        pick(brl_robot, waste4): 0.0

[POMCP] Selected: detect_waste(brl_robot)
[POMCP] Average simulation time:  0.0017
[POMCP] Average select time:  0.0
[Planner] Selected action: detect_waste(brl_robot)
[Planner] Observation:  ['detected(waste3)', 'detected(waste4)', 'general(waste3)', 'general(waste4)']
    [Feedback] method=ours, confidence=0.6312, threshold=0.6000, trigger=False
    [Planner] Updated confidence: 0.6311760684991726
    [Belief Diff]
      + add (0): -
      - del (0): -
[TIME] step_total=0.1702s (search=0.1658s, execute=0.0035s, update=0.0006s, interaction=0.0000s, pruning=0.0002s, overhead=0.0000s)
==================

Step: 14
[POMCP] applicable values:
        detect_waste(brl_robot): 5.34589902487903
        pick(brl_robot, waste4): 0.0

[POMCP] Selected: detect_waste(brl_robot)
[POMCP] Average simulation time:  0.0016
[POMCP] Average select time:  0.0
[Planner] Selected action: detect_waste(brl_robot)
[Planner] Observation:  ['detected(waste4)', 'general(waste4)']
    [Feedback] method=ours, confidence=0.3573, threshold=0.6000, trigger=True
    [Planner] Current confidence: 0.35733317534344344
    [Query] Q: general(waste4) is True?
    [Query] T: general(waste4)=True?
    [Query] A: True
    [Planner] Reduced 4 --> 1
    [Planner] Updated confidence: 1.0
    [Belief Diff]
      + add (0): -
      - del (0): -
[TIME] step_total=0.1651s (search=0.1606s, execute=0.0033s, update=0.0006s, interaction=0.0003s, pruning=0.0002s, overhead=0.0000s)
==================

Step: 15
[POMCP] applicable values:
        detect_waste(brl_robot): 6.670714710318011
        pick(brl_robot, waste4): 0.0

[POMCP] Selected: detect_waste(brl_robot)
[POMCP] Average simulation time:  0.0017
[POMCP] Average select time:  0.0
[Planner] Selected action: detect_waste(brl_robot)
[Planner] Observation:  ['detected(waste4)', 'general(waste4)']
    [Feedback] method=ours, confidence=0.6438, threshold=0.6000, trigger=False
    [Planner] Updated confidence: 0.6437543347549161
    [Belief Diff]
      + add (0): -
      - del (0): -
[TIME] step_total=0.1720s (search=0.1677s, execute=0.0034s, update=0.0006s, interaction=0.0000s, pruning=0.0002s, overhead=0.0000s)
==================

Step: 16
[POMCP] applicable values:
        detect_waste(brl_robot): 0.0
        pick(brl_robot, waste4): 12.330795618912337

[POMCP] Selected: pick(brl_robot, waste4)
[POMCP] Average simulation time:  0.0017
[POMCP] Average select time:  0.0
[Planner] Selected action: pick(brl_robot, waste4)
[Planner] Observation:  ['holding(brl_robot,waste4)']
    [Feedback] method=ours, confidence=0.9306, threshold=0.6000, trigger=False
    [Planner] Updated confidence: 0.9305972650033868
    [Belief Diff]
      + add (1): holding(brl_robot,waste4)
      - del (1): handempty(brl_robot)
[TIME] step_total=0.1686s (search=0.1683s, execute=0.0001s, update=0.0001s, interaction=0.0000s, pruning=0.0001s, overhead=0.0000s)
==================

Step: 17
[POMCP] applicable values:
        place_gw_bin(brl_robot, waste4, gw_bin): 14.569148936170206
        place_paper_bin(brl_robot, waste4, pp_bin): 0.0
        place_can_bin(brl_robot, waste4, ca_bin): 0.0
        place_plastic_bin(brl_robot, waste4, pl_bin): 0.0

[POMCP] Selected: place_gw_bin(brl_robot, waste4, gw_bin)
[POMCP] Average simulation time:  0.0018
[POMCP] Average select time:  0.0
[Planner] Selected action: place_gw_bin(brl_robot, waste4, gw_bin)
[Planner] Observation:  ['in_bin(waste4,gw_bin)', 'handempty(brl_robot)']
    [Feedback] method=ours, confidence=0.9808, threshold=0.6000, trigger=False
    [Planner] Updated confidence: 0.9807923372969353
    [Belief Diff]
      + add (2): in_bin(waste4,gw_bin), handempty(brl_robot)
      - del (2): holding(brl_robot,waste4), detected(waste4)
[TIME] step_total=0.1784s (search=0.1781s, execute=0.0001s, update=0.0001s, interaction=0.0000s, pruning=0.0000s, overhead=0.0000s)
[TIME SUMMARY]
avg search: 0.2381s
avg execute: 0.0021s
avg update: 0.0076s
avg interaction: 0.0012s
avg pruning: 0.0002s
avg step wall: 0.2492s
total wall clock: 4.2356s
=============Action Log=============
[STEP 1]: detect_waste(brl_robot)
[STEP 2]: pick(brl_robot, waste1)
[STEP 3]: place_plastic_bin(brl_robot, waste1, pl_bin)
[STEP 4]: pick(brl_robot, waste3)
[STEP 5]: pick(brl_robot, waste3)
[STEP 6]: place_paper_bin(brl_robot, waste3, pp_bin)
[STEP 7]: pick(brl_robot, waste2)
[STEP 8]: place_plastic_bin(brl_robot, waste2, pl_bin)
[STEP 9]: detect_waste(brl_robot)
[STEP 10]: detect_waste(brl_robot)
[STEP 11]: detect_waste(brl_robot)
[STEP 12]: detect_waste(brl_robot)
[STEP 13]: detect_waste(brl_robot)
[STEP 14]: detect_waste(brl_robot)
[STEP 15]: detect_waste(brl_robot)
[STEP 16]: pick(brl_robot, waste4)
[STEP 17]: place_gw_bin(brl_robot, waste4, gw_bin)
=============Final Knowledge=============
can_bin(ca_bin)
general(waste4)
general_bin(gw_bin)
handempty(brl_robot)
in_bin(waste1,pl_bin)
in_bin(waste2,pl_bin)
in_bin(waste3,pp_bin)
in_bin(waste4,gw_bin)
paper(waste3)
paper_bin(pp_bin)
plastic(waste1)
plastic(waste2)
plastic_bin(pl_bin)
robot(brl_robot)
waste(waste1)
waste(waste2)
waste(waste3)
waste(waste4)
=============Query=============
Total Query 10
=============Action Schema Summary=============
detect_waste: actions=8, questions=8, expected_questions_per_action=1.0000
pick: actions=5, questions=1, expected_questions_per_action=0.2000
place_gw_bin: actions=1, questions=0, expected_questions_per_action=0.0000
place_paper_bin: actions=1, questions=0, expected_questions_per_action=0.0000
place_plastic_bin: actions=2, questions=1, expected_questions_per_action=0.5000
=============Log File=============
/home/changmin/PyProject/00_BRL-CF/experiments_logs/system_log/e1_threshold/wastesorting/scene_03_step50/ours/oracle/tau_0-6/exp_wastesorting_20260804_085448_804603.txt
