Step: 1
[POMCP] applicable values:
        navigate(brl_robot, dock_station, stem_01): 1.5211287829608267
        navigate(brl_robot, dock_station, stem_02): 1.4320326630980007

[POMCP] Selected: navigate(brl_robot, dock_station, stem_01)
[POMCP] Average simulation time:  0.0079
[POMCP] Average select time:  0.0
[Planner] Selected action: navigate(brl_robot, dock_station, stem_01)
[Planner] Observation:  ['located(brl_robot,stem_01)']
    [Feedback] method=ours-random-what, confidence=0.9457, threshold=0.8000, trigger=False
    [Planner] Updated confidence: 0.945700187122595
    [Belief Diff]
      + add (1): located(brl_robot,stem_01)
      - del (1): located(brl_robot,dock_station)
[TIME] step_total=0.7939s (search=0.7933s, execute=0.0002s, update=0.0002s, interaction=0.0000s, pruning=0.0001s, overhead=0.0001s)
==================

Step: 2
[POMCP] applicable values:
        navigate(brl_robot, stem_01, dock_station): 1.6002928960179426
        navigate(brl_robot, stem_01, stem_02): 1.2852954755799453
        detect(brl_robot, stem_01): 0.0

[POMCP] Selected: navigate(brl_robot, stem_01, dock_station)
[POMCP] Average simulation time:  0.0076
[POMCP] Average select time:  0.0
[Planner] Selected action: navigate(brl_robot, stem_01, dock_station)
[Planner] Observation:  ['located(brl_robot,dock_station)']
    [Feedback] method=ours-random-what, confidence=0.9328, threshold=0.8000, trigger=False
    [Planner] Updated confidence: 0.9328177467504722
    [Belief Diff]
      + add (1): located(brl_robot,dock_station)
      - del (1): located(brl_robot,stem_01)
[TIME] step_total=0.7577s (search=0.7570s, execute=0.0002s, update=0.0001s, interaction=0.0000s, pruning=0.0003s, overhead=0.0001s)
==================

Step: 3
[POMCP] applicable values:
        navigate(brl_robot, dock_station, stem_01): 0.0
        navigate(brl_robot, dock_station, stem_02): 1.7782303042934293

[POMCP] Selected: navigate(brl_robot, dock_station, stem_02)
[POMCP] Average simulation time:  0.0082
[POMCP] Average select time:  0.0
[Planner] Selected action: navigate(brl_robot, dock_station, stem_02)
[Planner] Observation:  ['located(brl_robot,stem_02)']
    [Feedback] method=ours-random-what, confidence=0.9655, threshold=0.8000, trigger=False
    [Planner] Updated confidence: 0.9655256972006264
    [Belief Diff]
      + add (1): located(brl_robot,stem_02)
      - del (1): located(brl_robot,dock_station)
[TIME] step_total=0.8176s (search=0.8169s, execute=0.0002s, update=0.0001s, interaction=0.0000s, pruning=0.0003s, overhead=0.0001s)
==================

Step: 4
[POMCP] applicable values:
        navigate(brl_robot, stem_02, dock_station): 0.0
        navigate(brl_robot, stem_02, stem_01): 1.8432869915863725
        detect(brl_robot, stem_02): 1.810584221823859

[POMCP] Selected: navigate(brl_robot, stem_02, stem_01)
[POMCP] Average simulation time:  0.0085
[POMCP] Average select time:  0.0
[Planner] Selected action: navigate(brl_robot, stem_02, stem_01)
[Planner] Observation:  ['located(brl_robot,stem_01)']
    [Feedback] method=ours-random-what, confidence=0.9581, threshold=0.8000, trigger=False
    [Planner] Updated confidence: 0.9581299590428384
    [Belief Diff]
      + add (1): located(brl_robot,stem_01)
      - del (1): located(brl_robot,stem_02)
[TIME] step_total=0.8559s (search=0.8548s, execute=0.0001s, update=0.0001s, interaction=0.0000s, pruning=0.0007s, overhead=0.0001s)
==================

Step: 5
[POMCP] applicable values:
        navigate(brl_robot, stem_01, dock_station): 0.0
        navigate(brl_robot, stem_01, stem_02): 0.9509662092752829
        detect(brl_robot, stem_01): 2.000299109785348

[POMCP] Selected: detect(brl_robot, stem_01)
[POMCP] Average simulation time:  0.0091
[POMCP] Average select time:  0.0
[Planner] Selected action: detect(brl_robot, stem_01)
[Planner] Observation:  ['observed(tomato1)', 'observed(tomato2)', 'ripe(tomato1)', 'unripe(tomato2)']
    [Feedback] method=ours-random-what, confidence=0.2975, threshold=0.8000, trigger=True
    [Planner] Current confidence: 0.29747064110150934
    [Query] Q: observed(tomato4) is True?
    [Query] T: observed(tomato4)=True?
    [Query] A: False
    [Planner] Reduced 81 --> 27
    [Planner] Current confidence: 0.396412130202227
    [Query] Q: observed(tomato3) is True?
    [Query] T: observed(tomato3)=True?
    [Query] A: False
    [Planner] Reduced 27 --> 9
    [Planner] Current confidence: 0.5944507136065135
    [Query] Q: unripe(tomato2) is True?
    [Query] T: unripe(tomato2)=True?
    [Query] A: True
    [Planner] Reduced 9 --> 3
    [Planner] Current confidence: 0.6633668698828101
    [Query] Q: at(tomato1,stem_01) is True?
    [Query] T: at(tomato1,stem_01)=True?
    [Query] A: True
    [Planner] Reduced 3 --> 2
    [Planner] Current confidence: 0.5428729329474263
    [Query] Q: unripe(tomato1) is True?
    [Query] T: unripe(tomato1)=True?
    [Query] A: False
    [Planner] Reduced 2 --> 1
    [Planner] Updated confidence: 1.0
    [Belief Diff]
      + add (6): at(tomato1,stem_01), at(tomato2,stem_01), observed(tomato1), observed(tomato2), ripe(tomato1), unripe(tomato2)
      - del (0): -
[TIME] step_total=0.9147s (search=0.9055s, execute=0.0005s, update=0.0032s, interaction=0.0046s, pruning=0.0009s, overhead=0.0001s)
==================

Step: 6
[POMCP] applicable values:
        navigate(brl_robot, stem_01, dock_station): 0.0
        navigate(brl_robot, stem_01, stem_02): 0.0
        detect(brl_robot, stem_01): 1.9006925179926555
        pick(brl_robot, tomato1, stem_01): 0.0

[POMCP] Selected: detect(brl_robot, stem_01)
[POMCP] Average simulation time:  0.0083
[POMCP] Average select time:  0.0
[Planner] Selected action: detect(brl_robot, stem_01)
[Planner] Observation:  ['observed(tomato1)', 'observed(tomato2)', 'ripe(tomato1)', 'unripe(tomato2)']
    [Feedback] method=ours-random-what, confidence=0.1603, threshold=0.8000, trigger=True
    [Planner] Current confidence: 0.16030088468035197
    [Query] Q: observed(tomato4) is True?
    [Query] T: observed(tomato4)=True?
    [Query] A: False
    [Planner] Reduced 36 --> 12
    [Planner] Current confidence: 0.23099893886998568
    [Query] Q: at(tomato3,stem_01) is True?
    [Query] T: at(tomato3,stem_01)=True?
    [Query] A: False
    [Planner] Reduced 12 --> 4
    [Planner] Current confidence: 0.4138660156844086
    [Query] Q: ripe(tomato1) is True?
    [Query] T: ripe(tomato1)=True?
    [Query] A: True
    [Planner] Reduced 4 --> 2
    [Planner] Current confidence: 0.39514475196857757
    [Query] Q: unripe(tomato2) is True?
    [Query] T: unripe(tomato2)=True?
    [Query] A: True
    [Planner] Reduced 2 --> 1
    [Planner] Updated confidence: 1.0
    [Belief Diff]
      + add (0): -
      - del (0): -
[TIME] step_total=0.8384s (search=0.8341s, execute=0.0005s, update=0.0021s, interaction=0.0013s, pruning=0.0004s, overhead=0.0001s)
==================

Step: 7
[POMCP] applicable values:
        navigate(brl_robot, stem_01, dock_station): 0.0
        navigate(brl_robot, stem_01, stem_02): 0.0
        detect(brl_robot, stem_01): 1.9344523437499999
        pick(brl_robot, tomato1, stem_01): 4.8125838242135

[POMCP] Selected: pick(brl_robot, tomato1, stem_01)
[POMCP] Average simulation time:  0.0091
[POMCP] Average select time:  0.0
[Planner] Selected action: pick(brl_robot, tomato1, stem_01)
[Planner] Observation:  ['holding(brl_robot,tomato1)', 'holded(tomato1,brl_robot)']
    [Feedback] method=ours-random-what, confidence=0.9994, threshold=0.8000, trigger=False
    [Planner] Updated confidence: 0.9994173767882965
    [Belief Diff]
      + add (2): holding(brl_robot,tomato1), holded(tomato1,brl_robot)
      - del (2): handempty(brl_robot), at(tomato1,stem_01)
[TIME] step_total=0.9118s (search=0.9114s, execute=0.0002s, update=0.0001s, interaction=0.0000s, pruning=0.0001s, overhead=0.0001s)
==================

Step: 8
[POMCP] applicable values:
        scan(brl_robot, tomato1): 5.541718976340591
        place(brl_robot, tomato1): 3.5478434940355283
        discard(brl_robot, tomato1): 0.0

[POMCP] Selected: scan(brl_robot, tomato1)
[POMCP] Average simulation time:  0.0105
[POMCP] Average select time:  0.0
[Planner] Selected action: scan(brl_robot, tomato1)
[Planner] Observation:  ['ripe(tomato1)']
    [Feedback] method=ours-random-what, confidence=0.4613, threshold=0.8000, trigger=True
    [Planner] Current confidence: 0.4612560480457215
    [Query] Q: ripe(tomato1) is True?
    [Query] T: ripe(tomato1)=True?
    [Query] A: True
    [Planner] Reduced 2 --> 1
    [Planner] Updated confidence: 1.0
    [Belief Diff]
      + add (1): scanned(tomato1)
      - del (0): -
[TIME] step_total=1.0467s (search=1.0456s, execute=0.0001s, update=0.0001s, interaction=0.0001s, pruning=0.0006s, overhead=0.0001s)
==================

Step: 9
[POMCP] applicable values:
        scan(brl_robot, tomato1): 5.126943330556661
        place(brl_robot, tomato1): 6.134715287557547
        discard(brl_robot, tomato1): 2.993684696191894

[POMCP] Selected: place(brl_robot, tomato1)
[POMCP] Average simulation time:  0.0107
[POMCP] Average select time:  0.0
[Planner] Selected action: place(brl_robot, tomato1)
[Planner] Observation:  ['loaded(tomato1,brl_robot)', 'handempty(brl_robot)']
    [Feedback] method=ours-random-what, confidence=0.9994, threshold=0.8000, trigger=False
    [Planner] Updated confidence: 0.9993873889251708
    [Belief Diff]
      + add (2): loaded(tomato1,brl_robot), handempty(brl_robot)
      - del (2): holded(tomato1,brl_robot), holding(brl_robot,tomato1)
[TIME] step_total=1.0700s (search=1.0695s, execute=0.0002s, update=0.0001s, interaction=0.0000s, pruning=0.0001s, overhead=0.0001s)
==================

Step: 10
[POMCP] applicable values:
        navigate(brl_robot, stem_01, dock_station): 0.0
        navigate(brl_robot, stem_01, stem_02): 1.098192626507498
        detect(brl_robot, stem_01): 1.7021286288382171

[POMCP] Selected: detect(brl_robot, stem_01)
[POMCP] Average simulation time:  0.0109
[POMCP] Average select time:  0.0
[Planner] Selected action: detect(brl_robot, stem_01)
[Planner] Observation:  ['observed(tomato2)', 'unripe(tomato2)']
    [Feedback] method=ours-random-what, confidence=0.1113, threshold=0.8000, trigger=True
    [Planner] Current confidence: 0.1113279117199173
    [Query] Q: ripe(tomato3) is True?
    [Query] T: ripe(tomato3)=True?
    [Query] A: False
    [Planner] Reduced 18 --> 12
    [Planner] Current confidence: 0.12947808220391666
    [Query] Q: unripe(tomato3) is True?
    [Query] T: unripe(tomato3)=True?
    [Query] A: False
    [Planner] Reduced 12 --> 6
    [Planner] Current confidence: 0.17941492039061702
    [Query] Q: unripe(tomato4) is True?
    [Query] T: unripe(tomato4)=True?
    [Query] A: False
    [Planner] Reduced 6 --> 4
    [Planner] Current confidence: 0.23189177458330434
    [Query] Q: ripe(tomato2) is True?
    [Query] T: ripe(tomato2)=True?
    [Query] A: False
    [Planner] Reduced 4 --> 2
    [Planner] Current confidence: 0.0003355381225651488
    [Query] Q: at(tomato4,stem_01) is True?
    [Query] T: at(tomato4,stem_01)=True?
    [Query] A: False
    [Planner] Reduced 2 --> 1
    [Planner] Updated confidence: 1.0
    [Belief Diff]
      + add (0): -
      - del (0): -
[TIME] step_total=1.0976s (search=1.0896s, execute=0.0027s, update=0.0027s, interaction=0.0012s, pruning=0.0013s, overhead=0.0001s)
==================

Step: 11
[POMCP] applicable values:
        navigate(brl_robot, stem_01, dock_station): 0.5987369392383788
        navigate(brl_robot, stem_01, stem_02): 1.5240665788477437
        detect(brl_robot, stem_01): 0.0

[POMCP] Selected: navigate(brl_robot, stem_01, stem_02)
[POMCP] Average simulation time:  0.0112
[POMCP] Average select time:  0.0
[Planner] Selected action: navigate(brl_robot, stem_01, stem_02)
[Planner] Observation:  ['located(brl_robot,stem_02)']
    [Feedback] method=ours-random-what, confidence=0.9438, threshold=0.8000, trigger=False
    [Planner] Updated confidence: 0.9438250552494116
    [Belief Diff]
      + add (1): located(brl_robot,stem_02)
      - del (1): located(brl_robot,stem_01)
[TIME] step_total=1.1224s (search=1.1218s, execute=0.0002s, update=0.0001s, interaction=0.0000s, pruning=0.0001s, overhead=0.0001s)
==================

Step: 12
[POMCP] applicable values:
        navigate(brl_robot, stem_02, dock_station): 0.4481074030106774
        navigate(brl_robot, stem_02, stem_01): 0.0
        detect(brl_robot, stem_02): 1.6149925670523366

[POMCP] Selected: detect(brl_robot, stem_02)
[POMCP] Average simulation time:  0.0109
[POMCP] Average select time:  0.0
[Planner] Selected action: detect(brl_robot, stem_02)
[Planner] Observation:  ['observed(tomato3)', 'observed(tomato4)', 'ripe(tomato3)', 'ripe(tomato4)']
    [Feedback] method=ours-random-what, confidence=0.4214, threshold=0.8000, trigger=True
    [Planner] Current confidence: 0.42140680041152456
    [Query] Q: ripe(tomato3) is True?
    [Query] T: ripe(tomato3)=True?
    [Query] A: True
    [Planner] Reduced 27 --> 9
    [Planner] Current confidence: 0.2777042964484484
    [Query] Q: ripe(tomato2) is True?
    [Query] T: ripe(tomato2)=True?
    [Query] A: False
    [Planner] Reduced 9 --> 6
    [Planner] Current confidence: 0.34054269503730106
    [Query] Q: at(tomato2,stem_02) is True?
    [Query] T: at(tomato2,stem_02)=True?
    [Query] A: False
    [Planner] Reduced 6 --> 3
    [Planner] Current confidence: 0.5551804202406316
    [Query] Q: at(tomato4,stem_02) is True?
    [Query] T: at(tomato4,stem_02)=True?
    [Query] A: True
    [Planner] Reduced 3 --> 2
    [Planner] Current confidence: 0.3992713618586742
    [Query] Q: ripe(tomato4) is True?
    [Query] T: ripe(tomato4)=True?
    [Query] A: True
    [Planner] Reduced 2 --> 1
    [Planner] Updated confidence: 1.0
    [Belief Diff]
      + add (6): at(tomato3,stem_02), at(tomato4,stem_02), observed(tomato3), observed(tomato4), ripe(tomato3), ripe(tomato4)
      - del (0): -
[TIME] step_total=1.0974s (search=1.0899s, execute=0.0024s, update=0.0029s, interaction=0.0013s, pruning=0.0008s, overhead=0.0001s)
==================

Step: 13
[POMCP] applicable values:
        navigate(brl_robot, stem_02, dock_station): 1.5217468179081446
        navigate(brl_robot, stem_02, stem_01): 1.4667471350195362
        detect(brl_robot, stem_02): 0.7694032116406017
        pick(brl_robot, tomato3, stem_02): 4.496793066394203
        pick(brl_robot, tomato4, stem_02): 1.0703760783763747

[POMCP] Selected: pick(brl_robot, tomato3, stem_02)
[POMCP] Average simulation time:  0.0095
[POMCP] Average select time:  0.0
[Planner] Selected action: pick(brl_robot, tomato3, stem_02)
[Planner] Observation:  ['holding(brl_robot,tomato3)', 'holded(tomato3,brl_robot)']
    [Feedback] method=ours-random-what, confidence=0.9966, threshold=0.8000, trigger=False
    [Planner] Updated confidence: 0.9965649549584038
    [Belief Diff]
      + add (2): holding(brl_robot,tomato3), holded(tomato3,brl_robot)
      - del (2): at(tomato3,stem_02), handempty(brl_robot)
[TIME] step_total=0.9492s (search=0.9485s, execute=0.0002s, update=0.0001s, interaction=0.0000s, pruning=0.0003s, overhead=0.0001s)
==================

Step: 14
[POMCP] applicable values:
        scan(brl_robot, tomato3): 7.8256978679062
        place(brl_robot, tomato3): 1.7028081314405739
        discard(brl_robot, tomato3): 1.575623524311523

[POMCP] Selected: scan(brl_robot, tomato3)
[POMCP] Average simulation time:  0.0089
[POMCP] Average select time:  0.0
[Planner] Selected action: scan(brl_robot, tomato3)
[Planner] Observation:  ['ripe(tomato3)']
    [Feedback] method=ours-random-what, confidence=0.5517, threshold=0.8000, trigger=True
    [Planner] Current confidence: 0.5516555082258915
    [Query] Q: rotten(tomato3) is True?
    [Query] T: rotten(tomato3)=True?
    [Query] A: False
    [Planner] Reduced 2 --> 1
    [Planner] Updated confidence: 1.0
    [Belief Diff]
      + add (1): scanned(tomato3)
      - del (0): -
[TIME] step_total=0.8902s (search=0.8892s, execute=0.0001s, update=0.0001s, interaction=0.0002s, pruning=0.0005s, overhead=0.0001s)
==================

Step: 15
[POMCP] applicable values:
        scan(brl_robot, tomato3): 0.0
        place(brl_robot, tomato3): 9.090711032089574
        discard(brl_robot, tomato3): 3.151247048623046

[POMCP] Selected: place(brl_robot, tomato3)
[POMCP] Average simulation time:  0.0087
[POMCP] Average select time:  0.0
[Planner] Selected action: place(brl_robot, tomato3)
[Planner] Observation:  ['loaded(tomato3,brl_robot)', 'handempty(brl_robot)']
    [Feedback] method=ours-random-what, confidence=0.9977, threshold=0.8000, trigger=False
    [Planner] Updated confidence: 0.9976895350577311
    [Belief Diff]
      + add (2): loaded(tomato3,brl_robot), handempty(brl_robot)
      - del (2): holded(tomato3,brl_robot), holding(brl_robot,tomato3)
[TIME] step_total=0.8720s (search=0.8715s, execute=0.0002s, update=0.0001s, interaction=0.0000s, pruning=0.0001s, overhead=0.0001s)
==================

Step: 16
[POMCP] applicable values:
        navigate(brl_robot, stem_02, dock_station): 0.0
        navigate(brl_robot, stem_02, stem_01): 0.0
        detect(brl_robot, stem_02): 1.1005551917997942
        pick(brl_robot, tomato4, stem_02): 4.706317295007021

[POMCP] Selected: pick(brl_robot, tomato4, stem_02)
[POMCP] Average simulation time:  0.0099
[POMCP] Average select time:  0.0
[Planner] Selected action: pick(brl_robot, tomato4, stem_02)
[Planner] Observation:  ['holding(brl_robot,tomato4)', 'holded(tomato4,brl_robot)']
    [Feedback] method=ours-random-what, confidence=0.9977, threshold=0.8000, trigger=False
    [Planner] Updated confidence: 0.9976945078449567
    [Belief Diff]
      + add (2): holding(brl_robot,tomato4), holded(tomato4,brl_robot)
      - del (2): at(tomato4,stem_02), handempty(brl_robot)
[TIME] step_total=0.9957s (search=0.9951s, execute=0.0002s, update=0.0001s, interaction=0.0000s, pruning=0.0002s, overhead=0.0002s)
==================

Step: 17
[POMCP] applicable values:
        scan(brl_robot, tomato4): 5.520193324219788
        place(brl_robot, tomato4): 0.0
        discard(brl_robot, tomato4): 0.0

[POMCP] Selected: scan(brl_robot, tomato4)
[POMCP] Average simulation time:  0.0102
[POMCP] Average select time:  0.0
[Planner] Selected action: scan(brl_robot, tomato4)
[Planner] Observation:  ['rotten(tomato4)']
    [Feedback] method=ours-random-what, confidence=0.5726, threshold=0.8000, trigger=True
    [Planner] Current confidence: 0.5726360793224213
    [Query] Q: ripe(tomato4) is True?
    [Query] T: ripe(tomato4)=True?
    [Query] A: False
    [Planner] Reduced 2 --> 1
    [Planner] Updated confidence: 1.0
    [Belief Diff]
      + add (2): rotten(tomato4), scanned(tomato4)
      - del (1): ripe(tomato4)
[TIME] step_total=1.0183s (search=1.0165s, execute=0.0002s, update=0.0001s, interaction=0.0002s, pruning=0.0012s, overhead=0.0001s)
==================

Step: 18
[POMCP] applicable values:
        scan(brl_robot, tomato4): 3.8244866480727726
        discard(brl_robot, tomato4): 6.277016488351176

[POMCP] Selected: discard(brl_robot, tomato4)
[POMCP] Average simulation time:  0.0122
[POMCP] Average select time:  0.0
[Planner] Selected action: discard(brl_robot, tomato4)
[Planner] Observation:  ['discarded(tomato4)', 'handempty(brl_robot)']
    [Feedback] method=ours-random-what, confidence=0.9992, threshold=0.8000, trigger=False
    [Planner] Updated confidence: 0.9992018519798574
    [Belief Diff]
      + add (2): discarded(tomato4), handempty(brl_robot)
      - del (2): holding(brl_robot,tomato4), holded(tomato4,brl_robot)
[TIME] step_total=1.2247s (search=1.2243s, execute=0.0002s, update=0.0001s, interaction=0.0000s, pruning=0.0000s, overhead=0.0001s)
[TIME SUMMARY]
avg search: 0.9575s
avg execute: 0.0005s
avg update: 0.0007s
avg interaction: 0.0005s
avg pruning: 0.0004s
avg step wall: 0.9597s
total wall clock: 17.2743s
=============Action Log=============
[STEP 1]: navigate(brl_robot, dock_station, stem_01)
[STEP 2]: navigate(brl_robot, stem_01, dock_station)
[STEP 3]: navigate(brl_robot, dock_station, stem_02)
[STEP 4]: navigate(brl_robot, stem_02, stem_01)
[STEP 5]: detect(brl_robot, stem_01)
[STEP 6]: detect(brl_robot, stem_01)
[STEP 7]: pick(brl_robot, tomato1, stem_01)
[STEP 8]: scan(brl_robot, tomato1)
[STEP 9]: place(brl_robot, tomato1)
[STEP 10]: detect(brl_robot, stem_01)
[STEP 11]: navigate(brl_robot, stem_01, stem_02)
[STEP 12]: detect(brl_robot, stem_02)
[STEP 13]: pick(brl_robot, tomato3, stem_02)
[STEP 14]: scan(brl_robot, tomato3)
[STEP 15]: place(brl_robot, tomato3)
[STEP 16]: pick(brl_robot, tomato4, stem_02)
[STEP 17]: scan(brl_robot, tomato4)
[STEP 18]: discard(brl_robot, tomato4)
=============Final Knowledge=============
at(tomato2,stem_01)
discarded(tomato4)
handempty(brl_robot)
loaded(tomato1,brl_robot)
loaded(tomato3,brl_robot)
located(brl_robot,stem_02)
location(dock_station)
location(stem_01)
location(stem_02)
observed(tomato1)
observed(tomato2)
observed(tomato3)
observed(tomato4)
ripe(tomato1)
ripe(tomato3)
robot(brl_robot)
rotten(tomato4)
scanned(tomato1)
scanned(tomato3)
scanned(tomato4)
stem(stem_01)
stem(stem_02)
tomato(tomato1)
tomato(tomato2)
tomato(tomato3)
tomato(tomato4)
unripe(tomato2)
=============Query=============
Total Query 22
=============Action Schema Summary=============
detect: actions=4, questions=19, expected_questions_per_action=4.7500
discard: actions=1, questions=0, expected_questions_per_action=0.0000
navigate: actions=5, questions=0, expected_questions_per_action=0.0000
pick: actions=3, questions=0, expected_questions_per_action=0.0000
place: actions=2, questions=0, expected_questions_per_action=0.0000
scan: actions=3, questions=3, expected_questions_per_action=1.0000
=============Log File=============
/home/changmin/PyProject/00_BRL-CF/experiments_logs/system_log/e2_ablation/tomato/scene_03_step50/ours-random-what/oracle/exp_tomato_20260804_143116_093158.txt
