Step: 1
[POMCP] applicable values:
        navigate(brl_robot, dock_station, stem_01): 1.7804937184400675
        navigate(brl_robot, dock_station, stem_02): 1.4287865374971205

[POMCP] Selected: navigate(brl_robot, dock_station, stem_01)
[POMCP] Average simulation time:  0.0081
[POMCP] Average select time:  0.0
[Planner] Selected action: navigate(brl_robot, dock_station, stem_01)
[Planner] Observation:  ['located(brl_robot,stem_01)']
    [Feedback] method=ours-random-what, confidence=0.9194, threshold=0.8000, trigger=False
    [Planner] Updated confidence: 0.9194462022200637
    [Belief Diff]
      + add (1): located(brl_robot,stem_01)
      - del (1): located(brl_robot,dock_station)
[TIME] step_total=0.8131s (search=0.8125s, execute=0.0002s, update=0.0002s, interaction=0.0000s, pruning=0.0001s, overhead=0.0001s)
==================

Step: 2
[POMCP] applicable values:
        navigate(brl_robot, stem_01, dock_station): 0.0
        navigate(brl_robot, stem_01, stem_02): 1.4149964599163238
        detect(brl_robot, stem_01): 1.939150267126489

[POMCP] Selected: detect(brl_robot, stem_01)
[POMCP] Average simulation time:  0.0084
[POMCP] Average select time:  0.0
[Planner] Selected action: detect(brl_robot, stem_01)
[Planner] Observation:  ['observed(tomato1)', 'observed(tomato2)', 'ripe(tomato1)', 'ripe(tomato2)']
    [Feedback] method=ours-random-what, confidence=0.2580, threshold=0.8000, trigger=True
    [Planner] Current confidence: 0.25799475416375706
    [Query] Q: at(tomato4,stem_01) is True?
    [Query] T: at(tomato4,stem_01)=True?
    [Query] A: False
    [Planner] Reduced 81 --> 27
    [Planner] Current confidence: 0.34377628158955076
    [Query] Q: observed(tomato1) is True?
    [Query] T: observed(tomato1)=True?
    [Query] A: False
    [Planner] Reduced 27 --> 9
    [Planner] Current confidence: 0.13200236394896603
    [Query] Q: observed(tomato3) is True?
    [Query] T: observed(tomato3)=True?
    [Query] A: False
    [Planner] Reduced 9 --> 3
    [Planner] Current confidence: 0.2637765391297032
    [Query] Q: ripe(tomato2) is True?
    [Query] T: ripe(tomato2)=True?
    [Query] A: False
    [Planner] Reduced 3 --> 2
    [Planner] Current confidence: 0.5463125138767836
    [Query] Q: unripe(tomato2) is True?
    [Query] T: unripe(tomato2)=True?
    [Query] A: True
    [Planner] Reduced 2 --> 1
    [Planner] Updated confidence: 1.0
    [Belief Diff]
      + add (3): at(tomato2,stem_01), observed(tomato2), unripe(tomato2)
      - del (0): -
[TIME] step_total=0.8481s (search=0.8390s, execute=0.0005s, update=0.0033s, interaction=0.0045s, pruning=0.0007s, overhead=0.0001s)
==================

Step: 3
[POMCP] applicable values:
        navigate(brl_robot, stem_01, dock_station): 0.0
        navigate(brl_robot, stem_01, stem_02): 1.4019815289665256
        detect(brl_robot, stem_01): 1.5311531718449494

[POMCP] Selected: detect(brl_robot, stem_01)
[POMCP] Average simulation time:  0.0083
[POMCP] Average select time:  0.0
[Planner] Selected action: detect(brl_robot, stem_01)
[Planner] Observation:  ['observed(tomato1)', 'observed(tomato2)', 'unripe(tomato1)', 'unripe(tomato2)']
    [Feedback] method=ours-random-what, confidence=0.1552, threshold=0.8000, trigger=True
    [Planner] Current confidence: 0.15516410248660295
    [Query] Q: ripe(tomato1) is True?
    [Query] T: ripe(tomato1)=True?
    [Query] A: True
    [Planner] Reduced 54 --> 18
    [Planner] Current confidence: 0.11562439046171202
    [Query] Q: unripe(tomato4) is True?
    [Query] T: unripe(tomato4)=True?
    [Query] A: False
    [Planner] Reduced 18 --> 12
    [Planner] Current confidence: 0.134475622766425
    [Query] Q: ripe(tomato3) is True?
    [Query] T: ripe(tomato3)=True?
    [Query] A: False
    [Planner] Reduced 12 --> 8
    [Planner] Current confidence: 0.16068797651709266
    [Query] Q: observed(tomato3) is True?
    [Query] T: observed(tomato3)=True?
    [Query] A: False
    [Planner] Reduced 8 --> 4
    [Planner] Current confidence: 0.24084977283367093
    [Query] Q: at(tomato4,stem_01) is True?
    [Query] T: at(tomato4,stem_01)=True?
    [Query] A: False
    [Planner] Reduced 4 --> 2
    [Planner] Current confidence: 0.48136400936250334
    [Query] Q: unripe(tomato2) is True?
    [Query] T: unripe(tomato2)=True?
    [Query] A: True
    [Planner] Reduced 2 --> 1
    [Planner] Updated confidence: 1.0
    [Belief Diff]
      + add (3): at(tomato1,stem_01), observed(tomato1), ripe(tomato1)
      - del (0): -
[TIME] step_total=0.8316s (search=0.8258s, execute=0.0005s, update=0.0026s, interaction=0.0024s, pruning=0.0002s, overhead=0.0001s)
==================

Step: 4
[POMCP] applicable values:
        navigate(brl_robot, stem_01, dock_station): 0.675450109578296
        navigate(brl_robot, stem_01, stem_02): 1.3216948471906633
        detect(brl_robot, stem_01): 1.9770938791397983
        pick(brl_robot, tomato1, stem_01): 0.9707578220346487

[POMCP] Selected: detect(brl_robot, stem_01)
[POMCP] Average simulation time:  0.008
[POMCP] Average select time:  0.0
[Planner] Selected action: detect(brl_robot, stem_01)
[Planner] Observation:  ['observed(tomato1)', 'observed(tomato2)', 'ripe(tomato1)', 'unripe(tomato2)']
    [Feedback] method=ours-random-what, confidence=0.2359, threshold=0.8000, trigger=True
    [Planner] Current confidence: 0.23590725597872886
    [Query] Q: unripe(tomato4) is True?
    [Query] T: unripe(tomato4)=True?
    [Query] A: False
    [Planner] Reduced 36 --> 24
    [Planner] Current confidence: 0.2659743782210757
    [Query] Q: unripe(tomato2) is True?
    [Query] T: unripe(tomato2)=True?
    [Query] A: True
    [Planner] Reduced 24 --> 12
    [Planner] Current confidence: 0.24295799969578402
    [Query] Q: observed(tomato4) is True?
    [Query] T: observed(tomato4)=True?
    [Query] A: False
    [Planner] Reduced 12 --> 6
    [Planner] Current confidence: 0.336794898194528
    [Query] Q: unripe(tomato1) is True?
    [Query] T: unripe(tomato1)=True?
    [Query] A: False
    [Planner] Reduced 6 --> 3
    [Planner] Current confidence: 0.00020089199550132886
    [Query] Q: unripe(tomato3) is True?
    [Query] T: unripe(tomato3)=True?
    [Query] A: False
    [Planner] Reduced 3 --> 2
    [Planner] Current confidence: 0.0003355381225651488
    [Query] Q: at(tomato3,stem_01) is True?
    [Query] T: at(tomato3,stem_01)=True?
    [Query] A: False
    [Planner] Reduced 2 --> 1
    [Planner] Updated confidence: 1.0
    [Belief Diff]
      + add (0): -
      - del (0): -
[TIME] step_total=0.8054s (search=0.8001s, execute=0.0005s, update=0.0022s, interaction=0.0021s, pruning=0.0004s, overhead=0.0001s)
==================

Step: 5
[POMCP] applicable values:
        navigate(brl_robot, stem_01, dock_station): 2.10646287648803
        navigate(brl_robot, stem_01, stem_02): 0.0
        detect(brl_robot, stem_01): 2.016201506220616
        pick(brl_robot, tomato1, stem_01): 0.0

[POMCP] Selected: navigate(brl_robot, stem_01, dock_station)
[POMCP] Average simulation time:  0.0082
[POMCP] Average select time:  0.0
[Planner] Selected action: navigate(brl_robot, stem_01, dock_station)
[Planner] Observation:  ['located(brl_robot,dock_station)']
    [Feedback] method=ours-random-what, confidence=0.9584, threshold=0.8000, trigger=False
    [Planner] Updated confidence: 0.9584488723138277
    [Belief Diff]
      + add (1): located(brl_robot,dock_station)
      - del (1): located(brl_robot,stem_01)
[TIME] step_total=0.8238s (search=0.8232s, execute=0.0002s, update=0.0001s, interaction=0.0000s, pruning=0.0002s, overhead=0.0001s)
==================

Step: 6
[POMCP] applicable values:
        navigate(brl_robot, dock_station, stem_01): 1.8266409214382473
        navigate(brl_robot, dock_station, stem_02): 0.0

[POMCP] Selected: navigate(brl_robot, dock_station, stem_01)
[POMCP] Average simulation time:  0.0077
[POMCP] Average select time:  0.0
[Planner] Selected action: navigate(brl_robot, dock_station, stem_01)
[Planner] Observation:  ['located(brl_robot,stem_01)']
    [Feedback] method=ours-random-what, confidence=0.9284, threshold=0.8000, trigger=False
    [Planner] Updated confidence: 0.9283574186544978
    [Belief Diff]
      + add (1): located(brl_robot,stem_01)
      - del (1): located(brl_robot,dock_station)
[TIME] step_total=0.7695s (search=0.7689s, execute=0.0002s, update=0.0001s, interaction=0.0001s, pruning=0.0001s, overhead=0.0001s)
==================

Step: 7
[POMCP] applicable values:
        navigate(brl_robot, stem_01, dock_station): 0.0
        navigate(brl_robot, stem_01, stem_02): 1.8164952588205578
        detect(brl_robot, stem_01): 0.0
        pick(brl_robot, tomato1, stem_01): 0.0

[POMCP] Selected: navigate(brl_robot, stem_01, stem_02)
[POMCP] Average simulation time:  0.0078
[POMCP] Average select time:  0.0
[Planner] Selected action: navigate(brl_robot, stem_01, stem_02)
[Planner] Observation:  ['located(brl_robot,stem_02)']
    [Feedback] method=ours-random-what, confidence=0.9152, threshold=0.8000, trigger=False
    [Planner] Updated confidence: 0.9151749153241157
    [Belief Diff]
      + add (1): located(brl_robot,stem_02)
      - del (1): located(brl_robot,stem_01)
[TIME] step_total=0.7778s (search=0.7772s, execute=0.0002s, update=0.0001s, interaction=0.0000s, pruning=0.0002s, overhead=0.0001s)
==================

Step: 8
[POMCP] applicable values:
        navigate(brl_robot, stem_02, dock_station): 1.7647486403956307
        navigate(brl_robot, stem_02, stem_01): 1.3160091119548838
        detect(brl_robot, stem_02): 1.9005821451992926

[POMCP] Selected: detect(brl_robot, stem_02)
[POMCP] Average simulation time:  0.008
[POMCP] Average select time:  0.0
[Planner] Selected action: detect(brl_robot, stem_02)
[Planner] Observation:  ['observed(tomato3)', 'observed(tomato4)', 'ripe(tomato3)', 'unripe(tomato4)']
    [Feedback] method=ours-random-what, confidence=0.2180, threshold=0.8000, trigger=True
    [Planner] Current confidence: 0.21802490056226376
    [Query] Q: observed(tomato3) is True?
    [Query] T: observed(tomato3)=True?
    [Query] A: False
    [Planner] Reduced 81 --> 27
    [Planner] Current confidence: 0.09750012921597873
    [Query] Q: observed(tomato4) is True?
    [Query] T: observed(tomato4)=True?
    [Query] A: False
    [Planner] Reduced 27 --> 9
    [Planner] Current confidence: 0.00021454414913768538
    [Query] Q: at(tomato2,stem_02) is True?
    [Query] T: at(tomato2,stem_02)=True?
    [Query] A: False
    [Planner] Reduced 9 --> 3
    [Planner] Current confidence: 0.00020089199550132886
    [Query] Q: ripe(tomato1) is True?
    [Query] T: ripe(tomato1)=True?
    [Query] A: False
    [Planner] Reduced 3 --> 1
    [Planner] Updated confidence: 1.0
    [Belief Diff]
      + add (2): at(tomato1,stem_02), unripe(tomato1)
      - del (1): ripe(tomato1)
[TIME] step_total=0.8052s (search=0.7968s, execute=0.0005s, update=0.0036s, interaction=0.0029s, pruning=0.0013s, overhead=0.0001s)
==================

Step: 9
[POMCP] applicable values:
        navigate(brl_robot, stem_02, dock_station): 0.9309732365965281
        navigate(brl_robot, stem_02, stem_01): 1.5788916899332917
        detect(brl_robot, stem_02): 1.5355804415476615

[POMCP] Selected: navigate(brl_robot, stem_02, stem_01)
[POMCP] Average simulation time:  0.0076
[POMCP] Average select time:  0.0
[Planner] Selected action: navigate(brl_robot, stem_02, stem_01)
[Planner] Observation:  ['located(brl_robot,dock_station)']
    [Feedback] method=ours-random-what, confidence=0.5496, threshold=0.8000, trigger=True
    [Planner] Current confidence: 0.5495681281450067
    [Query] Q: located(brl_robot,dock_station) is True?
    [Query] T: located(brl_robot,dock_station)=True?
    [Query] A: False
    [Planner] Reduced 3 --> 2
    [Planner] Current confidence: 0.7025566035349998
    [Query] Q: located(brl_robot,stem_01) is True?
    [Query] T: located(brl_robot,stem_01)=True?
    [Query] A: True
    [Planner] Reduced 2 --> 1
    [Planner] Updated confidence: 1.0
    [Belief Diff]
      + add (1): located(brl_robot,stem_01)
      - del (1): located(brl_robot,stem_02)
[TIME] step_total=0.7571s (search=0.7562s, execute=0.0002s, update=0.0001s, interaction=0.0003s, pruning=0.0003s, overhead=0.0001s)
==================

Step: 10
[POMCP] applicable values:
        navigate(brl_robot, stem_01, dock_station): 1.7159312983610535
        navigate(brl_robot, stem_01, stem_02): 1.860957875708876
        detect(brl_robot, stem_01): 1.606994788990212

[POMCP] Selected: navigate(brl_robot, stem_01, stem_02)
[POMCP] Average simulation time:  0.0071
[POMCP] Average select time:  0.0
[Planner] Selected action: navigate(brl_robot, stem_01, stem_02)
[Planner] Observation:  ['located(brl_robot,stem_02)']
    [Feedback] method=ours-random-what, confidence=0.9330, threshold=0.8000, trigger=False
    [Planner] Updated confidence: 0.9330037380756824
    [Belief Diff]
      + add (1): located(brl_robot,stem_02)
      - del (1): located(brl_robot,stem_01)
[TIME] step_total=0.7090s (search=0.7080s, execute=0.0002s, update=0.0001s, interaction=0.0000s, pruning=0.0006s, overhead=0.0001s)
==================

Step: 11
[POMCP] applicable values:
        navigate(brl_robot, stem_02, dock_station): 0.9480001537940996
        navigate(brl_robot, stem_02, stem_01): 1.241309975813853
        detect(brl_robot, stem_02): 2.082227214505281

[POMCP] Selected: detect(brl_robot, stem_02)
[POMCP] Average simulation time:  0.0088
[POMCP] Average select time:  0.0
[Planner] Selected action: detect(brl_robot, stem_02)
[Planner] Observation:  ['observed(tomato3)', 'observed(tomato4)', 'ripe(tomato3)', 'ripe(tomato4)']
    [Feedback] method=ours-random-what, confidence=0.3116, threshold=0.8000, trigger=True
    [Planner] Current confidence: 0.3115621201778649
    [Query] Q: unripe(tomato3) is True?
    [Query] T: unripe(tomato3)=True?
    [Query] A: False
    [Planner] Reduced 54 --> 36
    [Planner] Current confidence: 0.3647817029486279
    [Query] Q: ripe(tomato1) is True?
    [Query] T: ripe(tomato1)=True?
    [Query] A: False
    [Planner] Reduced 36 --> 18
    [Planner] Current confidence: 0.4517678034624554
    [Query] Q: at(tomato2,stem_02) is True?
    [Query] T: at(tomato2,stem_02)=True?
    [Query] A: False
    [Planner] Reduced 18 --> 6
    [Planner] Current confidence: 0.7285954966946406
    [Query] Q: ripe(tomato3) is True?
    [Query] T: ripe(tomato3)=True?
    [Query] A: True
    [Planner] Reduced 6 --> 3
    [Planner] Current confidence: 0.6653058660988913
    [Query] Q: unripe(tomato4) is True?
    [Query] T: unripe(tomato4)=True?
    [Query] A: False
    [Planner] Reduced 3 --> 2
    [Planner] Updated confidence: 0.912729784218657
    [Belief Diff]
      + add (6): at(tomato3,stem_02), at(tomato4,stem_02), observed(tomato3), observed(tomato4), ripe(tomato3), ripe(tomato4)
      - del (0): -
[TIME] step_total=0.8878s (search=0.8807s, execute=0.0005s, update=0.0029s, interaction=0.0029s, pruning=0.0007s, overhead=0.0001s)
==================

Step: 12
[POMCP] applicable values:
        navigate(brl_robot, stem_02, dock_station): 1.6628870167719019
        navigate(brl_robot, stem_02, stem_01): 0.7335444477529423
        detect(brl_robot, stem_02): 0.0
        pick(brl_robot, tomato3, stem_02): 5.723243310746279
        pick(brl_robot, tomato4, stem_02): 0.0

[POMCP] Selected: pick(brl_robot, tomato3, stem_02)
[POMCP] Average simulation time:  0.0084
[POMCP] Average select time:  0.0
[Planner] Selected action: pick(brl_robot, tomato3, stem_02)
[Planner] Observation:  ['holding(brl_robot,tomato3)', 'holded(tomato3,brl_robot)']
    [Feedback] method=ours-random-what, confidence=0.9977, threshold=0.8000, trigger=False
    [Planner] Updated confidence: 0.997735797257521
    [Belief Diff]
      + add (2): holding(brl_robot,tomato3), holded(tomato3,brl_robot)
      - del (2): handempty(brl_robot), at(tomato3,stem_02)
[TIME] step_total=0.8396s (search=0.8389s, execute=0.0002s, update=0.0001s, interaction=0.0000s, pruning=0.0003s, overhead=0.0001s)
==================

Step: 13
[POMCP] applicable values:
        scan(brl_robot, tomato3): 8.260827437720655
        place(brl_robot, tomato3): 2.438374895577648
        discard(brl_robot, tomato3): 0.0

[POMCP] Selected: scan(brl_robot, tomato3)
[POMCP] Average simulation time:  0.0086
[POMCP] Average select time:  0.0
[Planner] Selected action: scan(brl_robot, tomato3)
[Planner] Observation:  ['ripe(tomato3)']
    [Feedback] method=ours-random-what, confidence=0.6989, threshold=0.8000, trigger=True
    [Planner] Current confidence: 0.6989462070703923
    [Query] Q: ripe(tomato3) is True?
    [Query] T: ripe(tomato3)=True?
    [Query] A: True
    [Planner] Reduced 2 --> 1
    [Planner] Updated confidence: 1.0
    [Belief Diff]
      + add (1): scanned(tomato3)
      - del (0): -
[TIME] step_total=0.8571s (search=0.8560s, execute=0.0002s, update=0.0001s, interaction=0.0002s, pruning=0.0005s, overhead=0.0001s)
==================

Step: 14
[POMCP] applicable values:
        scan(brl_robot, tomato3): 4.286875
        place(brl_robot, tomato3): 9.639443662417406
        discard(brl_robot, tomato3): 0.0

[POMCP] Selected: place(brl_robot, tomato3)
[POMCP] Average simulation time:  0.0094
[POMCP] Average select time:  0.0
[Planner] Selected action: place(brl_robot, tomato3)
[Planner] Observation:  ['loaded(tomato3,brl_robot)', 'handempty(brl_robot)']
    [Feedback] method=ours-random-what, confidence=0.9993, threshold=0.8000, trigger=False
    [Planner] Updated confidence: 0.999316520644242
    [Belief Diff]
      + add (2): loaded(tomato3,brl_robot), handempty(brl_robot)
      - del (2): holded(tomato3,brl_robot), holding(brl_robot,tomato3)
[TIME] step_total=0.9379s (search=0.9374s, execute=0.0002s, update=0.0001s, interaction=0.0000s, pruning=0.0001s, overhead=0.0001s)
==================

Step: 15
[POMCP] applicable values:
        navigate(brl_robot, stem_02, dock_station): 1.2896348958333332
        navigate(brl_robot, stem_02, stem_01): 1.996833162106915
        detect(brl_robot, stem_02): 0.0
        pick(brl_robot, tomato4, stem_02): 5.4098685450324

[POMCP] Selected: pick(brl_robot, tomato4, stem_02)
[POMCP] Average simulation time:  0.01
[POMCP] Average select time:  0.0
[Planner] Selected action: pick(brl_robot, tomato4, stem_02)
[Planner] Observation:  ['holding(brl_robot,tomato4)', 'holded(tomato4,brl_robot)']
    [Feedback] method=ours-random-what, confidence=0.9986, threshold=0.8000, trigger=False
    [Planner] Updated confidence: 0.9985796204027166
    [Belief Diff]
      + add (2): holding(brl_robot,tomato4), holded(tomato4,brl_robot)
      - del (2): at(tomato4,stem_02), handempty(brl_robot)
[TIME] step_total=1.0012s (search=1.0006s, execute=0.0002s, update=0.0001s, interaction=0.0000s, pruning=0.0002s, overhead=0.0001s)
==================

Step: 16
[POMCP] applicable values:
        scan(brl_robot, tomato4): 6.282293422655976
        place(brl_robot, tomato4): 2.5667104163975245
        discard(brl_robot, tomato4): 1.350900219156592

[POMCP] Selected: scan(brl_robot, tomato4)
[POMCP] Average simulation time:  0.0108
[POMCP] Average select time:  0.0
[Planner] Selected action: scan(brl_robot, tomato4)
[Planner] Observation:  ['rotten(tomato4)']
    [Feedback] method=ours-random-what, confidence=0.5517, threshold=0.8000, trigger=True
    [Planner] Current confidence: 0.5516555082258915
    [Query] Q: ripe(tomato4) is True?
    [Query] T: ripe(tomato4)=True?
    [Query] A: False
    [Planner] Reduced 2 --> 1
    [Planner] Updated confidence: 1.0
    [Belief Diff]
      + add (2): rotten(tomato4), scanned(tomato4)
      - del (1): ripe(tomato4)
[TIME] step_total=1.0865s (search=1.0848s, execute=0.0002s, update=0.0001s, interaction=0.0002s, pruning=0.0011s, overhead=0.0001s)
==================

Step: 17
[POMCP] applicable values:
        scan(brl_robot, tomato4): 0.0
        discard(brl_robot, tomato4): 7.051607965438738

[POMCP] Selected: discard(brl_robot, tomato4)
[POMCP] Average simulation time:  0.0112
[POMCP] Average select time:  0.0
[Planner] Selected action: discard(brl_robot, tomato4)
[Planner] Observation:  ['discarded(tomato4)', 'handempty(brl_robot)']
    [Feedback] method=ours-random-what, confidence=0.9998, threshold=0.8000, trigger=False
    [Planner] Updated confidence: 0.9997688516886943
    [Belief Diff]
      + add (2): discarded(tomato4), handempty(brl_robot)
      - del (2): holding(brl_robot,tomato4), holded(tomato4,brl_robot)
[TIME] step_total=1.1242s (search=1.1237s, execute=0.0002s, update=0.0001s, interaction=0.0000s, pruning=0.0001s, overhead=0.0001s)
==================

Step: 18
[POMCP] applicable values:
        navigate(brl_robot, stem_02, dock_station): 0.5533062542758872
        navigate(brl_robot, stem_02, stem_01): 0.0
        detect(brl_robot, stem_02): 2.551260690652179

[POMCP] Selected: detect(brl_robot, stem_02)
[POMCP] Average simulation time:  0.011
[POMCP] Average select time:  0.0
[Planner] Selected action: detect(brl_robot, stem_02)
[Planner] Observation:  ['observed(tomato2)', 'unripe(tomato2)']
    [Feedback] method=ours-random-what, confidence=0.1647, threshold=0.8000, trigger=True
    [Planner] Current confidence: 0.16466741527712392
    [Query] Q: unripe(tomato1) is True?
    [Query] T: unripe(tomato1)=True?
    [Query] A: False
    [Planner] Reduced 6 --> 3
    [Planner] Current confidence: 0.2673954103721351
    [Query] Q: ripe(tomato2) is True?
    [Query] T: ripe(tomato2)=True?
    [Query] A: False
    [Planner] Reduced 3 --> 2
    [Planner] Current confidence: 0.6656794255420544
    [Query] Q: at(tomato2,stem_02) is True?
    [Query] T: at(tomato2,stem_02)=True?
    [Query] A: False
    [Planner] Reduced 2 --> 1
    [Planner] Updated confidence: 1.0
    [Belief Diff]
      + add (1): ripe(tomato1)
      - del (1): unripe(tomato1)
[TIME] step_total=1.1088s (search=1.1014s, execute=0.0027s, update=0.0022s, interaction=0.0005s, pruning=0.0018s, overhead=0.0001s)
==================

Step: 19
[POMCP] applicable values:
        navigate(brl_robot, stem_02, dock_station): 1.4064271947220124
        navigate(brl_robot, stem_02, stem_01): 0.0
        detect(brl_robot, stem_02): 1.2791789346385534
        pick(brl_robot, tomato1, stem_02): 0.8250900395706733

[POMCP] Selected: navigate(brl_robot, stem_02, dock_station)
[POMCP] Average simulation time:  0.0107
[POMCP] Average select time:  0.0
[Planner] Selected action: navigate(brl_robot, stem_02, dock_station)
[Planner] Observation:  ['located(brl_robot,dock_station)']
    [Feedback] method=ours-random-what, confidence=0.9642, threshold=0.8000, trigger=False
    [Planner] Updated confidence: 0.9641646955737398
    [Belief Diff]
      + add (1): located(brl_robot,dock_station)
      - del (1): located(brl_robot,stem_02)
[TIME] step_total=1.0697s (search=1.0689s, execute=0.0002s, update=0.0002s, interaction=0.0000s, pruning=0.0004s, overhead=0.0001s)
==================

Step: 20
[POMCP] applicable values:
        navigate(brl_robot, dock_station, stem_01): 0.0
        navigate(brl_robot, dock_station, stem_02): 2.88040136887583

[POMCP] Selected: navigate(brl_robot, dock_station, stem_02)
[POMCP] Average simulation time:  0.0092
[POMCP] Average select time:  0.0
[Planner] Selected action: navigate(brl_robot, dock_station, stem_02)
[Planner] Observation:  ['located(brl_robot,stem_02)']
    [Feedback] method=ours-random-what, confidence=0.9282, threshold=0.8000, trigger=False
    [Planner] Updated confidence: 0.9281716873358392
    [Belief Diff]
      + add (1): located(brl_robot,stem_02)
      - del (1): located(brl_robot,dock_station)
[TIME] step_total=0.9239s (search=0.9233s, execute=0.0002s, update=0.0001s, interaction=0.0000s, pruning=0.0002s, overhead=0.0001s)
==================

Step: 21
[POMCP] applicable values:
        navigate(brl_robot, stem_02, dock_station): 1.3991066515962076
        navigate(brl_robot, stem_02, stem_01): 1.4050037190777989
        detect(brl_robot, stem_02): 1.6337589076155814
        pick(brl_robot, tomato1, stem_02): 4.853823214520255

[POMCP] Selected: pick(brl_robot, tomato1, stem_02)
[POMCP] Average simulation time:  0.0115
[POMCP] Average select time:  0.0
[Planner] Selected action: pick(brl_robot, tomato1, stem_02)
[Planner] Observation:  ['handempty(brl_robot)']
    [Feedback] method=ours-random-what, confidence=0.0216, threshold=0.8000, trigger=True
    [Planner] Current confidence: 0.021602642307027464
    [Query] Q: handempty(brl_robot) is True?
    [Query] T: handempty(brl_robot)=True?
    [Query] A: False
    [Planner] Reduced 2 --> 1
    [Planner] Updated confidence: 1.0
    [Belief Diff]
      + add (2): holding(brl_robot,tomato1), holded(tomato1,brl_robot)
      - del (2): handempty(brl_robot), at(tomato1,stem_02)
[TIME] step_total=1.1473s (search=1.1462s, execute=0.0002s, update=0.0001s, interaction=0.0002s, pruning=0.0005s, overhead=0.0001s)
==================

Step: 22
[POMCP] applicable values:
        scan(brl_robot, tomato1): 5.752369627565552
        place(brl_robot, tomato1): 2.200633343258827
        discard(brl_robot, tomato1): 0.0

[POMCP] Selected: scan(brl_robot, tomato1)
[POMCP] Average simulation time:  0.0123
[POMCP] Average select time:  0.0
[Planner] Selected action: scan(brl_robot, tomato1)
[Planner] Observation:  ['ripe(tomato1)']
    [Feedback] method=ours-random-what, confidence=0.7410, threshold=0.8000, trigger=True
    [Planner] Current confidence: 0.7410222044699092
    [Query] Q: rotten(tomato1) is True?
    [Query] T: rotten(tomato1)=True?
    [Query] A: False
    [Planner] Reduced 2 --> 1
    [Planner] Updated confidence: 1.0
    [Belief Diff]
      + add (1): scanned(tomato1)
      - del (0): -
[TIME] step_total=1.2309s (search=1.2294s, execute=0.0002s, update=0.0001s, interaction=0.0002s, pruning=0.0010s, overhead=0.0001s)
==================

Step: 23
[POMCP] applicable values:
        scan(brl_robot, tomato1): 4.312653151041667
        place(brl_robot, tomato1): 6.756519415438773
        discard(brl_robot, tomato1): 1.7028081314405739

[POMCP] Selected: place(brl_robot, tomato1)
[POMCP] Average simulation time:  0.0112
[POMCP] Average select time:  0.0
[Planner] Selected action: place(brl_robot, tomato1)
[Planner] Observation:  ['loaded(tomato1,brl_robot)', 'handempty(brl_robot)']
    [Feedback] method=ours-random-what, confidence=0.9981, threshold=0.8000, trigger=False
    [Planner] Updated confidence: 0.9980807307369757
    [Belief Diff]
      + add (2): loaded(tomato1,brl_robot), handempty(brl_robot)
      - del (2): holding(brl_robot,tomato1), holded(tomato1,brl_robot)
[TIME] step_total=1.1233s (search=1.1229s, execute=0.0002s, update=0.0001s, interaction=0.0000s, pruning=0.0000s, overhead=0.0001s)
[TIME SUMMARY]
avg search: 0.9227s
avg execute: 0.0004s
avg update: 0.0008s
avg interaction: 0.0007s
avg pruning: 0.0005s
avg step wall: 0.9252s
total wall clock: 21.2789s
=============Action Log=============
[STEP 1]: navigate(brl_robot, dock_station, stem_01)
[STEP 2]: detect(brl_robot, stem_01)
[STEP 3]: detect(brl_robot, stem_01)
[STEP 4]: detect(brl_robot, stem_01)
[STEP 5]: navigate(brl_robot, stem_01, dock_station)
[STEP 6]: navigate(brl_robot, dock_station, stem_01)
[STEP 7]: navigate(brl_robot, stem_01, stem_02)
[STEP 8]: detect(brl_robot, stem_02)
[STEP 9]: navigate(brl_robot, stem_02, stem_01)
[STEP 10]: navigate(brl_robot, stem_01, stem_02)
[STEP 11]: detect(brl_robot, stem_02)
[STEP 12]: pick(brl_robot, tomato3, stem_02)
[STEP 13]: scan(brl_robot, tomato3)
[STEP 14]: place(brl_robot, tomato3)
[STEP 15]: pick(brl_robot, tomato4, stem_02)
[STEP 16]: scan(brl_robot, tomato4)
[STEP 17]: discard(brl_robot, tomato4)
[STEP 18]: detect(brl_robot, stem_02)
[STEP 19]: navigate(brl_robot, stem_02, dock_station)
[STEP 20]: navigate(brl_robot, dock_station, stem_02)
[STEP 21]: pick(brl_robot, tomato1, stem_02)
[STEP 22]: scan(brl_robot, tomato1)
[STEP 23]: place(brl_robot, tomato1)
=============Final Knowledge=============
at(tomato1,stem_01)
at(tomato2,stem_01)
discarded(tomato4)
handempty(brl_robot)
loaded(tomato1,brl_robot)
loaded(tomato3,brl_robot)
located(brl_robot,stem_02)
location(dock_station)
location(stem_01)
location(stem_02)
observed(tomato1)
observed(tomato2)
observed(tomato3)
observed(tomato4)
ripe(tomato1)
ripe(tomato3)
robot(brl_robot)
rotten(tomato4)
scanned(tomato1)
scanned(tomato3)
scanned(tomato4)
stem(stem_01)
stem(stem_02)
tomato(tomato1)
tomato(tomato2)
tomato(tomato3)
tomato(tomato4)
unripe(tomato2)
=============Query=============
Total Query 35
=============Action Schema Summary=============
detect: actions=6, questions=29, expected_questions_per_action=4.8333
discard: actions=1, questions=0, expected_questions_per_action=0.0000
navigate: actions=8, questions=2, expected_questions_per_action=0.2500
pick: actions=3, questions=1, expected_questions_per_action=0.3333
place: actions=2, questions=0, expected_questions_per_action=0.0000
scan: actions=3, questions=3, expected_questions_per_action=1.0000
=============Log File=============
/home/changmin/PyProject/00_BRL-CF/experiments_logs/system_log/e2_ablation/tomato/scene_03_step50/ours-random-what/oracle/exp_tomato_20260804_142238_084874.txt
