Step: 1
[POMCP] applicable values:
        navigate(brl_robot, dock_station, stem_01): 2.0608818259042834
        navigate(brl_robot, dock_station, stem_02): 0.0

[POMCP] Selected: navigate(brl_robot, dock_station, stem_01)
[POMCP] Average simulation time:  0.0083
[POMCP] Average select time:  0.0
[Planner] Selected action: navigate(brl_robot, dock_station, stem_01)
[Planner] Observation:  ['located(brl_robot,stem_01)']
    [Feedback] method=ours-random-what, confidence=0.9340, threshold=0.8000, trigger=False
    [Planner] Updated confidence: 0.9339959338195596
    [Belief Diff]
      + add (1): located(brl_robot,stem_01)
      - del (1): located(brl_robot,dock_station)
[TIME] step_total=0.8293s (search=0.8288s, execute=0.0002s, update=0.0002s, interaction=0.0000s, pruning=0.0001s, overhead=0.0001s)
==================

Step: 2
[POMCP] applicable values:
        navigate(brl_robot, stem_01, dock_station): 1.513216458793734
        navigate(brl_robot, stem_01, stem_02): 0.9537829546983183
        detect(brl_robot, stem_01): 1.9953870577976212

[POMCP] Selected: detect(brl_robot, stem_01)
[POMCP] Average simulation time:  0.0084
[POMCP] Average select time:  0.0
[Planner] Selected action: detect(brl_robot, stem_01)
[Planner] Observation:  ['observed(tomato1)', 'observed(tomato2)', 'ripe(tomato1)', 'unripe(tomato2)']
    [Feedback] method=ours-random-what, confidence=0.3348, threshold=0.8000, trigger=True
    [Planner] Current confidence: 0.3347786876675698
    [Query] Q: at(tomato4,stem_01) is True?
    [Query] T: at(tomato4,stem_01)=True?
    [Query] A: False
    [Planner] Reduced 81 --> 27
    [Planner] Current confidence: 0.44615954676096947
    [Query] Q: unripe(tomato1) is True?
    [Query] T: unripe(tomato1)=True?
    [Query] A: False
    [Planner] Reduced 27 --> 18
    [Planner] Current confidence: 0.48772018446906695
    [Query] Q: ripe(tomato1) is True?
    [Query] T: ripe(tomato1)=True?
    [Query] A: True
    [Planner] Reduced 18 --> 9
    [Planner] Current confidence: 0.35846243430047686
    [Query] Q: observed(tomato2) is True?
    [Query] T: observed(tomato2)=True?
    [Query] A: False
    [Planner] Reduced 9 --> 3
    [Planner] Current confidence: 0.00020089199550132886
    [Query] Q: observed(tomato3) is True?
    [Query] T: observed(tomato3)=True?
    [Query] A: False
    [Planner] Reduced 3 --> 1
    [Planner] Updated confidence: 1.0
    [Belief Diff]
      + add (3): at(tomato1,stem_01), observed(tomato1), ripe(tomato1)
      - del (0): -
[TIME] step_total=0.8502s (search=0.8410s, execute=0.0005s, update=0.0032s, interaction=0.0047s, pruning=0.0007s, overhead=0.0001s)
==================

Step: 3
[POMCP] applicable values:
        navigate(brl_robot, stem_01, dock_station): 1.5932895635427327
        navigate(brl_robot, stem_01, stem_02): 1.1420324060611569
        detect(brl_robot, stem_01): 1.261407684264349
        pick(brl_robot, tomato1, stem_01): 0.0

[POMCP] Selected: navigate(brl_robot, stem_01, dock_station)
[POMCP] Average simulation time:  0.008
[POMCP] Average select time:  0.0
[Planner] Selected action: navigate(brl_robot, stem_01, dock_station)
[Planner] Observation:  ['located(brl_robot,dock_station)']
    [Feedback] method=ours-random-what, confidence=0.9055, threshold=0.8000, trigger=False
    [Planner] Updated confidence: 0.9054995241286893
    [Belief Diff]
      + add (1): located(brl_robot,dock_station)
      - del (1): located(brl_robot,stem_01)
[TIME] step_total=0.7992s (search=0.7986s, execute=0.0002s, update=0.0001s, interaction=0.0000s, pruning=0.0002s, overhead=0.0001s)
==================

Step: 4
[POMCP] applicable values:
        navigate(brl_robot, dock_station, stem_01): 0.5403600876626368
        navigate(brl_robot, dock_station, stem_02): 2.0360713994475668

[POMCP] Selected: navigate(brl_robot, dock_station, stem_02)
[POMCP] Average simulation time:  0.0081
[POMCP] Average select time:  0.0
[Planner] Selected action: navigate(brl_robot, dock_station, stem_02)
[Planner] Observation:  ['located(brl_robot,stem_02)']
    [Feedback] method=ours-random-what, confidence=0.9506, threshold=0.8000, trigger=False
    [Planner] Updated confidence: 0.9505942995594896
    [Belief Diff]
      + add (1): located(brl_robot,stem_02)
      - del (1): located(brl_robot,dock_station)
[TIME] step_total=0.8124s (search=0.8119s, execute=0.0002s, update=0.0001s, interaction=0.0000s, pruning=0.0001s, overhead=0.0001s)
==================

Step: 5
[POMCP] applicable values:
        navigate(brl_robot, stem_02, dock_station): 1.1437648972819823
        navigate(brl_robot, stem_02, stem_01): 0.0
        detect(brl_robot, stem_02): 2.0807749334335117

[POMCP] Selected: detect(brl_robot, stem_02)
[POMCP] Average simulation time:  0.0087
[POMCP] Average select time:  0.0
[Planner] Selected action: detect(brl_robot, stem_02)
[Planner] Observation:  ['observed(tomato3)', 'observed(tomato4)', 'ripe(tomato3)', 'ripe(tomato4)']
    [Feedback] method=ours-random-what, confidence=0.2573, threshold=0.8000, trigger=True
    [Planner] Current confidence: 0.2573089513756832
    [Query] Q: observed(tomato2) is True?
    [Query] T: observed(tomato2)=True?
    [Query] A: False
    [Planner] Reduced 81 --> 27
    [Planner] Current confidence: 0.34286091667542884
    [Query] Q: at(tomato1,stem_02) is True?
    [Query] T: at(tomato1,stem_02)=True?
    [Query] A: False
    [Planner] Reduced 27 --> 9
    [Planner] Current confidence: 0.514123400580411
    [Query] Q: at(tomato4,stem_02) is True?
    [Query] T: at(tomato4,stem_02)=True?
    [Query] A: True
    [Planner] Reduced 9 --> 6
    [Planner] Current confidence: 0.4397273400842351
    [Query] Q: unripe(tomato3) is True?
    [Query] T: unripe(tomato3)=True?
    [Query] A: False
    [Planner] Reduced 6 --> 4
    [Planner] Current confidence: 0.6344985427078864
    [Query] Q: unripe(tomato4) is True?
    [Query] T: unripe(tomato4)=True?
    [Query] A: False
    [Planner] Reduced 4 --> 2
    [Planner] Updated confidence: 0.8074579995863038
    [Belief Diff]
      + add (6): at(tomato3,stem_02), at(tomato4,stem_02), observed(tomato3), observed(tomato4), ripe(tomato3), ripe(tomato4)
      - del (0): -
[TIME] step_total=0.8770s (search=0.8690s, execute=0.0005s, update=0.0034s, interaction=0.0029s, pruning=0.0011s, overhead=0.0001s)
==================

Step: 6
[POMCP] applicable values:
        navigate(brl_robot, stem_02, dock_station): 0.0
        navigate(brl_robot, stem_02, stem_01): 1.2584723450006678
        detect(brl_robot, stem_02): 2.019968618375639
        pick(brl_robot, tomato3, stem_02): 0.0
        pick(brl_robot, tomato4, stem_02): 0.0

[POMCP] Selected: detect(brl_robot, stem_02)
[POMCP] Average simulation time:  0.0087
[POMCP] Average select time:  0.0
[Planner] Selected action: detect(brl_robot, stem_02)
[Planner] Observation:  ['observed(tomato3)', 'observed(tomato4)', 'ripe(tomato3)', 'ripe(tomato4)']
    [Feedback] method=ours-random-what, confidence=0.2069, threshold=0.8000, trigger=True
    [Planner] Current confidence: 0.20686782929226788
    [Query] Q: unripe(tomato2) is True?
    [Query] T: unripe(tomato2)=True?
    [Query] A: False
    [Planner] Reduced 36 --> 24
    [Planner] Current confidence: 0.233229829696061
    [Query] Q: unripe(tomato4) is True?
    [Query] T: unripe(tomato4)=True?
    [Query] A: False
    [Planner] Reduced 24 --> 12
    [Planner] Current confidence: 0.1746159271688993
    [Query] Q: unripe(tomato1) is True?
    [Query] T: unripe(tomato1)=True?
    [Query] A: False
    [Planner] Reduced 12 --> 8
    [Planner] Current confidence: 0.20865514101618088
    [Query] Q: observed(tomato2) is True?
    [Query] T: observed(tomato2)=True?
    [Query] A: False
    [Planner] Reduced 8 --> 4
    [Planner] Current confidence: 0.31280052181785845
    [Query] Q: unripe(tomato3) is True?
    [Query] T: unripe(tomato3)=True?
    [Query] A: False
    [Planner] Reduced 4 --> 2
    [Planner] Current confidence: 0.00033553812256537086
    [Query] Q: at(tomato1,stem_02) is True?
    [Query] T: at(tomato1,stem_02)=True?
    [Query] A: False
    [Planner] Reduced 2 --> 1
    [Planner] Updated confidence: 1.0
    [Belief Diff]
      + add (0): -
      - del (0): -
[TIME] step_total=0.8803s (search=0.8747s, execute=0.0005s, update=0.0023s, interaction=0.0023s, pruning=0.0005s, overhead=0.0001s)
==================

Step: 7
[POMCP] applicable values:
        navigate(brl_robot, stem_02, dock_station): 0.8729216201171873
        navigate(brl_robot, stem_02, stem_01): 3.6375874258559606
        detect(brl_robot, stem_02): 1.2812035804458008
        pick(brl_robot, tomato3, stem_02): 0.0
        pick(brl_robot, tomato4, stem_02): 0.0

[POMCP] Selected: navigate(brl_robot, stem_02, stem_01)
[POMCP] Average simulation time:  0.0082
[POMCP] Average select time:  0.0
[Planner] Selected action: navigate(brl_robot, stem_02, stem_01)
[Planner] Observation:  ['located(brl_robot,stem_01)']
    [Feedback] method=ours-random-what, confidence=0.9400, threshold=0.8000, trigger=False
    [Planner] Updated confidence: 0.9400222023663644
    [Belief Diff]
      + add (1): located(brl_robot,stem_01)
      - del (1): located(brl_robot,stem_02)
[TIME] step_total=0.8177s (search=0.8170s, execute=0.0002s, update=0.0001s, interaction=0.0000s, pruning=0.0002s, overhead=0.0001s)
==================

Step: 8
[POMCP] applicable values:
        navigate(brl_robot, stem_01, dock_station): 1.105700718815104
        navigate(brl_robot, stem_01, stem_02): 5.719661206073662
        detect(brl_robot, stem_01): 0.0
        pick(brl_robot, tomato1, stem_01): 1.0453008380479427

[POMCP] Selected: navigate(brl_robot, stem_01, stem_02)
[POMCP] Average simulation time:  0.0094
[POMCP] Average select time:  0.0
[Planner] Selected action: navigate(brl_robot, stem_01, stem_02)
[Planner] Observation:  ['located(brl_robot,stem_02)']
    [Feedback] method=ours-random-what, confidence=0.9574, threshold=0.8000, trigger=False
    [Planner] Updated confidence: 0.9574290802693696
    [Belief Diff]
      + add (1): located(brl_robot,stem_02)
      - del (1): located(brl_robot,stem_01)
[TIME] step_total=0.9379s (search=0.9372s, execute=0.0002s, update=0.0002s, interaction=0.0001s, pruning=0.0002s, overhead=0.0001s)
==================

Step: 9
[POMCP] applicable values:
        navigate(brl_robot, stem_02, dock_station): 2.5700876669454162
        navigate(brl_robot, stem_02, stem_01): 0.0
        detect(brl_robot, stem_02): 1.658551078222656
        pick(brl_robot, tomato3, stem_02): 6.911146220427324
        pick(brl_robot, tomato4, stem_02): 2.200633343258827

[POMCP] Selected: pick(brl_robot, tomato3, stem_02)
[POMCP] Average simulation time:  0.0092
[POMCP] Average select time:  0.0
[Planner] Selected action: pick(brl_robot, tomato3, stem_02)
[Planner] Observation:  ['holding(brl_robot,tomato3)', 'holded(tomato3,brl_robot)']
    [Feedback] method=ours-random-what, confidence=0.9987, threshold=0.8000, trigger=False
    [Planner] Updated confidence: 0.9987209503768656
    [Belief Diff]
      + add (2): holding(brl_robot,tomato3), holded(tomato3,brl_robot)
      - del (2): handempty(brl_robot), at(tomato3,stem_02)
[TIME] step_total=0.9237s (search=0.9232s, execute=0.0002s, update=0.0001s, interaction=0.0000s, pruning=0.0002s, overhead=0.0001s)
==================

Step: 10
[POMCP] applicable values:
        scan(brl_robot, tomato3): 8.004883416734934
        place(brl_robot, tomato3): 0.0
        discard(brl_robot, tomato3): 1.658551078222656

[POMCP] Selected: scan(brl_robot, tomato3)
[POMCP] Average simulation time:  0.0091
[POMCP] Average select time:  0.0
[Planner] Selected action: scan(brl_robot, tomato3)
[Planner] Observation:  ['ripe(tomato3)']
    [Feedback] method=ours-random-what, confidence=0.6806, threshold=0.8000, trigger=True
    [Planner] Current confidence: 0.6805748867712361
    [Query] Q: ripe(tomato3) is True?
    [Query] T: ripe(tomato3)=True?
    [Query] A: True
    [Planner] Reduced 2 --> 1
    [Planner] Updated confidence: 1.0
    [Belief Diff]
      + add (1): scanned(tomato3)
      - del (0): -
[TIME] step_total=0.9146s (search=0.9124s, execute=0.0002s, update=0.0001s, interaction=0.0002s, pruning=0.0017s, overhead=0.0001s)
==================

Step: 11
[POMCP] applicable values:
        scan(brl_robot, tomato3): 0.0
        place(brl_robot, tomato3): 7.764431345817316
        discard(brl_robot, tomato3): 0.0

[POMCP] Selected: place(brl_robot, tomato3)
[POMCP] Average simulation time:  0.0082
[POMCP] Average select time:  0.0
[Planner] Selected action: place(brl_robot, tomato3)
[Planner] Observation:  ['loaded(tomato3,brl_robot)', 'handempty(brl_robot)']
    [Feedback] method=ours-random-what, confidence=0.9994, threshold=0.8000, trigger=False
    [Planner] Updated confidence: 0.9993915616554574
    [Belief Diff]
      + add (2): loaded(tomato3,brl_robot), handempty(brl_robot)
      - del (2): holded(tomato3,brl_robot), holding(brl_robot,tomato3)
[TIME] step_total=0.8195s (search=0.8190s, execute=0.0002s, update=0.0001s, interaction=0.0000s, pruning=0.0001s, overhead=0.0001s)
==================

Step: 12
[POMCP] applicable values:
        navigate(brl_robot, stem_02, dock_station): 1.3524174224262808
        navigate(brl_robot, stem_02, stem_01): 3.55100126559024
        detect(brl_robot, stem_02): 0.9177136901979438
        pick(brl_robot, tomato4, stem_02): 0.0

[POMCP] Selected: navigate(brl_robot, stem_02, stem_01)
[POMCP] Average simulation time:  0.0084
[POMCP] Average select time:  0.0
[Planner] Selected action: navigate(brl_robot, stem_02, stem_01)
[Planner] Observation:  ['located(brl_robot,stem_01)']
    [Feedback] method=ours-random-what, confidence=0.9555, threshold=0.8000, trigger=False
    [Planner] Updated confidence: 0.9554590045578671
    [Belief Diff]
      + add (1): located(brl_robot,stem_01)
      - del (1): located(brl_robot,stem_02)
[TIME] step_total=0.8428s (search=0.8420s, execute=0.0002s, update=0.0001s, interaction=0.0000s, pruning=0.0004s, overhead=0.0001s)
==================

Step: 13
[POMCP] applicable values:
        navigate(brl_robot, stem_01, dock_station): 0.0
        navigate(brl_robot, stem_01, stem_02): 4.611762451124849
        detect(brl_robot, stem_01): 1.8411894124486714
        pick(brl_robot, tomato1, stem_01): 0.0

[POMCP] Selected: navigate(brl_robot, stem_01, stem_02)
[POMCP] Average simulation time:  0.0082
[POMCP] Average select time:  0.0
[Planner] Selected action: navigate(brl_robot, stem_01, stem_02)
[Planner] Observation:  ['located(brl_robot,stem_02)']
    [Feedback] method=ours-random-what, confidence=0.9570, threshold=0.8000, trigger=False
    [Planner] Updated confidence: 0.9570471957663693
    [Belief Diff]
      + add (1): located(brl_robot,stem_02)
      - del (1): located(brl_robot,stem_01)
[TIME] step_total=0.8212s (search=0.8204s, execute=0.0002s, update=0.0001s, interaction=0.0000s, pruning=0.0004s, overhead=0.0001s)
==================

Step: 14
[POMCP] applicable values:
        navigate(brl_robot, stem_02, dock_station): 2.0059410863098073
        navigate(brl_robot, stem_02, stem_01): 1.163895493489583
        detect(brl_robot, stem_02): 0.0
        pick(brl_robot, tomato4, stem_02): 5.505468512140559

[POMCP] Selected: pick(brl_robot, tomato4, stem_02)
[POMCP] Average simulation time:  0.0082
[POMCP] Average select time:  0.0
[Planner] Selected action: pick(brl_robot, tomato4, stem_02)
[Planner] Observation:  ['holding(brl_robot,tomato4)', 'holded(tomato4,brl_robot)']
    [Feedback] method=ours-random-what, confidence=0.9982, threshold=0.8000, trigger=False
    [Planner] Updated confidence: 0.998158794390066
    [Belief Diff]
      + add (2): holding(brl_robot,tomato4), holded(tomato4,brl_robot)
      - del (2): at(tomato4,stem_02), handempty(brl_robot)
[TIME] step_total=0.8238s (search=0.8230s, execute=0.0002s, update=0.0001s, interaction=0.0000s, pruning=0.0003s, overhead=0.0001s)
==================

Step: 15
[POMCP] applicable values:
        scan(brl_robot, tomato4): 6.308407485920143
        place(brl_robot, tomato4): 1.7917864833984372
        discard(brl_robot, tomato4): 0.0

[POMCP] Selected: scan(brl_robot, tomato4)
[POMCP] Average simulation time:  0.0085
[POMCP] Average select time:  0.0
[Planner] Selected action: scan(brl_robot, tomato4)
[Planner] Observation:  ['rotten(tomato4)']
    [Feedback] method=ours-random-what, confidence=0.6919, threshold=0.8000, trigger=True
    [Planner] Current confidence: 0.6919404850129774
    [Query] Q: ripe(tomato4) is True?
    [Query] T: ripe(tomato4)=True?
    [Query] A: False
    [Planner] Reduced 2 --> 1
    [Planner] Updated confidence: 1.0
    [Belief Diff]
      + add (2): rotten(tomato4), scanned(tomato4)
      - del (1): ripe(tomato4)
[TIME] step_total=0.8504s (search=0.8480s, execute=0.0002s, update=0.0001s, interaction=0.0002s, pruning=0.0019s, overhead=0.0001s)
==================

Step: 16
[POMCP] applicable values:
        scan(brl_robot, tomato4): 4.667660807512365
        discard(brl_robot, tomato4): 7.2395119448338034

[POMCP] Selected: discard(brl_robot, tomato4)
[POMCP] Average simulation time:  0.0087
[POMCP] Average select time:  0.0
[Planner] Selected action: discard(brl_robot, tomato4)
[Planner] Observation:  ['discarded(tomato4)', 'handempty(brl_robot)']
    [Feedback] method=ours-random-what, confidence=0.9968, threshold=0.8000, trigger=False
    [Planner] Updated confidence: 0.9967649352105872
    [Belief Diff]
      + add (2): discarded(tomato4), handempty(brl_robot)
      - del (2): holded(tomato4,brl_robot), holding(brl_robot,tomato4)
[TIME] step_total=0.8658s (search=0.8653s, execute=0.0002s, update=0.0001s, interaction=0.0000s, pruning=0.0001s, overhead=0.0001s)
==================

Step: 17
[POMCP] applicable values:
        navigate(brl_robot, stem_02, dock_station): 2.6442976974143635
        navigate(brl_robot, stem_02, stem_01): 0.0
        detect(brl_robot, stem_02): 0.0

[POMCP] Selected: navigate(brl_robot, stem_02, dock_station)
[POMCP] Average simulation time:  0.0101
[POMCP] Average select time:  0.0
[Planner] Selected action: navigate(brl_robot, stem_02, dock_station)
[Planner] Observation:  []
    [Feedback] method=ours-random-what, confidence=0.6410, threshold=0.8000, trigger=True
    [Planner] Current confidence: 0.6410310556594643
    [Query] Q: located(brl_robot,stem_01) is True?
    [Query] T: located(brl_robot,stem_01)=True?
    [Query] A: False
    [Planner] Reduced 3 --> 2
    [Planner] Current confidence: 0.7025566035349998
    [Query] Q: located(brl_robot,stem_02) is True?
    [Query] T: located(brl_robot,stem_02)=True?
    [Query] A: False
    [Planner] Reduced 2 --> 1
    [Planner] Updated confidence: 1.0
    [Belief Diff]
      + add (1): located(brl_robot,dock_station)
      - del (1): located(brl_robot,stem_02)
[TIME] step_total=1.0081s (search=1.0071s, execute=0.0002s, update=0.0001s, interaction=0.0003s, pruning=0.0003s, overhead=0.0001s)
==================

Step: 18
[POMCP] applicable values:
        navigate(brl_robot, dock_station, stem_01): 0.0
        navigate(brl_robot, dock_station, stem_02): 3.188819105947285

[POMCP] Selected: navigate(brl_robot, dock_station, stem_02)
[POMCP] Average simulation time:  0.01
[POMCP] Average select time:  0.0
[Planner] Selected action: navigate(brl_robot, dock_station, stem_02)
[Planner] Observation:  ['located(brl_robot,stem_02)']
    [Feedback] method=ours-random-what, confidence=0.9617, threshold=0.8000, trigger=False
    [Planner] Updated confidence: 0.9617145757934825
    [Belief Diff]
      + add (1): located(brl_robot,stem_02)
      - del (1): located(brl_robot,dock_station)
[TIME] step_total=1.0020s (search=1.0012s, execute=0.0002s, update=0.0001s, interaction=0.0000s, pruning=0.0004s, overhead=0.0001s)
==================

Step: 19
[POMCP] applicable values:
        navigate(brl_robot, stem_02, dock_station): 4.024122014019586
        navigate(brl_robot, stem_02, stem_01): 0.8186838623195141
        detect(brl_robot, stem_02): 0.0

[POMCP] Selected: navigate(brl_robot, stem_02, dock_station)
[POMCP] Average simulation time:  0.0102
[POMCP] Average select time:  0.0
[Planner] Selected action: navigate(brl_robot, stem_02, dock_station)
[Planner] Observation:  ['located(brl_robot,dock_station)']
    [Feedback] method=ours-random-what, confidence=0.9519, threshold=0.8000, trigger=False
    [Planner] Updated confidence: 0.9518543039016469
    [Belief Diff]
      + add (1): located(brl_robot,dock_station)
      - del (1): located(brl_robot,stem_02)
[TIME] step_total=1.0186s (search=1.0178s, execute=0.0002s, update=0.0001s, interaction=0.0000s, pruning=0.0004s, overhead=0.0001s)
==================

Step: 20
[POMCP] applicable values:
        navigate(brl_robot, dock_station, stem_01): 4.811928543670975
        navigate(brl_robot, dock_station, stem_02): 0.0

[POMCP] Selected: navigate(brl_robot, dock_station, stem_01)
[POMCP] Average simulation time:  0.0108
[POMCP] Average select time:  0.0
[Planner] Selected action: navigate(brl_robot, dock_station, stem_01)
[Planner] Observation:  ['located(brl_robot,stem_01)']
    [Feedback] method=ours-random-what, confidence=0.9533, threshold=0.8000, trigger=False
    [Planner] Updated confidence: 0.9533062720429222
    [Belief Diff]
      + add (1): located(brl_robot,stem_01)
      - del (1): located(brl_robot,dock_station)
[TIME] step_total=1.0835s (search=1.0826s, execute=0.0002s, update=0.0001s, interaction=0.0000s, pruning=0.0005s, overhead=0.0001s)
==================

Step: 21
[POMCP] applicable values:
        navigate(brl_robot, stem_01, dock_station): 0.0
        navigate(brl_robot, stem_01, stem_02): 0.0
        detect(brl_robot, stem_01): 0.0
        pick(brl_robot, tomato1, stem_01): 5.565987102293988

[POMCP] Selected: pick(brl_robot, tomato1, stem_01)
[POMCP] Average simulation time:  0.0118
[POMCP] Average select time:  0.0
[Planner] Selected action: pick(brl_robot, tomato1, stem_01)
[Planner] Observation:  ['handempty(brl_robot)']
    [Feedback] method=ours-random-what, confidence=0.1012, threshold=0.8000, trigger=True
    [Planner] Current confidence: 0.10117135751235984
    [Query] Q: at(tomato1,stem_01) is True?
    [Query] T: at(tomato1,stem_01)=True?
    [Query] A: False
    [Planner] Reduced 2 --> 1
    [Planner] Updated confidence: 1.0
    [Belief Diff]
      + add (2): holding(brl_robot,tomato1), holded(tomato1,brl_robot)
      - del (2): at(tomato1,stem_01), handempty(brl_robot)
[TIME] step_total=1.1772s (search=1.1764s, execute=0.0002s, update=0.0001s, interaction=0.0002s, pruning=0.0002s, overhead=0.0001s)
==================

Step: 22
[POMCP] applicable values:
        scan(brl_robot, tomato1): 6.215676881847118
        place(brl_robot, tomato1): 0.0
        discard(brl_robot, tomato1): 0.0

[POMCP] Selected: scan(brl_robot, tomato1)
[POMCP] Average simulation time:  0.0127
[POMCP] Average select time:  0.0
[Planner] Selected action: scan(brl_robot, tomato1)
[Planner] Observation:  ['ripe(tomato1)']
    [Feedback] method=ours-random-what, confidence=0.5458, threshold=0.8000, trigger=True
    [Planner] Current confidence: 0.5457868782776503
    [Query] Q: ripe(tomato1) is True?
    [Query] T: ripe(tomato1)=True?
    [Query] A: True
    [Planner] Reduced 2 --> 1
    [Planner] Updated confidence: 1.0
    [Belief Diff]
      + add (1): scanned(tomato1)
      - del (0): -
[TIME] step_total=1.2743s (search=1.2714s, execute=0.0002s, update=0.0001s, interaction=0.0002s, pruning=0.0024s, overhead=0.0001s)
==================

Step: 23
[POMCP] applicable values:
        scan(brl_robot, tomato1): 3.1628117621557608
        place(brl_robot, tomato1): 7.286919009168929
        discard(brl_robot, tomato1): 0.0

[POMCP] Selected: place(brl_robot, tomato1)
[POMCP] Average simulation time:  0.015
[POMCP] Average select time:  0.0
[Planner] Selected action: place(brl_robot, tomato1)
[Planner] Observation:  ['loaded(tomato1,brl_robot)', 'handempty(brl_robot)']
    [Feedback] method=ours-random-what, confidence=0.9988, threshold=0.8000, trigger=False
    [Planner] Updated confidence: 0.9988361164874329
    [Belief Diff]
      + add (2): loaded(tomato1,brl_robot), handempty(brl_robot)
      - del (2): holded(tomato1,brl_robot), holding(brl_robot,tomato1)
[TIME] step_total=1.4989s (search=1.4984s, execute=0.0002s, update=0.0001s, interaction=0.0000s, pruning=0.0001s, overhead=0.0001s)
==================

Step: 24
[POMCP] applicable values:
        navigate(brl_robot, stem_01, dock_station): 0.0
        navigate(brl_robot, stem_01, stem_02): 0.0
        detect(brl_robot, stem_01): 2.614383291649871

[POMCP] Selected: detect(brl_robot, stem_01)
[POMCP] Average simulation time:  0.0136
[POMCP] Average select time:  0.0001
[Planner] Selected action: detect(brl_robot, stem_01)
[Planner] Observation:  ['observed(tomato2)', 'unripe(tomato2)']
    [Feedback] method=ours-random-what, confidence=0.4927, threshold=0.8000, trigger=True
    [Planner] Current confidence: 0.49270263625036426
    [Query] Q: ripe(tomato2) is True?
    [Query] T: ripe(tomato2)=True?
    [Query] A: False
    [Planner] Reduced 3 --> 2
    [Planner] Updated confidence: 0.8433364185478234
    [Belief Diff]
      + add (3): at(tomato2,stem_01), observed(tomato2), unripe(tomato2)
      - del (0): -
[TIME] step_total=1.3656s (search=1.3609s, execute=0.0025s, update=0.0020s, interaction=0.0002s, pruning=0.0000s, overhead=0.0001s)
[TIME SUMMARY]
avg search: 0.9603s
avg execute: 0.0003s
avg update: 0.0005s
avg interaction: 0.0005s
avg pruning: 0.0005s
avg step wall: 0.9623s
total wall clock: 23.0943s
=============Action Log=============
[STEP 1]: navigate(brl_robot, dock_station, stem_01)
[STEP 2]: detect(brl_robot, stem_01)
[STEP 3]: navigate(brl_robot, stem_01, dock_station)
[STEP 4]: navigate(brl_robot, dock_station, stem_02)
[STEP 5]: detect(brl_robot, stem_02)
[STEP 6]: detect(brl_robot, stem_02)
[STEP 7]: navigate(brl_robot, stem_02, stem_01)
[STEP 8]: navigate(brl_robot, stem_01, stem_02)
[STEP 9]: pick(brl_robot, tomato3, stem_02)
[STEP 10]: scan(brl_robot, tomato3)
[STEP 11]: place(brl_robot, tomato3)
[STEP 12]: navigate(brl_robot, stem_02, stem_01)
[STEP 13]: navigate(brl_robot, stem_01, stem_02)
[STEP 14]: pick(brl_robot, tomato4, stem_02)
[STEP 15]: scan(brl_robot, tomato4)
[STEP 16]: discard(brl_robot, tomato4)
[STEP 17]: navigate(brl_robot, stem_02, dock_station)
[STEP 18]: navigate(brl_robot, dock_station, stem_02)
[STEP 19]: navigate(brl_robot, stem_02, dock_station)
[STEP 20]: navigate(brl_robot, dock_station, stem_01)
[STEP 21]: pick(brl_robot, tomato1, stem_01)
[STEP 22]: scan(brl_robot, tomato1)
[STEP 23]: place(brl_robot, tomato1)
[STEP 24]: detect(brl_robot, stem_01)
=============Final Knowledge=============
at(tomato2,stem_01)
discarded(tomato4)
handempty(brl_robot)
loaded(tomato1,brl_robot)
loaded(tomato3,brl_robot)
located(brl_robot,stem_01)
location(dock_station)
location(stem_01)
location(stem_02)
observed(tomato1)
observed(tomato2)
observed(tomato3)
observed(tomato4)
ripe(tomato1)
ripe(tomato3)
robot(brl_robot)
rotten(tomato4)
scanned(tomato1)
scanned(tomato3)
scanned(tomato4)
stem(stem_01)
stem(stem_02)
tomato(tomato1)
tomato(tomato2)
tomato(tomato3)
tomato(tomato4)
unripe(tomato2)
=============Query=============
Total Query 23
=============Action Schema Summary=============
detect: actions=4, questions=17, expected_questions_per_action=4.2500
discard: actions=1, questions=0, expected_questions_per_action=0.0000
navigate: actions=11, questions=2, expected_questions_per_action=0.1818
pick: actions=3, questions=1, expected_questions_per_action=0.3333
place: actions=2, questions=0, expected_questions_per_action=0.0000
scan: actions=3, questions=3, expected_questions_per_action=1.0000
=============Log File=============
/home/changmin/PyProject/00_BRL-CF/experiments_logs/system_log/e2_ablation/tomato/scene_03_step50/ours-random-what/oracle/exp_tomato_20260804_142904_373109.txt
