Step: 1
[POMCP] applicable values:
        navigate(brl_robot, dock_station, stem_01): 1.6342065050703782
        navigate(brl_robot, dock_station, stem_02): 1.1894141121930972

[POMCP] Selected: navigate(brl_robot, dock_station, stem_01)
[POMCP] Average simulation time:  0.0077
[POMCP] Average select time:  0.0
[Planner] Selected action: navigate(brl_robot, dock_station, stem_01)
[Planner] Observation:  ['located(brl_robot,stem_01)']
    [Feedback] method=ours-random-what, confidence=0.9465, threshold=0.8000, trigger=False
    [Planner] Updated confidence: 0.9464512704335275
    [Belief Diff]
      + add (1): located(brl_robot,stem_01)
      - del (1): located(brl_robot,dock_station)
[TIME] step_total=0.7669s (search=0.7663s, execute=0.0002s, update=0.0002s, interaction=0.0001s, pruning=0.0002s, overhead=0.0001s)
==================

Step: 2
[POMCP] applicable values:
        navigate(brl_robot, stem_01, dock_station): 0.9150845549726955
        navigate(brl_robot, stem_01, stem_02): 0.0
        detect(brl_robot, stem_01): 1.9470504391717067

[POMCP] Selected: detect(brl_robot, stem_01)
[POMCP] Average simulation time:  0.0086
[POMCP] Average select time:  0.0
[Planner] Selected action: detect(brl_robot, stem_01)
[Planner] Observation:  ['observed(tomato1)', 'observed(tomato2)', 'ripe(tomato1)', 'unripe(tomato2)']
    [Feedback] method=ours-random-what, confidence=0.3538, threshold=0.8000, trigger=True
    [Planner] Current confidence: 0.3538399095236324
    [Query] Q: at(tomato2,stem_01) is True?
    [Query] T: at(tomato2,stem_01)=True?
    [Query] A: True
    [Planner] Reduced 81 --> 54
    [Planner] Current confidence: 0.3007696477267736
    [Query] Q: observed(tomato4) is True?
    [Query] T: observed(tomato4)=True?
    [Query] A: False
    [Planner] Reduced 54 --> 18
    [Planner] Current confidence: 0.4149019733087188
    [Query] Q: unripe(tomato2) is True?
    [Query] T: unripe(tomato2)=True?
    [Query] A: True
    [Planner] Reduced 18 --> 9
    [Planner] Current confidence: 0.3685001770688636
    [Query] Q: ripe(tomato1) is True?
    [Query] T: ripe(tomato1)=True?
    [Query] A: True
    [Planner] Reduced 9 --> 3
    [Planner] Current confidence: 0.00020089199550132886
    [Query] Q: at(tomato3,stem_01) is True?
    [Query] T: at(tomato3,stem_01)=True?
    [Query] A: False
    [Planner] Reduced 3 --> 1
    [Planner] Updated confidence: 1.0
    [Belief Diff]
      + add (6): at(tomato1,stem_01), at(tomato2,stem_01), observed(tomato1), observed(tomato2), ripe(tomato1), unripe(tomato2)
      - del (0): -
[TIME] step_total=0.8746s (search=0.8647s, execute=0.0005s, update=0.0033s, interaction=0.0055s, pruning=0.0006s, overhead=0.0001s)
==================

Step: 3
[POMCP] applicable values:
        navigate(brl_robot, stem_01, dock_station): 1.0861193652554655
        navigate(brl_robot, stem_01, stem_02): 0.0
        detect(brl_robot, stem_01): 0.9455272163085937
        pick(brl_robot, tomato1, stem_01): 5.165814069624572

[POMCP] Selected: pick(brl_robot, tomato1, stem_01)
[POMCP] Average simulation time:  0.0092
[POMCP] Average select time:  0.0
[Planner] Selected action: pick(brl_robot, tomato1, stem_01)
[Planner] Observation:  ['holding(brl_robot,tomato1)', 'holded(tomato1,brl_robot)']
    [Feedback] method=ours-random-what, confidence=0.9920, threshold=0.8000, trigger=False
    [Planner] Updated confidence: 0.99201663281172
    [Belief Diff]
      + add (2): holding(brl_robot,tomato1), holded(tomato1,brl_robot)
      - del (2): at(tomato1,stem_01), handempty(brl_robot)
[TIME] step_total=0.9207s (search=0.9202s, execute=0.0002s, update=0.0001s, interaction=0.0000s, pruning=0.0002s, overhead=0.0001s)
==================

Step: 4
[POMCP] applicable values:
        scan(brl_robot, tomato1): 5.846033486312315
        place(brl_robot, tomato1): 3.413353250874022
        discard(brl_robot, tomato1): 0.0

[POMCP] Selected: scan(brl_robot, tomato1)
[POMCP] Average simulation time:  0.0106
[POMCP] Average select time:  0.0
[Planner] Selected action: scan(brl_robot, tomato1)
[Planner] Observation:  ['rotten(tomato1)']
    [Feedback] method=ours-random-what, confidence=0.0529, threshold=0.8000, trigger=True
    [Planner] Current confidence: 0.05287475176048628
    [Query] Q: rotten(tomato1) is True?
    [Query] T: rotten(tomato1)=True?
    [Query] A: False
    [Planner] Reduced 2 --> 1
    [Planner] Updated confidence: 1.0
    [Belief Diff]
      + add (1): scanned(tomato1)
      - del (0): -
[TIME] step_total=1.0654s (search=1.0643s, execute=0.0001s, update=0.0001s, interaction=0.0001s, pruning=0.0006s, overhead=0.0001s)
==================

Step: 5
[POMCP] applicable values:
        scan(brl_robot, tomato1): 4.63125
        place(brl_robot, tomato1): 6.341016804418813
        discard(brl_robot, tomato1): 3.151247048623046

[POMCP] Selected: place(brl_robot, tomato1)
[POMCP] Average simulation time:  0.0113
[POMCP] Average select time:  0.0
[Planner] Selected action: place(brl_robot, tomato1)
[Planner] Observation:  ['loaded(tomato1,brl_robot)', 'handempty(brl_robot)']
    [Feedback] method=ours-random-what, confidence=0.9973, threshold=0.8000, trigger=False
    [Planner] Updated confidence: 0.9972945090735198
    [Belief Diff]
      + add (2): loaded(tomato1,brl_robot), handempty(brl_robot)
      - del (2): holding(brl_robot,tomato1), holded(tomato1,brl_robot)
[TIME] step_total=1.1339s (search=1.1335s, execute=0.0002s, update=0.0001s, interaction=0.0000s, pruning=0.0001s, overhead=0.0001s)
==================

Step: 6
[POMCP] applicable values:
        navigate(brl_robot, stem_01, dock_station): 0.0
        navigate(brl_robot, stem_01, stem_02): 1.1417815345187714
        detect(brl_robot, stem_01): 1.7484330298678001

[POMCP] Selected: detect(brl_robot, stem_01)
[POMCP] Average simulation time:  0.0122
[POMCP] Average select time:  0.0
[Planner] Selected action: detect(brl_robot, stem_01)
[Planner] Observation:  ['observed(tomato2)', 'unripe(tomato2)']
    [Feedback] method=ours-random-what, confidence=0.0498, threshold=0.8000, trigger=True
    [Planner] Current confidence: 0.04977457503364979
    [Query] Q: unripe(tomato2) is True?
    [Query] T: unripe(tomato2)=True?
    [Query] A: True
    [Planner] Reduced 18 --> 9
    [Planner] Current confidence: 0.00021454414913768538
    [Query] Q: unripe(tomato4) is True?
    [Query] T: unripe(tomato4)=True?
    [Query] A: False
    [Planner] Reduced 9 --> 6
    [Planner] Current confidence: 0.00025856069154661654
    [Query] Q: ripe(tomato3) is True?
    [Query] T: ripe(tomato3)=True?
    [Query] A: False
    [Planner] Reduced 6 --> 4
    [Planner] Current confidence: 0.0003355378336695747
    [Query] Q: at(tomato4,stem_01) is True?
    [Query] T: at(tomato4,stem_01)=True?
    [Query] A: False
    [Planner] Reduced 4 --> 2
    [Planner] Current confidence: 0.0003355381225651488
    [Query] Q: observed(tomato3) is True?
    [Query] T: observed(tomato3)=True?
    [Query] A: False
    [Planner] Reduced 2 --> 1
    [Planner] Updated confidence: 1.0
    [Belief Diff]
      + add (0): -
      - del (0): -
[TIME] step_total=1.2271s (search=1.2187s, execute=0.0033s, update=0.0028s, interaction=0.0011s, pruning=0.0011s, overhead=0.0001s)
==================

Step: 7
[POMCP] applicable values:
        navigate(brl_robot, stem_01, dock_station): 1.1361322778034952
        navigate(brl_robot, stem_01, stem_02): 0.7030804212532004
        detect(brl_robot, stem_01): 0.3073568677250235

[POMCP] Selected: navigate(brl_robot, stem_01, dock_station)
[POMCP] Average simulation time:  0.0101
[POMCP] Average select time:  0.0
[Planner] Selected action: navigate(brl_robot, stem_01, dock_station)
[Planner] Observation:  ['located(brl_robot,stem_01)']
    [Feedback] method=ours-random-what, confidence=0.2841, threshold=0.8000, trigger=True
    [Planner] Current confidence: 0.2841392616956385
    [Query] Q: located(brl_robot,stem_02) is True?
    [Query] T: located(brl_robot,stem_02)=True?
    [Query] A: False
    [Planner] Reduced 3 --> 2
    [Planner] Current confidence: 0.006878238314063756
    [Query] Q: located(brl_robot,dock_station) is True?
    [Query] T: located(brl_robot,dock_station)=True?
    [Query] A: False
    [Planner] Reduced 2 --> 1
    [Planner] Updated confidence: 1.0
    [Belief Diff]
      + add (0): -
      - del (0): -
[TIME] step_total=1.0083s (search=1.0070s, execute=0.0002s, update=0.0001s, interaction=0.0003s, pruning=0.0006s, overhead=0.0001s)
==================

Step: 8
[POMCP] applicable values:
        navigate(brl_robot, stem_01, dock_station): 0.5840726229241803
        navigate(brl_robot, stem_01, stem_02): 1.1844773112389262
        detect(brl_robot, stem_01): 1.1740803498276848

[POMCP] Selected: navigate(brl_robot, stem_01, stem_02)
[POMCP] Average simulation time:  0.0109
[POMCP] Average select time:  0.0
[Planner] Selected action: navigate(brl_robot, stem_01, stem_02)
[Planner] Observation:  ['located(brl_robot,stem_02)']
    [Feedback] method=ours-random-what, confidence=0.9702, threshold=0.8000, trigger=False
    [Planner] Updated confidence: 0.9701701182461289
    [Belief Diff]
      + add (1): located(brl_robot,stem_02)
      - del (1): located(brl_robot,stem_01)
[TIME] step_total=1.0867s (search=1.0860s, execute=0.0002s, update=0.0001s, interaction=0.0000s, pruning=0.0003s, overhead=0.0001s)
==================

Step: 9
[POMCP] applicable values:
        navigate(brl_robot, stem_02, dock_station): 0.0
        navigate(brl_robot, stem_02, stem_01): 1.2399208294164072
        detect(brl_robot, stem_02): 1.7840202700497396

[POMCP] Selected: detect(brl_robot, stem_02)
[POMCP] Average simulation time:  0.011
[POMCP] Average select time:  0.0
[Planner] Selected action: detect(brl_robot, stem_02)
[Planner] Observation:  ['observed(tomato3)', 'observed(tomato4)', 'ripe(tomato3)', 'ripe(tomato4)']
    [Feedback] method=ours-random-what, confidence=0.3811, threshold=0.8000, trigger=True
    [Planner] Current confidence: 0.3810924652059007
    [Query] Q: at(tomato4,stem_02) is True?
    [Query] T: at(tomato4,stem_02)=True?
    [Query] A: True
    [Planner] Reduced 27 --> 18
    [Planner] Current confidence: 0.32032811491267
    [Query] Q: at(tomato3,stem_02) is True?
    [Query] T: at(tomato3,stem_02)=True?
    [Query] A: True
    [Planner] Reduced 18 --> 12
    [Planner] Current confidence: 0.2348963595304413
    [Query] Q: unripe(tomato2) is True?
    [Query] T: unripe(tomato2)=True?
    [Query] A: False
    [Planner] Reduced 12 --> 4
    [Planner] Current confidence: 0.4208520699021294
    [Query] Q: unripe(tomato4) is True?
    [Query] T: unripe(tomato4)=True?
    [Query] A: False
    [Planner] Reduced 4 --> 2
    [Planner] Current confidence: 0.46437704476656705
    [Query] Q: unripe(tomato3) is True?
    [Query] T: unripe(tomato3)=True?
    [Query] A: False
    [Planner] Reduced 2 --> 1
    [Planner] Updated confidence: 1.0
    [Belief Diff]
      + add (8): at(tomato2,stem_02), at(tomato3,stem_02), at(tomato4,stem_02), observed(tomato3), observed(tomato4), ripe(tomato2), ripe(tomato3), ripe(tomato4)
      - del (1): unripe(tomato2)
[TIME] step_total=1.1031s (search=1.0953s, execute=0.0024s, update=0.0030s, interaction=0.0017s, pruning=0.0006s, overhead=0.0001s)
==================

Step: 10
[POMCP] applicable values:
        navigate(brl_robot, stem_02, dock_station): 0.0
        navigate(brl_robot, stem_02, stem_01): 2.0906016760958854
        detect(brl_robot, stem_02): 2.1434375
        pick(brl_robot, tomato2, stem_02): 5.927668712971526
        pick(brl_robot, tomato3, stem_02): 3.176658225833438
        pick(brl_robot, tomato4, stem_02): 2.597159019725361

[POMCP] Selected: pick(brl_robot, tomato2, stem_02)
[POMCP] Average simulation time:  0.0087
[POMCP] Average select time:  0.0
[Planner] Selected action: pick(brl_robot, tomato2, stem_02)
[Planner] Observation:  ['holding(brl_robot,tomato2)', 'holded(tomato2,brl_robot)']
    [Feedback] method=ours-random-what, confidence=0.9954, threshold=0.8000, trigger=False
    [Planner] Updated confidence: 0.9953676573713787
    [Belief Diff]
      + add (2): holding(brl_robot,tomato2), holded(tomato2,brl_robot)
      - del (2): handempty(brl_robot), at(tomato2,stem_02)
[TIME] step_total=0.8728s (search=0.8724s, execute=0.0002s, update=0.0001s, interaction=0.0000s, pruning=0.0000s, overhead=0.0001s)
[TIME SUMMARY]
avg search: 1.0028s
avg execute: 0.0007s
avg update: 0.0010s
avg interaction: 0.0009s
avg pruning: 0.0004s
avg step wall: 1.0059s
total wall clock: 10.0594s
=============Action Log=============
[STEP 1]: navigate(brl_robot, dock_station, stem_01)
[STEP 2]: detect(brl_robot, stem_01)
[STEP 3]: pick(brl_robot, tomato1, stem_01)
[STEP 4]: scan(brl_robot, tomato1)
[STEP 5]: place(brl_robot, tomato1)
[STEP 6]: detect(brl_robot, stem_01)
[STEP 7]: navigate(brl_robot, stem_01, dock_station)
[STEP 8]: navigate(brl_robot, stem_01, stem_02)
[STEP 9]: detect(brl_robot, stem_02)
[STEP 10]: pick(brl_robot, tomato2, stem_02)
=============Final Knowledge=============
at(tomato2,stem_01)
at(tomato3,stem_02)
at(tomato4,stem_02)
holded(tomato2,brl_robot)
holding(brl_robot,tomato2)
loaded(tomato1,brl_robot)
located(brl_robot,stem_02)
location(dock_station)
location(stem_01)
location(stem_02)
observed(tomato1)
observed(tomato2)
observed(tomato3)
observed(tomato4)
ripe(tomato1)
ripe(tomato2)
ripe(tomato3)
ripe(tomato4)
robot(brl_robot)
scanned(tomato1)
stem(stem_01)
stem(stem_02)
tomato(tomato1)
tomato(tomato2)
tomato(tomato3)
tomato(tomato4)
=============Query=============
Total Query 18
=============Action Schema Summary=============
detect: actions=3, questions=15, expected_questions_per_action=5.0000
navigate: actions=3, questions=2, expected_questions_per_action=0.6667
pick: actions=2, questions=0, expected_questions_per_action=0.0000
place: actions=1, questions=0, expected_questions_per_action=0.0000
scan: actions=1, questions=1, expected_questions_per_action=1.0000
=============Log File=============
/home/changmin/PyProject/00_BRL-CF/experiments_logs/system_log/e2_ablation/tomato/scene_03_step50/ours-random-what/oracle/exp_tomato_20260804_142348_599025.txt
