Step: 1
[POMCP] applicable values:
        navigate(brl_robot, dock_station, stem_01): 0.885539800192298
        navigate(brl_robot, dock_station, stem_02): 0.0

[POMCP] Selected: navigate(brl_robot, dock_station, stem_01)
[POMCP] Average simulation time:  0.0068
[POMCP] Average select time:  0.0
[Planner] Selected action: navigate(brl_robot, dock_station, stem_01)
[Planner] Observation:  ['located(brl_robot,stem_01)']
    [Feedback] method=ours-random-what, confidence=0.9343, threshold=0.8000, trigger=False
    [Planner] Updated confidence: 0.9343060830467703
    [Belief Diff]
      + add (1): located(brl_robot,stem_01)
      - del (1): located(brl_robot,dock_station)
[TIME] step_total=0.6783s (search=0.6777s, execute=0.0002s, update=0.0002s, interaction=0.0001s, pruning=0.0001s, overhead=0.0001s)
==================

Step: 2
[POMCP] applicable values:
        navigate(brl_robot, stem_01, dock_station): 0.8089959388462327
        navigate(brl_robot, stem_01, stem_02): 1.215413272090121
        detect(brl_robot, stem_01): 0.0

[POMCP] Selected: navigate(brl_robot, stem_01, stem_02)
[POMCP] Average simulation time:  0.0078
[POMCP] Average select time:  0.0
[Planner] Selected action: navigate(brl_robot, stem_01, stem_02)
[Planner] Observation:  ['located(brl_robot,stem_02)']
    [Feedback] method=ours-random-what, confidence=0.9426, threshold=0.8000, trigger=False
    [Planner] Updated confidence: 0.9425768528269669
    [Belief Diff]
      + add (1): located(brl_robot,stem_02)
      - del (1): located(brl_robot,stem_01)
[TIME] step_total=0.7801s (search=0.7795s, execute=0.0002s, update=0.0001s, interaction=0.0000s, pruning=0.0002s, overhead=0.0001s)
==================

Step: 3
[POMCP] applicable values:
        navigate(brl_robot, stem_02, dock_station): 1.2506320212229174
        navigate(brl_robot, stem_02, stem_01): 0.0
        detect(brl_robot, stem_02): 1.9692748296433635

[POMCP] Selected: detect(brl_robot, stem_02)
[POMCP] Average simulation time:  0.0086
[POMCP] Average select time:  0.0
[Planner] Selected action: detect(brl_robot, stem_02)
[Planner] Observation:  ['observed(tomato3)', 'observed(tomato4)', 'ripe(tomato4)', 'unripe(tomato3)']
    [Feedback] method=ours-random-what, confidence=0.1956, threshold=0.8000, trigger=True
    [Planner] Current confidence: 0.19561511151151212
    [Query] Q: ripe(tomato2) is True?
    [Query] T: ripe(tomato2)=True?
    [Query] A: False
    [Planner] Reduced 81 --> 54
    [Planner] Current confidence: 0.2154374529615971
    [Query] Q: observed(tomato3) is True?
    [Query] T: observed(tomato3)=True?
    [Query] A: False
    [Planner] Reduced 54 --> 18
    [Planner] Current confidence: 0.19674095252819224
    [Query] Q: unripe(tomato2) is True?
    [Query] T: unripe(tomato2)=True?
    [Query] A: False
    [Planner] Reduced 18 --> 9
    [Planner] Current confidence: 0.258668143920727
    [Query] Q: ripe(tomato4) is True?
    [Query] T: ripe(tomato4)=True?
    [Query] A: True
    [Planner] Reduced 9 --> 3
    [Planner] Current confidence: 0.00020089199550132886
    [Query] Q: observed(tomato1) is True?
    [Query] T: observed(tomato1)=True?
    [Query] A: False
    [Planner] Reduced 3 --> 1
    [Planner] Updated confidence: 1.0
    [Belief Diff]
      + add (3): at(tomato4,stem_02), observed(tomato4), ripe(tomato4)
      - del (0): -
[TIME] step_total=0.8729s (search=0.8624s, execute=0.0005s, update=0.0034s, interaction=0.0054s, pruning=0.0011s, overhead=0.0001s)
==================

Step: 4
[POMCP] applicable values:
        navigate(brl_robot, stem_02, dock_station): 1.6474654359084524
        navigate(brl_robot, stem_02, stem_01): 1.3556248674099218
        detect(brl_robot, stem_02): 0.0
        pick(brl_robot, tomato4, stem_02): 5.048766295587162

[POMCP] Selected: pick(brl_robot, tomato4, stem_02)
[POMCP] Average simulation time:  0.0101
[POMCP] Average select time:  0.0
[Planner] Selected action: pick(brl_robot, tomato4, stem_02)
[Planner] Observation:  ['holding(brl_robot,tomato4)', 'holded(tomato4,brl_robot)']
    [Feedback] method=ours-random-what, confidence=0.9980, threshold=0.8000, trigger=False
    [Planner] Updated confidence: 0.9979603655339686
    [Belief Diff]
      + add (2): holding(brl_robot,tomato4), holded(tomato4,brl_robot)
      - del (2): at(tomato4,stem_02), handempty(brl_robot)
[TIME] step_total=1.0151s (search=1.0146s, execute=0.0002s, update=0.0001s, interaction=0.0000s, pruning=0.0001s, overhead=0.0001s)
==================

Step: 5
[POMCP] applicable values:
        scan(brl_robot, tomato4): 5.76353827967661
        place(brl_robot, tomato4): 0.0
        discard(brl_robot, tomato4): 0.0

[POMCP] Selected: scan(brl_robot, tomato4)
[POMCP] Average simulation time:  0.0118
[POMCP] Average select time:  0.0
[Planner] Selected action: scan(brl_robot, tomato4)
[Planner] Observation:  ['rotten(tomato4)']
    [Feedback] method=ours-random-what, confidence=0.6367, threshold=0.8000, trigger=True
    [Planner] Current confidence: 0.6367229109228715
    [Query] Q: rotten(tomato4) is True?
    [Query] T: rotten(tomato4)=True?
    [Query] A: True
    [Planner] Reduced 2 --> 1
    [Planner] Updated confidence: 1.0
    [Belief Diff]
      + add (2): rotten(tomato4), scanned(tomato4)
      - del (1): ripe(tomato4)
[TIME] step_total=1.1826s (search=1.1816s, execute=0.0002s, update=0.0001s, interaction=0.0001s, pruning=0.0006s, overhead=0.0001s)
==================

Step: 6
[POMCP] applicable values:
        scan(brl_robot, tomato4): 5.233028382216947
        discard(brl_robot, tomato4): 6.013994283654003

[POMCP] Selected: discard(brl_robot, tomato4)
[POMCP] Average simulation time:  0.0105
[POMCP] Average select time:  0.0
[Planner] Selected action: discard(brl_robot, tomato4)
[Planner] Observation:  ['discarded(tomato4)', 'handempty(brl_robot)']
    [Feedback] method=ours-random-what, confidence=0.9997, threshold=0.8000, trigger=False
    [Planner] Updated confidence: 0.9997045866195395
    [Belief Diff]
      + add (2): discarded(tomato4), handempty(brl_robot)
      - del (2): holding(brl_robot,tomato4), holded(tomato4,brl_robot)
[TIME] step_total=1.0554s (search=1.0549s, execute=0.0002s, update=0.0001s, interaction=0.0000s, pruning=0.0001s, overhead=0.0001s)
==================

Step: 7
[POMCP] applicable values:
        navigate(brl_robot, stem_02, dock_station): 0.9213839416214633
        navigate(brl_robot, stem_02, stem_01): 0.4062857801974713
        detect(brl_robot, stem_02): 1.467052813841334

[POMCP] Selected: detect(brl_robot, stem_02)
[POMCP] Average simulation time:  0.0129
[POMCP] Average select time:  0.0
[Planner] Selected action: detect(brl_robot, stem_02)
[Planner] Observation:  ['observed(tomato3)', 'ripe(tomato3)']
    [Feedback] method=ours-random-what, confidence=0.2064, threshold=0.8000, trigger=True
    [Planner] Current confidence: 0.20636952891106952
    [Query] Q: ripe(tomato2) is True?
    [Query] T: ripe(tomato2)=True?
    [Query] A: False
    [Planner] Reduced 27 --> 18
    [Planner] Current confidence: 0.23529581701752855
    [Query] Q: ripe(tomato1) is True?
    [Query] T: ripe(tomato1)=True?
    [Query] A: False
    [Planner] Reduced 18 --> 12
    [Planner] Current confidence: 0.2736740036793628
    [Query] Q: observed(tomato2) is True?
    [Query] T: observed(tomato2)=True?
    [Query] A: False
    [Planner] Reduced 12 --> 6
    [Planner] Current confidence: 0.37939346296978116
    [Query] Q: at(tomato3,stem_02) is True?
    [Query] T: at(tomato3,stem_02)=True?
    [Query] A: True
    [Planner] Reduced 6 --> 4
    [Planner] Current confidence: 0.24174568640816596
    [Query] Q: unripe(tomato3) is True?
    [Query] T: unripe(tomato3)=True?
    [Query] A: False
    [Planner] Reduced 4 --> 2
    [Planner] Current confidence: 0.0003355381225651488
    [Query] Q: observed(tomato1) is True?
    [Query] T: observed(tomato1)=True?
    [Query] A: False
    [Planner] Reduced 2 --> 1
    [Planner] Updated confidence: 1.0
    [Belief Diff]
      + add (3): at(tomato3,stem_02), observed(tomato3), ripe(tomato3)
      - del (0): -
[TIME] step_total=1.2999s (search=1.2910s, execute=0.0027s, update=0.0030s, interaction=0.0018s, pruning=0.0013s, overhead=0.0001s)
==================

Step: 8
[POMCP] applicable values:
        navigate(brl_robot, stem_02, dock_station): 1.7677245829121344
        navigate(brl_robot, stem_02, stem_01): 0.0
        detect(brl_robot, stem_02): 0.0
        pick(brl_robot, tomato3, stem_02): 4.816593639663352

[POMCP] Selected: pick(brl_robot, tomato3, stem_02)
[POMCP] Average simulation time:  0.0099
[POMCP] Average select time:  0.0
[Planner] Selected action: pick(brl_robot, tomato3, stem_02)
[Planner] Observation:  ['holding(brl_robot,tomato3)', 'holded(tomato3,brl_robot)']
    [Feedback] method=ours-random-what, confidence=0.9958, threshold=0.8000, trigger=False
    [Planner] Updated confidence: 0.9957679713136144
    [Belief Diff]
      + add (2): holding(brl_robot,tomato3), holded(tomato3,brl_robot)
      - del (2): handempty(brl_robot), at(tomato3,stem_02)
[TIME] step_total=0.9945s (search=0.9940s, execute=0.0002s, update=0.0001s, interaction=0.0000s, pruning=0.0001s, overhead=0.0001s)
==================

Step: 9
[POMCP] applicable values:
        scan(brl_robot, tomato3): 5.517838481838776
        place(brl_robot, tomato3): 0.0
        discard(brl_robot, tomato3): 1.658551078222656

[POMCP] Selected: scan(brl_robot, tomato3)
[POMCP] Average simulation time:  0.0105
[POMCP] Average select time:  0.0
[Planner] Selected action: scan(brl_robot, tomato3)
[Planner] Observation:  ['ripe(tomato3)']
    [Feedback] method=ours-random-what, confidence=0.6078, threshold=0.8000, trigger=True
    [Planner] Current confidence: 0.6077933086126442
    [Query] Q: rotten(tomato3) is True?
    [Query] T: rotten(tomato3)=True?
    [Query] A: False
    [Planner] Reduced 2 --> 1
    [Planner] Updated confidence: 1.0
    [Belief Diff]
      + add (1): scanned(tomato3)
      - del (0): -
[TIME] step_total=1.0514s (search=1.0502s, execute=0.0002s, update=0.0001s, interaction=0.0002s, pruning=0.0007s, overhead=0.0001s)
==================

Step: 10
[POMCP] applicable values:
        scan(brl_robot, tomato3): 0.0
        place(brl_robot, tomato3): 6.50850477380318
        discard(brl_robot, tomato3): 0.0

[POMCP] Selected: place(brl_robot, tomato3)
[POMCP] Average simulation time:  0.0111
[POMCP] Average select time:  0.0
[Planner] Selected action: place(brl_robot, tomato3)
[Planner] Observation:  ['loaded(tomato3,brl_robot)', 'handempty(brl_robot)']
    [Feedback] method=ours-random-what, confidence=0.9991, threshold=0.8000, trigger=False
    [Planner] Updated confidence: 0.9990859762911647
    [Belief Diff]
      + add (2): loaded(tomato3,brl_robot), handempty(brl_robot)
      - del (2): holded(tomato3,brl_robot), holding(brl_robot,tomato3)
[TIME] step_total=1.1154s (search=1.1150s, execute=0.0002s, update=0.0001s, interaction=0.0000s, pruning=0.0001s, overhead=0.0001s)
==================

Step: 11
[POMCP] applicable values:
        navigate(brl_robot, stem_02, dock_station): 0.0
        navigate(brl_robot, stem_02, stem_01): 0.0
        detect(brl_robot, stem_02): 2.0677601153774585

[POMCP] Selected: detect(brl_robot, stem_02)
[POMCP] Average simulation time:  0.0117
[POMCP] Average select time:  0.0
[Planner] Selected action: detect(brl_robot, stem_02)
[Planner] Observation:  []
    [Feedback] method=ours-random-what, confidence=0.0002, threshold=0.8000, trigger=True
    [Planner] Current confidence: 0.00021454414913757436
    [Query] Q: observed(tomato1) is True?
    [Query] T: observed(tomato1)=True?
    [Query] A: False
    [Planner] Reduced 9 --> 3
    [Planner] Current confidence: 0.00020089199550132886
    [Query] Q: observed(tomato2) is True?
    [Query] T: observed(tomato2)=True?
    [Query] A: False
    [Planner] Reduced 3 --> 1
    [Planner] Updated confidence: 1.0
    [Belief Diff]
      + add (0): -
      - del (0): -
[TIME] step_total=1.1809s (search=1.1741s, execute=0.0026s, update=0.0022s, interaction=0.0004s, pruning=0.0015s, overhead=0.0001s)
==================

Step: 12
[POMCP] applicable values:
        navigate(brl_robot, stem_02, dock_station): 0.5846030152720596
        navigate(brl_robot, stem_02, stem_01): 1.1851798282869423
        detect(brl_robot, stem_02): 0.0

[POMCP] Selected: navigate(brl_robot, stem_02, stem_01)
[POMCP] Average simulation time:  0.0108
[POMCP] Average select time:  0.0
[Planner] Selected action: navigate(brl_robot, stem_02, stem_01)
[Planner] Observation:  ['located(brl_robot,stem_01)']
    [Feedback] method=ours-random-what, confidence=0.9336, threshold=0.8000, trigger=False
    [Planner] Updated confidence: 0.933561796695141
    [Belief Diff]
      + add (1): located(brl_robot,stem_01)
      - del (1): located(brl_robot,stem_02)
[TIME] step_total=1.0776s (search=1.0769s, execute=0.0002s, update=0.0001s, interaction=0.0000s, pruning=0.0002s, overhead=0.0001s)
==================

Step: 13
[POMCP] applicable values:
        navigate(brl_robot, stem_01, dock_station): 0.0
        navigate(brl_robot, stem_01, stem_02): 0.6897169374630172
        detect(brl_robot, stem_01): 1.9030226369836165

[POMCP] Selected: detect(brl_robot, stem_01)
[POMCP] Average simulation time:  0.0118
[POMCP] Average select time:  0.0
[Planner] Selected action: detect(brl_robot, stem_01)
[Planner] Observation:  ['observed(tomato1)', 'observed(tomato2)', 'ripe(tomato1)', 'unripe(tomato2)']
    [Feedback] method=ours-random-what, confidence=0.5316, threshold=0.8000, trigger=True
    [Planner] Current confidence: 0.5316297015201593
    [Query] Q: unripe(tomato2) is True?
    [Query] T: unripe(tomato2)=True?
    [Query] A: True
    [Planner] Reduced 9 --> 3
    [Planner] Current confidence: 0.37987317417141253
    [Query] Q: at(tomato1,stem_01) is True?
    [Query] T: at(tomato1,stem_01)=True?
    [Query] A: True
    [Planner] Reduced 3 --> 2
    [Planner] Current confidence: 0.1725289111225965
    [Query] Q: ripe(tomato1) is True?
    [Query] T: ripe(tomato1)=True?
    [Query] A: True
    [Planner] Reduced 2 --> 1
    [Planner] Updated confidence: 1.0
    [Belief Diff]
      + add (6): at(tomato1,stem_01), at(tomato2,stem_01), observed(tomato1), observed(tomato2), ripe(tomato1), unripe(tomato2)
      - del (0): -
[TIME] step_total=1.1900s (search=1.1840s, execute=0.0024s, update=0.0023s, interaction=0.0006s, pruning=0.0007s, overhead=0.0001s)
==================

Step: 14
[POMCP] applicable values:
        navigate(brl_robot, stem_01, dock_station): 1.5621600905274133
        navigate(brl_robot, stem_01, stem_02): 0.0
        detect(brl_robot, stem_01): 0.0
        pick(brl_robot, tomato1, stem_01): 4.457772365418544

[POMCP] Selected: pick(brl_robot, tomato1, stem_01)
[POMCP] Average simulation time:  0.0098
[POMCP] Average select time:  0.0
[Planner] Selected action: pick(brl_robot, tomato1, stem_01)
[Planner] Observation:  ['holding(brl_robot,tomato1)', 'holded(tomato1,brl_robot)']
    [Feedback] method=ours-random-what, confidence=0.9970, threshold=0.8000, trigger=False
    [Planner] Updated confidence: 0.9969658521630006
    [Belief Diff]
      + add (2): holding(brl_robot,tomato1), holded(tomato1,brl_robot)
      - del (2): handempty(brl_robot), at(tomato1,stem_01)
[TIME] step_total=0.9769s (search=0.9763s, execute=0.0002s, update=0.0001s, interaction=0.0000s, pruning=0.0002s, overhead=0.0001s)
==================

Step: 15
[POMCP] applicable values:
        scan(brl_robot, tomato1): 5.279418407555101
        place(brl_robot, tomato1): 0.0
        discard(brl_robot, tomato1): 0.0

[POMCP] Selected: scan(brl_robot, tomato1)
[POMCP] Average simulation time:  0.0117
[POMCP] Average select time:  0.0
[Planner] Selected action: scan(brl_robot, tomato1)
[Planner] Observation:  ['ripe(tomato1)']
    [Feedback] method=ours-random-what, confidence=0.4944, threshold=0.8000, trigger=True
    [Planner] Current confidence: 0.4944083877448687
    [Query] Q: rotten(tomato1) is True?
    [Query] T: rotten(tomato1)=True?
    [Query] A: False
    [Planner] Reduced 2 --> 1
    [Planner] Updated confidence: 1.0
    [Belief Diff]
      + add (1): scanned(tomato1)
      - del (0): -
[TIME] step_total=1.1694s (search=1.1682s, execute=0.0002s, update=0.0001s, interaction=0.0002s, pruning=0.0008s, overhead=0.0001s)
==================

Step: 16
[POMCP] applicable values:
        scan(brl_robot, tomato1): 2.375
        place(brl_robot, tomato1): 5.527271325004687
        discard(brl_robot, tomato1): 0.0

[POMCP] Selected: place(brl_robot, tomato1)
[POMCP] Average simulation time:  0.0127
[POMCP] Average select time:  0.0001
[Planner] Selected action: place(brl_robot, tomato1)
[Planner] Observation:  []
    [Feedback] method=ours-random-what, confidence=0.9192, threshold=0.8000, trigger=False
    [Planner] Updated confidence: 0.9192357107233737
    [Belief Diff]
      + add (2): loaded(tomato1,brl_robot), handempty(brl_robot)
      - del (2): holding(brl_robot,tomato1), holded(tomato1,brl_robot)
[TIME] step_total=1.2682s (search=1.2678s, execute=0.0002s, update=0.0001s, interaction=0.0000s, pruning=0.0000s, overhead=0.0001s)
[TIME SUMMARY]
avg search: 1.0543s
avg execute: 0.0006s
avg update: 0.0008s
avg interaction: 0.0006s
avg pruning: 0.0005s
avg step wall: 1.0568s
total wall clock: 16.9088s
=============Action Log=============
[STEP 1]: navigate(brl_robot, dock_station, stem_01)
[STEP 2]: navigate(brl_robot, stem_01, stem_02)
[STEP 3]: detect(brl_robot, stem_02)
[STEP 4]: pick(brl_robot, tomato4, stem_02)
[STEP 5]: scan(brl_robot, tomato4)
[STEP 6]: discard(brl_robot, tomato4)
[STEP 7]: detect(brl_robot, stem_02)
[STEP 8]: pick(brl_robot, tomato3, stem_02)
[STEP 9]: scan(brl_robot, tomato3)
[STEP 10]: place(brl_robot, tomato3)
[STEP 11]: detect(brl_robot, stem_02)
[STEP 12]: navigate(brl_robot, stem_02, stem_01)
[STEP 13]: detect(brl_robot, stem_01)
[STEP 14]: pick(brl_robot, tomato1, stem_01)
[STEP 15]: scan(brl_robot, tomato1)
[STEP 16]: place(brl_robot, tomato1)
=============Final Knowledge=============
at(tomato2,stem_01)
discarded(tomato4)
handempty(brl_robot)
loaded(tomato1,brl_robot)
loaded(tomato3,brl_robot)
located(brl_robot,stem_01)
location(dock_station)
location(stem_01)
location(stem_02)
observed(tomato1)
observed(tomato2)
observed(tomato3)
observed(tomato4)
ripe(tomato1)
ripe(tomato3)
robot(brl_robot)
rotten(tomato4)
scanned(tomato1)
scanned(tomato3)
scanned(tomato4)
stem(stem_01)
stem(stem_02)
tomato(tomato1)
tomato(tomato2)
tomato(tomato3)
tomato(tomato4)
unripe(tomato2)
=============Query=============
Total Query 19
=============Action Schema Summary=============
detect: actions=4, questions=16, expected_questions_per_action=4.0000
discard: actions=1, questions=0, expected_questions_per_action=0.0000
navigate: actions=3, questions=0, expected_questions_per_action=0.0000
pick: actions=3, questions=0, expected_questions_per_action=0.0000
place: actions=2, questions=0, expected_questions_per_action=0.0000
scan: actions=3, questions=3, expected_questions_per_action=1.0000
=============Log File=============
/home/changmin/PyProject/00_BRL-CF/experiments_logs/system_log/e2_ablation/tomato/scene_03_step50/ours-random-what/oracle/exp_tomato_20260804_142008_741993.txt
