Step: 1
[POMCP] applicable values:
        detect_waste(brl_robot): 3.7935736401083626

[POMCP] Selected: detect_waste(brl_robot)
[POMCP] Average simulation time:  0.0131
[POMCP] Average select time:  0.0
[Planner] Selected action: detect_waste(brl_robot)
[Planner] Observation:  ['detected(waste1)', 'detected(waste2)', 'paper(waste1)', 'paper(waste2)']
    [Feedback] method=ours, confidence=0.2494, threshold=1.0000, trigger=True
    [Planner] Current confidence: 0.24939601716891568
    [Query] Q: paper(waste2) is True?
    [Query] T: paper(waste2)=True?
    [Query] A: True
    [Planner] Reduced 625 --> 125
    [Planner] Current confidence: 0.2884030324239063
    [Query] Q: paper(waste1) is True?
    [Query] T: paper(waste1)=True?
    [Query] A: True
    [Planner] Reduced 125 --> 25
    [Planner] Current confidence: 0.3793165994874814
    [Query] Q: detected(waste3) is True?
    [Query] T: detected(waste3)=True?
    [Query] A: False
    [Planner] Reduced 25 --> 5
    [Planner] Current confidence: 0.3792700480096265
    [Query] Q: detected(waste4) is True?
    [Query] T: detected(waste4)=True?
    [Query] A: False
    [Planner] Reduced 5 --> 1
    [Planner] Updated confidence: 1.0
    [Belief Diff]
      + add (4): detected(waste1), detected(waste2), paper(waste1), paper(waste2)
      - del (0): -
[TIME] step_total=1.4600s (search=1.3097s, execute=0.0087s, update=0.1228s, interaction=0.0185s, pruning=0.0002s, overhead=0.0000s)
==================

Step: 2
[POMCP] applicable values:
        detect_waste(brl_robot): 0.0
        pick(brl_robot, waste1): 8.95440398401511
        pick(brl_robot, waste2): 0.0

[POMCP] Selected: pick(brl_robot, waste1)
[POMCP] Average simulation time:  0.0029
[POMCP] Average select time:  0.0
[Planner] Selected action: pick(brl_robot, waste1)
[Planner] Observation:  []
    [Feedback] method=ours, confidence=0.5310, threshold=1.0000, trigger=True
    [Planner] Current confidence: 0.531033259510088
    [Query] Q: handempty(brl_robot) is True?
    [Query] T: handempty(brl_robot)=True?
    [Query] A: False
    [Planner] Reduced 2 --> 1
    [Planner] Updated confidence: 1.0
    [Belief Diff]
      + add (1): holding(brl_robot,waste1)
      - del (1): handempty(brl_robot)
[TIME] step_total=0.2946s (search=0.2941s, execute=0.0001s, update=0.0001s, interaction=0.0002s, pruning=0.0001s, overhead=0.0000s)
==================

Step: 3
[POMCP] applicable values:
        place_gw_bin(brl_robot, waste1, gw_bin): 0.0
        place_paper_bin(brl_robot, waste1, pp_bin): 10.240219013916398
        place_can_bin(brl_robot, waste1, ca_bin): 4.5125
        place_plastic_bin(brl_robot, waste1, pl_bin): 2.0906016760958854

[POMCP] Selected: place_paper_bin(brl_robot, waste1, pp_bin)
[POMCP] Average simulation time:  0.0019
[POMCP] Average select time:  0.0
[Planner] Selected action: place_paper_bin(brl_robot, waste1, pp_bin)
[Planner] Observation:  ['holding(brl_robot,waste1)', 'detected(waste1)']
    [Feedback] method=ours, confidence=0.4227, threshold=1.0000, trigger=True
    [Planner] Current confidence: 0.42273135649588744
    [Query] Q: detected(waste1) is True?
    [Query] T: detected(waste1)=True?
    [Query] A: False
    [Planner] Reduced 2 --> 1
    [Planner] Updated confidence: 1.0
    [Belief Diff]
      + add (2): in_bin(waste1,pp_bin), handempty(brl_robot)
      - del (2): detected(waste1), holding(brl_robot,waste1)
[TIME] step_total=0.1871s (search=0.1866s, execute=0.0001s, update=0.0001s, interaction=0.0002s, pruning=0.0001s, overhead=0.0000s)
==================

Step: 4
[POMCP] applicable values:
        detect_waste(brl_robot): 0.6983372960937498
        pick(brl_robot, waste2): 6.312940693775823

[POMCP] Selected: pick(brl_robot, waste2)
[POMCP] Average simulation time:  0.0018
[POMCP] Average select time:  0.0
[Planner] Selected action: pick(brl_robot, waste2)
[Planner] Observation:  ['holding(brl_robot,waste2)']
    [Feedback] method=ours, confidence=0.9616, threshold=1.0000, trigger=True
    [Planner] Current confidence: 0.9616386803001556
    [Query] Q: handempty(brl_robot) is True?
    [Query] T: handempty(brl_robot)=True?
    [Query] A: False
    [Planner] Reduced 2 --> 1
    [Planner] Updated confidence: 1.0
    [Belief Diff]
      + add (1): holding(brl_robot,waste2)
      - del (1): handempty(brl_robot)
[TIME] step_total=0.1813s (search=0.1808s, execute=0.0001s, update=0.0001s, interaction=0.0002s, pruning=0.0001s, overhead=0.0000s)
==================

Step: 5
[POMCP] applicable values:
        place_gw_bin(brl_robot, waste2, gw_bin): 3.6754594531249998
        place_paper_bin(brl_robot, waste2, pp_bin): 7.255811956031842
        place_can_bin(brl_robot, waste2, ca_bin): 0.0
        place_plastic_bin(brl_robot, waste2, pl_bin): 3.981167226562499

[POMCP] Selected: place_paper_bin(brl_robot, waste2, pp_bin)
[POMCP] Average simulation time:  0.0018
[POMCP] Average select time:  0.0
[Planner] Selected action: place_paper_bin(brl_robot, waste2, pp_bin)
[Planner] Observation:  ['in_bin(waste2,pp_bin)', 'handempty(brl_robot)']
    [Feedback] method=ours, confidence=0.9960, threshold=1.0000, trigger=True
    [Planner] Current confidence: 0.9959800575886459
    [Query] Q: detected(waste2) is True?
    [Query] T: detected(waste2)=True?
    [Query] A: False
    [Planner] Reduced 2 --> 1
    [Planner] Updated confidence: 1.0
    [Belief Diff]
      + add (2): in_bin(waste2,pp_bin), handempty(brl_robot)
      - del (2): detected(waste2), holding(brl_robot,waste2)
[TIME] step_total=0.1848s (search=0.1842s, execute=0.0001s, update=0.0001s, interaction=0.0002s, pruning=0.0002s, overhead=0.0001s)
==================

Step: 6
[POMCP] applicable values:
        detect_waste(brl_robot): 2.7932740180393965

[POMCP] Selected: detect_waste(brl_robot)
[POMCP] Average simulation time:  0.0018
[POMCP] Average select time:  0.0
[Planner] Selected action: detect_waste(brl_robot)
[Planner] Observation:  ['can(waste3)', 'detected(waste3)', 'detected(waste4)', 'general(waste4)']
    [Feedback] method=ours, confidence=0.1956, threshold=1.0000, trigger=True
    [Planner] Current confidence: 0.1956208867313899
    [Query] Q: can(waste3) is True?
    [Query] T: can(waste3)=True?
    [Query] A: True
    [Planner] Reduced 25 --> 5
    [Planner] Current confidence: 0.30913903325229086
    [Query] Q: general(waste4) is True?
    [Query] T: general(waste4)=True?
    [Query] A: True
    [Planner] Reduced 5 --> 1
    [Planner] Updated confidence: 1.0
    [Belief Diff]
      + add (4): can(waste3), detected(waste3), detected(waste4), general(waste4)
      - del (0): -
[TIME] step_total=0.1884s (search=0.1794s, execute=0.0032s, update=0.0039s, interaction=0.0010s, pruning=0.0008s, overhead=0.0000s)
==================

Step: 7
[POMCP] applicable values:
        detect_waste(brl_robot): 0.0
        pick(brl_robot, waste3): 1.3668446404296872
        pick(brl_robot, waste4): 7.322159217237433

[POMCP] Selected: pick(brl_robot, waste4)
[POMCP] Average simulation time:  0.0015
[POMCP] Average select time:  0.0
[Planner] Selected action: pick(brl_robot, waste4)
[Planner] Observation:  ['holding(brl_robot,waste4)']
    [Feedback] method=ours, confidence=0.9466, threshold=1.0000, trigger=True
    [Planner] Current confidence: 0.9465983227901814
    [Query] Q: handempty(brl_robot) is True?
    [Query] T: handempty(brl_robot)=True?
    [Query] A: True
    [Planner] Reduced 2 --> 1
    [Planner] Updated confidence: 1.0
    [Belief Diff]
      + add (0): -
      - del (0): -
[TIME] step_total=0.1473s (search=0.1466s, execute=0.0001s, update=0.0001s, interaction=0.0002s, pruning=0.0002s, overhead=0.0001s)
==================

Step: 8
[POMCP] applicable values:
        detect_waste(brl_robot): 1.350900219156592
        pick(brl_robot, waste3): 9.353232553783378
        pick(brl_robot, waste4): 2.1434375

[POMCP] Selected: pick(brl_robot, waste3)
[POMCP] Average simulation time:  0.0015
[POMCP] Average select time:  0.0
[Planner] Selected action: pick(brl_robot, waste3)
[Planner] Observation:  ['holding(brl_robot,waste3)']
    [Feedback] method=ours, confidence=0.8712, threshold=1.0000, trigger=True
    [Planner] Current confidence: 0.871235563513746
    [Query] Q: handempty(brl_robot) is True?
    [Query] T: handempty(brl_robot)=True?
    [Query] A: True
    [Planner] Reduced 2 --> 1
    [Planner] Updated confidence: 1.0
    [Belief Diff]
      + add (0): -
      - del (0): -
[TIME] step_total=0.1529s (search=0.1522s, execute=0.0001s, update=0.0001s, interaction=0.0002s, pruning=0.0002s, overhead=0.0000s)
==================

Step: 9
[POMCP] applicable values:
        detect_waste(brl_robot): 1.8377297265624999
        pick(brl_robot, waste3): 7.455683657785681
        pick(brl_robot, waste4): 2.1849010416666665

[POMCP] Selected: pick(brl_robot, waste3)
[POMCP] Average simulation time:  0.0014
[POMCP] Average select time:  0.0
[Planner] Selected action: pick(brl_robot, waste3)
[Planner] Observation:  ['holding(brl_robot,waste3)']
    [Feedback] method=ours, confidence=0.9467, threshold=1.0000, trigger=True
    [Planner] Current confidence: 0.94668818775311
    [Query] Q: handempty(brl_robot) is True?
    [Query] T: handempty(brl_robot)=True?
    [Query] A: False
    [Planner] Reduced 2 --> 1
    [Planner] Updated confidence: 1.0
    [Belief Diff]
      + add (1): holding(brl_robot,waste3)
      - del (1): handempty(brl_robot)
[TIME] step_total=0.1442s (search=0.1438s, execute=0.0001s, update=0.0001s, interaction=0.0002s, pruning=0.0001s, overhead=0.0000s)
==================

Step: 10
[POMCP] applicable values:
        place_gw_bin(brl_robot, waste3, gw_bin): 0.0
        place_paper_bin(brl_robot, waste3, pp_bin): 4.07253125
        place_can_bin(brl_robot, waste3, ca_bin): 9.60147978175303
        place_plastic_bin(brl_robot, waste3, pl_bin): 4.286875

[POMCP] Selected: place_can_bin(brl_robot, waste3, ca_bin)
[POMCP] Average simulation time:  0.0016
[POMCP] Average select time:  0.0
[Planner] Selected action: place_can_bin(brl_robot, waste3, ca_bin)
[Planner] Observation:  ['in_bin(waste3,ca_bin)', 'handempty(brl_robot)']
    [Feedback] method=ours, confidence=0.9951, threshold=1.0000, trigger=True
    [Planner] Current confidence: 0.9951398650843318
    [Query] Q: detected(waste3) is True?
    [Query] T: detected(waste3)=True?
    [Query] A: False
    [Planner] Reduced 2 --> 1
    [Planner] Updated confidence: 1.0
    [Belief Diff]
      + add (2): in_bin(waste3,ca_bin), handempty(brl_robot)
      - del (2): holding(brl_robot,waste3), detected(waste3)
[TIME] step_total=0.1616s (search=0.1611s, execute=0.0001s, update=0.0001s, interaction=0.0002s, pruning=0.0001s, overhead=0.0000s)
==================

Step: 11
[POMCP] applicable values:
        detect_waste(brl_robot): 5.5057581654208265
        pick(brl_robot, waste4): 0.0

[POMCP] Selected: detect_waste(brl_robot)
[POMCP] Average simulation time:  0.0018
[POMCP] Average select time:  0.0
[Planner] Selected action: detect_waste(brl_robot)
[Planner] Observation:  []
    [Feedback] method=ours, confidence=0.0391, threshold=1.0000, trigger=True
    [Planner] Current confidence: 0.039064805825977045
    [Query] Q: general(waste4) is True?
    [Query] T: general(waste4)=True?
    [Query] A: True
    [Planner] Reduced 4 --> 1
    [Planner] Updated confidence: 1.0
    [Belief Diff]
      + add (0): -
      - del (0): -
[TIME] step_total=0.1832s (search=0.1774s, execute=0.0043s, update=0.0006s, interaction=0.0003s, pruning=0.0005s, overhead=0.0001s)
==================

Step: 12
[POMCP] applicable values:
        detect_waste(brl_robot): 3.739224062695981
        pick(brl_robot, waste4): 0.0

[POMCP] Selected: detect_waste(brl_robot)
[POMCP] Average simulation time:  0.0016
[POMCP] Average select time:  0.0
[Planner] Selected action: detect_waste(brl_robot)
[Planner] Observation:  []
    [Feedback] method=ours, confidence=0.0391, threshold=1.0000, trigger=True
    [Planner] Current confidence: 0.039064805825977045
    [Query] Q: general(waste4) is True?
    [Query] T: general(waste4)=True?
    [Query] A: True
    [Planner] Reduced 4 --> 1
    [Planner] Updated confidence: 1.0
    [Belief Diff]
      + add (0): -
      - del (0): -
[TIME] step_total=0.1650s (search=0.1599s, execute=0.0040s, update=0.0006s, interaction=0.0003s, pruning=0.0002s, overhead=0.0000s)
==================

Step: 13
[POMCP] applicable values:
        detect_waste(brl_robot): 4.81275843812655
        pick(brl_robot, waste4): 0.0

[POMCP] Selected: detect_waste(brl_robot)
[POMCP] Average simulation time:  0.0016
[POMCP] Average select time:  0.0
[Planner] Selected action: detect_waste(brl_robot)
[Planner] Observation:  []
    [Feedback] method=ours, confidence=0.0391, threshold=1.0000, trigger=True
    [Planner] Current confidence: 0.039064805825977045
    [Query] Q: general(waste4) is True?
    [Query] T: general(waste4)=True?
    [Query] A: True
    [Planner] Reduced 4 --> 1
    [Planner] Updated confidence: 1.0
    [Belief Diff]
      + add (0): -
      - del (0): -
[TIME] step_total=0.1681s (search=0.1629s, execute=0.0040s, update=0.0006s, interaction=0.0003s, pruning=0.0002s, overhead=0.0000s)
==================

Step: 14
[POMCP] applicable values:
        detect_waste(brl_robot): 4.403929034809347
        pick(brl_robot, waste4): 0.0

[POMCP] Selected: detect_waste(brl_robot)
[POMCP] Average simulation time:  0.0016
[POMCP] Average select time:  0.0
[Planner] Selected action: detect_waste(brl_robot)
[Planner] Observation:  []
    [Feedback] method=ours, confidence=0.0391, threshold=1.0000, trigger=True
    [Planner] Current confidence: 0.039064805825977045
    [Query] Q: general(waste4) is True?
    [Query] T: general(waste4)=True?
    [Query] A: True
    [Planner] Reduced 4 --> 1
    [Planner] Updated confidence: 1.0
    [Belief Diff]
      + add (0): -
      - del (0): -
[TIME] step_total=0.1645s (search=0.1592s, execute=0.0042s, update=0.0006s, interaction=0.0003s, pruning=0.0002s, overhead=0.0000s)
==================

Step: 15
[POMCP] applicable values:
        detect_waste(brl_robot): 4.377623316613983
        pick(brl_robot, waste4): 0.0

[POMCP] Selected: detect_waste(brl_robot)
[POMCP] Average simulation time:  0.0016
[POMCP] Average select time:  0.0
[Planner] Selected action: detect_waste(brl_robot)
[Planner] Observation:  []
    [Feedback] method=ours, confidence=0.0391, threshold=1.0000, trigger=True
    [Planner] Current confidence: 0.039064805825977045
    [Query] Q: general(waste4) is True?
    [Query] T: general(waste4)=True?
    [Query] A: True
    [Planner] Reduced 4 --> 1
    [Planner] Updated confidence: 1.0
    [Belief Diff]
      + add (0): -
      - del (0): -
[TIME] step_total=0.1603s (search=0.1551s, execute=0.0040s, update=0.0006s, interaction=0.0002s, pruning=0.0002s, overhead=0.0000s)
==================

Step: 16
[POMCP] applicable values:
        detect_waste(brl_robot): 3.9672340077935573
        pick(brl_robot, waste4): 0.0

[POMCP] Selected: detect_waste(brl_robot)
[POMCP] Average simulation time:  0.0016
[POMCP] Average select time:  0.0
[Planner] Selected action: detect_waste(brl_robot)
[Planner] Observation:  []
    [Feedback] method=ours, confidence=0.0391, threshold=1.0000, trigger=True
    [Planner] Current confidence: 0.039064805825977045
    [Query] Q: general(waste4) is True?
    [Query] T: general(waste4)=True?
    [Query] A: True
    [Planner] Reduced 4 --> 1
    [Planner] Updated confidence: 1.0
    [Belief Diff]
      + add (0): -
      - del (0): -
[TIME] step_total=0.1636s (search=0.1586s, execute=0.0040s, update=0.0006s, interaction=0.0003s, pruning=0.0002s, overhead=0.0000s)
==================

Step: 17
[POMCP] applicable values:
        detect_waste(brl_robot): 4.979559557584842
        pick(brl_robot, waste4): 1.5833333333333333

[POMCP] Selected: detect_waste(brl_robot)
[POMCP] Average simulation time:  0.0016
[POMCP] Average select time:  0.0
[Planner] Selected action: detect_waste(brl_robot)
[Planner] Observation:  []
    [Feedback] method=ours, confidence=0.0391, threshold=1.0000, trigger=True
    [Planner] Current confidence: 0.039064805825977045
    [Query] Q: general(waste4) is True?
    [Query] T: general(waste4)=True?
    [Query] A: True
    [Planner] Reduced 4 --> 1
    [Planner] Updated confidence: 1.0
    [Belief Diff]
      + add (0): -
      - del (0): -
[TIME] step_total=0.1617s (search=0.1566s, execute=0.0039s, update=0.0006s, interaction=0.0003s, pruning=0.0002s, overhead=0.0000s)
==================

Step: 18
[POMCP] applicable values:
        detect_waste(brl_robot): 5.5631910514665535
        pick(brl_robot, waste4): 0.0

[POMCP] Selected: detect_waste(brl_robot)
[POMCP] Average simulation time:  0.0016
[POMCP] Average select time:  0.0
[Planner] Selected action: detect_waste(brl_robot)
[Planner] Observation:  []
    [Feedback] method=ours, confidence=0.0391, threshold=1.0000, trigger=True
    [Planner] Current confidence: 0.039064805825977045
    [Query] Q: general(waste4) is True?
    [Query] T: general(waste4)=True?
    [Query] A: True
    [Planner] Reduced 4 --> 1
    [Planner] Updated confidence: 1.0
    [Belief Diff]
      + add (0): -
      - del (0): -
[TIME] step_total=0.1695s (search=0.1641s, execute=0.0043s, update=0.0006s, interaction=0.0003s, pruning=0.0002s, overhead=0.0001s)
==================

Step: 19
[POMCP] applicable values:
        detect_waste(brl_robot): 6.814112156514341
        pick(brl_robot, waste4): 0.0

[POMCP] Selected: detect_waste(brl_robot)
[POMCP] Average simulation time:  0.0016
[POMCP] Average select time:  0.0
[Planner] Selected action: detect_waste(brl_robot)
[Planner] Observation:  []
    [Feedback] method=ours, confidence=0.0391, threshold=1.0000, trigger=True
    [Planner] Current confidence: 0.039064805825977045
    [Query] Q: general(waste4) is True?
    [Query] T: general(waste4)=True?
    [Query] A: True
    [Planner] Reduced 4 --> 1
    [Planner] Updated confidence: 1.0
    [Belief Diff]
      + add (0): -
      - del (0): -
[TIME] step_total=0.1659s (search=0.1606s, execute=0.0041s, update=0.0006s, interaction=0.0003s, pruning=0.0002s, overhead=0.0000s)
==================

Step: 20
[POMCP] applicable values:
        detect_waste(brl_robot): 0.0
        pick(brl_robot, waste4): 12.439273533143941

[POMCP] Selected: pick(brl_robot, waste4)
[POMCP] Average simulation time:  0.0017
[POMCP] Average select time:  0.0
[Planner] Selected action: pick(brl_robot, waste4)
[Planner] Observation:  ['holding(brl_robot,waste4)']
    [Feedback] method=ours, confidence=0.8983, threshold=1.0000, trigger=True
    [Planner] Current confidence: 0.8983218581449013
    [Query] Q: handempty(brl_robot) is True?
    [Query] T: handempty(brl_robot)=True?
    [Query] A: False
    [Planner] Reduced 2 --> 1
    [Planner] Updated confidence: 1.0
    [Belief Diff]
      + add (1): holding(brl_robot,waste4)
      - del (1): handempty(brl_robot)
[TIME] step_total=0.1697s (search=0.1692s, execute=0.0001s, update=0.0001s, interaction=0.0002s, pruning=0.0001s, overhead=0.0000s)
==================

Step: 21
[POMCP] applicable values:
        place_gw_bin(brl_robot, waste4, gw_bin): 14.340149999999998
        place_paper_bin(brl_robot, waste4, pp_bin): 0.0
        place_can_bin(brl_robot, waste4, ca_bin): 0.0
        place_plastic_bin(brl_robot, waste4, pl_bin): 0.0

[POMCP] Selected: place_gw_bin(brl_robot, waste4, gw_bin)
[POMCP] Average simulation time:  0.0017
[POMCP] Average select time:  0.0
[Planner] Selected action: place_gw_bin(brl_robot, waste4, gw_bin)
[Planner] Observation:  ['in_bin(waste4,gw_bin)', 'handempty(brl_robot)']
    [Feedback] method=ours, confidence=0.9942, threshold=1.0000, trigger=True
    [Planner] Current confidence: 0.9941694438477386
    [Query] Q: detected(waste4) is True?
    [Query] T: detected(waste4)=True?
    [Query] A: False
    [Planner] Reduced 2 --> 1
    [Planner] Updated confidence: 1.0
    [Belief Diff]
      + add (2): in_bin(waste4,gw_bin), handempty(brl_robot)
      - del (2): holding(brl_robot,waste4), detected(waste4)
[TIME] step_total=0.1724s (search=0.1720s, execute=0.0001s, update=0.0001s, interaction=0.0002s, pruning=0.0000s, overhead=0.0000s)
[TIME SUMMARY]
avg search: 0.2254s
avg execute: 0.0024s
avg update: 0.0063s
avg interaction: 0.0011s
avg pruning: 0.0002s
avg step wall: 0.2355s
total wall clock: 4.9462s
=============Action Log=============
[STEP 1]: detect_waste(brl_robot)
[STEP 2]: pick(brl_robot, waste1)
[STEP 3]: place_paper_bin(brl_robot, waste1, pp_bin)
[STEP 4]: pick(brl_robot, waste2)
[STEP 5]: place_paper_bin(brl_robot, waste2, pp_bin)
[STEP 6]: detect_waste(brl_robot)
[STEP 7]: pick(brl_robot, waste4)
[STEP 8]: pick(brl_robot, waste3)
[STEP 9]: pick(brl_robot, waste3)
[STEP 10]: place_can_bin(brl_robot, waste3, ca_bin)
[STEP 11]: detect_waste(brl_robot)
[STEP 12]: detect_waste(brl_robot)
[STEP 13]: detect_waste(brl_robot)
[STEP 14]: detect_waste(brl_robot)
[STEP 15]: detect_waste(brl_robot)
[STEP 16]: detect_waste(brl_robot)
[STEP 17]: detect_waste(brl_robot)
[STEP 18]: detect_waste(brl_robot)
[STEP 19]: detect_waste(brl_robot)
[STEP 20]: pick(brl_robot, waste4)
[STEP 21]: place_gw_bin(brl_robot, waste4, gw_bin)
=============Final Knowledge=============
can(waste3)
can_bin(ca_bin)
general(waste4)
general_bin(gw_bin)
handempty(brl_robot)
in_bin(waste1,pp_bin)
in_bin(waste2,pp_bin)
in_bin(waste3,ca_bin)
in_bin(waste4,gw_bin)
paper(waste1)
paper(waste2)
paper_bin(pp_bin)
plastic_bin(pl_bin)
robot(brl_robot)
waste(waste1)
waste(waste2)
waste(waste3)
waste(waste4)
=============Query=============
Total Query 25
=============Action Schema Summary=============
detect_waste: actions=11, questions=15, expected_questions_per_action=1.3636
pick: actions=6, questions=6, expected_questions_per_action=1.0000
place_can_bin: actions=1, questions=1, expected_questions_per_action=1.0000
place_gw_bin: actions=1, questions=1, expected_questions_per_action=1.0000
place_paper_bin: actions=2, questions=2, expected_questions_per_action=1.0000
=============Log File=============
/home/changmin/PyProject/00_BRL-CF/experiments_logs/system_log/e1_threshold/wastesorting/scene_04_step50/ours/oracle/tau_1-0/exp_wastesorting_20260804_093722_867954.txt
