Step: 1
[POMCP] applicable values:
        navigate(brl_robot, dock_station, stem_01): 1.3611562603185432
        navigate(brl_robot, dock_station, stem_02): 1.824061321564826

[POMCP] Selected: navigate(brl_robot, dock_station, stem_02)
[POMCP] Average simulation time:  0.0079
[POMCP] Average select time:  0.0
[Planner] Selected action: navigate(brl_robot, dock_station, stem_02)
[Planner] Observation:  ['located(brl_robot,stem_02)']
    [Feedback] method=ours-random-what, confidence=0.9700, threshold=0.8000, trigger=False
    [Planner] Updated confidence: 0.9699723845338284
    [Belief Diff]
      + add (1): located(brl_robot,stem_02)
      - del (1): located(brl_robot,dock_station)
[TIME] step_total=0.7896s (search=0.7890s, execute=0.0002s, update=0.0002s, interaction=0.0000s, pruning=0.0002s, overhead=0.0001s)
==================

Step: 2
[POMCP] applicable values:
        navigate(brl_robot, stem_02, dock_station): 1.251456762168494
        navigate(brl_robot, stem_02, stem_01): 0.0
        detect(brl_robot, stem_02): 2.006305188806811

[POMCP] Selected: detect(brl_robot, stem_02)
[POMCP] Average simulation time:  0.0085
[POMCP] Average select time:  0.0
[Planner] Selected action: detect(brl_robot, stem_02)
[Planner] Observation:  ['observed(tomato3)', 'observed(tomato4)', 'ripe(tomato3)', 'ripe(tomato4)']
    [Feedback] method=ours-random-what, confidence=0.3242, threshold=0.8000, trigger=True
    [Planner] Current confidence: 0.3242296891693941
    [Query] Q: unripe(tomato2) is True?
    [Query] T: unripe(tomato2)=True?
    [Query] A: False
    [Planner] Reduced 81 --> 54
    [Planner] Current confidence: 0.3571295226232558
    [Query] Q: at(tomato1,stem_02) is True?
    [Query] T: at(tomato1,stem_02)=True?
    [Query] A: False
    [Planner] Reduced 54 --> 18
    [Planner] Current confidence: 0.4926879511956669
    [Query] Q: unripe(tomato4) is True?
    [Query] T: unripe(tomato4)=True?
    [Query] A: False
    [Planner] Reduced 18 --> 12
    [Planner] Current confidence: 0.6000383027603138
    [Query] Q: unripe(tomato3) is True?
    [Query] T: unripe(tomato3)=True?
    [Query] A: False
    [Planner] Reduced 12 --> 8
    [Planner] Current confidence: 0.5966943567251248
    [Query] Q: at(tomato4,stem_02) is True?
    [Query] T: at(tomato4,stem_02)=True?
    [Query] A: True
    [Planner] Reduced 8 --> 4
    [Planner] Current confidence: 0.4814832223634474
    [Query] Q: observed(tomato3) is True?
    [Query] T: observed(tomato3)=True?
    [Query] A: False
    [Planner] Reduced 4 --> 2
    [Planner] Current confidence: 0.0003355381225651488
    [Query] Q: at(tomato2,stem_02) is True?
    [Query] T: at(tomato2,stem_02)=True?
    [Query] A: False
    [Planner] Reduced 2 --> 1
    [Planner] Updated confidence: 1.0
    [Belief Diff]
      + add (3): at(tomato4,stem_02), observed(tomato4), ripe(tomato4)
      - del (0): -
[TIME] step_total=0.8610s (search=0.8509s, execute=0.0005s, update=0.0032s, interaction=0.0057s, pruning=0.0007s, overhead=0.0001s)
==================

Step: 3
[POMCP] applicable values:
        navigate(brl_robot, stem_02, dock_station): 0.0
        navigate(brl_robot, stem_02, stem_01): 0.0
        detect(brl_robot, stem_02): 0.0
        pick(brl_robot, tomato4, stem_02): 5.117396747233852

[POMCP] Selected: pick(brl_robot, tomato4, stem_02)
[POMCP] Average simulation time:  0.0093
[POMCP] Average select time:  0.0
[Planner] Selected action: pick(brl_robot, tomato4, stem_02)
[Planner] Observation:  ['holding(brl_robot,tomato4)', 'holded(tomato4,brl_robot)']
    [Feedback] method=ours-random-what, confidence=0.9986, threshold=0.8000, trigger=False
    [Planner] Updated confidence: 0.9986123526456225
    [Belief Diff]
      + add (2): holding(brl_robot,tomato4), holded(tomato4,brl_robot)
      - del (2): handempty(brl_robot), at(tomato4,stem_02)
[TIME] step_total=0.9258s (search=0.9253s, execute=0.0002s, update=0.0001s, interaction=0.0000s, pruning=0.0001s, overhead=0.0001s)
==================

Step: 4
[POMCP] applicable values:
        scan(brl_robot, tomato4): 5.827423513197083
        place(brl_robot, tomato4): 0.0
        discard(brl_robot, tomato4): 0.0

[POMCP] Selected: scan(brl_robot, tomato4)
[POMCP] Average simulation time:  0.0101
[POMCP] Average select time:  0.0
[Planner] Selected action: scan(brl_robot, tomato4)
[Planner] Observation:  ['ripe(tomato4)']
    [Feedback] method=ours-random-what, confidence=0.6117, threshold=0.8000, trigger=True
    [Planner] Current confidence: 0.6117428940298151
    [Query] Q: ripe(tomato4) is True?
    [Query] T: ripe(tomato4)=True?
    [Query] A: True
    [Planner] Reduced 2 --> 1
    [Planner] Updated confidence: 1.0
    [Belief Diff]
      + add (1): scanned(tomato4)
      - del (0): -
[TIME] step_total=1.0079s (search=1.0068s, execute=0.0001s, update=0.0001s, interaction=0.0001s, pruning=0.0006s, overhead=0.0001s)
==================

Step: 5
[POMCP] applicable values:
        scan(brl_robot, tomato4): 4.670833333333333
        place(brl_robot, tomato4): 6.766906742334914
        discard(brl_robot, tomato4): 0.0

[POMCP] Selected: place(brl_robot, tomato4)
[POMCP] Average simulation time:  0.011
[POMCP] Average select time:  0.0
[Planner] Selected action: place(brl_robot, tomato4)
[Planner] Observation:  ['loaded(tomato4,brl_robot)', 'handempty(brl_robot)']
    [Feedback] method=ours-random-what, confidence=0.9996, threshold=0.8000, trigger=False
    [Planner] Updated confidence: 0.999611535508328
    [Belief Diff]
      + add (2): loaded(tomato4,brl_robot), handempty(brl_robot)
      - del (2): holded(tomato4,brl_robot), holding(brl_robot,tomato4)
[TIME] step_total=1.0979s (search=1.0975s, execute=0.0002s, update=0.0001s, interaction=0.0000s, pruning=0.0001s, overhead=0.0001s)
==================

Step: 6
[POMCP] applicable values:
        navigate(brl_robot, stem_02, dock_station): 0.5336898184797623
        navigate(brl_robot, stem_02, stem_01): 0.0
        detect(brl_robot, stem_02): 2.562238305600139

[POMCP] Selected: detect(brl_robot, stem_02)
[POMCP] Average simulation time:  0.0117
[POMCP] Average select time:  0.0
[Planner] Selected action: detect(brl_robot, stem_02)
[Planner] Observation:  ['observed(tomato3)', 'ripe(tomato3)']
    [Feedback] method=ours-random-what, confidence=0.1757, threshold=0.8000, trigger=True
    [Planner] Current confidence: 0.17571903690958335
    [Query] Q: ripe(tomato3) is True?
    [Query] T: ripe(tomato3)=True?
    [Query] A: True
    [Planner] Reduced 27 --> 9
    [Planner] Current confidence: 0.00021454414913757436
    [Query] Q: unripe(tomato1) is True?
    [Query] T: unripe(tomato1)=True?
    [Query] A: False
    [Planner] Reduced 9 --> 6
    [Planner] Current confidence: 0.00025856069154661654
    [Query] Q: at(tomato1,stem_02) is True?
    [Query] T: at(tomato1,stem_02)=True?
    [Query] A: False
    [Planner] Reduced 6 --> 3
    [Planner] Current confidence: 0.00020089199550132886
    [Query] Q: observed(tomato2) is True?
    [Query] T: observed(tomato2)=True?
    [Query] A: False
    [Planner] Reduced 3 --> 1
    [Planner] Updated confidence: 1.0
    [Belief Diff]
      + add (3): at(tomato3,stem_02), observed(tomato3), ripe(tomato3)
      - del (0): -
[TIME] step_total=1.1777s (search=1.1689s, execute=0.0034s, update=0.0029s, interaction=0.0012s, pruning=0.0011s, overhead=0.0001s)
==================

Step: 7
[POMCP] applicable values:
        navigate(brl_robot, stem_02, dock_station): 1.720658049983106
        navigate(brl_robot, stem_02, stem_01): 0.0
        detect(brl_robot, stem_02): 1.887503280224538
        pick(brl_robot, tomato3, stem_02): 0.0

[POMCP] Selected: detect(brl_robot, stem_02)
[POMCP] Average simulation time:  0.0114
[POMCP] Average select time:  0.0
[Planner] Selected action: detect(brl_robot, stem_02)
[Planner] Observation:  ['observed(tomato3)', 'ripe(tomato3)']
    [Feedback] method=ours-random-what, confidence=0.1728, threshold=0.8000, trigger=True
    [Planner] Current confidence: 0.17279837547104138
    [Query] Q: ripe(tomato3) is True?
    [Query] T: ripe(tomato3)=True?
    [Query] A: True
    [Planner] Reduced 18 --> 9
    [Planner] Current confidence: 0.00021454414913757436
    [Query] Q: at(tomato1,stem_02) is True?
    [Query] T: at(tomato1,stem_02)=True?
    [Query] A: False
    [Planner] Reduced 9 --> 3
    [Planner] Current confidence: 0.00020089199550132886
    [Query] Q: at(tomato2,stem_02) is True?
    [Query] T: at(tomato2,stem_02)=True?
    [Query] A: False
    [Planner] Reduced 3 --> 1
    [Planner] Updated confidence: 1.0
    [Belief Diff]
      + add (0): -
      - del (0): -
[TIME] step_total=1.1494s (search=1.1427s, execute=0.0025s, update=0.0027s, interaction=0.0009s, pruning=0.0005s, overhead=0.0001s)
==================

Step: 8
[POMCP] applicable values:
        navigate(brl_robot, stem_02, dock_station): 0.8729216201171873
        navigate(brl_robot, stem_02, stem_01): 1.6823094850443303
        detect(brl_robot, stem_02): 0.0
        pick(brl_robot, tomato3, stem_02): 3.7907551283760013

[POMCP] Selected: pick(brl_robot, tomato3, stem_02)
[POMCP] Average simulation time:  0.0103
[POMCP] Average select time:  0.0
[Planner] Selected action: pick(brl_robot, tomato3, stem_02)
[Planner] Observation:  ['holding(brl_robot,tomato3)', 'holded(tomato3,brl_robot)']
    [Feedback] method=ours-random-what, confidence=0.9939, threshold=0.8000, trigger=False
    [Planner] Updated confidence: 0.9938829876019731
    [Belief Diff]
      + add (2): holding(brl_robot,tomato3), holded(tomato3,brl_robot)
      - del (2): at(tomato3,stem_02), handempty(brl_robot)
[TIME] step_total=1.0279s (search=1.0271s, execute=0.0002s, update=0.0001s, interaction=0.0000s, pruning=0.0005s, overhead=0.0001s)
==================

Step: 9
[POMCP] applicable values:
        scan(brl_robot, tomato3): 5.330922137794286
        place(brl_robot, tomato3): 0.0
        discard(brl_robot, tomato3): 0.0

[POMCP] Selected: scan(brl_robot, tomato3)
[POMCP] Average simulation time:  0.0101
[POMCP] Average select time:  0.0
[Planner] Selected action: scan(brl_robot, tomato3)
[Planner] Observation:  ['ripe(tomato3)']
    [Feedback] method=ours-random-what, confidence=0.6806, threshold=0.8000, trigger=True
    [Planner] Current confidence: 0.6805748867712361
    [Query] Q: rotten(tomato3) is True?
    [Query] T: rotten(tomato3)=True?
    [Query] A: False
    [Planner] Reduced 2 --> 1
    [Planner] Updated confidence: 1.0
    [Belief Diff]
      + add (1): scanned(tomato3)
      - del (0): -
[TIME] step_total=1.0116s (search=1.0101s, execute=0.0003s, update=0.0002s, interaction=0.0003s, pruning=0.0007s, overhead=0.0001s)
==================

Step: 10
[POMCP] applicable values:
        scan(brl_robot, tomato3): 0.0
        place(brl_robot, tomato3): 5.817039933255915
        discard(brl_robot, tomato3): 1.8377297265624999

[POMCP] Selected: place(brl_robot, tomato3)
[POMCP] Average simulation time:  0.0111
[POMCP] Average select time:  0.0
[Planner] Selected action: place(brl_robot, tomato3)
[Planner] Observation:  ['loaded(tomato3,brl_robot)', 'handempty(brl_robot)']
    [Feedback] method=ours-random-what, confidence=0.9992, threshold=0.8000, trigger=False
    [Planner] Updated confidence: 0.9991657261131476
    [Belief Diff]
      + add (2): loaded(tomato3,brl_robot), handempty(brl_robot)
      - del (2): holding(brl_robot,tomato3), holded(tomato3,brl_robot)
[TIME] step_total=1.1068s (search=1.1063s, execute=0.0002s, update=0.0001s, interaction=0.0000s, pruning=0.0001s, overhead=0.0001s)
==================

Step: 11
[POMCP] applicable values:
        navigate(brl_robot, stem_02, dock_station): 0.924465339083396
        navigate(brl_robot, stem_02, stem_01): 0.4386253814523293
        detect(brl_robot, stem_02): 0.2206746213656768

[POMCP] Selected: navigate(brl_robot, stem_02, dock_station)
[POMCP] Average simulation time:  0.0113
[POMCP] Average select time:  0.0
[Planner] Selected action: navigate(brl_robot, stem_02, dock_station)
[Planner] Observation:  ['located(brl_robot,dock_station)']
    [Feedback] method=ours-random-what, confidence=0.9574, threshold=0.8000, trigger=False
    [Planner] Updated confidence: 0.9574290802693696
    [Belief Diff]
      + add (1): located(brl_robot,dock_station)
      - del (1): located(brl_robot,stem_02)
[TIME] step_total=1.1294s (search=1.1286s, execute=0.0002s, update=0.0001s, interaction=0.0000s, pruning=0.0004s, overhead=0.0001s)
==================

Step: 12
[POMCP] applicable values:
        navigate(brl_robot, dock_station, stem_01): 1.1369373554063193
        navigate(brl_robot, dock_station, stem_02): 0.7268458551047292

[POMCP] Selected: navigate(brl_robot, dock_station, stem_01)
[POMCP] Average simulation time:  0.0121
[POMCP] Average select time:  0.0
[Planner] Selected action: navigate(brl_robot, dock_station, stem_01)
[Planner] Observation:  ['located(brl_robot,stem_01)']
    [Feedback] method=ours-random-what, confidence=0.9649, threshold=0.8000, trigger=False
    [Planner] Updated confidence: 0.9648769453336636
    [Belief Diff]
      + add (1): located(brl_robot,stem_01)
      - del (1): located(brl_robot,dock_station)
[TIME] step_total=1.2116s (search=1.2107s, execute=0.0002s, update=0.0001s, interaction=0.0000s, pruning=0.0004s, overhead=0.0001s)
==================

Step: 13
[POMCP] applicable values:
        navigate(brl_robot, stem_01, dock_station): 0.36677222387647107
        navigate(brl_robot, stem_01, stem_02): 0.7605212965870826
        detect(brl_robot, stem_01): 1.8551368110983375

[POMCP] Selected: detect(brl_robot, stem_01)
[POMCP] Average simulation time:  0.012
[POMCP] Average select time:  0.0
[Planner] Selected action: detect(brl_robot, stem_01)
[Planner] Observation:  ['observed(tomato1)', 'observed(tomato2)', 'unripe(tomato1)', 'unripe(tomato2)']
    [Feedback] method=ours-random-what, confidence=0.5071, threshold=0.8000, trigger=True
    [Planner] Current confidence: 0.5071470330647339
    [Query] Q: ripe(tomato2) is True?
    [Query] T: ripe(tomato2)=True?
    [Query] A: False
    [Planner] Reduced 9 --> 6
    [Planner] Current confidence: 0.522566375503285
    [Query] Q: unripe(tomato2) is True?
    [Query] T: unripe(tomato2)=True?
    [Query] A: True
    [Planner] Reduced 6 --> 3
    [Planner] Current confidence: 0.25860171399981324
    [Query] Q: observed(tomato1) is True?
    [Query] T: observed(tomato1)=True?
    [Query] A: False
    [Planner] Reduced 3 --> 1
    [Planner] Updated confidence: 1.0
    [Belief Diff]
      + add (3): at(tomato2,stem_01), observed(tomato2), unripe(tomato2)
      - del (0): -
[TIME] step_total=1.2090s (search=1.2020s, execute=0.0024s, update=0.0023s, interaction=0.0006s, pruning=0.0017s, overhead=0.0001s)
==================

Step: 14
[POMCP] applicable values:
        navigate(brl_robot, stem_01, dock_station): 0.34056162628811476
        navigate(brl_robot, stem_01, stem_02): 1.0750400123430497
        detect(brl_robot, stem_01): 1.0202038997634424

[POMCP] Selected: navigate(brl_robot, stem_01, stem_02)
[POMCP] Average simulation time:  0.0111
[POMCP] Average select time:  0.0
[Planner] Selected action: navigate(brl_robot, stem_01, stem_02)
[Planner] Observation:  ['located(brl_robot,stem_02)']
    [Feedback] method=ours-random-what, confidence=0.9525, threshold=0.8000, trigger=False
    [Planner] Updated confidence: 0.9524851913096638
    [Belief Diff]
      + add (1): located(brl_robot,stem_02)
      - del (1): located(brl_robot,stem_01)
[TIME] step_total=1.1081s (search=1.1073s, execute=0.0002s, update=0.0001s, interaction=0.0000s, pruning=0.0003s, overhead=0.0001s)
==================

Step: 15
[POMCP] applicable values:
        navigate(brl_robot, stem_02, dock_station): 0.4700893897355953
        navigate(brl_robot, stem_02, stem_01): 1.3124148088856336
        detect(brl_robot, stem_02): 0.9364897612979115

[POMCP] Selected: navigate(brl_robot, stem_02, stem_01)
[POMCP] Average simulation time:  0.0116
[POMCP] Average select time:  0.0
[Planner] Selected action: navigate(brl_robot, stem_02, stem_01)
[Planner] Observation:  ['located(brl_robot,stem_01)']
    [Feedback] method=ours-random-what, confidence=0.9615, threshold=0.8000, trigger=False
    [Planner] Updated confidence: 0.9614575499129687
    [Belief Diff]
      + add (1): located(brl_robot,stem_01)
      - del (1): located(brl_robot,stem_02)
[TIME] step_total=1.1568s (search=1.1558s, execute=0.0002s, update=0.0001s, interaction=0.0000s, pruning=0.0005s, overhead=0.0001s)
==================

Step: 16
[POMCP] applicable values:
        navigate(brl_robot, stem_01, dock_station): 0.35848592240854193
        navigate(brl_robot, stem_01, stem_02): 0.7093277194477295
        detect(brl_robot, stem_01): 2.060224175319985

[POMCP] Selected: detect(brl_robot, stem_01)
[POMCP] Average simulation time:  0.0129
[POMCP] Average select time:  0.0
[Planner] Selected action: detect(brl_robot, stem_01)
[Planner] Observation:  ['observed(tomato1)', 'observed(tomato2)', 'ripe(tomato1)', 'unripe(tomato2)']
    [Feedback] method=ours-random-what, confidence=0.4791, threshold=0.8000, trigger=True
    [Planner] Current confidence: 0.4791133469733776
    [Query] Q: unripe(tomato2) is True?
    [Query] T: unripe(tomato2)=True?
    [Query] A: True
    [Planner] Reduced 6 --> 3
    [Planner] Current confidence: 0.6315197289822277
    [Query] Q: observed(tomato1) is True?
    [Query] T: observed(tomato1)=True?
    [Query] A: False
    [Planner] Reduced 3 --> 1
    [Planner] Updated confidence: 1.0
    [Belief Diff]
      + add (0): -
      - del (0): -
[TIME] step_total=1.3007s (search=1.2947s, execute=0.0023s, update=0.0022s, interaction=0.0004s, pruning=0.0009s, overhead=0.0001s)
==================

Step: 17
[POMCP] applicable values:
        navigate(brl_robot, stem_01, dock_station): 0.0
        navigate(brl_robot, stem_01, stem_02): 0.9626221779030775
        detect(brl_robot, stem_01): 0.0

[POMCP] Selected: navigate(brl_robot, stem_01, stem_02)
[POMCP] Average simulation time:  0.0115
[POMCP] Average select time:  0.0
[Planner] Selected action: navigate(brl_robot, stem_01, stem_02)
[Planner] Observation:  ['located(brl_robot,stem_02)']
    [Feedback] method=ours-random-what, confidence=0.9478, threshold=0.8000, trigger=False
    [Planner] Updated confidence: 0.9477672011065313
    [Belief Diff]
      + add (1): located(brl_robot,stem_02)
      - del (1): located(brl_robot,stem_01)
[TIME] step_total=1.1507s (search=1.1501s, execute=0.0002s, update=0.0001s, interaction=0.0000s, pruning=0.0002s, overhead=0.0001s)
==================

Step: 18
[POMCP] applicable values:
        navigate(brl_robot, stem_02, dock_station): 0.0
        navigate(brl_robot, stem_02, stem_01): 0.7780829994361184
        detect(brl_robot, stem_02): 2.3697749431821227

[POMCP] Selected: detect(brl_robot, stem_02)
[POMCP] Average simulation time:  0.0115
[POMCP] Average select time:  0.0
[Planner] Selected action: detect(brl_robot, stem_02)
[Planner] Observation:  []
    [Feedback] method=ours-random-what, confidence=0.0002, threshold=0.8000, trigger=True
    [Planner] Current confidence: 0.00021454414913757436
    [Query] Q: at(tomato2,stem_02) is True?
    [Query] T: at(tomato2,stem_02)=True?
    [Query] A: False
    [Planner] Reduced 9 --> 3
    [Planner] Current confidence: 0.00020089199550132886
    [Query] Q: observed(tomato1) is True?
    [Query] T: observed(tomato1)=True?
    [Query] A: False
    [Planner] Reduced 3 --> 1
    [Planner] Updated confidence: 1.0
    [Belief Diff]
      + add (0): -
      - del (0): -
[TIME] step_total=1.1539s (search=1.1472s, execute=0.0028s, update=0.0023s, interaction=0.0005s, pruning=0.0010s, overhead=0.0001s)
==================

Step: 19
[POMCP] applicable values:
        navigate(brl_robot, stem_02, dock_station): 0.5677060228152548
        navigate(brl_robot, stem_02, stem_01): 0.0
        detect(brl_robot, stem_02): 1.8866604718992208

[POMCP] Selected: detect(brl_robot, stem_02)
[POMCP] Average simulation time:  0.0121
[POMCP] Average select time:  0.0
[Planner] Selected action: detect(brl_robot, stem_02)
[Planner] Observation:  []
    [Feedback] method=ours-random-what, confidence=0.0002, threshold=0.8000, trigger=True
    [Planner] Current confidence: 0.00021454414913757436
    [Query] Q: at(tomato1,stem_02) is True?
    [Query] T: at(tomato1,stem_02)=True?
    [Query] A: False
    [Planner] Reduced 9 --> 3
    [Planner] Current confidence: 0.00020089199550132886
    [Query] Q: ripe(tomato2) is True?
    [Query] T: ripe(tomato2)=True?
    [Query] A: False
    [Planner] Reduced 3 --> 2
    [Planner] Current confidence: 0.00033553812256537086
    [Query] Q: at(tomato2,stem_02) is True?
    [Query] T: at(tomato2,stem_02)=True?
    [Query] A: False
    [Planner] Reduced 2 --> 1
    [Planner] Updated confidence: 1.0
    [Belief Diff]
      + add (0): -
      - del (0): -
[TIME] step_total=1.2171s (search=1.2109s, execute=0.0027s, update=0.0023s, interaction=0.0006s, pruning=0.0006s, overhead=0.0001s)
==================

Step: 20
[POMCP] applicable values:
        navigate(brl_robot, stem_02, dock_station): 0.5284846975230874
        navigate(brl_robot, stem_02, stem_01): 1.0602101857255604
        detect(brl_robot, stem_02): 0.0

[POMCP] Selected: navigate(brl_robot, stem_02, stem_01)
[POMCP] Average simulation time:  0.0103
[POMCP] Average select time:  0.0
[Planner] Selected action: navigate(brl_robot, stem_02, stem_01)
[Planner] Observation:  ['located(brl_robot,stem_01)']
    [Feedback] method=ours-random-what, confidence=0.9467, threshold=0.8000, trigger=False
    [Planner] Updated confidence: 0.9467017702665442
    [Belief Diff]
      + add (1): located(brl_robot,stem_01)
      - del (1): located(brl_robot,stem_02)
[TIME] step_total=1.0352s (search=1.0345s, execute=0.0002s, update=0.0002s, interaction=0.0000s, pruning=0.0002s, overhead=0.0001s)
==================

Step: 21
[POMCP] applicable values:
        navigate(brl_robot, stem_01, dock_station): 0.7585229446386715
        navigate(brl_robot, stem_01, stem_02): 0.9670672066284107
        detect(brl_robot, stem_01): 1.9393485854895514

[POMCP] Selected: detect(brl_robot, stem_01)
[POMCP] Average simulation time:  0.0128
[POMCP] Average select time:  0.0
[Planner] Selected action: detect(brl_robot, stem_01)
[Planner] Observation:  ['observed(tomato1)', 'observed(tomato2)', 'ripe(tomato1)', 'ripe(tomato2)']
    [Feedback] method=ours-random-what, confidence=0.2918, threshold=0.8000, trigger=True
    [Planner] Current confidence: 0.29184475395635956
    [Query] Q: unripe(tomato1) is True?
    [Query] T: unripe(tomato1)=True?
    [Query] A: False
    [Planner] Reduced 6 --> 4
    [Planner] Current confidence: 0.42595738605202793
    [Query] Q: ripe(tomato1) is True?
    [Query] T: ripe(tomato1)=True?
    [Query] A: True
    [Planner] Reduced 4 --> 2
    [Planner] Current confidence: 0.025234485667326334
    [Query] Q: unripe(tomato2) is True?
    [Query] T: unripe(tomato2)=True?
    [Query] A: True
    [Planner] Reduced 2 --> 1
    [Planner] Updated confidence: 1.0
    [Belief Diff]
      + add (3): at(tomato1,stem_01), observed(tomato1), ripe(tomato1)
      - del (0): -
[TIME] step_total=1.2905s (search=1.2844s, execute=0.0025s, update=0.0023s, interaction=0.0005s, pruning=0.0007s, overhead=0.0001s)
==================

Step: 22
[POMCP] applicable values:
        navigate(brl_robot, stem_01, dock_station): 1.1375663388485455
        navigate(brl_robot, stem_01, stem_02): 1.192695173660205
        detect(brl_robot, stem_01): 1.1767753039458884
        pick(brl_robot, tomato1, stem_01): 0.0

[POMCP] Selected: navigate(brl_robot, stem_01, stem_02)
[POMCP] Average simulation time:  0.0112
[POMCP] Average select time:  0.0
[Planner] Selected action: navigate(brl_robot, stem_01, stem_02)
[Planner] Observation:  ['located(brl_robot,stem_02)']
    [Feedback] method=ours-random-what, confidence=0.9433, threshold=0.8000, trigger=False
    [Planner] Updated confidence: 0.9433256023730132
    [Belief Diff]
      + add (1): located(brl_robot,stem_02)
      - del (1): located(brl_robot,stem_01)
[TIME] step_total=1.1248s (search=1.1238s, execute=0.0002s, update=0.0001s, interaction=0.0000s, pruning=0.0005s, overhead=0.0001s)
==================

Step: 23
[POMCP] applicable values:
        navigate(brl_robot, stem_02, dock_station): 1.0312408821760095
        navigate(brl_robot, stem_02, stem_01): 0.0
        detect(brl_robot, stem_02): 1.6944062330306087

[POMCP] Selected: detect(brl_robot, stem_02)
[POMCP] Average simulation time:  0.0122
[POMCP] Average select time:  0.0
[Planner] Selected action: detect(brl_robot, stem_02)
[Planner] Observation:  []
    [Feedback] method=ours-random-what, confidence=0.0002, threshold=0.8000, trigger=True
    [Planner] Current confidence: 0.00021454414913757436
    [Query] Q: ripe(tomato1) is True?
    [Query] T: ripe(tomato1)=True?
    [Query] A: False
    [Planner] Reduced 9 --> 3
    [Planner] Current confidence: 0.00020089199550132886
    [Query] Q: unripe(tomato2) is True?
    [Query] T: unripe(tomato2)=True?
    [Query] A: False
    [Planner] Reduced 3 --> 1
    [Planner] Updated confidence: 1.0
    [Belief Diff]
      + add (4): at(tomato1,stem_02), at(tomato2,stem_02), ripe(tomato2), unripe(tomato1)
      - del (2): unripe(tomato2), ripe(tomato1)
[TIME] step_total=1.2270s (search=1.2208s, execute=0.0028s, update=0.0023s, interaction=0.0005s, pruning=0.0006s, overhead=0.0001s)
==================

Step: 24
[POMCP] applicable values:
        navigate(brl_robot, stem_02, dock_station): 0.0
        navigate(brl_robot, stem_02, stem_01): 1.9344523437499999
        detect(brl_robot, stem_02): 1.8128065080281552
        pick(brl_robot, tomato2, stem_02): 5.008428662892618

[POMCP] Selected: pick(brl_robot, tomato2, stem_02)
[POMCP] Average simulation time:  0.0098
[POMCP] Average select time:  0.0
[Planner] Selected action: pick(brl_robot, tomato2, stem_02)
[Planner] Observation:  ['holding(brl_robot,tomato2)', 'holded(tomato2,brl_robot)']
    [Feedback] method=ours-random-what, confidence=0.9998, threshold=0.8000, trigger=False
    [Planner] Updated confidence: 0.9998314414632603
    [Belief Diff]
      + add (2): holding(brl_robot,tomato2), holded(tomato2,brl_robot)
      - del (2): at(tomato2,stem_02), handempty(brl_robot)
[TIME] step_total=0.9761s (search=0.9757s, execute=0.0002s, update=0.0001s, interaction=0.0000s, pruning=0.0000s, overhead=0.0001s)
[TIME SUMMARY]
avg search: 1.0988s
avg execute: 0.0010s
avg update: 0.0010s
avg interaction: 0.0005s
avg pruning: 0.0005s
avg step wall: 1.1019s
total wall clock: 26.4467s
=============Action Log=============
[STEP 1]: navigate(brl_robot, dock_station, stem_02)
[STEP 2]: detect(brl_robot, stem_02)
[STEP 3]: pick(brl_robot, tomato4, stem_02)
[STEP 4]: scan(brl_robot, tomato4)
[STEP 5]: place(brl_robot, tomato4)
[STEP 6]: detect(brl_robot, stem_02)
[STEP 7]: detect(brl_robot, stem_02)
[STEP 8]: pick(brl_robot, tomato3, stem_02)
[STEP 9]: scan(brl_robot, tomato3)
[STEP 10]: place(brl_robot, tomato3)
[STEP 11]: navigate(brl_robot, stem_02, dock_station)
[STEP 12]: navigate(brl_robot, dock_station, stem_01)
[STEP 13]: detect(brl_robot, stem_01)
[STEP 14]: navigate(brl_robot, stem_01, stem_02)
[STEP 15]: navigate(brl_robot, stem_02, stem_01)
[STEP 16]: detect(brl_robot, stem_01)
[STEP 17]: navigate(brl_robot, stem_01, stem_02)
[STEP 18]: detect(brl_robot, stem_02)
[STEP 19]: detect(brl_robot, stem_02)
[STEP 20]: navigate(brl_robot, stem_02, stem_01)
[STEP 21]: detect(brl_robot, stem_01)
[STEP 22]: navigate(brl_robot, stem_01, stem_02)
[STEP 23]: detect(brl_robot, stem_02)
[STEP 24]: pick(brl_robot, tomato2, stem_02)
=============Final Knowledge=============
at(tomato1,stem_01)
at(tomato1,stem_02)
at(tomato2,stem_01)
holded(tomato2,brl_robot)
holding(brl_robot,tomato2)
loaded(tomato3,brl_robot)
loaded(tomato4,brl_robot)
located(brl_robot,stem_02)
location(dock_station)
location(stem_01)
location(stem_02)
observed(tomato1)
observed(tomato2)
observed(tomato3)
observed(tomato4)
ripe(tomato2)
ripe(tomato3)
ripe(tomato4)
robot(brl_robot)
scanned(tomato3)
scanned(tomato4)
stem(stem_01)
stem(stem_02)
tomato(tomato1)
tomato(tomato2)
tomato(tomato3)
tomato(tomato4)
unripe(tomato1)
=============Query=============
Total Query 31
=============Action Schema Summary=============
detect: actions=9, questions=29, expected_questions_per_action=3.2222
navigate: actions=8, questions=0, expected_questions_per_action=0.0000
pick: actions=3, questions=0, expected_questions_per_action=0.0000
place: actions=2, questions=0, expected_questions_per_action=0.0000
scan: actions=2, questions=2, expected_questions_per_action=1.0000
=============Log File=============
/home/changmin/PyProject/00_BRL-CF/experiments_logs/system_log/e2_ablation/tomato/scene_05_step50/ours-random-what/oracle/exp_tomato_20260804_144920_964901.txt
