Step: 1
[POMCP] applicable values:
        navigate(brl_robot, dock_station, stem_01): 1.7270288007576058
        navigate(brl_robot, dock_station, stem_02): 0.28372451318444153

[POMCP] Selected: navigate(brl_robot, dock_station, stem_01)
[POMCP] Average simulation time:  0.0081
[POMCP] Average select time:  0.0
[Planner] Selected action: navigate(brl_robot, dock_station, stem_01)
[Planner] Observation:  ['located(brl_robot,stem_01)']
    [Feedback] method=ours, confidence=0.9599, threshold=0.3000, trigger=False
    [Planner] Updated confidence: 0.9599186658173811
    [Belief Diff]
      + add (1): located(brl_robot,stem_01)
      - del (1): located(brl_robot,dock_station)
[TIME] step_total=0.8110s (search=0.8105s, execute=0.0001s, update=0.0001s, interaction=0.0000s, pruning=0.0001s, overhead=0.0001s)
==================

Step: 2
[POMCP] applicable values:
        navigate(brl_robot, stem_01, dock_station): 0.0
        navigate(brl_robot, stem_01, stem_02): 0.0
        detect(brl_robot, stem_01): 1.825324695562941

[POMCP] Selected: detect(brl_robot, stem_01)
[POMCP] Average simulation time:  0.0085
[POMCP] Average select time:  0.0
[Planner] Selected action: detect(brl_robot, stem_01)
[Planner] Observation:  ['observed(tomato1)', 'observed(tomato2)', 'ripe(tomato1)', 'unripe(tomato2)']
    [Feedback] method=ours, confidence=0.2959, threshold=0.3000, trigger=True
    [Planner] Current confidence: 0.2959433416294972
    [Query] Q: at(tomato3,stem_01) is True?
    [Query] T: at(tomato3,stem_01)=True?
    [Query] A: False
    [Planner] Reduced 81 --> 27
    [Planner] Updated confidence: 0.39437570665429134
    [Belief Diff]
      + add (6): at(tomato1,stem_01), at(tomato2,stem_01), observed(tomato1), observed(tomato2), ripe(tomato1), unripe(tomato2)
      - del (0): -
[TIME] step_total=0.8562s (search=0.8471s, execute=0.0005s, update=0.0036s, interaction=0.0043s, pruning=0.0006s, overhead=0.0001s)
==================

Step: 3
[POMCP] applicable values:
        navigate(brl_robot, stem_01, dock_station): 0.0
        navigate(brl_robot, stem_01, stem_02): 0.0
        detect(brl_robot, stem_01): 0.0
        pick(brl_robot, tomato1, stem_01): 5.050289959373113

[POMCP] Selected: pick(brl_robot, tomato1, stem_01)
[POMCP] Average simulation time:  0.0107
[POMCP] Average select time:  0.0
[Planner] Selected action: pick(brl_robot, tomato1, stem_01)
[Planner] Observation:  ['holding(brl_robot,tomato1)', 'holded(tomato1,brl_robot)']
    [Feedback] method=ours, confidence=0.9933, threshold=0.3000, trigger=False
    [Planner] Updated confidence: 0.993317694306615
    [Belief Diff]
      + add (2): holding(brl_robot,tomato1), holded(tomato1,brl_robot)
      - del (2): handempty(brl_robot), at(tomato1,stem_01)
[TIME] step_total=1.0720s (search=1.0716s, execute=0.0001s, update=0.0001s, interaction=0.0000s, pruning=0.0001s, overhead=0.0001s)
==================

Step: 4
[POMCP] applicable values:
        scan(brl_robot, tomato1): 5.798311492139233
        place(brl_robot, tomato1): 2.4673010687390926
        discard(brl_robot, tomato1): 0.0

[POMCP] Selected: scan(brl_robot, tomato1)
[POMCP] Average simulation time:  0.0107
[POMCP] Average select time:  0.0
[Planner] Selected action: scan(brl_robot, tomato1)
[Planner] Observation:  ['ripe(tomato1)']
    [Feedback] method=ours, confidence=0.7313, threshold=0.3000, trigger=False
    [Planner] Updated confidence: 0.7313105754391329
    [Belief Diff]
      + add (1): scanned(tomato1)
      - del (0): -
[TIME] step_total=1.0744s (search=1.0736s, execute=0.0001s, update=0.0001s, interaction=0.0000s, pruning=0.0005s, overhead=0.0001s)
==================

Step: 5
[POMCP] applicable values:
        scan(brl_robot, tomato1): 4.399687500000001
        place(brl_robot, tomato1): 6.8480527771560835
        discard(brl_robot, tomato1): 1.986071592291091

[POMCP] Selected: place(brl_robot, tomato1)
[POMCP] Average simulation time:  0.0105
[POMCP] Average select time:  0.0
[Planner] Selected action: place(brl_robot, tomato1)
[Planner] Observation:  ['loaded(tomato1,brl_robot)', 'handempty(brl_robot)']
    [Feedback] method=ours, confidence=0.9985, threshold=0.3000, trigger=False
    [Planner] Updated confidence: 0.9984732456014301
    [Belief Diff]
      + add (2): loaded(tomato1,brl_robot), handempty(brl_robot)
      - del (2): holded(tomato1,brl_robot), holding(brl_robot,tomato1)
[TIME] step_total=1.0499s (search=1.0495s, execute=0.0002s, update=0.0001s, interaction=0.0000s, pruning=0.0001s, overhead=0.0001s)
==================

Step: 6
[POMCP] applicable values:
        navigate(brl_robot, stem_01, dock_station): 0.0
        navigate(brl_robot, stem_01, stem_02): 0.0
        detect(brl_robot, stem_01): 2.3320642068702546

[POMCP] Selected: detect(brl_robot, stem_01)
[POMCP] Average simulation time:  0.0115
[POMCP] Average select time:  0.0
[Planner] Selected action: detect(brl_robot, stem_01)
[Planner] Observation:  ['observed(tomato2)', 'unripe(tomato2)']
    [Feedback] method=ours, confidence=0.1198, threshold=0.3000, trigger=True
    [Planner] Current confidence: 0.11977763504575523
    [Query] Q: at(tomato4,stem_01) is True?
    [Query] T: at(tomato4,stem_01)=True?
    [Query] A: False
    [Planner] Reduced 18 --> 6
    [Planner] Current confidence: 0.19304556961065544
    [Query] Q: at(tomato3,stem_01) is True?
    [Query] T: at(tomato3,stem_01)=True?
    [Query] A: False
    [Planner] Reduced 6 --> 2
    [Planner] Updated confidence: 0.498682730368307
    [Belief Diff]
      + add (0): -
      - del (0): -
[TIME] step_total=1.1559s (search=1.1483s, execute=0.0026s, update=0.0028s, interaction=0.0010s, pruning=0.0012s, overhead=0.0001s)
==================

Step: 7
[POMCP] applicable values:
        navigate(brl_robot, stem_01, dock_station): 1.6466199532075863
        navigate(brl_robot, stem_01, stem_02): 0.8978633201861403
        detect(brl_robot, stem_01): 0.6824353254484535

[POMCP] Selected: navigate(brl_robot, stem_01, dock_station)
[POMCP] Average simulation time:  0.0105
[POMCP] Average select time:  0.0
[Planner] Selected action: navigate(brl_robot, stem_01, dock_station)
[Planner] Observation:  ['located(brl_robot,dock_station)']
    [Feedback] method=ours, confidence=0.9709, threshold=0.3000, trigger=False
    [Planner] Updated confidence: 0.9708963841380264
    [Belief Diff]
      + add (1): located(brl_robot,dock_station)
      - del (1): located(brl_robot,stem_01)
[TIME] step_total=1.0487s (search=1.0482s, execute=0.0002s, update=0.0001s, interaction=0.0000s, pruning=0.0001s, overhead=0.0001s)
==================

Step: 8
[POMCP] applicable values:
        navigate(brl_robot, dock_station, stem_01): 1.077762930909983
        navigate(brl_robot, dock_station, stem_02): 1.7016185147533447

[POMCP] Selected: navigate(brl_robot, dock_station, stem_02)
[POMCP] Average simulation time:  0.0113
[POMCP] Average select time:  0.0
[Planner] Selected action: navigate(brl_robot, dock_station, stem_02)
[Planner] Observation:  ['located(brl_robot,stem_02)']
    [Feedback] method=ours, confidence=0.9303, threshold=0.3000, trigger=False
    [Planner] Updated confidence: 0.9303390568170927
    [Belief Diff]
      + add (1): located(brl_robot,stem_02)
      - del (1): located(brl_robot,dock_station)
[TIME] step_total=1.1260s (search=1.1254s, execute=0.0002s, update=0.0001s, interaction=0.0000s, pruning=0.0002s, overhead=0.0001s)
==================

Step: 9
[POMCP] applicable values:
        navigate(brl_robot, stem_02, dock_station): 0.6634204312890624
        navigate(brl_robot, stem_02, stem_01): 0.0
        detect(brl_robot, stem_02): 2.113063317438372

[POMCP] Selected: detect(brl_robot, stem_02)
[POMCP] Average simulation time:  0.0115
[POMCP] Average select time:  0.0
[Planner] Selected action: detect(brl_robot, stem_02)
[Planner] Observation:  ['observed(tomato3)', 'observed(tomato4)', 'ripe(tomato4)', 'unripe(tomato3)']
    [Feedback] method=ours, confidence=0.2853, threshold=0.3000, trigger=True
    [Planner] Current confidence: 0.2852885916911265
    [Query] Q: unripe(tomato3) is True?
    [Query] T: unripe(tomato3)=True?
    [Query] A: False
    [Planner] Reduced 27 --> 18
    [Planner] Updated confidence: 0.356266475088036
    [Belief Diff]
      + add (6): at(tomato3,stem_02), at(tomato4,stem_02), observed(tomato3), observed(tomato4), ripe(tomato3), ripe(tomato4)
      - del (0): -
[TIME] step_total=1.1582s (search=1.1508s, execute=0.0024s, update=0.0030s, interaction=0.0010s, pruning=0.0009s, overhead=0.0001s)
==================

Step: 10
[POMCP] applicable values:
        navigate(brl_robot, stem_02, dock_station): 0.0
        navigate(brl_robot, stem_02, stem_01): 0.0
        detect(brl_robot, stem_02): 2.673902797312011
        pick(brl_robot, tomato3, stem_02): 6.099259363939586
        pick(brl_robot, tomato4, stem_02): 0.0

[POMCP] Selected: pick(brl_robot, tomato3, stem_02)
[POMCP] Average simulation time:  0.0091
[POMCP] Average select time:  0.0
[Planner] Selected action: pick(brl_robot, tomato3, stem_02)
[Planner] Observation:  ['holding(brl_robot,tomato3)', 'holded(tomato3,brl_robot)']
    [Feedback] method=ours, confidence=0.9984, threshold=0.3000, trigger=False
    [Planner] Updated confidence: 0.9983756760526054
    [Belief Diff]
      + add (2): holding(brl_robot,tomato3), holded(tomato3,brl_robot)
      - del (2): handempty(brl_robot), at(tomato3,stem_02)
[TIME] step_total=0.9055s (search=0.9051s, execute=0.0002s, update=0.0001s, interaction=0.0000s, pruning=0.0001s, overhead=0.0001s)
==================

Step: 11
[POMCP] applicable values:
        scan(brl_robot, tomato3): 7.163518450927013
        place(brl_robot, tomato3): 2.438374895577648
        discard(brl_robot, tomato3): 1.986071592291091

[POMCP] Selected: scan(brl_robot, tomato3)
[POMCP] Average simulation time:  0.0088
[POMCP] Average select time:  0.0
[Planner] Selected action: scan(brl_robot, tomato3)
[Planner] Observation:  ['rotten(tomato3)']
    [Feedback] method=ours, confidence=0.8497, threshold=0.3000, trigger=False
    [Planner] Updated confidence: 0.8496966218410263
    [Belief Diff]
      + add (2): rotten(tomato3), scanned(tomato3)
      - del (1): ripe(tomato3)
[TIME] step_total=0.8804s (search=0.8795s, execute=0.0001s, update=0.0001s, interaction=0.0000s, pruning=0.0005s, overhead=0.0001s)
==================

Step: 12
[POMCP] applicable values:
        scan(brl_robot, tomato3): 4.120843240234375
        discard(brl_robot, tomato3): 9.267174052954024

[POMCP] Selected: discard(brl_robot, tomato3)
[POMCP] Average simulation time:  0.0093
[POMCP] Average select time:  0.0
[Planner] Selected action: discard(brl_robot, tomato3)
[Planner] Observation:  ['discarded(tomato3)', 'handempty(brl_robot)']
    [Feedback] method=ours, confidence=0.9994, threshold=0.3000, trigger=False
    [Planner] Updated confidence: 0.9994183446515139
    [Belief Diff]
      + add (2): discarded(tomato3), handempty(brl_robot)
      - del (2): holded(tomato3,brl_robot), holding(brl_robot,tomato3)
[TIME] step_total=0.9271s (search=0.9266s, execute=0.0002s, update=0.0001s, interaction=0.0000s, pruning=0.0001s, overhead=0.0001s)
==================

Step: 13
[POMCP] applicable values:
        navigate(brl_robot, stem_02, dock_station): 0.0
        navigate(brl_robot, stem_02, stem_01): 0.0
        detect(brl_robot, stem_02): 0.0
        pick(brl_robot, tomato4, stem_02): 4.75706482169899

[POMCP] Selected: pick(brl_robot, tomato4, stem_02)
[POMCP] Average simulation time:  0.0094
[POMCP] Average select time:  0.0
[Planner] Selected action: pick(brl_robot, tomato4, stem_02)
[Planner] Observation:  ['holding(brl_robot,tomato4)', 'holded(tomato4,brl_robot)']
    [Feedback] method=ours, confidence=0.9984, threshold=0.3000, trigger=False
    [Planner] Updated confidence: 0.998403616259568
    [Belief Diff]
      + add (2): holding(brl_robot,tomato4), holded(tomato4,brl_robot)
      - del (2): handempty(brl_robot), at(tomato4,stem_02)
[TIME] step_total=0.9369s (search=0.9364s, execute=0.0002s, update=0.0001s, interaction=0.0000s, pruning=0.0001s, overhead=0.0001s)
==================

Step: 14
[POMCP] applicable values:
        scan(brl_robot, tomato4): 5.3297814934505645
        place(brl_robot, tomato4): 0.0
        discard(brl_robot, tomato4): 0.0

[POMCP] Selected: scan(brl_robot, tomato4)
[POMCP] Average simulation time:  0.0109
[POMCP] Average select time:  0.0
[Planner] Selected action: scan(brl_robot, tomato4)
[Planner] Observation:  ['ripe(tomato4)']
    [Feedback] method=ours, confidence=0.6620, threshold=0.3000, trigger=False
    [Planner] Updated confidence: 0.6619578998878131
    [Belief Diff]
      + add (1): scanned(tomato4)
      - del (0): -
[TIME] step_total=1.0940s (search=1.0926s, execute=0.0002s, update=0.0001s, interaction=0.0000s, pruning=0.0010s, overhead=0.0001s)
==================

Step: 15
[POMCP] applicable values:
        scan(brl_robot, tomato4): 2.375
        place(brl_robot, tomato4): 6.370667644691887
        discard(brl_robot, tomato4): 0.0

[POMCP] Selected: place(brl_robot, tomato4)
[POMCP] Average simulation time:  0.0112
[POMCP] Average select time:  0.0
[Planner] Selected action: place(brl_robot, tomato4)
[Planner] Observation:  ['loaded(tomato4,brl_robot)', 'handempty(brl_robot)']
    [Feedback] method=ours, confidence=0.9985, threshold=0.3000, trigger=False
    [Planner] Updated confidence: 0.9985454058476225
    [Belief Diff]
      + add (2): loaded(tomato4,brl_robot), handempty(brl_robot)
      - del (2): holding(brl_robot,tomato4), holded(tomato4,brl_robot)
[TIME] step_total=1.1179s (search=1.1175s, execute=0.0002s, update=0.0001s, interaction=0.0000s, pruning=0.0000s, overhead=0.0001s)
[TIME SUMMARY]
avg search: 1.0122s
avg execute: 0.0005s
avg update: 0.0007s
avg interaction: 0.0005s
avg pruning: 0.0004s
avg step wall: 1.0143s
total wall clock: 15.2141s
=============Action Log=============
[STEP 1]: navigate(brl_robot, dock_station, stem_01)
[STEP 2]: detect(brl_robot, stem_01)
[STEP 3]: pick(brl_robot, tomato1, stem_01)
[STEP 4]: scan(brl_robot, tomato1)
[STEP 5]: place(brl_robot, tomato1)
[STEP 6]: detect(brl_robot, stem_01)
[STEP 7]: navigate(brl_robot, stem_01, dock_station)
[STEP 8]: navigate(brl_robot, dock_station, stem_02)
[STEP 9]: detect(brl_robot, stem_02)
[STEP 10]: pick(brl_robot, tomato3, stem_02)
[STEP 11]: scan(brl_robot, tomato3)
[STEP 12]: discard(brl_robot, tomato3)
[STEP 13]: pick(brl_robot, tomato4, stem_02)
[STEP 14]: scan(brl_robot, tomato4)
[STEP 15]: place(brl_robot, tomato4)
=============Final Knowledge=============
at(tomato2,stem_01)
discarded(tomato3)
handempty(brl_robot)
loaded(tomato1,brl_robot)
loaded(tomato4,brl_robot)
located(brl_robot,stem_02)
location(dock_station)
location(stem_01)
location(stem_02)
observed(tomato1)
observed(tomato2)
observed(tomato3)
observed(tomato4)
ripe(tomato1)
ripe(tomato4)
robot(brl_robot)
rotten(tomato3)
scanned(tomato1)
scanned(tomato3)
scanned(tomato4)
stem(stem_01)
stem(stem_02)
tomato(tomato1)
tomato(tomato2)
tomato(tomato3)
tomato(tomato4)
unripe(tomato2)
=============Query=============
Total Query 4
=============Action Schema Summary=============
detect: actions=3, questions=4, expected_questions_per_action=1.3333
discard: actions=1, questions=0, expected_questions_per_action=0.0000
navigate: actions=3, questions=0, expected_questions_per_action=0.0000
pick: actions=3, questions=0, expected_questions_per_action=0.0000
place: actions=2, questions=0, expected_questions_per_action=0.0000
scan: actions=3, questions=0, expected_questions_per_action=0.0000
=============Log File=============
/home/changmin/PyProject/00_BRL-CF/experiments_logs/system_log/e1_threshold/tomato/scene_02_step50/ours/oracle/tau_0-3/exp_tomato_20260803_225626_021552.txt
