Step: 1
[POMCP] applicable values:
        detect_waste(brl_robot): 3.398569985047673

[POMCP] Selected: detect_waste(brl_robot)
[POMCP] Average simulation time:  0.0147
[POMCP] Average select time:  0.0
[Planner] Selected action: detect_waste(brl_robot)
[Planner] Observation:  ['detected(waste1)', 'detected(waste2)', 'detected(waste3)', 'general(waste2)', 'paper(waste3)', 'plastic(waste1)']
    [Feedback] method=ours, confidence=0.2849, threshold=0.5000, trigger=True
    [Planner] Current confidence: 0.28492905367529553
    [Query] Q: paper(waste3) is True?
    [Query] T: paper(waste3)=True?
    [Query] A: True
    [Planner] Reduced 625 --> 125
    [Planner] Current confidence: 0.3058054265763902
    [Query] Q: general(waste2) is True?
    [Query] T: general(waste2)=True?
    [Query] A: False
    [Planner] Reduced 125 --> 100
    [Planner] Current confidence: 0.31376211634720297
    [Query] Q: detected(waste4) is True?
    [Query] T: detected(waste4)=True?
    [Query] A: False
    [Planner] Reduced 100 --> 20
    [Planner] Current confidence: 0.2783192541391841
    [Query] Q: can(waste2) is True?
    [Query] T: can(waste2)=True?
    [Query] A: False
    [Planner] Reduced 20 --> 15
    [Planner] Current confidence: 0.307867261893801
    [Query] Q: paper(waste2) is True?
    [Query] T: paper(waste2)=True?
    [Query] A: False
    [Planner] Reduced 15 --> 10
    [Planner] Current confidence: 0.36205828978383825
    [Query] Q: detected(waste2) is True?
    [Query] T: detected(waste2)=True?
    [Query] A: True
    [Planner] Reduced 10 --> 5
    [Planner] Updated confidence: 0.5179572486974171
    [Belief Diff]
      + add (6): detected(waste1), detected(waste2), detected(waste3), paper(waste3), plastic(waste1), plastic(waste2)
      - del (0): -
[TIME] step_total=1.6280s (search=1.4712s, execute=0.0062s, update=0.1283s, interaction=0.0220s, pruning=0.0002s, overhead=0.0001s)
==================

Step: 2
[POMCP] applicable values:
        detect_waste(brl_robot): 0.0
        pick(brl_robot, waste1): 11.333054647849279
        pick(brl_robot, waste2): 0.0
        pick(brl_robot, waste3): 3.3931328124999998

[POMCP] Selected: pick(brl_robot, waste1)
[POMCP] Average simulation time:  0.0023
[POMCP] Average select time:  0.0
[Planner] Selected action: pick(brl_robot, waste1)
[Planner] Observation:  ['holding(brl_robot,waste1)']
    [Feedback] method=ours, confidence=0.9675, threshold=0.5000, trigger=False
    [Planner] Updated confidence: 0.9675297052300476
    [Belief Diff]
      + add (1): holding(brl_robot,waste1)
      - del (1): handempty(brl_robot)
[TIME] step_total=0.2290s (search=0.2287s, execute=0.0001s, update=0.0001s, interaction=0.0000s, pruning=0.0001s, overhead=0.0000s)
==================

Step: 3
[POMCP] applicable values:
        place_gw_bin(brl_robot, waste1, gw_bin): 2.993684696191894
        place_paper_bin(brl_robot, waste1, pp_bin): 4.5125
        place_can_bin(brl_robot, waste1, ca_bin): 4.5125
        place_plastic_bin(brl_robot, waste1, pl_bin): 13.409672718983881

[POMCP] Selected: place_plastic_bin(brl_robot, waste1, pl_bin)
[POMCP] Average simulation time:  0.0018
[POMCP] Average select time:  0.0
[Planner] Selected action: place_plastic_bin(brl_robot, waste1, pl_bin)
[Planner] Observation:  ['in_bin(waste1,pl_bin)', 'handempty(brl_robot)']
    [Feedback] method=ours, confidence=0.9877, threshold=0.5000, trigger=False
    [Planner] Updated confidence: 0.9876682619744028
    [Belief Diff]
      + add (2): in_bin(waste1,pl_bin), handempty(brl_robot)
      - del (2): holding(brl_robot,waste1), detected(waste1)
[TIME] step_total=0.1822s (search=0.1818s, execute=0.0001s, update=0.0001s, interaction=0.0000s, pruning=0.0001s, overhead=0.0000s)
==================

Step: 4
[POMCP] applicable values:
        detect_waste(brl_robot): 0.0
        pick(brl_robot, waste2): 0.0
        pick(brl_robot, waste3): 10.858768287606278

[POMCP] Selected: pick(brl_robot, waste3)
[POMCP] Average simulation time:  0.0017
[POMCP] Average select time:  0.0
[Planner] Selected action: pick(brl_robot, waste3)
[Planner] Observation:  ['holding(brl_robot,waste3)']
    [Feedback] method=ours, confidence=0.9347, threshold=0.5000, trigger=False
    [Planner] Updated confidence: 0.9347077319990527
    [Belief Diff]
      + add (1): holding(brl_robot,waste3)
      - del (1): handempty(brl_robot)
[TIME] step_total=0.1662s (search=0.1658s, execute=0.0001s, update=0.0001s, interaction=0.0000s, pruning=0.0001s, overhead=0.0000s)
==================

Step: 5
[POMCP] applicable values:
        place_gw_bin(brl_robot, waste3, gw_bin): 0.0
        place_paper_bin(brl_robot, waste3, pp_bin): 13.08234128095411
        place_can_bin(brl_robot, waste3, ca_bin): 0.0
        place_plastic_bin(brl_robot, waste3, pl_bin): 0.0

[POMCP] Selected: place_paper_bin(brl_robot, waste3, pp_bin)
[POMCP] Average simulation time:  0.0016
[POMCP] Average select time:  0.0
[Planner] Selected action: place_paper_bin(brl_robot, waste3, pp_bin)
[Planner] Observation:  ['in_bin(waste3,pp_bin)', 'handempty(brl_robot)']
    [Feedback] method=ours, confidence=0.9873, threshold=0.5000, trigger=False
    [Planner] Updated confidence: 0.987298896517557
    [Belief Diff]
      + add (2): in_bin(waste3,pp_bin), handempty(brl_robot)
      - del (2): detected(waste3), holding(brl_robot,waste3)
[TIME] step_total=0.1631s (search=0.1627s, execute=0.0001s, update=0.0001s, interaction=0.0000s, pruning=0.0001s, overhead=0.0000s)
==================

Step: 6
[POMCP] applicable values:
        detect_waste(brl_robot): 0.0
        pick(brl_robot, waste2): 9.568831073312944

[POMCP] Selected: pick(brl_robot, waste2)
[POMCP] Average simulation time:  0.0017
[POMCP] Average select time:  0.0
[Planner] Selected action: pick(brl_robot, waste2)
[Planner] Observation:  ['holding(brl_robot,waste2)']
    [Feedback] method=ours, confidence=0.9797, threshold=0.5000, trigger=False
    [Planner] Updated confidence: 0.9797467764102817
    [Belief Diff]
      + add (1): holding(brl_robot,waste2)
      - del (1): handempty(brl_robot)
[TIME] step_total=0.1663s (search=0.1660s, execute=0.0001s, update=0.0001s, interaction=0.0000s, pruning=0.0001s, overhead=0.0000s)
==================

Step: 7
[POMCP] applicable values:
        place_gw_bin(brl_robot, waste2, gw_bin): 3.8689046874999997
        place_paper_bin(brl_robot, waste2, pp_bin): 4.286875
        place_can_bin(brl_robot, waste2, ca_bin): 4.07253125
        place_plastic_bin(brl_robot, waste2, pl_bin): 10.773839991364463

[POMCP] Selected: place_plastic_bin(brl_robot, waste2, pl_bin)
[POMCP] Average simulation time:  0.0018
[POMCP] Average select time:  0.0
[Planner] Selected action: place_plastic_bin(brl_robot, waste2, pl_bin)
[Planner] Observation:  ['in_bin(waste2,pl_bin)', 'handempty(brl_robot)']
    [Feedback] method=ours, confidence=0.9958, threshold=0.5000, trigger=False
    [Planner] Updated confidence: 0.9958119333538451
    [Belief Diff]
      + add (2): in_bin(waste2,pl_bin), handempty(brl_robot)
      - del (2): holding(brl_robot,waste2), detected(waste2)
[TIME] step_total=0.1756s (search=0.1752s, execute=0.0001s, update=0.0001s, interaction=0.0000s, pruning=0.0001s, overhead=0.0000s)
==================

Step: 8
[POMCP] applicable values:
        detect_waste(brl_robot): 6.541468154094386

[POMCP] Selected: detect_waste(brl_robot)
[POMCP] Average simulation time:  0.0018
[POMCP] Average select time:  0.0
[Planner] Selected action: detect_waste(brl_robot)
[Planner] Observation:  ['detected(waste4)', 'general(waste4)']
    [Feedback] method=ours, confidence=0.1849, threshold=0.5000, trigger=True
    [Planner] Current confidence: 0.18487707695174904
    [Query] Q: general(waste4) is True?
    [Query] T: general(waste4)=True?
    [Query] A: True
    [Planner] Reduced 5 --> 1
    [Planner] Updated confidence: 1.0
    [Belief Diff]
      + add (2): detected(waste4), general(waste4)
      - del (0): -
[TIME] step_total=0.1832s (search=0.1771s, execute=0.0037s, update=0.0008s, interaction=0.0003s, pruning=0.0012s, overhead=0.0001s)
==================

Step: 9
[POMCP] applicable values:
        detect_waste(brl_robot): 7.428336335152115
        pick(brl_robot, waste4): 0.0

[POMCP] Selected: detect_waste(brl_robot)
[POMCP] Average simulation time:  0.0018
[POMCP] Average select time:  0.0001
[Planner] Selected action: detect_waste(brl_robot)
[Planner] Observation:  ['detected(waste4)', 'paper(waste4)']
    [Feedback] method=ours, confidence=0.0354, threshold=0.5000, trigger=True
    [Planner] Current confidence: 0.035356711369947114
    [Query] Q: general(waste4) is True?
    [Query] T: general(waste4)=True?
    [Query] A: True
    [Planner] Reduced 4 --> 1
    [Planner] Updated confidence: 1.0
    [Belief Diff]
      + add (0): -
      - del (0): -
[TIME] step_total=0.1833s (search=0.1783s, execute=0.0037s, update=0.0007s, interaction=0.0003s, pruning=0.0003s, overhead=0.0001s)
==================

Step: 10
[POMCP] applicable values:
        detect_waste(brl_robot): 5.420640625
        pick(brl_robot, waste4): 12.85663101708074

[POMCP] Selected: pick(brl_robot, waste4)
[POMCP] Average simulation time:  0.0017
[POMCP] Average select time:  0.0
[Planner] Selected action: pick(brl_robot, waste4)
[Planner] Observation:  ['holding(brl_robot,waste4)']
    [Feedback] method=ours, confidence=0.9454, threshold=0.5000, trigger=False
    [Planner] Updated confidence: 0.9454317814203993
    [Belief Diff]
      + add (1): holding(brl_robot,waste4)
      - del (1): handempty(brl_robot)
[TIME] step_total=0.1725s (search=0.1721s, execute=0.0002s, update=0.0001s, interaction=0.0000s, pruning=0.0001s, overhead=0.0001s)
==================

Step: 11
[POMCP] applicable values:
        place_gw_bin(brl_robot, waste4, gw_bin): 14.527439024390238
        place_paper_bin(brl_robot, waste4, pp_bin): 0.0
        place_can_bin(brl_robot, waste4, ca_bin): 0.0
        place_plastic_bin(brl_robot, waste4, pl_bin): 0.0

[POMCP] Selected: place_gw_bin(brl_robot, waste4, gw_bin)
[POMCP] Average simulation time:  0.0018
[POMCP] Average select time:  0.0
[Planner] Selected action: place_gw_bin(brl_robot, waste4, gw_bin)
[Planner] Observation:  ['in_bin(waste4,gw_bin)', 'handempty(brl_robot)']
    [Feedback] method=ours, confidence=0.9961, threshold=0.5000, trigger=False
    [Planner] Updated confidence: 0.9961151759351511
    [Belief Diff]
      + add (2): in_bin(waste4,gw_bin), handempty(brl_robot)
      - del (2): detected(waste4), holding(brl_robot,waste4)
[TIME] step_total=0.1798s (search=0.1795s, execute=0.0002s, update=0.0001s, interaction=0.0000s, pruning=0.0000s, overhead=0.0001s)
[TIME SUMMARY]
avg search: 0.2962s
avg execute: 0.0013s
avg update: 0.0119s
avg interaction: 0.0021s
avg pruning: 0.0002s
avg step wall: 0.3117s
total wall clock: 3.4293s
=============Action Log=============
[STEP 1]: detect_waste(brl_robot)
[STEP 2]: pick(brl_robot, waste1)
[STEP 3]: place_plastic_bin(brl_robot, waste1, pl_bin)
[STEP 4]: pick(brl_robot, waste3)
[STEP 5]: place_paper_bin(brl_robot, waste3, pp_bin)
[STEP 6]: pick(brl_robot, waste2)
[STEP 7]: place_plastic_bin(brl_robot, waste2, pl_bin)
[STEP 8]: detect_waste(brl_robot)
[STEP 9]: detect_waste(brl_robot)
[STEP 10]: pick(brl_robot, waste4)
[STEP 11]: place_gw_bin(brl_robot, waste4, gw_bin)
=============Final Knowledge=============
can_bin(ca_bin)
general(waste4)
general_bin(gw_bin)
handempty(brl_robot)
in_bin(waste1,pl_bin)
in_bin(waste2,pl_bin)
in_bin(waste3,pp_bin)
in_bin(waste4,gw_bin)
paper(waste3)
paper_bin(pp_bin)
plastic(waste1)
plastic(waste2)
plastic_bin(pl_bin)
robot(brl_robot)
waste(waste1)
waste(waste2)
waste(waste3)
waste(waste4)
=============Query=============
Total Query 8
=============Action Schema Summary=============
detect_waste: actions=3, questions=8, expected_questions_per_action=2.6667
pick: actions=4, questions=0, expected_questions_per_action=0.0000
place_gw_bin: actions=1, questions=0, expected_questions_per_action=0.0000
place_paper_bin: actions=1, questions=0, expected_questions_per_action=0.0000
place_plastic_bin: actions=2, questions=0, expected_questions_per_action=0.0000
=============Log File=============
/home/changmin/PyProject/00_BRL-CF/experiments_logs/system_log/e1_threshold/wastesorting/scene_03_step50/ours/oracle/tau_0-5/exp_wastesorting_20260804_085233_565250.txt
