Step: 1
[POMCP] applicable values:
        navigate(brl_robot, dock_station, stem_01): 0.0
        navigate(brl_robot, dock_station, stem_02): 1.2366055668071547

[POMCP] Selected: navigate(brl_robot, dock_station, stem_02)
[POMCP] Average simulation time:  0.0083
[POMCP] Average select time:  0.0
[Planner] Selected action: navigate(brl_robot, dock_station, stem_02)
[Planner] Observation:  ['located(brl_robot,stem_02)']
    [Feedback] method=ours, confidence=0.9407, threshold=0.1000, trigger=False
    [Planner] Updated confidence: 0.9407070850899487
    [Belief Diff]
      + add (1): located(brl_robot,stem_02)
      - del (1): located(brl_robot,dock_station)
[TIME] step_total=0.8280s (search=0.8275s, execute=0.0002s, update=0.0001s, interaction=0.0000s, pruning=0.0001s, overhead=0.0001s)
==================

Step: 2
[POMCP] applicable values:
        navigate(brl_robot, stem_02, dock_station): 0.6297502007223001
        navigate(brl_robot, stem_02, stem_01): 0.0
        detect(brl_robot, stem_02): 1.7904235446840138

[POMCP] Selected: detect(brl_robot, stem_02)
[POMCP] Average simulation time:  0.009
[POMCP] Average select time:  0.0
[Planner] Selected action: detect(brl_robot, stem_02)
[Planner] Observation:  ['observed(tomato2)', 'observed(tomato3)', 'observed(tomato4)', 'ripe(tomato2)', 'ripe(tomato3)', 'unripe(tomato4)']
    [Feedback] method=ours, confidence=0.3498, threshold=0.1000, trigger=False
    [Planner] Updated confidence: 0.3497629142711556
    [Belief Diff]
      + add (9): at(tomato2,stem_02), at(tomato3,stem_02), at(tomato4,stem_02), observed(tomato2), observed(tomato3), observed(tomato4), ripe(tomato2), ripe(tomato3), unripe(tomato4)
      - del (0): -
[TIME] step_total=0.9063s (search=0.9018s, execute=0.0005s, update=0.0032s, interaction=0.0001s, pruning=0.0007s, overhead=0.0001s)
==================

Step: 3
[POMCP] applicable values:
        navigate(brl_robot, stem_02, dock_station): 1.8377297265624999
        navigate(brl_robot, stem_02, stem_01): 1.7561702849035696
        detect(brl_robot, stem_02): 2.5516045807873797
        pick(brl_robot, tomato2, stem_02): 6.084474445116327
        pick(brl_robot, tomato3, stem_02): 2.8826892584797283

[POMCP] Selected: pick(brl_robot, tomato2, stem_02)
[POMCP] Average simulation time:  0.0086
[POMCP] Average select time:  0.0
[Planner] Selected action: pick(brl_robot, tomato2, stem_02)
[Planner] Observation:  ['handempty(brl_robot)']
    [Feedback] method=ours, confidence=0.0965, threshold=0.1000, trigger=True
    [Planner] Current confidence: 0.09645393904648925
    [Query] Q: at(tomato2,stem_02) is True?
    [Query] T: at(tomato2,stem_02)=True?
    [Query] A: False
    [Planner] Reduced 2 --> 1
    [Planner] Updated confidence: 1.0
    [Belief Diff]
      + add (2): holding(brl_robot,tomato2), holded(tomato2,brl_robot)
      - del (2): handempty(brl_robot), at(tomato2,stem_02)
[TIME] step_total=0.8622s (search=0.8597s, execute=0.0001s, update=0.0001s, interaction=0.0020s, pruning=0.0001s, overhead=0.0001s)
==================

Step: 4
[POMCP] applicable values:
        scan(brl_robot, tomato2): 7.11161588619272
        place(brl_robot, tomato2): 2.78646875
        discard(brl_robot, tomato2): 2.993684696191894

[POMCP] Selected: scan(brl_robot, tomato2)
[POMCP] Average simulation time:  0.0091
[POMCP] Average select time:  0.0
[Planner] Selected action: scan(brl_robot, tomato2)
[Planner] Observation:  ['rotten(tomato2)']
    [Feedback] method=ours, confidence=0.8092, threshold=0.1000, trigger=False
    [Planner] Updated confidence: 0.8091596978086677
    [Belief Diff]
      + add (2): rotten(tomato2), scanned(tomato2)
      - del (1): ripe(tomato2)
[TIME] step_total=0.9103s (search=0.9096s, execute=0.0001s, update=0.0001s, interaction=0.0000s, pruning=0.0003s, overhead=0.0001s)
==================

Step: 5
[POMCP] applicable values:
        scan(brl_robot, tomato2): 2.375
        discard(brl_robot, tomato2): 6.899462497890786

[POMCP] Selected: discard(brl_robot, tomato2)
[POMCP] Average simulation time:  0.0083
[POMCP] Average select time:  0.0
[Planner] Selected action: discard(brl_robot, tomato2)
[Planner] Observation:  ['discarded(tomato2)', 'handempty(brl_robot)']
    [Feedback] method=ours, confidence=0.9975, threshold=0.1000, trigger=False
    [Planner] Updated confidence: 0.9974724062650066
    [Belief Diff]
      + add (2): discarded(tomato2), handempty(brl_robot)
      - del (2): holded(tomato2,brl_robot), holding(brl_robot,tomato2)
[TIME] step_total=0.8263s (search=0.8259s, execute=0.0001s, update=0.0001s, interaction=0.0000s, pruning=0.0000s, overhead=0.0001s)
==================

Step: 6
[POMCP] applicable values:
        navigate(brl_robot, stem_02, dock_station): 2.7521867942190155
        navigate(brl_robot, stem_02, stem_01): 1.0748960971239365
        detect(brl_robot, stem_02): 1.0853012544622638
        pick(brl_robot, tomato3, stem_02): 0.0

[POMCP] Selected: navigate(brl_robot, stem_02, dock_station)
[POMCP] Average simulation time:  0.0086
[POMCP] Average select time:  0.0
[Planner] Selected action: navigate(brl_robot, stem_02, dock_station)
[Planner] Observation:  ['located(brl_robot,stem_01)']
    [Feedback] method=ours, confidence=0.5778, threshold=0.1000, trigger=False
    [Planner] Updated confidence: 0.5777523823096071
    [Belief Diff]
      + add (1): located(brl_robot,dock_station)
      - del (1): located(brl_robot,stem_02)
[TIME] step_total=0.8582s (search=0.8575s, execute=0.0002s, update=0.0001s, interaction=0.0000s, pruning=0.0003s, overhead=0.0001s)
==================

Step: 7
[POMCP] applicable values:
        navigate(brl_robot, dock_station, stem_01): 3.360590000613397
        navigate(brl_robot, dock_station, stem_02): 1.5126692741143568

[POMCP] Selected: navigate(brl_robot, dock_station, stem_01)
[POMCP] Average simulation time:  0.0091
[POMCP] Average select time:  0.0
[Planner] Selected action: navigate(brl_robot, dock_station, stem_01)
[Planner] Observation:  ['located(brl_robot,stem_01)']
    [Feedback] method=ours, confidence=0.9726, threshold=0.1000, trigger=False
    [Planner] Updated confidence: 0.9725546190496103
    [Belief Diff]
      + add (1): located(brl_robot,stem_01)
      - del (1): located(brl_robot,dock_station)
[TIME] step_total=0.9109s (search=0.9102s, execute=0.0002s, update=0.0001s, interaction=0.0000s, pruning=0.0004s, overhead=0.0001s)
==================

Step: 8
[POMCP] applicable values:
        navigate(brl_robot, stem_01, dock_station): 1.1384639647455153
        navigate(brl_robot, stem_01, stem_02): 4.261035430873834
        detect(brl_robot, stem_01): 1.07171875

[POMCP] Selected: navigate(brl_robot, stem_01, stem_02)
[POMCP] Average simulation time:  0.0099
[POMCP] Average select time:  0.0
[Planner] Selected action: navigate(brl_robot, stem_01, stem_02)
[Planner] Observation:  ['located(brl_robot,stem_02)']
    [Feedback] method=ours, confidence=0.9245, threshold=0.1000, trigger=False
    [Planner] Updated confidence: 0.9244582181309895
    [Belief Diff]
      + add (1): located(brl_robot,stem_02)
      - del (1): located(brl_robot,stem_01)
[TIME] step_total=0.9912s (search=0.9904s, execute=0.0002s, update=0.0001s, interaction=0.0000s, pruning=0.0003s, overhead=0.0001s)
==================

Step: 9
[POMCP] applicable values:
        navigate(brl_robot, stem_02, dock_station): 2.296961502162016
        navigate(brl_robot, stem_02, stem_01): 0.0
        detect(brl_robot, stem_02): 2.1434375
        pick(brl_robot, tomato3, stem_02): 5.263747497874764

[POMCP] Selected: pick(brl_robot, tomato3, stem_02)
[POMCP] Average simulation time:  0.01
[POMCP] Average select time:  0.0
[Planner] Selected action: pick(brl_robot, tomato3, stem_02)
[Planner] Observation:  ['holding(brl_robot,tomato3)', 'holded(tomato3,brl_robot)']
    [Feedback] method=ours, confidence=0.9921, threshold=0.1000, trigger=False
    [Planner] Updated confidence: 0.992109183634514
    [Belief Diff]
      + add (2): holding(brl_robot,tomato3), holded(tomato3,brl_robot)
      - del (2): at(tomato3,stem_02), handempty(brl_robot)
[TIME] step_total=0.9965s (search=0.9960s, execute=0.0001s, update=0.0001s, interaction=0.0000s, pruning=0.0002s, overhead=0.0001s)
==================

Step: 10
[POMCP] applicable values:
        scan(brl_robot, tomato3): 6.037174060050368
        place(brl_robot, tomato3): 0.0
        discard(brl_robot, tomato3): 0.0

[POMCP] Selected: scan(brl_robot, tomato3)
[POMCP] Average simulation time:  0.0103
[POMCP] Average select time:  0.0
[Planner] Selected action: scan(brl_robot, tomato3)
[Planner] Observation:  ['ripe(tomato3)']
    [Feedback] method=ours, confidence=0.7048, threshold=0.1000, trigger=False
    [Planner] Updated confidence: 0.7047773489653327
    [Belief Diff]
      + add (1): scanned(tomato3)
      - del (0): -
[TIME] step_total=1.0355s (search=1.0335s, execute=0.0001s, update=0.0001s, interaction=0.0000s, pruning=0.0016s, overhead=0.0001s)
==================

Step: 11
[POMCP] applicable values:
        scan(brl_robot, tomato3): 3.151247048623046
        place(brl_robot, tomato3): 6.567395790779298
        discard(brl_robot, tomato3): 2.200633343258827

[POMCP] Selected: place(brl_robot, tomato3)
[POMCP] Average simulation time:  0.0098
[POMCP] Average select time:  0.0
[Planner] Selected action: place(brl_robot, tomato3)
[Planner] Observation:  ['loaded(tomato3,brl_robot)', 'handempty(brl_robot)']
    [Feedback] method=ours, confidence=0.9998, threshold=0.1000, trigger=False
    [Planner] Updated confidence: 0.9998176412961265
    [Belief Diff]
      + add (2): loaded(tomato3,brl_robot), handempty(brl_robot)
      - del (2): holding(brl_robot,tomato3), holded(tomato3,brl_robot)
[TIME] step_total=0.9805s (search=0.9801s, execute=0.0002s, update=0.0001s, interaction=0.0000s, pruning=0.0001s, overhead=0.0001s)
==================

Step: 12
[POMCP] applicable values:
        navigate(brl_robot, stem_02, dock_station): 0.0
        navigate(brl_robot, stem_02, stem_01): 2.056943468440468
        detect(brl_robot, stem_02): 0.3132716346153846

[POMCP] Selected: navigate(brl_robot, stem_02, stem_01)
[POMCP] Average simulation time:  0.0104
[POMCP] Average select time:  0.0
[Planner] Selected action: navigate(brl_robot, stem_02, stem_01)
[Planner] Observation:  ['located(brl_robot,stem_01)']
    [Feedback] method=ours, confidence=0.9345, threshold=0.1000, trigger=False
    [Planner] Updated confidence: 0.9344921937445315
    [Belief Diff]
      + add (1): located(brl_robot,stem_01)
      - del (1): located(brl_robot,stem_02)
[TIME] step_total=1.0362s (search=1.0354s, execute=0.0002s, update=0.0001s, interaction=0.0000s, pruning=0.0004s, overhead=0.0001s)
==================

Step: 13
[POMCP] applicable values:
        navigate(brl_robot, stem_01, dock_station): 0.0
        navigate(brl_robot, stem_01, stem_02): 0.786377834665883
        detect(brl_robot, stem_01): 2.6716604660544245

[POMCP] Selected: detect(brl_robot, stem_01)
[POMCP] Average simulation time:  0.0104
[POMCP] Average select time:  0.0
[Planner] Selected action: detect(brl_robot, stem_01)
[Planner] Observation:  ['observed(tomato1)', 'unripe(tomato1)']
    [Feedback] method=ours, confidence=0.1360, threshold=0.1000, trigger=False
    [Planner] Updated confidence: 0.13595379916677353
    [Belief Diff]
      + add (3): at(tomato1,stem_01), observed(tomato1), unripe(tomato1)
      - del (0): -
[TIME] step_total=1.0504s (search=1.0435s, execute=0.0025s, update=0.0022s, interaction=0.0000s, pruning=0.0022s, overhead=0.0001s)
==================

Step: 14
[POMCP] applicable values:
        navigate(brl_robot, stem_01, dock_station): 1.2298826240960323
        navigate(brl_robot, stem_01, stem_02): 1.2160597362096464
        detect(brl_robot, stem_01): 0.6628967185920505

[POMCP] Selected: navigate(brl_robot, stem_01, dock_station)
[POMCP] Average simulation time:  0.0095
[POMCP] Average select time:  0.0
[Planner] Selected action: navigate(brl_robot, stem_01, dock_station)
[Planner] Observation:  ['located(brl_robot,dock_station)']
    [Feedback] method=ours, confidence=0.9691, threshold=0.1000, trigger=False
    [Planner] Updated confidence: 0.9691171608440576
    [Belief Diff]
      + add (1): located(brl_robot,dock_station)
      - del (1): located(brl_robot,stem_01)
[TIME] step_total=0.9554s (search=0.9547s, execute=0.0002s, update=0.0001s, interaction=0.0000s, pruning=0.0002s, overhead=0.0001s)
==================

Step: 15
[POMCP] applicable values:
        navigate(brl_robot, dock_station, stem_01): 1.1378736047516746
        navigate(brl_robot, dock_station, stem_02): 1.4612723593492836

[POMCP] Selected: navigate(brl_robot, dock_station, stem_02)
[POMCP] Average simulation time:  0.0101
[POMCP] Average select time:  0.0
[Planner] Selected action: navigate(brl_robot, dock_station, stem_02)
[Planner] Observation:  ['located(brl_robot,stem_02)']
    [Feedback] method=ours, confidence=0.9560, threshold=0.1000, trigger=False
    [Planner] Updated confidence: 0.9559667137554407
    [Belief Diff]
      + add (1): located(brl_robot,stem_02)
      - del (1): located(brl_robot,dock_station)
[TIME] step_total=1.0077s (search=1.0071s, execute=0.0002s, update=0.0001s, interaction=0.0000s, pruning=0.0001s, overhead=0.0001s)
==================

Step: 16
[POMCP] applicable values:
        navigate(brl_robot, stem_02, dock_station): 0.0
        navigate(brl_robot, stem_02, stem_01): 0.5688000922764598
        detect(brl_robot, stem_02): 2.6246916429492755

[POMCP] Selected: detect(brl_robot, stem_02)
[POMCP] Average simulation time:  0.0109
[POMCP] Average select time:  0.0
[Planner] Selected action: detect(brl_robot, stem_02)
[Planner] Observation:  ['observed(tomato4)', 'unripe(tomato4)']
    [Feedback] method=ours, confidence=0.1431, threshold=0.1000, trigger=False
    [Planner] Updated confidence: 0.14309650554181064
    [Belief Diff]
      + add (0): -
      - del (0): -
[TIME] step_total=1.0921s (search=1.0863s, execute=0.0024s, update=0.0022s, interaction=0.0000s, pruning=0.0011s, overhead=0.0001s)
==================

Step: 17
[POMCP] applicable values:
        navigate(brl_robot, stem_02, dock_station): 0.4067309405502988
        navigate(brl_robot, stem_02, stem_01): 0.29873826867378495
        detect(brl_robot, stem_02): 1.3465399169298475

[POMCP] Selected: detect(brl_robot, stem_02)
[POMCP] Average simulation time:  0.0117
[POMCP] Average select time:  0.0
[Planner] Selected action: detect(brl_robot, stem_02)
[Planner] Observation:  ['observed(tomato4)', 'unripe(tomato4)']
    [Feedback] method=ours, confidence=0.1374, threshold=0.1000, trigger=False
    [Planner] Updated confidence: 0.137418384000497
    [Belief Diff]
      + add (0): -
      - del (0): -
[TIME] step_total=1.1801s (search=1.1750s, execute=0.0024s, update=0.0022s, interaction=0.0000s, pruning=0.0003s, overhead=0.0001s)
==================

Step: 18
[POMCP] applicable values:
        navigate(brl_robot, stem_02, dock_station): 0.0
        navigate(brl_robot, stem_02, stem_01): 0.0
        detect(brl_robot, stem_02): 1.6897979034442834

[POMCP] Selected: detect(brl_robot, stem_02)
[POMCP] Average simulation time:  0.0111
[POMCP] Average select time:  0.0
[Planner] Selected action: detect(brl_robot, stem_02)
[Planner] Observation:  ['observed(tomato4)', 'unripe(tomato4)']
    [Feedback] method=ours, confidence=0.2190, threshold=0.1000, trigger=False
    [Planner] Updated confidence: 0.21902584161456562
    [Belief Diff]
      + add (0): -
      - del (0): -
[TIME] step_total=1.1158s (search=1.1108s, execute=0.0024s, update=0.0021s, interaction=0.0000s, pruning=0.0004s, overhead=0.0001s)
==================

Step: 19
[POMCP] applicable values:
        navigate(brl_robot, stem_02, dock_station): 0.9229189629635642
        navigate(brl_robot, stem_02, stem_01): 0.0
        detect(brl_robot, stem_02): 1.4821074757839574

[POMCP] Selected: detect(brl_robot, stem_02)
[POMCP] Average simulation time:  0.0105
[POMCP] Average select time:  0.0
[Planner] Selected action: detect(brl_robot, stem_02)
[Planner] Observation:  ['observed(tomato4)', 'unripe(tomato4)']
    [Feedback] method=ours, confidence=0.2519, threshold=0.1000, trigger=False
    [Planner] Updated confidence: 0.2518817976222155
    [Belief Diff]
      + add (0): -
      - del (0): -
[TIME] step_total=1.0503s (search=1.0454s, execute=0.0024s, update=0.0022s, interaction=0.0001s, pruning=0.0002s, overhead=0.0001s)
==================

Step: 20
[POMCP] applicable values:
        navigate(brl_robot, stem_02, dock_station): 0.0
        navigate(brl_robot, stem_02, stem_01): 0.7529988395917515
        detect(brl_robot, stem_02): 1.460691324448761

[POMCP] Selected: detect(brl_robot, stem_02)
[POMCP] Average simulation time:  0.0108
[POMCP] Average select time:  0.0
[Planner] Selected action: detect(brl_robot, stem_02)
[Planner] Observation:  ['observed(tomato4)', 'ripe(tomato4)']
    [Feedback] method=ours, confidence=0.0234, threshold=0.1000, trigger=True
    [Planner] Current confidence: 0.023412355150997155
    [Query] Q: ripe(tomato4) is True?
    [Query] T: ripe(tomato4)=True?
    [Query] A: False
    [Planner] Reduced 6 --> 3
    [Planner] Current confidence: 0.00020089199550132886
    [Query] Q: at(tomato1,stem_02) is True?
    [Query] T: at(tomato1,stem_02)=True?
    [Query] A: False
    [Planner] Reduced 3 --> 1
    [Planner] Updated confidence: 1.0
    [Belief Diff]
      + add (0): -
      - del (0): -
[TIME] step_total=1.0874s (search=1.0818s, execute=0.0024s, update=0.0021s, interaction=0.0006s, pruning=0.0004s, overhead=0.0001s)
==================

Step: 21
[POMCP] applicable values:
        navigate(brl_robot, stem_02, dock_station): 0.0
        navigate(brl_robot, stem_02, stem_01): 1.1145133831451117
        detect(brl_robot, stem_02): 1.117020791257211

[POMCP] Selected: detect(brl_robot, stem_02)
[POMCP] Average simulation time:  0.0106
[POMCP] Average select time:  0.0
[Planner] Selected action: detect(brl_robot, stem_02)
[Planner] Observation:  ['observed(tomato4)', 'unripe(tomato4)']
    [Feedback] method=ours, confidence=0.2372, threshold=0.1000, trigger=False
    [Planner] Updated confidence: 0.23722181000235698
    [Belief Diff]
      + add (0): -
      - del (0): -
[TIME] step_total=1.0697s (search=1.0646s, execute=0.0024s, update=0.0021s, interaction=0.0000s, pruning=0.0004s, overhead=0.0001s)
==================

Step: 22
[POMCP] applicable values:
        navigate(brl_robot, stem_02, dock_station): 0.8526712687693401
        navigate(brl_robot, stem_02, stem_01): 0.7490383417259823
        detect(brl_robot, stem_02): 2.372818758249762

[POMCP] Selected: detect(brl_robot, stem_02)
[POMCP] Average simulation time:  0.0105
[POMCP] Average select time:  0.0
[Planner] Selected action: detect(brl_robot, stem_02)
[Planner] Observation:  ['observed(tomato4)', 'unripe(tomato4)']
    [Feedback] method=ours, confidence=0.1521, threshold=0.1000, trigger=False
    [Planner] Updated confidence: 0.15208194185013557
    [Belief Diff]
      + add (0): -
      - del (0): -
[TIME] step_total=1.0531s (search=1.0481s, execute=0.0024s, update=0.0021s, interaction=0.0000s, pruning=0.0003s, overhead=0.0001s)
==================

Step: 23
[POMCP] applicable values:
        navigate(brl_robot, stem_02, dock_station): 1.0773188118914132
        navigate(brl_robot, stem_02, stem_01): 0.0
        detect(brl_robot, stem_02): 2.059343872123962

[POMCP] Selected: detect(brl_robot, stem_02)
[POMCP] Average simulation time:  0.0104
[POMCP] Average select time:  0.0
[Planner] Selected action: detect(brl_robot, stem_02)
[Planner] Observation:  ['observed(tomato4)', 'unripe(tomato4)']
    [Feedback] method=ours, confidence=0.2265, threshold=0.1000, trigger=False
    [Planner] Updated confidence: 0.22654247988176623
    [Belief Diff]
      + add (0): -
      - del (0): -
[TIME] step_total=1.0450s (search=1.0400s, execute=0.0024s, update=0.0022s, interaction=0.0000s, pruning=0.0003s, overhead=0.0001s)
==================

Step: 24
[POMCP] applicable values:
        navigate(brl_robot, stem_02, dock_station): 0.35995471889618796
        navigate(brl_robot, stem_02, stem_01): 0.9689106675476438
        detect(brl_robot, stem_02): 0.0

[POMCP] Selected: navigate(brl_robot, stem_02, stem_01)
[POMCP] Average simulation time:  0.0115
[POMCP] Average select time:  0.0
[Planner] Selected action: navigate(brl_robot, stem_02, stem_01)
[Planner] Observation:  ['located(brl_robot,stem_01)']
    [Feedback] method=ours, confidence=0.9407, threshold=0.1000, trigger=False
    [Planner] Updated confidence: 0.9407070850899487
    [Belief Diff]
      + add (1): located(brl_robot,stem_01)
      - del (1): located(brl_robot,stem_02)
[TIME] step_total=1.1459s (search=1.1454s, execute=0.0002s, update=0.0001s, interaction=0.0000s, pruning=0.0002s, overhead=0.0001s)
==================

Step: 25
[POMCP] applicable values:
        navigate(brl_robot, stem_01, dock_station): 0.39390588107788077
        navigate(brl_robot, stem_01, stem_02): 0.0
        detect(brl_robot, stem_01): 1.3778650993571488

[POMCP] Selected: detect(brl_robot, stem_01)
[POMCP] Average simulation time:  0.0122
[POMCP] Average select time:  0.0
[Planner] Selected action: detect(brl_robot, stem_01)
[Planner] Observation:  ['observed(tomato1)', 'ripe(tomato1)']
    [Feedback] method=ours, confidence=0.2265, threshold=0.1000, trigger=False
    [Planner] Updated confidence: 0.22647018252390394
    [Belief Diff]
      + add (1): ripe(tomato1)
      - del (1): unripe(tomato1)
[TIME] step_total=1.2237s (search=1.2186s, execute=0.0024s, update=0.0021s, interaction=0.0000s, pruning=0.0004s, overhead=0.0001s)
==================

Step: 26
[POMCP] applicable values:
        navigate(brl_robot, stem_01, dock_station): 0.7171300411265553
        navigate(brl_robot, stem_01, stem_02): 0.5688000922764598
        detect(brl_robot, stem_01): 1.5650432010729796
        pick(brl_robot, tomato1, stem_01): 0.0

[POMCP] Selected: detect(brl_robot, stem_01)
[POMCP] Average simulation time:  0.0113
[POMCP] Average select time:  0.0
[Planner] Selected action: detect(brl_robot, stem_01)
[Planner] Observation:  ['observed(tomato1)', 'ripe(tomato1)']
    [Feedback] method=ours, confidence=0.1655, threshold=0.1000, trigger=False
    [Planner] Updated confidence: 0.16554346645418128
    [Belief Diff]
      + add (0): -
      - del (0): -
[TIME] step_total=1.1344s (search=1.1294s, execute=0.0024s, update=0.0021s, interaction=0.0000s, pruning=0.0003s, overhead=0.0001s)
==================

Step: 27
[POMCP] applicable values:
        navigate(brl_robot, stem_01, dock_station): 0.0
        navigate(brl_robot, stem_01, stem_02): 0.8962148060213547
        detect(brl_robot, stem_01): 0.0
        pick(brl_robot, tomato1, stem_01): 4.50624733140184

[POMCP] Selected: pick(brl_robot, tomato1, stem_01)
[POMCP] Average simulation time:  0.0092
[POMCP] Average select time:  0.0
[Planner] Selected action: pick(brl_robot, tomato1, stem_01)
[Planner] Observation:  ['holding(brl_robot,tomato1)', 'holded(tomato1,brl_robot)']
    [Feedback] method=ours, confidence=0.9984, threshold=0.1000, trigger=False
    [Planner] Updated confidence: 0.9984313264729613
    [Belief Diff]
      + add (2): holding(brl_robot,tomato1), holded(tomato1,brl_robot)
      - del (2): at(tomato1,stem_01), handempty(brl_robot)
[TIME] step_total=0.9210s (search=0.9205s, execute=0.0002s, update=0.0001s, interaction=0.0000s, pruning=0.0001s, overhead=0.0001s)
==================

Step: 28
[POMCP] applicable values:
        scan(brl_robot, tomato1): 5.139767003816455
        place(brl_robot, tomato1): 0.0
        discard(brl_robot, tomato1): 2.438374895577648

[POMCP] Selected: scan(brl_robot, tomato1)
[POMCP] Average simulation time:  0.0102
[POMCP] Average select time:  0.0
[Planner] Selected action: scan(brl_robot, tomato1)
[Planner] Observation:  ['ripe(tomato1)']
    [Feedback] method=ours, confidence=0.8901, threshold=0.1000, trigger=False
    [Planner] Updated confidence: 0.8900908553693583
    [Belief Diff]
      + add (1): scanned(tomato1)
      - del (0): -
[TIME] step_total=1.0233s (search=1.0227s, execute=0.0001s, update=0.0001s, interaction=0.0000s, pruning=0.0003s, overhead=0.0001s)
==================

Step: 29
[POMCP] applicable values:
        scan(brl_robot, tomato1): 2.375
        place(brl_robot, tomato1): 5.934548918629277
        discard(brl_robot, tomato1): 0.0

[POMCP] Selected: place(brl_robot, tomato1)
[POMCP] Average simulation time:  0.011
[POMCP] Average select time:  0.0
[Planner] Selected action: place(brl_robot, tomato1)
[Planner] Observation:  ['loaded(tomato1,brl_robot)', 'handempty(brl_robot)']
    [Feedback] method=ours, confidence=0.9988, threshold=0.1000, trigger=False
    [Planner] Updated confidence: 0.9987717831905162
    [Belief Diff]
      + add (2): loaded(tomato1,brl_robot), handempty(brl_robot)
      - del (2): holding(brl_robot,tomato1), holded(tomato1,brl_robot)
[TIME] step_total=1.0957s (search=1.0953s, execute=0.0002s, update=0.0001s, interaction=0.0000s, pruning=0.0000s, overhead=0.0001s)
[TIME SUMMARY]
avg search: 1.0109s
avg execute: 0.0010s
avg update: 0.0010s
avg interaction: 0.0001s
avg pruning: 0.0004s
avg step wall: 1.0136s
total wall clock: 29.3933s
=============Action Log=============
[STEP 1]: navigate(brl_robot, dock_station, stem_02)
[STEP 2]: detect(brl_robot, stem_02)
[STEP 3]: pick(brl_robot, tomato2, stem_02)
[STEP 4]: scan(brl_robot, tomato2)
[STEP 5]: discard(brl_robot, tomato2)
[STEP 6]: navigate(brl_robot, stem_02, dock_station)
[STEP 7]: navigate(brl_robot, dock_station, stem_01)
[STEP 8]: navigate(brl_robot, stem_01, stem_02)
[STEP 9]: pick(brl_robot, tomato3, stem_02)
[STEP 10]: scan(brl_robot, tomato3)
[STEP 11]: place(brl_robot, tomato3)
[STEP 12]: navigate(brl_robot, stem_02, stem_01)
[STEP 13]: detect(brl_robot, stem_01)
[STEP 14]: navigate(brl_robot, stem_01, dock_station)
[STEP 15]: navigate(brl_robot, dock_station, stem_02)
[STEP 16]: detect(brl_robot, stem_02)
[STEP 17]: detect(brl_robot, stem_02)
[STEP 18]: detect(brl_robot, stem_02)
[STEP 19]: detect(brl_robot, stem_02)
[STEP 20]: detect(brl_robot, stem_02)
[STEP 21]: detect(brl_robot, stem_02)
[STEP 22]: detect(brl_robot, stem_02)
[STEP 23]: detect(brl_robot, stem_02)
[STEP 24]: navigate(brl_robot, stem_02, stem_01)
[STEP 25]: detect(brl_robot, stem_01)
[STEP 26]: detect(brl_robot, stem_01)
[STEP 27]: pick(brl_robot, tomato1, stem_01)
[STEP 28]: scan(brl_robot, tomato1)
[STEP 29]: place(brl_robot, tomato1)
=============Final Knowledge=============
at(tomato4,stem_02)
discarded(tomato2)
handempty(brl_robot)
loaded(tomato1,brl_robot)
loaded(tomato3,brl_robot)
located(brl_robot,stem_01)
location(dock_station)
location(stem_01)
location(stem_02)
observed(tomato1)
observed(tomato2)
observed(tomato3)
observed(tomato4)
ripe(tomato1)
ripe(tomato3)
robot(brl_robot)
rotten(tomato2)
scanned(tomato1)
scanned(tomato2)
scanned(tomato3)
stem(stem_01)
stem(stem_02)
tomato(tomato1)
tomato(tomato2)
tomato(tomato3)
tomato(tomato4)
unripe(tomato4)
=============Query=============
Total Query 3
=============Action Schema Summary=============
detect: actions=12, questions=2, expected_questions_per_action=0.1667
discard: actions=1, questions=0, expected_questions_per_action=0.0000
navigate: actions=8, questions=0, expected_questions_per_action=0.0000
pick: actions=3, questions=1, expected_questions_per_action=0.3333
place: actions=2, questions=0, expected_questions_per_action=0.0000
scan: actions=3, questions=0, expected_questions_per_action=0.0000
=============Log File=============
/home/changmin/PyProject/00_BRL-CF/experiments_logs/system_log/e1_threshold/tomato/scene_01_step50/ours/oracle/tau_0-1/exp_tomato_20260803_201403_489674.txt
