Step: 1
[POMCP] applicable values:
        navigate(brl_robot, dock_station, stem_01): 0.8549625774930092
        navigate(brl_robot, dock_station, stem_02): 1.403572768368681

[POMCP] Selected: navigate(brl_robot, dock_station, stem_02)
[POMCP] Average simulation time:  0.0075
[POMCP] Average select time:  0.0
[Planner] Selected action: navigate(brl_robot, dock_station, stem_02)
[Planner] Observation:  ['located(brl_robot,stem_02)']
    [Feedback] method=ours, confidence=0.9520, threshold=0.1000, trigger=False
    [Planner] Updated confidence: 0.9520435064976909
    [Belief Diff]
      + add (1): located(brl_robot,stem_02)
      - del (1): located(brl_robot,dock_station)
[TIME] step_total=0.7483s (search=0.7478s, execute=0.0002s, update=0.0001s, interaction=0.0000s, pruning=0.0001s, overhead=0.0001s)
==================

Step: 2
[POMCP] applicable values:
        navigate(brl_robot, stem_02, dock_station): 1.3124135813272229
        navigate(brl_robot, stem_02, stem_01): 1.5028453801253734
        detect(brl_robot, stem_02): 0.9796886685606071

[POMCP] Selected: navigate(brl_robot, stem_02, stem_01)
[POMCP] Average simulation time:  0.0075
[POMCP] Average select time:  0.0
[Planner] Selected action: navigate(brl_robot, stem_02, stem_01)
[Planner] Observation:  ['located(brl_robot,dock_station)']
    [Feedback] method=ours, confidence=0.2887, threshold=0.1000, trigger=False
    [Planner] Updated confidence: 0.2887036775266215
    [Belief Diff]
      + add (1): located(brl_robot,dock_station)
      - del (1): located(brl_robot,stem_02)
[TIME] step_total=0.7542s (search=0.7533s, execute=0.0001s, update=0.0001s, interaction=0.0000s, pruning=0.0005s, overhead=0.0001s)
==================

Step: 3
[POMCP] applicable values:
        navigate(brl_robot, dock_station, stem_01): 0.0
        navigate(brl_robot, dock_station, stem_02): 1.8445580067673821

[POMCP] Selected: navigate(brl_robot, dock_station, stem_02)
[POMCP] Average simulation time:  0.0075
[POMCP] Average select time:  0.0
[Planner] Selected action: navigate(brl_robot, dock_station, stem_02)
[Planner] Observation:  ['located(brl_robot,stem_02)']
    [Feedback] method=ours, confidence=0.9638, threshold=0.1000, trigger=False
    [Planner] Updated confidence: 0.9637767851708516
    [Belief Diff]
      + add (1): located(brl_robot,stem_02)
      - del (1): located(brl_robot,dock_station)
[TIME] step_total=0.7475s (search=0.7470s, execute=0.0001s, update=0.0001s, interaction=0.0000s, pruning=0.0001s, overhead=0.0001s)
==================

Step: 4
[POMCP] applicable values:
        navigate(brl_robot, stem_02, dock_station): 0.0
        navigate(brl_robot, stem_02, stem_01): 1.6728865538672353
        detect(brl_robot, stem_02): 1.9571382155350407

[POMCP] Selected: detect(brl_robot, stem_02)
[POMCP] Average simulation time:  0.0086
[POMCP] Average select time:  0.0
[Planner] Selected action: detect(brl_robot, stem_02)
[Planner] Observation:  ['observed(tomato3)', 'observed(tomato4)', 'ripe(tomato3)', 'unripe(tomato4)']
    [Feedback] method=ours, confidence=0.3080, threshold=0.1000, trigger=False
    [Planner] Updated confidence: 0.3080362254950697
    [Belief Diff]
      + add (6): at(tomato3,stem_02), at(tomato4,stem_02), observed(tomato3), observed(tomato4), ripe(tomato3), unripe(tomato4)
      - del (0): -
[TIME] step_total=0.8674s (search=0.8628s, execute=0.0005s, update=0.0033s, interaction=0.0001s, pruning=0.0007s, overhead=0.0001s)
==================

Step: 5
[POMCP] applicable values:
        navigate(brl_robot, stem_02, dock_station): 0.0
        navigate(brl_robot, stem_02, stem_01): 0.7721520502662551
        detect(brl_robot, stem_02): 1.615914002348241
        pick(brl_robot, tomato3, stem_02): 5.353932320384006

[POMCP] Selected: pick(brl_robot, tomato3, stem_02)
[POMCP] Average simulation time:  0.0097
[POMCP] Average select time:  0.0
[Planner] Selected action: pick(brl_robot, tomato3, stem_02)
[Planner] Observation:  ['holding(brl_robot,tomato3)', 'holded(tomato3,brl_robot)']
    [Feedback] method=ours, confidence=0.9956, threshold=0.1000, trigger=False
    [Planner] Updated confidence: 0.9956327662262046
    [Belief Diff]
      + add (2): holding(brl_robot,tomato3), holded(tomato3,brl_robot)
      - del (2): handempty(brl_robot), at(tomato3,stem_02)
[TIME] step_total=0.9661s (search=0.9656s, execute=0.0001s, update=0.0001s, interaction=0.0000s, pruning=0.0001s, overhead=0.0001s)
==================

Step: 6
[POMCP] applicable values:
        scan(brl_robot, tomato3): 5.897064569197197
        place(brl_robot, tomato3): 0.0
        discard(brl_robot, tomato3): 0.0

[POMCP] Selected: scan(brl_robot, tomato3)
[POMCP] Average simulation time:  0.011
[POMCP] Average select time:  0.0
[Planner] Selected action: scan(brl_robot, tomato3)
[Planner] Observation:  ['ripe(tomato3)']
    [Feedback] method=ours, confidence=0.5056, threshold=0.1000, trigger=False
    [Planner] Updated confidence: 0.5055662263250451
    [Belief Diff]
      + add (1): scanned(tomato3)
      - del (0): -
[TIME] step_total=1.1030s (search=1.1024s, execute=0.0001s, update=0.0001s, interaction=0.0000s, pruning=0.0003s, overhead=0.0001s)
==================

Step: 7
[POMCP] applicable values:
        scan(brl_robot, tomato3): 0.0
        place(brl_robot, tomato3): 6.1922097670972684
        discard(brl_robot, tomato3): 0.0

[POMCP] Selected: place(brl_robot, tomato3)
[POMCP] Average simulation time:  0.0109
[POMCP] Average select time:  0.0
[Planner] Selected action: place(brl_robot, tomato3)
[Planner] Observation:  ['loaded(tomato3,brl_robot)', 'handempty(brl_robot)']
    [Feedback] method=ours, confidence=0.9996, threshold=0.1000, trigger=False
    [Planner] Updated confidence: 0.9996379499357103
    [Belief Diff]
      + add (2): loaded(tomato3,brl_robot), handempty(brl_robot)
      - del (2): holding(brl_robot,tomato3), holded(tomato3,brl_robot)
[TIME] step_total=1.0952s (search=1.0948s, execute=0.0002s, update=0.0001s, interaction=0.0000s, pruning=0.0001s, overhead=0.0001s)
==================

Step: 8
[POMCP] applicable values:
        navigate(brl_robot, stem_02, dock_station): 0.0
        navigate(brl_robot, stem_02, stem_01): 0.0
        detect(brl_robot, stem_02): 1.6780948335334327

[POMCP] Selected: detect(brl_robot, stem_02)
[POMCP] Average simulation time:  0.0111
[POMCP] Average select time:  0.0
[Planner] Selected action: detect(brl_robot, stem_02)
[Planner] Observation:  ['observed(tomato4)', 'unripe(tomato4)']
    [Feedback] method=ours, confidence=0.1152, threshold=0.1000, trigger=False
    [Planner] Updated confidence: 0.1151697855567062
    [Belief Diff]
      + add (0): -
      - del (0): -
[TIME] step_total=1.1123s (search=1.1060s, execute=0.0025s, update=0.0028s, interaction=0.0000s, pruning=0.0009s, overhead=0.0001s)
==================

Step: 9
[POMCP] applicable values:
        navigate(brl_robot, stem_02, dock_station): 0.0
        navigate(brl_robot, stem_02, stem_01): 1.776883026161289
        detect(brl_robot, stem_02): 0.5403600876626368

[POMCP] Selected: navigate(brl_robot, stem_02, stem_01)
[POMCP] Average simulation time:  0.0105
[POMCP] Average select time:  0.0
[Planner] Selected action: navigate(brl_robot, stem_02, stem_01)
[Planner] Observation:  ['located(brl_robot,stem_01)']
    [Feedback] method=ours, confidence=0.9395, threshold=0.1000, trigger=False
    [Planner] Updated confidence: 0.9395243247468777
    [Belief Diff]
      + add (1): located(brl_robot,stem_01)
      - del (1): located(brl_robot,stem_02)
[TIME] step_total=1.0498s (search=1.0493s, execute=0.0002s, update=0.0001s, interaction=0.0000s, pruning=0.0001s, overhead=0.0001s)
==================

Step: 10
[POMCP] applicable values:
        navigate(brl_robot, stem_01, dock_station): 1.009645769204231
        navigate(brl_robot, stem_01, stem_02): 0.0
        detect(brl_robot, stem_01): 1.8813602016333302

[POMCP] Selected: detect(brl_robot, stem_01)
[POMCP] Average simulation time:  0.0119
[POMCP] Average select time:  0.0
[Planner] Selected action: detect(brl_robot, stem_01)
[Planner] Observation:  ['observed(tomato1)', 'observed(tomato2)', 'ripe(tomato1)', 'ripe(tomato2)']
    [Feedback] method=ours, confidence=0.4001, threshold=0.1000, trigger=False
    [Planner] Updated confidence: 0.4000540638475707
    [Belief Diff]
      + add (6): at(tomato1,stem_01), at(tomato2,stem_01), observed(tomato1), observed(tomato2), ripe(tomato1), ripe(tomato2)
      - del (0): -
[TIME] step_total=1.1976s (search=1.1916s, execute=0.0023s, update=0.0029s, interaction=0.0001s, pruning=0.0005s, overhead=0.0001s)
==================

Step: 11
[POMCP] applicable values:
        navigate(brl_robot, stem_01, dock_station): 1.4220002306911494
        navigate(brl_robot, stem_01, stem_02): 2.6471453125
        detect(brl_robot, stem_01): 0.0
        pick(brl_robot, tomato1, stem_01): 5.895068358229934
        pick(brl_robot, tomato2, stem_01): 0.0

[POMCP] Selected: pick(brl_robot, tomato1, stem_01)
[POMCP] Average simulation time:  0.0087
[POMCP] Average select time:  0.0
[Planner] Selected action: pick(brl_robot, tomato1, stem_01)
[Planner] Observation:  ['holding(brl_robot,tomato1)', 'holded(tomato1,brl_robot)']
    [Feedback] method=ours, confidence=0.9972, threshold=0.1000, trigger=False
    [Planner] Updated confidence: 0.997152544491885
    [Belief Diff]
      + add (2): holding(brl_robot,tomato1), holded(tomato1,brl_robot)
      - del (2): at(tomato1,stem_01), handempty(brl_robot)
[TIME] step_total=0.8720s (search=0.8716s, execute=0.0001s, update=0.0001s, interaction=0.0000s, pruning=0.0001s, overhead=0.0001s)
==================

Step: 12
[POMCP] applicable values:
        scan(brl_robot, tomato1): 7.848873805878125
        place(brl_robot, tomato1): 0.0
        discard(brl_robot, tomato1): 3.151247048623046

[POMCP] Selected: scan(brl_robot, tomato1)
[POMCP] Average simulation time:  0.0092
[POMCP] Average select time:  0.0
[Planner] Selected action: scan(brl_robot, tomato1)
[Planner] Observation:  ['ripe(tomato1)']
    [Feedback] method=ours, confidence=0.4064, threshold=0.1000, trigger=False
    [Planner] Updated confidence: 0.4064390630639716
    [Belief Diff]
      + add (1): scanned(tomato1)
      - del (0): -
[TIME] step_total=0.9186s (search=0.9178s, execute=0.0001s, update=0.0001s, interaction=0.0000s, pruning=0.0005s, overhead=0.0001s)
==================

Step: 13
[POMCP] applicable values:
        scan(brl_robot, tomato1): 5.227221084818164
        place(brl_robot, tomato1): 9.149709112499917
        discard(brl_robot, tomato1): 0.0

[POMCP] Selected: place(brl_robot, tomato1)
[POMCP] Average simulation time:  0.0102
[POMCP] Average select time:  0.0
[Planner] Selected action: place(brl_robot, tomato1)
[Planner] Observation:  ['loaded(tomato1,brl_robot)', 'handempty(brl_robot)']
    [Feedback] method=ours, confidence=0.9993, threshold=0.1000, trigger=False
    [Planner] Updated confidence: 0.9992739852642984
    [Belief Diff]
      + add (2): loaded(tomato1,brl_robot), handempty(brl_robot)
      - del (2): holding(brl_robot,tomato1), holded(tomato1,brl_robot)
[TIME] step_total=1.0237s (search=1.0232s, execute=0.0002s, update=0.0001s, interaction=0.0000s, pruning=0.0001s, overhead=0.0001s)
==================

Step: 14
[POMCP] applicable values:
        navigate(brl_robot, stem_01, dock_station): 1.3709346270080809
        navigate(brl_robot, stem_01, stem_02): 0.8809217139507515
        detect(brl_robot, stem_01): 0.0
        pick(brl_robot, tomato2, stem_01): 5.7097891935855385

[POMCP] Selected: pick(brl_robot, tomato2, stem_01)
[POMCP] Average simulation time:  0.0104
[POMCP] Average select time:  0.0
[Planner] Selected action: pick(brl_robot, tomato2, stem_01)
[Planner] Observation:  ['holding(brl_robot,tomato2)', 'holded(tomato2,brl_robot)']
    [Feedback] method=ours, confidence=0.9967, threshold=0.1000, trigger=False
    [Planner] Updated confidence: 0.9967144648443755
    [Belief Diff]
      + add (2): holding(brl_robot,tomato2), holded(tomato2,brl_robot)
      - del (2): at(tomato2,stem_01), handempty(brl_robot)
[TIME] step_total=1.0392s (search=1.0386s, execute=0.0002s, update=0.0001s, interaction=0.0000s, pruning=0.0002s, overhead=0.0001s)
==================

Step: 15
[POMCP] applicable values:
        scan(brl_robot, tomato2): 6.524347351627308
        place(brl_robot, tomato2): 0.0
        discard(brl_robot, tomato2): 0.0

[POMCP] Selected: scan(brl_robot, tomato2)
[POMCP] Average simulation time:  0.0112
[POMCP] Average select time:  0.0
[Planner] Selected action: scan(brl_robot, tomato2)
[Planner] Observation:  ['rotten(tomato2)']
    [Feedback] method=ours, confidence=0.8372, threshold=0.1000, trigger=False
    [Planner] Updated confidence: 0.8372181934802386
    [Belief Diff]
      + add (2): rotten(tomato2), scanned(tomato2)
      - del (1): ripe(tomato2)
[TIME] step_total=1.1185s (search=1.1171s, execute=0.0001s, update=0.0001s, interaction=0.0000s, pruning=0.0010s, overhead=0.0001s)
==================

Step: 16
[POMCP] applicable values:
        scan(brl_robot, tomato2): 2.25625
        discard(brl_robot, tomato2): 7.461750602954818

[POMCP] Selected: discard(brl_robot, tomato2)
[POMCP] Average simulation time:  0.0119
[POMCP] Average select time:  0.0
[Planner] Selected action: discard(brl_robot, tomato2)
[Planner] Observation:  ['discarded(tomato2)', 'handempty(brl_robot)']
    [Feedback] method=ours, confidence=0.9988, threshold=0.1000, trigger=False
    [Planner] Updated confidence: 0.998801247101224
    [Belief Diff]
      + add (2): discarded(tomato2), handempty(brl_robot)
      - del (2): holding(brl_robot,tomato2), holded(tomato2,brl_robot)
[TIME] step_total=1.1899s (search=1.1895s, execute=0.0002s, update=0.0001s, interaction=0.0000s, pruning=0.0000s, overhead=0.0001s)
[TIME SUMMARY]
avg search: 0.9862s
avg execute: 0.0005s
avg update: 0.0006s
avg interaction: 0.0000s
avg pruning: 0.0003s
avg step wall: 0.9877s
total wall clock: 15.8034s
=============Action Log=============
[STEP 1]: navigate(brl_robot, dock_station, stem_02)
[STEP 2]: navigate(brl_robot, stem_02, stem_01)
[STEP 3]: navigate(brl_robot, dock_station, stem_02)
[STEP 4]: detect(brl_robot, stem_02)
[STEP 5]: pick(brl_robot, tomato3, stem_02)
[STEP 6]: scan(brl_robot, tomato3)
[STEP 7]: place(brl_robot, tomato3)
[STEP 8]: detect(brl_robot, stem_02)
[STEP 9]: navigate(brl_robot, stem_02, stem_01)
[STEP 10]: detect(brl_robot, stem_01)
[STEP 11]: pick(brl_robot, tomato1, stem_01)
[STEP 12]: scan(brl_robot, tomato1)
[STEP 13]: place(brl_robot, tomato1)
[STEP 14]: pick(brl_robot, tomato2, stem_01)
[STEP 15]: scan(brl_robot, tomato2)
[STEP 16]: discard(brl_robot, tomato2)
=============Final Knowledge=============
at(tomato4,stem_02)
discarded(tomato2)
handempty(brl_robot)
loaded(tomato1,brl_robot)
loaded(tomato3,brl_robot)
located(brl_robot,stem_01)
location(dock_station)
location(stem_01)
location(stem_02)
observed(tomato1)
observed(tomato2)
observed(tomato3)
observed(tomato4)
ripe(tomato1)
ripe(tomato3)
robot(brl_robot)
rotten(tomato2)
scanned(tomato1)
scanned(tomato2)
scanned(tomato3)
stem(stem_01)
stem(stem_02)
tomato(tomato1)
tomato(tomato2)
tomato(tomato3)
tomato(tomato4)
unripe(tomato4)
=============Query=============
Total Query 0
=============Action Schema Summary=============
detect: actions=3, questions=0, expected_questions_per_action=0.0000
discard: actions=1, questions=0, expected_questions_per_action=0.0000
navigate: actions=4, questions=0, expected_questions_per_action=0.0000
pick: actions=3, questions=0, expected_questions_per_action=0.0000
place: actions=2, questions=0, expected_questions_per_action=0.0000
scan: actions=3, questions=0, expected_questions_per_action=0.0000
=============Log File=============
/home/changmin/PyProject/00_BRL-CF/experiments_logs/system_log/e1_threshold/tomato/scene_01_step50/ours/oracle/tau_0-1/exp_tomato_20260803_200404_554889.txt
