Step: 1
[POMCP] applicable values:
        navigate(brl_robot, dock_station, stem_01): 0.4181203352191771
        navigate(brl_robot, dock_station, stem_02): 1.2656947362370152

[POMCP] Selected: navigate(brl_robot, dock_station, stem_02)
[POMCP] Average simulation time:  0.0075
[POMCP] Average select time:  0.0
[Planner] Selected action: navigate(brl_robot, dock_station, stem_02)
[Planner] Observation:  ['located(brl_robot,stem_02)']
    [Feedback] method=ours-random-when, confidence=0.9377, threshold=0.8000, trigger=True
    [Planner] Current confidence: 0.9376588060566771
    [Query] Q: located(brl_robot,stem_02) is True?
    [Query] T: located(brl_robot,stem_02)=True?
    [Query] A: True
    [Planner] Reduced 3 --> 1
    [Planner] Updated confidence: 1.0
    [Belief Diff]
      + add (1): located(brl_robot,stem_02)
      - del (1): located(brl_robot,dock_station)
[TIME] step_total=0.7524s (search=0.7497s, execute=0.0002s, update=0.0002s, interaction=0.0021s, pruning=0.0002s, overhead=0.0001s)
==================

Step: 2
[POMCP] applicable values:
        navigate(brl_robot, stem_02, dock_station): 1.5434295809093554
        navigate(brl_robot, stem_02, stem_01): 1.967617851216681
        detect(brl_robot, stem_02): 0.0

[POMCP] Selected: navigate(brl_robot, stem_02, stem_01)
[POMCP] Average simulation time:  0.0086
[POMCP] Average select time:  0.0
[Planner] Selected action: navigate(brl_robot, stem_02, stem_01)
[Planner] Observation:  ['located(brl_robot,stem_01)']
    [Feedback] method=ours-random-when, confidence=0.9240, threshold=0.8000, trigger=True
    [Planner] Current confidence: 0.9240250758526429
    [Query] Q: located(brl_robot,stem_01) is True?
    [Query] T: located(brl_robot,stem_01)=True?
    [Query] A: True
    [Planner] Reduced 3 --> 1
    [Planner] Updated confidence: 1.0
    [Belief Diff]
      + add (1): located(brl_robot,stem_01)
      - del (1): located(brl_robot,stem_02)
[TIME] step_total=0.8579s (search=0.8567s, execute=0.0002s, update=0.0001s, interaction=0.0002s, pruning=0.0006s, overhead=0.0001s)
==================

Step: 3
[POMCP] applicable values:
        navigate(brl_robot, stem_01, dock_station): 0.0
        navigate(brl_robot, stem_01, stem_02): 0.8127916318592161
        detect(brl_robot, stem_01): 2.092955202038959

[POMCP] Selected: detect(brl_robot, stem_01)
[POMCP] Average simulation time:  0.0087
[POMCP] Average select time:  0.0
[Planner] Selected action: detect(brl_robot, stem_01)
[Planner] Observation:  ['observed(tomato1)', 'observed(tomato2)', 'ripe(tomato1)', 'ripe(tomato2)']
    [Feedback] method=ours-random-when, confidence=0.1706, threshold=0.8000, trigger=False
    [Planner] Updated confidence: 0.17063563768598633
    [Belief Diff]
      + add (6): at(tomato1,stem_01), at(tomato2,stem_01), observed(tomato1), observed(tomato2), ripe(tomato1), ripe(tomato2)
      - del (0): -
[TIME] step_total=0.8780s (search=0.8729s, execute=0.0005s, update=0.0035s, interaction=0.0001s, pruning=0.0009s, overhead=0.0001s)
==================

Step: 4
[POMCP] applicable values:
        navigate(brl_robot, stem_01, dock_station): 1.922193794735545
        navigate(brl_robot, stem_01, stem_02): 1.0453008380479427
        detect(brl_robot, stem_01): 0.0
        pick(brl_robot, tomato1, stem_01): 0.0
        pick(brl_robot, tomato2, stem_01): 5.30653797365724

[POMCP] Selected: pick(brl_robot, tomato2, stem_01)
[POMCP] Average simulation time:  0.0093
[POMCP] Average select time:  0.0
[Planner] Selected action: pick(brl_robot, tomato2, stem_01)
[Planner] Observation:  []
    [Feedback] method=ours-random-when, confidence=0.7136, threshold=0.8000, trigger=True
    [Planner] Current confidence: 0.7136318952664279
    [Query] Q: at(tomato2,stem_01) is True?
    [Query] T: at(tomato2,stem_01)=True?
    [Query] A: False
    [Planner] Reduced 2 --> 1
    [Planner] Updated confidence: 1.0
    [Belief Diff]
      + add (2): holding(brl_robot,tomato2), holded(tomato2,brl_robot)
      - del (2): at(tomato2,stem_01), handempty(brl_robot)
[TIME] step_total=0.9313s (search=0.9307s, execute=0.0002s, update=0.0001s, interaction=0.0003s, pruning=0.0000s, overhead=0.0001s)
[TIME SUMMARY]
avg search: 0.8525s
avg execute: 0.0003s
avg update: 0.0010s
avg interaction: 0.0007s
avg pruning: 0.0004s
avg step wall: 0.8549s
total wall clock: 3.4196s
=============Action Log=============
[STEP 1]: navigate(brl_robot, dock_station, stem_02)
[STEP 2]: navigate(brl_robot, stem_02, stem_01)
[STEP 3]: detect(brl_robot, stem_01)
[STEP 4]: pick(brl_robot, tomato2, stem_01)
=============Final Knowledge=============
at(tomato1,stem_01)
holded(tomato2,brl_robot)
holding(brl_robot,tomato2)
located(brl_robot,stem_01)
location(dock_station)
location(stem_01)
location(stem_02)
observed(tomato1)
observed(tomato2)
ripe(tomato1)
ripe(tomato2)
robot(brl_robot)
stem(stem_01)
stem(stem_02)
tomato(tomato1)
tomato(tomato2)
tomato(tomato3)
tomato(tomato4)
=============Query=============
Total Query 3
=============Action Schema Summary=============
detect: actions=1, questions=0, expected_questions_per_action=0.0000
navigate: actions=2, questions=2, expected_questions_per_action=1.0000
pick: actions=1, questions=1, expected_questions_per_action=1.0000
=============Log File=============
/home/changmin/PyProject/00_BRL-CF/experiments_logs/system_log/e2_ablation/tomato/scene_05_step50/ours-random-when/oracle/exp_tomato_20260804_133449_195833.txt
