Step: 1
[POMCP] applicable values:
        navigate(brl_robot, dock_station, stem_01): 1.486525565148591
        navigate(brl_robot, dock_station, stem_02): 0.0

[POMCP] Selected: navigate(brl_robot, dock_station, stem_01)
[POMCP] Average simulation time:  0.0079
[POMCP] Average select time:  0.0
[Planner] Selected action: navigate(brl_robot, dock_station, stem_01)
[Planner] Observation:  ['located(brl_robot,stem_01)']
    [Feedback] method=ours-random-when, confidence=0.9575, threshold=0.8000, trigger=False
    [Planner] Updated confidence: 0.9574927557129161
    [Belief Diff]
      + add (1): located(brl_robot,stem_01)
      - del (1): located(brl_robot,dock_station)
[TIME] step_total=0.7862s (search=0.7857s, execute=0.0002s, update=0.0002s, interaction=0.0001s, pruning=0.0001s, overhead=0.0001s)
==================

Step: 2
[POMCP] applicable values:
        navigate(brl_robot, stem_01, dock_station): 0.8461609015240714
        navigate(brl_robot, stem_01, stem_02): 0.910556401737723
        detect(brl_robot, stem_01): 1.9745454826978546

[POMCP] Selected: detect(brl_robot, stem_01)
[POMCP] Average simulation time:  0.0088
[POMCP] Average select time:  0.0
[Planner] Selected action: detect(brl_robot, stem_01)
[Planner] Observation:  ['observed(tomato1)', 'observed(tomato2)', 'ripe(tomato1)', 'unripe(tomato2)']
    [Feedback] method=ours-random-when, confidence=0.2786, threshold=0.8000, trigger=False
    [Planner] Updated confidence: 0.27859720945915556
    [Belief Diff]
      + add (6): at(tomato1,stem_01), at(tomato2,stem_01), observed(tomato1), observed(tomato2), ripe(tomato1), unripe(tomato2)
      - del (0): -
[TIME] step_total=0.8917s (search=0.8837s, execute=0.0008s, update=0.0058s, interaction=0.0001s, pruning=0.0012s, overhead=0.0001s)
==================

Step: 3
[POMCP] applicable values:
        navigate(brl_robot, stem_01, dock_station): 0.5226504190239714
        navigate(brl_robot, stem_01, stem_02): 1.2096915195355167
        detect(brl_robot, stem_01): 1.7120012890439473
        pick(brl_robot, tomato1, stem_01): 0.0

[POMCP] Selected: detect(brl_robot, stem_01)
[POMCP] Average simulation time:  0.0083
[POMCP] Average select time:  0.0
[Planner] Selected action: detect(brl_robot, stem_01)
[Planner] Observation:  ['observed(tomato1)', 'observed(tomato2)', 'ripe(tomato1)', 'unripe(tomato2)']
    [Feedback] method=ours-random-when, confidence=0.1380, threshold=0.8000, trigger=False
    [Planner] Updated confidence: 0.1379971493427723
    [Belief Diff]
      + add (0): -
      - del (0): -
[TIME] step_total=0.8308s (search=0.8275s, execute=0.0005s, update=0.0022s, interaction=0.0000s, pruning=0.0004s, overhead=0.0001s)
==================

Step: 4
[POMCP] applicable values:
        navigate(brl_robot, stem_01, dock_station): 1.08558121583463
        navigate(brl_robot, stem_01, stem_02): 1.4909083223445836
        detect(brl_robot, stem_01): 1.2396450776402739
        pick(brl_robot, tomato1, stem_01): 4.548511227838593

[POMCP] Selected: pick(brl_robot, tomato1, stem_01)
[POMCP] Average simulation time:  0.0088
[POMCP] Average select time:  0.0
[Planner] Selected action: pick(brl_robot, tomato1, stem_01)
[Planner] Observation:  ['handempty(brl_robot)']
    [Feedback] method=ours-random-when, confidence=0.0511, threshold=0.8000, trigger=False
    [Planner] Updated confidence: 0.051125091788357446
    [Belief Diff]
      + add (0): -
      - del (0): -
[TIME] step_total=0.8804s (search=0.8798s, execute=0.0002s, update=0.0001s, interaction=0.0000s, pruning=0.0003s, overhead=0.0001s)
==================

Step: 5
[POMCP] applicable values:
        navigate(brl_robot, stem_01, dock_station): 0.8729216201171873
        navigate(brl_robot, stem_01, stem_02): 1.721371940577344
        detect(brl_robot, stem_01): 1.8366628673067198
        pick(brl_robot, tomato1, stem_01): 0.6620238640970304

[POMCP] Selected: detect(brl_robot, stem_01)
[POMCP] Average simulation time:  0.0081
[POMCP] Average select time:  0.0
[Planner] Selected action: detect(brl_robot, stem_01)
[Planner] Observation:  ['observed(tomato1)', 'observed(tomato2)', 'unripe(tomato1)', 'unripe(tomato2)']
    [Feedback] method=ours-random-when, confidence=0.0808, threshold=0.8000, trigger=False
    [Planner] Updated confidence: 0.08075431514620368
    [Belief Diff]
      + add (1): unripe(tomato1)
      - del (1): ripe(tomato1)
[TIME] step_total=0.8119s (search=0.8084s, execute=0.0006s, update=0.0022s, interaction=0.0001s, pruning=0.0006s, overhead=0.0001s)
==================

Step: 6
[POMCP] applicable values:
        navigate(brl_robot, stem_01, dock_station): 0.5987369392383788
        navigate(brl_robot, stem_01, stem_02): 0.0
        detect(brl_robot, stem_01): 2.086351484775313

[POMCP] Selected: detect(brl_robot, stem_01)
[POMCP] Average simulation time:  0.0087
[POMCP] Average select time:  0.0
[Planner] Selected action: detect(brl_robot, stem_01)
[Planner] Observation:  ['observed(tomato1)', 'observed(tomato2)', 'ripe(tomato1)', 'unripe(tomato2)']
    [Feedback] method=ours-random-when, confidence=0.1798, threshold=0.8000, trigger=False
    [Planner] Updated confidence: 0.17984700700713963
    [Belief Diff]
      + add (1): ripe(tomato1)
      - del (1): unripe(tomato1)
[TIME] step_total=0.8768s (search=0.8734s, execute=0.0005s, update=0.0023s, interaction=0.0001s, pruning=0.0005s, overhead=0.0001s)
==================

Step: 7
[POMCP] applicable values:
        navigate(brl_robot, stem_01, dock_station): 0.0
        navigate(brl_robot, stem_01, stem_02): 0.0
        detect(brl_robot, stem_01): 1.986071592291091
        pick(brl_robot, tomato1, stem_01): 4.9207636957371

[POMCP] Selected: pick(brl_robot, tomato1, stem_01)
[POMCP] Average simulation time:  0.0108
[POMCP] Average select time:  0.0
[Planner] Selected action: pick(brl_robot, tomato1, stem_01)
[Planner] Observation:  ['holding(brl_robot,tomato1)', 'holded(tomato1,brl_robot)']
    [Feedback] method=ours-random-when, confidence=0.9996, threshold=0.8000, trigger=True
    [Planner] Current confidence: 0.9995684406697675
    [Query] Q: at(tomato1,stem_01) is True?
    [Query] T: at(tomato1,stem_01)=True?
    [Query] A: False
    [Planner] Reduced 2 --> 1
    [Planner] Updated confidence: 1.0
    [Belief Diff]
      + add (2): holding(brl_robot,tomato1), holded(tomato1,brl_robot)
      - del (2): at(tomato1,stem_01), handempty(brl_robot)
[TIME] step_total=1.0782s (search=1.0756s, execute=0.0002s, update=0.0001s, interaction=0.0021s, pruning=0.0001s, overhead=0.0001s)
==================

Step: 8
[POMCP] applicable values:
        scan(brl_robot, tomato1): 5.843245816424733
        place(brl_robot, tomato1): 0.0
        discard(brl_robot, tomato1): 2.701800438313184

[POMCP] Selected: scan(brl_robot, tomato1)
[POMCP] Average simulation time:  0.0124
[POMCP] Average select time:  0.0
[Planner] Selected action: scan(brl_robot, tomato1)
[Planner] Observation:  ['rotten(tomato1)']
    [Feedback] method=ours-random-when, confidence=0.6766, threshold=0.8000, trigger=False
    [Planner] Updated confidence: 0.6765664167294905
    [Belief Diff]
      + add (2): rotten(tomato1), scanned(tomato1)
      - del (1): ripe(tomato1)
[TIME] step_total=1.2423s (search=1.2414s, execute=0.0002s, update=0.0001s, interaction=0.0000s, pruning=0.0006s, overhead=0.0001s)
==================

Step: 9
[POMCP] applicable values:
        scan(brl_robot, tomato1): 4.850605621734057
        discard(brl_robot, tomato1): 6.8167640988246605

[POMCP] Selected: discard(brl_robot, tomato1)
[POMCP] Average simulation time:  0.0129
[POMCP] Average select time:  0.0
[Planner] Selected action: discard(brl_robot, tomato1)
[Planner] Observation:  ['discarded(tomato1)', 'handempty(brl_robot)']
    [Feedback] method=ours-random-when, confidence=1.0000, threshold=0.8000, trigger=True
    [Planner] Current confidence: 0.9999604122271617
    [Query] Q: discarded(tomato1) is True?
    [Query] T: discarded(tomato1)=True?
    [Query] A: True
    [Planner] Reduced 2 --> 1
    [Planner] Updated confidence: 1.0
    [Belief Diff]
      + add (2): discarded(tomato1), handempty(brl_robot)
      - del (2): holded(tomato1,brl_robot), holding(brl_robot,tomato1)
[TIME] step_total=1.2951s (search=1.2943s, execute=0.0002s, update=0.0001s, interaction=0.0003s, pruning=0.0002s, overhead=0.0001s)
==================

Step: 10
[POMCP] applicable values:
        navigate(brl_robot, stem_01, dock_station): 0.0
        navigate(brl_robot, stem_01, stem_02): 0.8733434564366785
        detect(brl_robot, stem_01): 2.002044000247325

[POMCP] Selected: detect(brl_robot, stem_01)
[POMCP] Average simulation time:  0.0129
[POMCP] Average select time:  0.0
[Planner] Selected action: detect(brl_robot, stem_01)
[Planner] Observation:  ['observed(tomato2)', 'unripe(tomato2)']
    [Feedback] method=ours-random-when, confidence=0.0618, threshold=0.8000, trigger=True
    [Planner] Current confidence: 0.061794390804994825
    [Query] Q: at(tomato4,stem_01) is True?
    [Query] T: at(tomato4,stem_01)=True?
    [Query] A: False
    [Planner] Reduced 18 --> 6
    [Planner] Current confidence: 0.09951005356601905
    [Query] Q: at(tomato3,stem_01) is True?
    [Query] T: at(tomato3,stem_01)=True?
    [Query] A: False
    [Planner] Reduced 6 --> 2
    [Planner] Current confidence: 0.2568969265026706
    [Query] Q: ripe(tomato2) is True?
    [Query] T: ripe(tomato2)=True?
    [Query] A: False
    [Planner] Reduced 2 --> 1
    [Planner] Updated confidence: 1.0
    [Belief Diff]
      + add (0): -
      - del (0): -
[TIME] step_total=1.3020s (search=1.2937s, execute=0.0026s, update=0.0028s, interaction=0.0013s, pruning=0.0015s, overhead=0.0001s)
==================

Step: 11
[POMCP] applicable values:
        navigate(brl_robot, stem_01, dock_station): 1.3653604288937713
        navigate(brl_robot, stem_01, stem_02): 0.42570203286014346
        detect(brl_robot, stem_01): 1.3643937153550043

[POMCP] Selected: navigate(brl_robot, stem_01, dock_station)
[POMCP] Average simulation time:  0.0111
[POMCP] Average select time:  0.0
[Planner] Selected action: navigate(brl_robot, stem_01, dock_station)
[Planner] Observation:  ['located(brl_robot,dock_station)']
    [Feedback] method=ours-random-when, confidence=0.9681, threshold=0.8000, trigger=True
    [Planner] Current confidence: 0.9680680578218157
    [Query] Q: located(brl_robot,dock_station) is True?
    [Query] T: located(brl_robot,dock_station)=True?
    [Query] A: True
    [Planner] Reduced 3 --> 1
    [Planner] Updated confidence: 1.0
    [Belief Diff]
      + add (1): located(brl_robot,dock_station)
      - del (1): located(brl_robot,stem_01)
[TIME] step_total=1.1078s (search=1.1069s, execute=0.0002s, update=0.0001s, interaction=0.0003s, pruning=0.0002s, overhead=0.0001s)
==================

Step: 12
[POMCP] applicable values:
        navigate(brl_robot, dock_station, stem_01): 1.7476065200172686
        navigate(brl_robot, dock_station, stem_02): 1.2890080178672743

[POMCP] Selected: navigate(brl_robot, dock_station, stem_01)
[POMCP] Average simulation time:  0.0119
[POMCP] Average select time:  0.0
[Planner] Selected action: navigate(brl_robot, dock_station, stem_01)
[Planner] Observation:  ['located(brl_robot,stem_01)']
    [Feedback] method=ours-random-when, confidence=0.9513, threshold=0.8000, trigger=True
    [Planner] Current confidence: 0.951287016229169
    [Query] Q: located(brl_robot,stem_01) is True?
    [Query] T: located(brl_robot,stem_01)=True?
    [Query] A: True
    [Planner] Reduced 3 --> 1
    [Planner] Updated confidence: 1.0
    [Belief Diff]
      + add (1): located(brl_robot,stem_01)
      - del (1): located(brl_robot,dock_station)
[TIME] step_total=1.1867s (search=1.1857s, execute=0.0002s, update=0.0001s, interaction=0.0003s, pruning=0.0003s, overhead=0.0001s)
==================

Step: 13
[POMCP] applicable values:
        navigate(brl_robot, stem_01, dock_station): 0.6289226708921787
        navigate(brl_robot, stem_01, stem_02): 0.0
        detect(brl_robot, stem_01): 2.149613168167261

[POMCP] Selected: detect(brl_robot, stem_01)
[POMCP] Average simulation time:  0.0124
[POMCP] Average select time:  0.0
[Planner] Selected action: detect(brl_robot, stem_01)
[Planner] Observation:  ['observed(tomato2)', 'unripe(tomato2)']
    [Feedback] method=ours-random-when, confidence=0.0772, threshold=0.8000, trigger=False
    [Planner] Updated confidence: 0.0771860620184126
    [Belief Diff]
      + add (0): -
      - del (0): -
[TIME] step_total=1.2443s (search=1.2375s, execute=0.0026s, update=0.0028s, interaction=0.0000s, pruning=0.0014s, overhead=0.0001s)
==================

Step: 14
[POMCP] applicable values:
        navigate(brl_robot, stem_01, dock_station): 0.0
        navigate(brl_robot, stem_01, stem_02): 0.0
        detect(brl_robot, stem_01): 1.572080987999543

[POMCP] Selected: detect(brl_robot, stem_01)
[POMCP] Average simulation time:  0.0121
[POMCP] Average select time:  0.0
[Planner] Selected action: detect(brl_robot, stem_01)
[Planner] Observation:  ['observed(tomato2)', 'ripe(tomato2)']
    [Feedback] method=ours-random-when, confidence=0.0051, threshold=0.8000, trigger=False
    [Planner] Updated confidence: 0.005065000508794992
    [Belief Diff]
      + add (1): ripe(tomato2)
      - del (1): unripe(tomato2)
[TIME] step_total=1.2195s (search=1.2132s, execute=0.0029s, update=0.0028s, interaction=0.0000s, pruning=0.0005s, overhead=0.0001s)
==================

Step: 15
[POMCP] applicable values:
        navigate(brl_robot, stem_01, dock_station): 1.1624995011926063
        navigate(brl_robot, stem_01, stem_02): 1.1281745602134956
        detect(brl_robot, stem_01): 0.0
        pick(brl_robot, tomato2, stem_01): 0.0

[POMCP] Selected: navigate(brl_robot, stem_01, dock_station)
[POMCP] Average simulation time:  0.0115
[POMCP] Average select time:  0.0
[Planner] Selected action: navigate(brl_robot, stem_01, dock_station)
[Planner] Observation:  []
    [Feedback] method=ours-random-when, confidence=0.6410, threshold=0.8000, trigger=False
    [Planner] Updated confidence: 0.6410310556594643
    [Belief Diff]
      + add (1): located(brl_robot,dock_station)
      - del (1): located(brl_robot,stem_01)
[TIME] step_total=1.1529s (search=1.1522s, execute=0.0002s, update=0.0001s, interaction=0.0000s, pruning=0.0002s, overhead=0.0001s)
==================

Step: 16
[POMCP] applicable values:
        navigate(brl_robot, dock_station, stem_01): 0.0
        navigate(brl_robot, dock_station, stem_02): 1.8512873102947731

[POMCP] Selected: navigate(brl_robot, dock_station, stem_02)
[POMCP] Average simulation time:  0.0121
[POMCP] Average select time:  0.0
[Planner] Selected action: navigate(brl_robot, dock_station, stem_02)
[Planner] Observation:  ['located(brl_robot,stem_02)']
    [Feedback] method=ours-random-when, confidence=0.9559, threshold=0.8000, trigger=True
    [Planner] Current confidence: 0.9559032242847857
    [Query] Q: located(brl_robot,stem_02) is True?
    [Query] T: located(brl_robot,stem_02)=True?
    [Query] A: True
    [Planner] Reduced 3 --> 1
    [Planner] Updated confidence: 1.0
    [Belief Diff]
      + add (1): located(brl_robot,stem_02)
      - del (1): located(brl_robot,dock_station)
[TIME] step_total=1.2137s (search=1.2128s, execute=0.0002s, update=0.0001s, interaction=0.0003s, pruning=0.0002s, overhead=0.0001s)
==================

Step: 17
[POMCP] applicable values:
        navigate(brl_robot, stem_02, dock_station): 0.0
        navigate(brl_robot, stem_02, stem_01): 0.0
        detect(brl_robot, stem_02): 2.460424975231335

[POMCP] Selected: detect(brl_robot, stem_02)
[POMCP] Average simulation time:  0.0118
[POMCP] Average select time:  0.0
[Planner] Selected action: detect(brl_robot, stem_02)
[Planner] Observation:  ['observed(tomato3)', 'observed(tomato4)', 'ripe(tomato4)', 'unripe(tomato3)']
    [Feedback] method=ours-random-when, confidence=0.2965, threshold=0.8000, trigger=False
    [Planner] Updated confidence: 0.29649341112175054
    [Belief Diff]
      + add (6): at(tomato3,stem_02), at(tomato4,stem_02), observed(tomato3), observed(tomato4), ripe(tomato4), unripe(tomato3)
      - del (0): -
[TIME] step_total=1.1900s (search=1.1830s, execute=0.0025s, update=0.0031s, interaction=0.0000s, pruning=0.0013s, overhead=0.0001s)
==================

Step: 18
[POMCP] applicable values:
        navigate(brl_robot, stem_02, dock_station): 1.2780028715127811
        navigate(brl_robot, stem_02, stem_01): 3.504142767299395
        detect(brl_robot, stem_02): 0.0
        pick(brl_robot, tomato4, stem_02): 0.0

[POMCP] Selected: navigate(brl_robot, stem_02, stem_01)
[POMCP] Average simulation time:  0.0102
[POMCP] Average select time:  0.0001
[Planner] Selected action: navigate(brl_robot, stem_02, stem_01)
[Planner] Observation:  ['located(brl_robot,stem_01)']
    [Feedback] method=ours-random-when, confidence=0.9518, threshold=0.8000, trigger=False
    [Planner] Updated confidence: 0.9517912483357177
    [Belief Diff]
      + add (1): located(brl_robot,stem_01)
      - del (1): located(brl_robot,stem_02)
[TIME] step_total=1.0217s (search=1.0210s, execute=0.0002s, update=0.0001s, interaction=0.0000s, pruning=0.0002s, overhead=0.0001s)
==================

Step: 19
[POMCP] applicable values:
        navigate(brl_robot, stem_01, dock_station): 0.0
        navigate(brl_robot, stem_01, stem_02): 0.0
        detect(brl_robot, stem_01): 2.6834230025964367
        pick(brl_robot, tomato2, stem_01): 4.990396267158992

[POMCP] Selected: pick(brl_robot, tomato2, stem_01)
[POMCP] Average simulation time:  0.0093
[POMCP] Average select time:  0.0
[Planner] Selected action: pick(brl_robot, tomato2, stem_01)
[Planner] Observation:  ['holding(brl_robot,tomato2)', 'holded(tomato2,brl_robot)']
    [Feedback] method=ours-random-when, confidence=0.9984, threshold=0.8000, trigger=True
    [Planner] Current confidence: 0.9984105653755209
    [Query] Q: at(tomato2,stem_01) is True?
    [Query] T: at(tomato2,stem_01)=True?
    [Query] A: False
    [Planner] Reduced 2 --> 1
    [Planner] Updated confidence: 1.0
    [Belief Diff]
      + add (2): holding(brl_robot,tomato2), holded(tomato2,brl_robot)
      - del (2): handempty(brl_robot), at(tomato2,stem_01)
[TIME] step_total=0.9308s (search=0.9302s, execute=0.0002s, update=0.0001s, interaction=0.0003s, pruning=0.0000s, overhead=0.0001s)
[TIME SUMMARY]
avg search: 1.0635s
avg execute: 0.0008s
avg update: 0.0013s
avg interaction: 0.0003s
avg pruning: 0.0005s
avg step wall: 1.0665s
total wall clock: 20.2631s
=============Action Log=============
[STEP 1]: navigate(brl_robot, dock_station, stem_01)
[STEP 2]: detect(brl_robot, stem_01)
[STEP 3]: detect(brl_robot, stem_01)
[STEP 4]: pick(brl_robot, tomato1, stem_01)
[STEP 5]: detect(brl_robot, stem_01)
[STEP 6]: detect(brl_robot, stem_01)
[STEP 7]: pick(brl_robot, tomato1, stem_01)
[STEP 8]: scan(brl_robot, tomato1)
[STEP 9]: discard(brl_robot, tomato1)
[STEP 10]: detect(brl_robot, stem_01)
[STEP 11]: navigate(brl_robot, stem_01, dock_station)
[STEP 12]: navigate(brl_robot, dock_station, stem_01)
[STEP 13]: detect(brl_robot, stem_01)
[STEP 14]: detect(brl_robot, stem_01)
[STEP 15]: navigate(brl_robot, stem_01, dock_station)
[STEP 16]: navigate(brl_robot, dock_station, stem_02)
[STEP 17]: detect(brl_robot, stem_02)
[STEP 18]: navigate(brl_robot, stem_02, stem_01)
[STEP 19]: pick(brl_robot, tomato2, stem_01)
=============Final Knowledge=============
at(tomato3,stem_02)
at(tomato4,stem_02)
discarded(tomato1)
holded(tomato2,brl_robot)
holding(brl_robot,tomato2)
located(brl_robot,stem_01)
location(dock_station)
location(stem_01)
location(stem_02)
observed(tomato1)
observed(tomato2)
observed(tomato3)
observed(tomato4)
ripe(tomato2)
ripe(tomato4)
robot(brl_robot)
rotten(tomato1)
scanned(tomato1)
stem(stem_01)
stem(stem_02)
tomato(tomato1)
tomato(tomato2)
tomato(tomato3)
tomato(tomato4)
unripe(tomato3)
=============Query=============
Total Query 9
=============Action Schema Summary=============
detect: actions=8, questions=3, expected_questions_per_action=0.3750
discard: actions=1, questions=1, expected_questions_per_action=1.0000
navigate: actions=6, questions=3, expected_questions_per_action=0.5000
pick: actions=3, questions=2, expected_questions_per_action=0.6667
scan: actions=1, questions=0, expected_questions_per_action=0.0000
=============Log File=============
/home/changmin/PyProject/00_BRL-CF/experiments_logs/system_log/e2_ablation/tomato/scene_05_step50/ours-random-when/oracle/exp_tomato_20260804_133111_596043.txt
