Step: 1
[POMCP] applicable values:
        detect_waste(brl_robot): 3.3794816857993735

[POMCP] Selected: detect_waste(brl_robot)
[POMCP] Average simulation time:  0.014
[POMCP] Average select time:  0.0
[Planner] Selected action: detect_waste(brl_robot)
[Planner] Observation:  ['can(waste1)', 'detected(waste1)', 'detected(waste2)', 'paper(waste2)']
    [Feedback] method=ours, confidence=0.2537, threshold=0.8000, trigger=True
    [Planner] Current confidence: 0.2537405543924842
    [Query] Q: paper(waste2) is True?
    [Query] T: paper(waste2)=True?
    [Query] A: True
    [Planner] Reduced 625 --> 125
    [Planner] Current confidence: 0.2604758464133581
    [Query] Q: can(waste1) is True?
    [Query] T: can(waste1)=True?
    [Query] A: False
    [Planner] Reduced 125 --> 100
    [Planner] Current confidence: 0.26529325913233326
    [Query] Q: detected(waste3) is True?
    [Query] T: detected(waste3)=True?
    [Query] A: False
    [Planner] Reduced 100 --> 20
    [Planner] Current confidence: 0.20381045294688094
    [Query] Q: detected(waste4) is True?
    [Query] T: detected(waste4)=True?
    [Query] A: False
    [Planner] Reduced 20 --> 4
    [Planner] Current confidence: 2.8853323755129168e-05
    [Query] Q: detected(waste1) is True?
    [Query] T: detected(waste1)=True?
    [Query] A: True
    [Planner] Reduced 4 --> 3
    [Planner] Current confidence: 2.730676719919778e-05
    [Query] Q: general(waste1) is True?
    [Query] T: general(waste1)=True?
    [Query] A: False
    [Planner] Reduced 3 --> 2
    [Planner] Current confidence: 2.885361228244232e-05
    [Query] Q: paper(waste1) is True?
    [Query] T: paper(waste1)=True?
    [Query] A: True
    [Planner] Reduced 2 --> 1
    [Planner] Updated confidence: 1.0
    [Belief Diff]
      + add (4): detected(waste1), detected(waste2), paper(waste1), paper(waste2)
      - del (0): -
[TIME] step_total=1.5586s (search=1.4031s, execute=0.0065s, update=0.1268s, interaction=0.0218s, pruning=0.0003s, overhead=0.0001s)
==================

Step: 2
[POMCP] applicable values:
        detect_waste(brl_robot): 1.2251531510416664
        pick(brl_robot, waste1): 0.0
        pick(brl_robot, waste2): 6.000298460123546

[POMCP] Selected: pick(brl_robot, waste2)
[POMCP] Average simulation time:  0.004
[POMCP] Average select time:  0.0
[Planner] Selected action: pick(brl_robot, waste2)
[Planner] Observation:  ['holding(brl_robot,waste2)']
    [Feedback] method=ours, confidence=0.9446, threshold=0.8000, trigger=False
    [Planner] Updated confidence: 0.9446259875009895
    [Belief Diff]
      + add (1): holding(brl_robot,waste2)
      - del (1): handempty(brl_robot)
[TIME] step_total=0.4028s (search=0.4024s, execute=0.0001s, update=0.0001s, interaction=0.0000s, pruning=0.0001s, overhead=0.0000s)
==================

Step: 3
[POMCP] applicable values:
        place_gw_bin(brl_robot, waste2, gw_bin): 3.1678434709255243
        place_paper_bin(brl_robot, waste2, pp_bin): 7.47317876873812
        place_can_bin(brl_robot, waste2, ca_bin): 0.0
        place_plastic_bin(brl_robot, waste2, pl_bin): 4.5125

[POMCP] Selected: place_paper_bin(brl_robot, waste2, pp_bin)
[POMCP] Average simulation time:  0.0039
[POMCP] Average select time:  0.0
[Planner] Selected action: place_paper_bin(brl_robot, waste2, pp_bin)
[Planner] Observation:  ['in_bin(waste2,pp_bin)', 'handempty(brl_robot)']
    [Feedback] method=ours, confidence=0.9970, threshold=0.8000, trigger=False
    [Planner] Updated confidence: 0.9969730825908272
    [Belief Diff]
      + add (2): in_bin(waste2,pp_bin), handempty(brl_robot)
      - del (2): detected(waste2), holding(brl_robot,waste2)
[TIME] step_total=0.3921s (search=0.3917s, execute=0.0002s, update=0.0001s, interaction=0.0000s, pruning=0.0001s, overhead=0.0000s)
==================

Step: 4
[POMCP] applicable values:
        detect_waste(brl_robot): 2.7169413066698063
        pick(brl_robot, waste1): 0.0

[POMCP] Selected: detect_waste(brl_robot)
[POMCP] Average simulation time:  0.0037
[POMCP] Average select time:  0.0
[Planner] Selected action: detect_waste(brl_robot)
[Planner] Observation:  ['detected(waste1)', 'detected(waste4)', 'general(waste4)', 'plastic(waste1)']
    [Feedback] method=ours, confidence=0.1835, threshold=0.8000, trigger=True
    [Planner] Current confidence: 0.1835149855055852
    [Query] Q: general(waste4) is True?
    [Query] T: general(waste4)=True?
    [Query] A: True
    [Planner] Reduced 100 --> 20
    [Planner] Current confidence: 0.22572093892462752
    [Query] Q: plastic(waste1) is True?
    [Query] T: plastic(waste1)=True?
    [Query] A: False
    [Planner] Reduced 20 --> 15
    [Planner] Current confidence: 0.2471900580832469
    [Query] Q: paper(waste1) is True?
    [Query] T: paper(waste1)=True?
    [Query] A: True
    [Planner] Reduced 15 --> 5
    [Planner] Current confidence: 0.3792700480096264
    [Query] Q: detected(waste3) is True?
    [Query] T: detected(waste3)=True?
    [Query] A: False
    [Planner] Reduced 5 --> 1
    [Planner] Updated confidence: 1.0
    [Belief Diff]
      + add (2): detected(waste4), general(waste4)
      - del (0): -
[TIME] step_total=0.3985s (search=0.3709s, execute=0.0039s, update=0.0186s, interaction=0.0039s, pruning=0.0012s, overhead=0.0001s)
==================

Step: 5
[POMCP] applicable values:
        detect_waste(brl_robot): 2.036265625
        pick(brl_robot, waste1): 6.253811024051457
        pick(brl_robot, waste4): 3.981167226562499

[POMCP] Selected: pick(brl_robot, waste1)
[POMCP] Average simulation time:  0.0021
[POMCP] Average select time:  0.0
[Planner] Selected action: pick(brl_robot, waste1)
[Planner] Observation:  ['holding(brl_robot,waste1)']
    [Feedback] method=ours, confidence=0.9477, threshold=0.8000, trigger=False
    [Planner] Updated confidence: 0.9476779684624846
    [Belief Diff]
      + add (1): holding(brl_robot,waste1)
      - del (1): handempty(brl_robot)
[TIME] step_total=0.2076s (search=0.2072s, execute=0.0001s, update=0.0001s, interaction=0.0000s, pruning=0.0001s, overhead=0.0000s)
==================

Step: 6
[POMCP] applicable values:
        place_gw_bin(brl_robot, waste1, gw_bin): 4.286875
        place_paper_bin(brl_robot, waste1, pp_bin): 7.6067299354616
        place_can_bin(brl_robot, waste1, ca_bin): 4.07253125
        place_plastic_bin(brl_robot, waste1, pl_bin): 4.286875

[POMCP] Selected: place_paper_bin(brl_robot, waste1, pp_bin)
[POMCP] Average simulation time:  0.0018
[POMCP] Average select time:  0.0
[Planner] Selected action: place_paper_bin(brl_robot, waste1, pp_bin)
[Planner] Observation:  ['in_bin(waste1,pp_bin)', 'handempty(brl_robot)']
    [Feedback] method=ours, confidence=0.9907, threshold=0.8000, trigger=False
    [Planner] Updated confidence: 0.9906551181968096
    [Belief Diff]
      + add (2): in_bin(waste1,pp_bin), handempty(brl_robot)
      - del (2): detected(waste1), holding(brl_robot,waste1)
[TIME] step_total=0.1820s (search=0.1815s, execute=0.0001s, update=0.0001s, interaction=0.0000s, pruning=0.0001s, overhead=0.0000s)
==================

Step: 7
[POMCP] applicable values:
        detect_waste(brl_robot): 3.5588514912610134
        pick(brl_robot, waste4): 0.0

[POMCP] Selected: detect_waste(brl_robot)
[POMCP] Average simulation time:  0.0018
[POMCP] Average select time:  0.0
[Planner] Selected action: detect_waste(brl_robot)
[Planner] Observation:  ['can(waste3)', 'detected(waste3)', 'detected(waste4)', 'general(waste4)']
    [Feedback] method=ours, confidence=0.4044, threshold=0.8000, trigger=True
    [Planner] Current confidence: 0.4043726668127269
    [Query] Q: general(waste4) is True?
    [Query] T: general(waste4)=True?
    [Query] A: True
    [Planner] Reduced 20 --> 5
    [Planner] Current confidence: 0.4241362068196447
    [Query] Q: can(waste3) is True?
    [Query] T: can(waste3)=True?
    [Query] A: True
    [Planner] Reduced 5 --> 1
    [Planner] Updated confidence: 1.0
    [Belief Diff]
      + add (2): can(waste3), detected(waste3)
      - del (0): -
[TIME] step_total=0.1907s (search=0.1823s, execute=0.0033s, update=0.0033s, interaction=0.0009s, pruning=0.0008s, overhead=0.0001s)
==================

Step: 8
[POMCP] applicable values:
        detect_waste(brl_robot): 1.2896348958333332
        pick(brl_robot, waste3): 0.0
        pick(brl_robot, waste4): 8.03190652779763

[POMCP] Selected: pick(brl_robot, waste4)
[POMCP] Average simulation time:  0.0016
[POMCP] Average select time:  0.0001
[Planner] Selected action: pick(brl_robot, waste4)
[Planner] Observation:  ['handempty(brl_robot)']
    [Feedback] method=ours, confidence=0.0091, threshold=0.8000, trigger=True
    [Planner] Current confidence: 0.009138245571078674
    [Query] Q: handempty(brl_robot) is True?
    [Query] T: handempty(brl_robot)=True?
    [Query] A: True
    [Planner] Reduced 2 --> 1
    [Planner] Updated confidence: 1.0
    [Belief Diff]
      + add (0): -
      - del (0): -
[TIME] step_total=0.1605s (search=0.1595s, execute=0.0001s, update=0.0001s, interaction=0.0002s, pruning=0.0004s, overhead=0.0001s)
==================

Step: 9
[POMCP] applicable values:
        detect_waste(brl_robot): 0.0
        pick(brl_robot, waste3): 7.738787187571087
        pick(brl_robot, waste4): 3.4449668906250004

[POMCP] Selected: pick(brl_robot, waste3)
[POMCP] Average simulation time:  0.0016
[POMCP] Average select time:  0.0
[Planner] Selected action: pick(brl_robot, waste3)
[Planner] Observation:  ['handempty(brl_robot)']
    [Feedback] method=ours, confidence=0.1191, threshold=0.8000, trigger=True
    [Planner] Current confidence: 0.11906100882488091
    [Query] Q: handempty(brl_robot) is True?
    [Query] T: handempty(brl_robot)=True?
    [Query] A: False
    [Planner] Reduced 2 --> 1
    [Planner] Updated confidence: 1.0
    [Belief Diff]
      + add (1): holding(brl_robot,waste3)
      - del (1): handempty(brl_robot)
[TIME] step_total=0.1566s (search=0.1560s, execute=0.0001s, update=0.0001s, interaction=0.0002s, pruning=0.0001s, overhead=0.0001s)
==================

Step: 10
[POMCP] applicable values:
        place_gw_bin(brl_robot, waste3, gw_bin): 0.0
        place_paper_bin(brl_robot, waste3, pp_bin): 4.5125
        place_can_bin(brl_robot, waste3, ca_bin): 9.627505537113707
        place_plastic_bin(brl_robot, waste3, pl_bin): 0.0

[POMCP] Selected: place_can_bin(brl_robot, waste3, ca_bin)
[POMCP] Average simulation time:  0.0017
[POMCP] Average select time:  0.0
[Planner] Selected action: place_can_bin(brl_robot, waste3, ca_bin)
[Planner] Observation:  ['in_bin(waste3,ca_bin)', 'handempty(brl_robot)']
    [Feedback] method=ours, confidence=0.9744, threshold=0.8000, trigger=False
    [Planner] Updated confidence: 0.9743503529786032
    [Belief Diff]
      + add (2): in_bin(waste3,ca_bin), handempty(brl_robot)
      - del (2): detected(waste3), holding(brl_robot,waste3)
[TIME] step_total=0.1658s (search=0.1653s, execute=0.0002s, update=0.0001s, interaction=0.0000s, pruning=0.0001s, overhead=0.0001s)
==================

Step: 11
[POMCP] applicable values:
        detect_waste(brl_robot): 5.854678536875306
        pick(brl_robot, waste4): 0.0

[POMCP] Selected: detect_waste(brl_robot)
[POMCP] Average simulation time:  0.0018
[POMCP] Average select time:  0.0
[Planner] Selected action: detect_waste(brl_robot)
[Planner] Observation:  ['detected(waste4)', 'general(waste4)']
    [Feedback] method=ours, confidence=0.4438, threshold=0.8000, trigger=True
    [Planner] Current confidence: 0.4437864207952915
    [Query] Q: general(waste4) is True?
    [Query] T: general(waste4)=True?
    [Query] A: True
    [Planner] Reduced 4 --> 1
    [Planner] Updated confidence: 1.0
    [Belief Diff]
      + add (0): -
      - del (0): -
[TIME] step_total=0.1872s (search=0.1813s, execute=0.0038s, update=0.0007s, interaction=0.0003s, pruning=0.0010s, overhead=0.0001s)
==================

Step: 12
[POMCP] applicable values:
        detect_waste(brl_robot): 7.617550210331944
        pick(brl_robot, waste4): 0.0

[POMCP] Selected: detect_waste(brl_robot)
[POMCP] Average simulation time:  0.0017
[POMCP] Average select time:  0.0
[Planner] Selected action: detect_waste(brl_robot)
[Planner] Observation:  ['detected(waste4)', 'paper(waste4)']
    [Feedback] method=ours, confidence=0.0338, threshold=0.8000, trigger=True
    [Planner] Current confidence: 0.0337764707326238
    [Query] Q: general(waste4) is True?
    [Query] T: general(waste4)=True?
    [Query] A: True
    [Planner] Reduced 4 --> 1
    [Planner] Updated confidence: 1.0
    [Belief Diff]
      + add (0): -
      - del (0): -
[TIME] step_total=0.1795s (search=0.1743s, execute=0.0036s, update=0.0007s, interaction=0.0003s, pruning=0.0005s, overhead=0.0001s)
==================

Step: 13
[POMCP] applicable values:
        detect_waste(brl_robot): 0.0
        pick(brl_robot, waste4): 12.614924386760745

[POMCP] Selected: pick(brl_robot, waste4)
[POMCP] Average simulation time:  0.0018
[POMCP] Average select time:  0.0
[Planner] Selected action: pick(brl_robot, waste4)
[Planner] Observation:  ['holding(brl_robot,waste4)']
    [Feedback] method=ours, confidence=0.9284, threshold=0.8000, trigger=False
    [Planner] Updated confidence: 0.9284213276512591
    [Belief Diff]
      + add (1): holding(brl_robot,waste4)
      - del (1): handempty(brl_robot)
[TIME] step_total=0.1844s (search=0.1840s, execute=0.0002s, update=0.0001s, interaction=0.0000s, pruning=0.0001s, overhead=0.0001s)
==================

Step: 14
[POMCP] applicable values:
        place_gw_bin(brl_robot, waste4, gw_bin): 14.590909090909088
        place_paper_bin(brl_robot, waste4, pp_bin): 0.0
        place_can_bin(brl_robot, waste4, ca_bin): 0.0
        place_plastic_bin(brl_robot, waste4, pl_bin): 0.0

[POMCP] Selected: place_gw_bin(brl_robot, waste4, gw_bin)
[POMCP] Average simulation time:  0.0018
[POMCP] Average select time:  0.0
[Planner] Selected action: place_gw_bin(brl_robot, waste4, gw_bin)
[Planner] Observation:  ['holding(brl_robot,waste4)', 'detected(waste4)']
    [Feedback] method=ours, confidence=0.6429, threshold=0.8000, trigger=True
    [Planner] Current confidence: 0.6428810954805054
    [Query] Q: detected(waste4) is True?
    [Query] T: detected(waste4)=True?
    [Query] A: False
    [Planner] Reduced 2 --> 1
    [Planner] Updated confidence: 1.0
    [Belief Diff]
      + add (2): in_bin(waste4,gw_bin), handempty(brl_robot)
      - del (2): holding(brl_robot,waste4), detected(waste4)
[TIME] step_total=0.1823s (search=0.1817s, execute=0.0002s, update=0.0001s, interaction=0.0002s, pruning=0.0000s, overhead=0.0001s)
[TIME SUMMARY]
avg search: 0.3101s
avg execute: 0.0016s
avg update: 0.0108s
avg interaction: 0.0020s
avg pruning: 0.0004s
avg step wall: 0.3249s
total wall clock: 4.5487s
=============Action Log=============
[STEP 1]: detect_waste(brl_robot)
[STEP 2]: pick(brl_robot, waste2)
[STEP 3]: place_paper_bin(brl_robot, waste2, pp_bin)
[STEP 4]: detect_waste(brl_robot)
[STEP 5]: pick(brl_robot, waste1)
[STEP 6]: place_paper_bin(brl_robot, waste1, pp_bin)
[STEP 7]: detect_waste(brl_robot)
[STEP 8]: pick(brl_robot, waste4)
[STEP 9]: pick(brl_robot, waste3)
[STEP 10]: place_can_bin(brl_robot, waste3, ca_bin)
[STEP 11]: detect_waste(brl_robot)
[STEP 12]: detect_waste(brl_robot)
[STEP 13]: pick(brl_robot, waste4)
[STEP 14]: place_gw_bin(brl_robot, waste4, gw_bin)
=============Final Knowledge=============
can(waste3)
can_bin(ca_bin)
general(waste4)
general_bin(gw_bin)
handempty(brl_robot)
in_bin(waste1,pp_bin)
in_bin(waste2,pp_bin)
in_bin(waste3,ca_bin)
in_bin(waste4,gw_bin)
paper(waste1)
paper(waste2)
paper_bin(pp_bin)
plastic_bin(pl_bin)
robot(brl_robot)
waste(waste1)
waste(waste2)
waste(waste3)
waste(waste4)
=============Query=============
Total Query 18
=============Action Schema Summary=============
detect_waste: actions=5, questions=15, expected_questions_per_action=3.0000
pick: actions=5, questions=2, expected_questions_per_action=0.4000
place_can_bin: actions=1, questions=0, expected_questions_per_action=0.0000
place_gw_bin: actions=1, questions=1, expected_questions_per_action=1.0000
place_paper_bin: actions=2, questions=0, expected_questions_per_action=0.0000
=============Log File=============
/home/changmin/PyProject/00_BRL-CF/experiments_logs/system_log/e2_ablation/wastesorting/scene_04_step50/ours/oracle/exp_wastesorting_20260804_123016_675336.txt
