Step: 1
[POMCP] applicable values:
        navigate(brl_robot, dock_station, stem_01): 1.495365201152872
        navigate(brl_robot, dock_station, stem_02): 1.555721183184495

[POMCP] Selected: navigate(brl_robot, dock_station, stem_02)
[POMCP] Average simulation time:  0.0075
[POMCP] Average select time:  0.0
[Planner] Selected action: navigate(brl_robot, dock_station, stem_02)
[Planner] Observation:  []
    [Feedback] method=ours, confidence=0.6410, threshold=0.9000, trigger=True
    [Planner] Current confidence: 0.6410310556594643
    [Query] Q: located(brl_robot,stem_02) is True?
    [Query] T: located(brl_robot,stem_02)=True?
    [Query] A: True
    [Planner] Reduced 3 --> 1
    [Planner] Updated confidence: 1.0
    [Belief Diff]
      + add (1): located(brl_robot,stem_02)
      - del (1): located(brl_robot,dock_station)
[TIME] step_total=0.7504s (search=0.7478s, execute=0.0002s, update=0.0001s, interaction=0.0021s, pruning=0.0002s, overhead=0.0001s)
==================

Step: 2
[POMCP] applicable values:
        navigate(brl_robot, stem_02, dock_station): 0.0
        navigate(brl_robot, stem_02, stem_01): 1.3206003190261337
        detect(brl_robot, stem_02): 1.7728133810710878

[POMCP] Selected: detect(brl_robot, stem_02)
[POMCP] Average simulation time:  0.0084
[POMCP] Average select time:  0.0
[Planner] Selected action: detect(brl_robot, stem_02)
[Planner] Observation:  ['observed(tomato3)', 'observed(tomato4)', 'ripe(tomato3)', 'ripe(tomato4)']
    [Feedback] method=ours, confidence=0.3127, threshold=0.9000, trigger=True
    [Planner] Current confidence: 0.3126918172634753
    [Query] Q: at(tomato1,stem_02) is True?
    [Query] T: at(tomato1,stem_02)=True?
    [Query] A: False
    [Planner] Reduced 81 --> 27
    [Planner] Current confidence: 0.4167082584783782
    [Query] Q: at(tomato2,stem_02) is True?
    [Query] T: at(tomato2,stem_02)=True?
    [Query] A: False
    [Planner] Reduced 27 --> 9
    [Planner] Current confidence: 0.6248951916130161
    [Query] Q: ripe(tomato4) is True?
    [Query] T: ripe(tomato4)=True?
    [Query] A: True
    [Planner] Reduced 9 --> 3
    [Planner] Current confidence: 0.6914852057254905
    [Query] Q: ripe(tomato3) is True?
    [Query] T: ripe(tomato3)=True?
    [Query] A: True
    [Planner] Reduced 3 --> 1
    [Planner] Updated confidence: 1.0
    [Belief Diff]
      + add (6): at(tomato3,stem_02), at(tomato4,stem_02), observed(tomato3), observed(tomato4), ripe(tomato3), ripe(tomato4)
      - del (0): -
[TIME] step_total=0.8529s (search=0.8450s, execute=0.0005s, update=0.0032s, interaction=0.0037s, pruning=0.0004s, overhead=0.0001s)
==================

Step: 3
[POMCP] applicable values:
        navigate(brl_robot, stem_02, dock_station): 0.0
        navigate(brl_robot, stem_02, stem_01): 0.0
        detect(brl_robot, stem_02): 2.084101284155075
        pick(brl_robot, tomato3, stem_02): 1.6728054203349476
        pick(brl_robot, tomato4, stem_02): 1.3463561871757976

[POMCP] Selected: detect(brl_robot, stem_02)
[POMCP] Average simulation time:  0.0088
[POMCP] Average select time:  0.0
[Planner] Selected action: detect(brl_robot, stem_02)
[Planner] Observation:  ['observed(tomato3)', 'observed(tomato4)', 'ripe(tomato3)', 'ripe(tomato4)']
    [Feedback] method=ours, confidence=0.1651, threshold=0.9000, trigger=True
    [Planner] Current confidence: 0.16509487818877422
    [Query] Q: at(tomato1,stem_02) is True?
    [Query] T: at(tomato1,stem_02)=True?
    [Query] A: False
    [Planner] Reduced 36 --> 12
    [Planner] Current confidence: 0.2379124308110595
    [Query] Q: at(tomato2,stem_02) is True?
    [Query] T: at(tomato2,stem_02)=True?
    [Query] A: False
    [Planner] Reduced 12 --> 4
    [Planner] Current confidence: 0.42625832161573884
    [Query] Q: ripe(tomato3) is True?
    [Query] T: ripe(tomato3)=True?
    [Query] A: True
    [Planner] Reduced 4 --> 2
    [Planner] Current confidence: 0.4655607326976299
    [Query] Q: ripe(tomato4) is True?
    [Query] T: ripe(tomato4)=True?
    [Query] A: True
    [Planner] Reduced 2 --> 1
    [Planner] Updated confidence: 1.0
    [Belief Diff]
      + add (0): -
      - del (0): -
[TIME] step_total=0.8839s (search=0.8791s, execute=0.0005s, update=0.0021s, interaction=0.0020s, pruning=0.0002s, overhead=0.0001s)
==================

Step: 4
[POMCP] applicable values:
        navigate(brl_robot, stem_02, dock_station): 3.0167979883539147
        navigate(brl_robot, stem_02, stem_01): 0.0
        detect(brl_robot, stem_02): 0.0
        pick(brl_robot, tomato3, stem_02): 5.336481991955167
        pick(brl_robot, tomato4, stem_02): 2.25625

[POMCP] Selected: pick(brl_robot, tomato3, stem_02)
[POMCP] Average simulation time:  0.0084
[POMCP] Average select time:  0.0
[Planner] Selected action: pick(brl_robot, tomato3, stem_02)
[Planner] Observation:  ['holding(brl_robot,tomato3)', 'holded(tomato3,brl_robot)']
    [Feedback] method=ours, confidence=0.9991, threshold=0.9000, trigger=False
    [Planner] Updated confidence: 0.9991188976418908
    [Belief Diff]
      + add (2): holding(brl_robot,tomato3), holded(tomato3,brl_robot)
      - del (2): at(tomato3,stem_02), handempty(brl_robot)
[TIME] step_total=0.8431s (search=0.8427s, execute=0.0002s, update=0.0001s, interaction=0.0000s, pruning=0.0001s, overhead=0.0001s)
==================

Step: 5
[POMCP] applicable values:
        scan(brl_robot, tomato3): 6.989658370142407
        place(brl_robot, tomato3): 0.0
        discard(brl_robot, tomato3): 1.9415156440692969

[POMCP] Selected: scan(brl_robot, tomato3)
[POMCP] Average simulation time:  0.009
[POMCP] Average select time:  0.0
[Planner] Selected action: scan(brl_robot, tomato3)
[Planner] Observation:  ['ripe(tomato3)']
    [Feedback] method=ours, confidence=0.0514, threshold=0.9000, trigger=True
    [Planner] Current confidence: 0.05137404969461867
    [Query] Q: ripe(tomato3) is True?
    [Query] T: ripe(tomato3)=True?
    [Query] A: False
    [Planner] Reduced 2 --> 1
    [Planner] Updated confidence: 1.0
    [Belief Diff]
      + add (2): rotten(tomato3), scanned(tomato3)
      - del (1): ripe(tomato3)
[TIME] step_total=0.9056s (search=0.9047s, execute=0.0001s, update=0.0001s, interaction=0.0002s, pruning=0.0003s, overhead=0.0001s)
==================

Step: 6
[POMCP] applicable values:
        scan(brl_robot, tomato3): 2.375
        discard(brl_robot, tomato3): 8.939206018281462

[POMCP] Selected: discard(brl_robot, tomato3)
[POMCP] Average simulation time:  0.0101
[POMCP] Average select time:  0.0
[Planner] Selected action: discard(brl_robot, tomato3)
[Planner] Observation:  ['discarded(tomato3)', 'handempty(brl_robot)']
    [Feedback] method=ours, confidence=0.9971, threshold=0.9000, trigger=False
    [Planner] Updated confidence: 0.9970673168290461
    [Belief Diff]
      + add (2): discarded(tomato3), handempty(brl_robot)
      - del (2): holding(brl_robot,tomato3), holded(tomato3,brl_robot)
[TIME] step_total=1.0065s (search=1.0061s, execute=0.0002s, update=0.0001s, interaction=0.0000s, pruning=0.0001s, overhead=0.0001s)
==================

Step: 7
[POMCP] applicable values:
        navigate(brl_robot, stem_02, dock_station): 1.5249019103315622
        navigate(brl_robot, stem_02, stem_01): 0.7484211740479735
        detect(brl_robot, stem_02): 1.1087729962473807
        pick(brl_robot, tomato4, stem_02): 5.373189596020015

[POMCP] Selected: pick(brl_robot, tomato4, stem_02)
[POMCP] Average simulation time:  0.0096
[POMCP] Average select time:  0.0
[Planner] Selected action: pick(brl_robot, tomato4, stem_02)
[Planner] Observation:  ['holding(brl_robot,tomato4)', 'holded(tomato4,brl_robot)']
    [Feedback] method=ours, confidence=0.9971, threshold=0.9000, trigger=False
    [Planner] Updated confidence: 0.9970878621347055
    [Belief Diff]
      + add (2): holding(brl_robot,tomato4), holded(tomato4,brl_robot)
      - del (2): handempty(brl_robot), at(tomato4,stem_02)
[TIME] step_total=0.9595s (search=0.9589s, execute=0.0001s, update=0.0001s, interaction=0.0000s, pruning=0.0002s, overhead=0.0001s)
==================

Step: 8
[POMCP] applicable values:
        scan(brl_robot, tomato4): 6.4487462399171145
        place(brl_robot, tomato4): 0.0
        discard(brl_robot, tomato4): 2.0906016760958854

[POMCP] Selected: scan(brl_robot, tomato4)
[POMCP] Average simulation time:  0.0106
[POMCP] Average select time:  0.0001
[Planner] Selected action: scan(brl_robot, tomato4)
[Planner] Observation:  ['ripe(tomato4)']
    [Feedback] method=ours, confidence=0.6237, threshold=0.9000, trigger=True
    [Planner] Current confidence: 0.6237419729424649
    [Query] Q: ripe(tomato4) is True?
    [Query] T: ripe(tomato4)=True?
    [Query] A: True
    [Planner] Reduced 2 --> 1
    [Planner] Updated confidence: 1.0
    [Belief Diff]
      + add (1): scanned(tomato4)
      - del (0): -
[TIME] step_total=1.0629s (search=1.0617s, execute=0.0001s, update=0.0001s, interaction=0.0002s, pruning=0.0007s, overhead=0.0001s)
==================

Step: 9
[POMCP] applicable values:
        scan(brl_robot, tomato4): 3.166666666666667
        place(brl_robot, tomato4): 7.2332956002702105
        discard(brl_robot, tomato4): 0.0

[POMCP] Selected: place(brl_robot, tomato4)
[POMCP] Average simulation time:  0.0104
[POMCP] Average select time:  0.0
[Planner] Selected action: place(brl_robot, tomato4)
[Planner] Observation:  ['loaded(tomato4,brl_robot)', 'handempty(brl_robot)']
    [Feedback] method=ours, confidence=0.9999, threshold=0.9000, trigger=False
    [Planner] Updated confidence: 0.9998814543545232
    [Belief Diff]
      + add (2): loaded(tomato4,brl_robot), handempty(brl_robot)
      - del (2): holded(tomato4,brl_robot), holding(brl_robot,tomato4)
[TIME] step_total=1.0398s (search=1.0394s, execute=0.0001s, update=0.0001s, interaction=0.0000s, pruning=0.0001s, overhead=0.0001s)
==================

Step: 10
[POMCP] applicable values:
        navigate(brl_robot, stem_02, dock_station): 0.0
        navigate(brl_robot, stem_02, stem_01): 2.6962392203532697
        detect(brl_robot, stem_02): 0.0

[POMCP] Selected: navigate(brl_robot, stem_02, stem_01)
[POMCP] Average simulation time:  0.0111
[POMCP] Average select time:  0.0
[Planner] Selected action: navigate(brl_robot, stem_02, stem_01)
[Planner] Observation:  ['located(brl_robot,stem_01)']
    [Feedback] method=ours, confidence=0.9544, threshold=0.9000, trigger=False
    [Planner] Updated confidence: 0.9543816485846697
    [Belief Diff]
      + add (1): located(brl_robot,stem_01)
      - del (1): located(brl_robot,stem_02)
[TIME] step_total=1.1090s (search=1.1085s, execute=0.0002s, update=0.0001s, interaction=0.0000s, pruning=0.0002s, overhead=0.0001s)
==================

Step: 11
[POMCP] applicable values:
        navigate(brl_robot, stem_01, dock_station): 0.0
        navigate(brl_robot, stem_01, stem_02): 1.08085281370255
        detect(brl_robot, stem_01): 3.296067103134047

[POMCP] Selected: detect(brl_robot, stem_01)
[POMCP] Average simulation time:  0.0112
[POMCP] Average select time:  0.0
[Planner] Selected action: detect(brl_robot, stem_01)
[Planner] Observation:  ['observed(tomato1)', 'observed(tomato2)', 'ripe(tomato1)', 'unripe(tomato2)']
    [Feedback] method=ours, confidence=0.4323, threshold=0.9000, trigger=True
    [Planner] Current confidence: 0.4323492952934267
    [Query] Q: ripe(tomato1) is True?
    [Query] T: ripe(tomato1)=True?
    [Query] A: True
    [Planner] Reduced 9 --> 3
    [Planner] Current confidence: 0.49858579171369455
    [Query] Q: unripe(tomato2) is True?
    [Query] T: unripe(tomato2)=True?
    [Query] A: True
    [Planner] Reduced 3 --> 1
    [Planner] Updated confidence: 1.0
    [Belief Diff]
      + add (6): at(tomato1,stem_01), at(tomato2,stem_01), observed(tomato1), observed(tomato2), ripe(tomato1), unripe(tomato2)
      - del (0): -
[TIME] step_total=1.1265s (search=1.1200s, execute=0.0023s, update=0.0022s, interaction=0.0007s, pruning=0.0012s, overhead=0.0001s)
==================

Step: 12
[POMCP] applicable values:
        navigate(brl_robot, stem_01, dock_station): 0.0
        navigate(brl_robot, stem_01, stem_02): 0.4740000768970498
        detect(brl_robot, stem_01): 0.0
        pick(brl_robot, tomato1, stem_01): 4.499534035295226

[POMCP] Selected: pick(brl_robot, tomato1, stem_01)
[POMCP] Average simulation time:  0.0103
[POMCP] Average select time:  0.0
[Planner] Selected action: pick(brl_robot, tomato1, stem_01)
[Planner] Observation:  ['holding(brl_robot,tomato1)', 'holded(tomato1,brl_robot)']
    [Feedback] method=ours, confidence=0.9987, threshold=0.9000, trigger=False
    [Planner] Updated confidence: 0.9987396825815392
    [Belief Diff]
      + add (2): holding(brl_robot,tomato1), holded(tomato1,brl_robot)
      - del (2): handempty(brl_robot), at(tomato1,stem_01)
[TIME] step_total=1.0300s (search=1.0295s, execute=0.0002s, update=0.0001s, interaction=0.0000s, pruning=0.0001s, overhead=0.0001s)
==================

Step: 13
[POMCP] applicable values:
        scan(brl_robot, tomato1): 5.177273252881269
        place(brl_robot, tomato1): 0.0
        discard(brl_robot, tomato1): 1.986071592291091

[POMCP] Selected: scan(brl_robot, tomato1)
[POMCP] Average simulation time:  0.0096
[POMCP] Average select time:  0.0
[Planner] Selected action: scan(brl_robot, tomato1)
[Planner] Observation:  ['ripe(tomato1)']
    [Feedback] method=ours, confidence=0.6802, threshold=0.9000, trigger=True
    [Planner] Current confidence: 0.6801728585046541
    [Query] Q: ripe(tomato1) is True?
    [Query] T: ripe(tomato1)=True?
    [Query] A: True
    [Planner] Reduced 2 --> 1
    [Planner] Updated confidence: 1.0
    [Belief Diff]
      + add (1): scanned(tomato1)
      - del (0): -
[TIME] step_total=0.9644s (search=0.9633s, execute=0.0001s, update=0.0001s, interaction=0.0002s, pruning=0.0006s, overhead=0.0001s)
==================

Step: 14
[POMCP] applicable values:
        scan(brl_robot, tomato1): 4.677900352401512
        place(brl_robot, tomato1): 6.184265884894641
        discard(brl_robot, tomato1): 0.0

[POMCP] Selected: place(brl_robot, tomato1)
[POMCP] Average simulation time:  0.0115
[POMCP] Average select time:  0.0
[Planner] Selected action: place(brl_robot, tomato1)
[Planner] Observation:  ['loaded(tomato1,brl_robot)', 'handempty(brl_robot)']
    [Feedback] method=ours, confidence=0.9969, threshold=0.9000, trigger=False
    [Planner] Updated confidence: 0.9968741611855061
    [Belief Diff]
      + add (2): loaded(tomato1,brl_robot), handempty(brl_robot)
      - del (2): holded(tomato1,brl_robot), holding(brl_robot,tomato1)
[TIME] step_total=1.1479s (search=1.1475s, execute=0.0002s, update=0.0001s, interaction=0.0000s, pruning=0.0000s, overhead=0.0001s)
[TIME SUMMARY]
avg search: 0.9753s
avg execute: 0.0003s
avg update: 0.0006s
avg interaction: 0.0007s
avg pruning: 0.0003s
avg step wall: 0.9773s
total wall clock: 13.6825s
=============Action Log=============
[STEP 1]: navigate(brl_robot, dock_station, stem_02)
[STEP 2]: detect(brl_robot, stem_02)
[STEP 3]: detect(brl_robot, stem_02)
[STEP 4]: pick(brl_robot, tomato3, stem_02)
[STEP 5]: scan(brl_robot, tomato3)
[STEP 6]: discard(brl_robot, tomato3)
[STEP 7]: pick(brl_robot, tomato4, stem_02)
[STEP 8]: scan(brl_robot, tomato4)
[STEP 9]: place(brl_robot, tomato4)
[STEP 10]: navigate(brl_robot, stem_02, stem_01)
[STEP 11]: detect(brl_robot, stem_01)
[STEP 12]: pick(brl_robot, tomato1, stem_01)
[STEP 13]: scan(brl_robot, tomato1)
[STEP 14]: place(brl_robot, tomato1)
=============Final Knowledge=============
at(tomato2,stem_01)
discarded(tomato3)
handempty(brl_robot)
loaded(tomato1,brl_robot)
loaded(tomato4,brl_robot)
located(brl_robot,stem_01)
location(dock_station)
location(stem_01)
location(stem_02)
observed(tomato1)
observed(tomato2)
observed(tomato3)
observed(tomato4)
ripe(tomato1)
ripe(tomato4)
robot(brl_robot)
rotten(tomato3)
scanned(tomato1)
scanned(tomato3)
scanned(tomato4)
stem(stem_01)
stem(stem_02)
tomato(tomato1)
tomato(tomato2)
tomato(tomato3)
tomato(tomato4)
unripe(tomato2)
=============Query=============
Total Query 14
=============Action Schema Summary=============
detect: actions=3, questions=10, expected_questions_per_action=3.3333
discard: actions=1, questions=0, expected_questions_per_action=0.0000
navigate: actions=2, questions=1, expected_questions_per_action=0.5000
pick: actions=3, questions=0, expected_questions_per_action=0.0000
place: actions=2, questions=0, expected_questions_per_action=0.0000
scan: actions=3, questions=3, expected_questions_per_action=1.0000
=============Log File=============
/home/changmin/PyProject/00_BRL-CF/experiments_logs/system_log/e1_threshold/tomato/scene_02_step50/ours/oracle/tau_0-9/exp_tomato_20260804_002138_792307.txt
