Step: 1
[POMCP] applicable values:
        navigate(brl_robot, dock_station, stem_01): 1.480730747888953
        navigate(brl_robot, dock_station, stem_02): 0.0

[POMCP] Selected: navigate(brl_robot, dock_station, stem_01)
[POMCP] Average simulation time:  0.0082
[POMCP] Average select time:  0.0
[Planner] Selected action: navigate(brl_robot, dock_station, stem_01)
[Planner] Observation:  ['located(brl_robot,stem_01)']
    [Feedback] method=ours-random-when, confidence=0.9586, threshold=0.8000, trigger=True
    [Planner] Current confidence: 0.9585764969043987
    [Query] Q: located(brl_robot,stem_01) is True?
    [Query] T: located(brl_robot,stem_01)=True?
    [Query] A: True
    [Planner] Reduced 3 --> 1
    [Planner] Updated confidence: 1.0
    [Belief Diff]
      + add (1): located(brl_robot,stem_01)
      - del (1): located(brl_robot,dock_station)
[TIME] step_total=0.8190s (search=0.8164s, execute=0.0002s, update=0.0002s, interaction=0.0022s, pruning=0.0001s, overhead=0.0001s)
==================

Step: 2
[POMCP] applicable values:
        navigate(brl_robot, stem_01, dock_station): 0.0
        navigate(brl_robot, stem_01, stem_02): 0.5501583358147066
        detect(brl_robot, stem_01): 1.861680816778905

[POMCP] Selected: detect(brl_robot, stem_01)
[POMCP] Average simulation time:  0.0095
[POMCP] Average select time:  0.0
[Planner] Selected action: detect(brl_robot, stem_01)
[Planner] Observation:  ['observed(tomato1)', 'observed(tomato2)', 'ripe(tomato1)', 'ripe(tomato2)']
    [Feedback] method=ours-random-when, confidence=0.3005, threshold=0.8000, trigger=True
    [Planner] Current confidence: 0.30047079945109634
    [Query] Q: at(tomato3,stem_01) is True?
    [Query] T: at(tomato3,stem_01)=True?
    [Query] A: False
    [Planner] Reduced 81 --> 27
    [Planner] Current confidence: 0.40041240339792816
    [Query] Q: at(tomato4,stem_01) is True?
    [Query] T: at(tomato4,stem_01)=True?
    [Query] A: False
    [Planner] Reduced 27 --> 9
    [Planner] Current confidence: 0.6004511381000842
    [Query] Q: ripe(tomato2) is True?
    [Query] T: ripe(tomato2)=True?
    [Query] A: True
    [Planner] Reduced 9 --> 3
    [Planner] Current confidence: 0.6097921045302388
    [Query] Q: ripe(tomato1) is True?
    [Query] T: ripe(tomato1)=True?
    [Query] A: True
    [Planner] Reduced 3 --> 1
    [Planner] Updated confidence: 1.0
    [Belief Diff]
      + add (6): at(tomato1,stem_01), at(tomato2,stem_01), observed(tomato1), observed(tomato2), ripe(tomato1), ripe(tomato2)
      - del (0): -
[TIME] step_total=0.9556s (search=0.9469s, execute=0.0005s, update=0.0034s, interaction=0.0039s, pruning=0.0008s, overhead=0.0001s)
==================

Step: 3
[POMCP] applicable values:
        navigate(brl_robot, stem_01, dock_station): 0.0
        navigate(brl_robot, stem_01, stem_02): 1.5367843386251179
        detect(brl_robot, stem_01): 2.324589414430725
        pick(brl_robot, tomato1, stem_01): 0.0
        pick(brl_robot, tomato2, stem_01): 6.521718089560538

[POMCP] Selected: pick(brl_robot, tomato2, stem_01)
[POMCP] Average simulation time:  0.01
[POMCP] Average select time:  0.0
[Planner] Selected action: pick(brl_robot, tomato2, stem_01)
[Planner] Observation:  ['handempty(brl_robot)']
    [Feedback] method=ours-random-when, confidence=0.0270, threshold=0.8000, trigger=True
    [Planner] Current confidence: 0.026979698722229495
    [Query] Q: at(tomato2,stem_01) is True?
    [Query] T: at(tomato2,stem_01)=True?
    [Query] A: False
    [Planner] Reduced 2 --> 1
    [Planner] Updated confidence: 1.0
    [Belief Diff]
      + add (2): holding(brl_robot,tomato2), holded(tomato2,brl_robot)
      - del (2): handempty(brl_robot), at(tomato2,stem_01)
[TIME] step_total=1.0005s (search=0.9998s, execute=0.0002s, update=0.0001s, interaction=0.0003s, pruning=0.0001s, overhead=0.0001s)
==================

Step: 4
[POMCP] applicable values:
        scan(brl_robot, tomato2): 8.382078307247273
        place(brl_robot, tomato2): 0.0
        discard(brl_robot, tomato2): 0.0

[POMCP] Selected: scan(brl_robot, tomato2)
[POMCP] Average simulation time:  0.0101
[POMCP] Average select time:  0.0
[Planner] Selected action: scan(brl_robot, tomato2)
[Planner] Observation:  ['rotten(tomato2)']
    [Feedback] method=ours-random-when, confidence=0.7188, threshold=0.8000, trigger=False
    [Planner] Updated confidence: 0.718751444228701
    [Belief Diff]
      + add (2): rotten(tomato2), scanned(tomato2)
      - del (1): ripe(tomato2)
[TIME] step_total=1.0105s (search=1.0095s, execute=0.0002s, update=0.0001s, interaction=0.0000s, pruning=0.0006s, overhead=0.0001s)
==================

Step: 5
[POMCP] applicable values:
        scan(brl_robot, tomato2): 0.0
        discard(brl_robot, tomato2): 9.37199621436674

[POMCP] Selected: discard(brl_robot, tomato2)
[POMCP] Average simulation time:  0.0093
[POMCP] Average select time:  0.0
[Planner] Selected action: discard(brl_robot, tomato2)
[Planner] Observation:  ['discarded(tomato2)', 'handempty(brl_robot)']
    [Feedback] method=ours-random-when, confidence=0.9975, threshold=0.8000, trigger=False
    [Planner] Updated confidence: 0.9975459807633145
    [Belief Diff]
      + add (2): discarded(tomato2), handempty(brl_robot)
      - del (2): holded(tomato2,brl_robot), holding(brl_robot,tomato2)
[TIME] step_total=0.9320s (search=0.9315s, execute=0.0002s, update=0.0001s, interaction=0.0000s, pruning=0.0001s, overhead=0.0001s)
==================

Step: 6
[POMCP] applicable values:
        navigate(brl_robot, stem_01, dock_station): 1.8910544326171872
        navigate(brl_robot, stem_01, stem_02): 0.0
        detect(brl_robot, stem_01): 0.0
        pick(brl_robot, tomato1, stem_01): 4.876301503748794

[POMCP] Selected: pick(brl_robot, tomato1, stem_01)
[POMCP] Average simulation time:  0.0101
[POMCP] Average select time:  0.0
[Planner] Selected action: pick(brl_robot, tomato1, stem_01)
[Planner] Observation:  ['handempty(brl_robot)']
    [Feedback] method=ours-random-when, confidence=0.0089, threshold=0.8000, trigger=False
    [Planner] Updated confidence: 0.008913856920454544
    [Belief Diff]
      + add (2): holding(brl_robot,tomato1), holded(tomato1,brl_robot)
      - del (2): handempty(brl_robot), at(tomato1,stem_01)
[TIME] step_total=1.0109s (search=1.0103s, execute=0.0002s, update=0.0001s, interaction=0.0000s, pruning=0.0002s, overhead=0.0001s)
==================

Step: 7
[POMCP] applicable values:
        scan(brl_robot, tomato1): 5.366682418005787
        place(brl_robot, tomato1): 1.7458432402343749
        discard(brl_robot, tomato1): 0.0

[POMCP] Selected: scan(brl_robot, tomato1)
[POMCP] Average simulation time:  0.0103
[POMCP] Average select time:  0.0
[Planner] Selected action: scan(brl_robot, tomato1)
[Planner] Observation:  ['ripe(tomato1)']
    [Feedback] method=ours-random-when, confidence=0.6600, threshold=0.8000, trigger=False
    [Planner] Updated confidence: 0.6600099741354464
    [Belief Diff]
      + add (1): scanned(tomato1)
      - del (0): -
[TIME] step_total=1.0280s (search=1.0266s, execute=0.0002s, update=0.0001s, interaction=0.0000s, pruning=0.0010s, overhead=0.0001s)
==================

Step: 8
[POMCP] applicable values:
        scan(brl_robot, tomato1): 2.375
        place(brl_robot, tomato1): 5.935864894567728
        discard(brl_robot, tomato1): 2.5667104163975245

[POMCP] Selected: place(brl_robot, tomato1)
[POMCP] Average simulation time:  0.0103
[POMCP] Average select time:  0.0
[Planner] Selected action: place(brl_robot, tomato1)
[Planner] Observation:  ['loaded(tomato1,brl_robot)', 'handempty(brl_robot)']
    [Feedback] method=ours-random-when, confidence=1.0000, threshold=0.8000, trigger=True
    [Planner] Current confidence: 0.9999578614739182
    [Query] Q: handempty(brl_robot) is True?
    [Query] T: handempty(brl_robot)=True?
    [Query] A: True
    [Planner] Reduced 2 --> 1
    [Planner] Updated confidence: 1.0
    [Belief Diff]
      + add (2): loaded(tomato1,brl_robot), handempty(brl_robot)
      - del (2): holding(brl_robot,tomato1), holded(tomato1,brl_robot)
[TIME] step_total=1.0276s (search=1.0268s, execute=0.0002s, update=0.0001s, interaction=0.0003s, pruning=0.0001s, overhead=0.0001s)
==================

Step: 9
[POMCP] applicable values:
        navigate(brl_robot, stem_01, dock_station): 0.698928089862166
        navigate(brl_robot, stem_01, stem_02): 1.5882792463343582
        detect(brl_robot, stem_01): 0.0

[POMCP] Selected: navigate(brl_robot, stem_01, stem_02)
[POMCP] Average simulation time:  0.0122
[POMCP] Average select time:  0.0
[Planner] Selected action: navigate(brl_robot, stem_01, stem_02)
[Planner] Observation:  ['located(brl_robot,stem_02)']
    [Feedback] method=ours-random-when, confidence=0.9695, threshold=0.8000, trigger=False
    [Planner] Updated confidence: 0.9695115559136469
    [Belief Diff]
      + add (1): located(brl_robot,stem_02)
      - del (1): located(brl_robot,stem_01)
[TIME] step_total=1.2173s (search=1.2160s, execute=0.0002s, update=0.0001s, interaction=0.0000s, pruning=0.0008s, overhead=0.0001s)
==================

Step: 10
[POMCP] applicable values:
        navigate(brl_robot, stem_02, dock_station): 0.49981996176850274
        navigate(brl_robot, stem_02, stem_01): 2.1097315661557703
        detect(brl_robot, stem_02): 0.0

[POMCP] Selected: navigate(brl_robot, stem_02, stem_01)
[POMCP] Average simulation time:  0.0118
[POMCP] Average select time:  0.0
[Planner] Selected action: navigate(brl_robot, stem_02, stem_01)
[Planner] Observation:  ['located(brl_robot,stem_01)']
    [Feedback] method=ours-random-when, confidence=0.9666, threshold=0.8000, trigger=True
    [Planner] Current confidence: 0.9665662897348404
    [Query] Q: located(brl_robot,stem_01) is True?
    [Query] T: located(brl_robot,stem_01)=True?
    [Query] A: True
    [Planner] Reduced 3 --> 1
    [Planner] Updated confidence: 1.0
    [Belief Diff]
      + add (1): located(brl_robot,stem_01)
      - del (1): located(brl_robot,stem_02)
[TIME] step_total=1.1788s (search=1.1778s, execute=0.0002s, update=0.0001s, interaction=0.0003s, pruning=0.0003s, overhead=0.0001s)
==================

Step: 11
[POMCP] applicable values:
        navigate(brl_robot, stem_01, dock_station): 0.8151926460870065
        navigate(brl_robot, stem_01, stem_02): 1.0567089910196892
        detect(brl_robot, stem_01): 2.853071529306565

[POMCP] Selected: detect(brl_robot, stem_01)
[POMCP] Average simulation time:  0.0133
[POMCP] Average select time:  0.0
[Planner] Selected action: detect(brl_robot, stem_01)
[Planner] Observation:  []
    [Feedback] method=ours-random-when, confidence=0.0002, threshold=0.8000, trigger=False
    [Planner] Updated confidence: 0.00021454414913757436
    [Belief Diff]
      + add (0): -
      - del (0): -
[TIME] step_total=1.3348s (search=1.3275s, execute=0.0027s, update=0.0022s, interaction=0.0000s, pruning=0.0023s, overhead=0.0001s)
==================

Step: 12
[POMCP] applicable values:
        navigate(brl_robot, stem_01, dock_station): 0.0
        navigate(brl_robot, stem_01, stem_02): 0.0
        detect(brl_robot, stem_01): 1.753518452334798

[POMCP] Selected: detect(brl_robot, stem_01)
[POMCP] Average simulation time:  0.0122
[POMCP] Average select time:  0.0
[Planner] Selected action: detect(brl_robot, stem_01)
[Planner] Observation:  []
    [Feedback] method=ours-random-when, confidence=0.0002, threshold=0.8000, trigger=False
    [Planner] Updated confidence: 0.00021454414913757436
    [Belief Diff]
      + add (0): -
      - del (0): -
[TIME] step_total=1.2292s (search=1.2231s, execute=0.0027s, update=0.0027s, interaction=0.0001s, pruning=0.0005s, overhead=0.0001s)
==================

Step: 13
[POMCP] applicable values:
        navigate(brl_robot, stem_01, dock_station): 0.0
        navigate(brl_robot, stem_01, stem_02): 1.0434245217041864
        detect(brl_robot, stem_01): 0.0

[POMCP] Selected: navigate(brl_robot, stem_01, stem_02)
[POMCP] Average simulation time:  0.0109
[POMCP] Average select time:  0.0
[Planner] Selected action: navigate(brl_robot, stem_01, stem_02)
[Planner] Observation:  ['located(brl_robot,stem_02)']
    [Feedback] method=ours-random-when, confidence=0.9491, threshold=0.8000, trigger=True
    [Planner] Current confidence: 0.9491480383894179
    [Query] Q: located(brl_robot,stem_02) is True?
    [Query] T: located(brl_robot,stem_02)=True?
    [Query] A: True
    [Planner] Reduced 3 --> 1
    [Planner] Updated confidence: 1.0
    [Belief Diff]
      + add (1): located(brl_robot,stem_02)
      - del (1): located(brl_robot,stem_01)
[TIME] step_total=1.0906s (search=1.0897s, execute=0.0002s, update=0.0001s, interaction=0.0003s, pruning=0.0002s, overhead=0.0001s)
==================

Step: 14
[POMCP] applicable values:
        navigate(brl_robot, stem_02, dock_station): 1.6435706293290815
        navigate(brl_robot, stem_02, stem_01): 0.50906640625
        detect(brl_robot, stem_02): 0.7215844181255419

[POMCP] Selected: navigate(brl_robot, stem_02, dock_station)
[POMCP] Average simulation time:  0.0119
[POMCP] Average select time:  0.0
[Planner] Selected action: navigate(brl_robot, stem_02, dock_station)
[Planner] Observation:  ['located(brl_robot,dock_station)']
    [Feedback] method=ours-random-when, confidence=0.9244, threshold=0.8000, trigger=False
    [Planner] Updated confidence: 0.9243963399567601
    [Belief Diff]
      + add (1): located(brl_robot,dock_station)
      - del (1): located(brl_robot,stem_02)
[TIME] step_total=1.1937s (search=1.1930s, execute=0.0002s, update=0.0001s, interaction=0.0000s, pruning=0.0002s, overhead=0.0001s)
==================

Step: 15
[POMCP] applicable values:
        navigate(brl_robot, dock_station, stem_01): 2.219734580830115
        navigate(brl_robot, dock_station, stem_02): 0.0

[POMCP] Selected: navigate(brl_robot, dock_station, stem_01)
[POMCP] Average simulation time:  0.0118
[POMCP] Average select time:  0.0
[Planner] Selected action: navigate(brl_robot, dock_station, stem_01)
[Planner] Observation:  ['located(brl_robot,stem_01)']
    [Feedback] method=ours-random-when, confidence=0.9582, threshold=0.8000, trigger=False
    [Planner] Updated confidence: 0.9581937248728185
    [Belief Diff]
      + add (1): located(brl_robot,stem_01)
      - del (1): located(brl_robot,dock_station)
[TIME] step_total=1.1851s (search=1.1845s, execute=0.0002s, update=0.0001s, interaction=0.0000s, pruning=0.0002s, overhead=0.0001s)
==================

Step: 16
[POMCP] applicable values:
        navigate(brl_robot, stem_01, dock_station): 0.9724523616329209
        navigate(brl_robot, stem_01, stem_02): 0.0
        detect(brl_robot, stem_01): 2.9701767666831254

[POMCP] Selected: detect(brl_robot, stem_01)
[POMCP] Average simulation time:  0.0125
[POMCP] Average select time:  0.0
[Planner] Selected action: detect(brl_robot, stem_01)
[Planner] Observation:  []
    [Feedback] method=ours-random-when, confidence=0.0002, threshold=0.8000, trigger=True
    [Planner] Current confidence: 0.00021454414913757436
    [Query] Q: at(tomato3,stem_01) is True?
    [Query] T: at(tomato3,stem_01)=True?
    [Query] A: False
    [Planner] Reduced 9 --> 3
    [Planner] Current confidence: 0.00020089199550132886
    [Query] Q: at(tomato4,stem_01) is True?
    [Query] T: at(tomato4,stem_01)=True?
    [Query] A: False
    [Planner] Reduced 3 --> 1
    [Planner] Updated confidence: 1.0
    [Belief Diff]
      + add (0): -
      - del (0): -
[TIME] step_total=1.2548s (search=1.2472s, execute=0.0027s, update=0.0023s, interaction=0.0007s, pruning=0.0017s, overhead=0.0001s)
==================

Step: 17
[POMCP] applicable values:
        navigate(brl_robot, stem_01, dock_station): 0.4048754379896142
        navigate(brl_robot, stem_01, stem_02): 0.9240548793888468
        detect(brl_robot, stem_01): 0.0

[POMCP] Selected: navigate(brl_robot, stem_01, stem_02)
[POMCP] Average simulation time:  0.0119
[POMCP] Average select time:  0.0
[Planner] Selected action: navigate(brl_robot, stem_01, stem_02)
[Planner] Observation:  ['located(brl_robot,stem_02)']
    [Feedback] method=ours-random-when, confidence=0.9271, threshold=0.8000, trigger=True
    [Planner] Current confidence: 0.9270574386891346
    [Query] Q: located(brl_robot,stem_02) is True?
    [Query] T: located(brl_robot,stem_02)=True?
    [Query] A: True
    [Planner] Reduced 3 --> 1
    [Planner] Updated confidence: 1.0
    [Belief Diff]
      + add (1): located(brl_robot,stem_02)
      - del (1): located(brl_robot,stem_01)
[TIME] step_total=1.1880s (search=1.1870s, execute=0.0002s, update=0.0001s, interaction=0.0003s, pruning=0.0002s, overhead=0.0001s)
==================

Step: 18
[POMCP] applicable values:
        navigate(brl_robot, stem_02, dock_station): 0.0
        navigate(brl_robot, stem_02, stem_01): 0.3483392707968069
        detect(brl_robot, stem_02): 2.034632936592458

[POMCP] Selected: detect(brl_robot, stem_02)
[POMCP] Average simulation time:  0.0123
[POMCP] Average select time:  0.0
[Planner] Selected action: detect(brl_robot, stem_02)
[Planner] Observation:  ['observed(tomato3)', 'observed(tomato4)', 'ripe(tomato3)', 'unripe(tomato4)']
    [Feedback] method=ours-random-when, confidence=0.4812, threshold=0.8000, trigger=True
    [Planner] Current confidence: 0.4812192311553598
    [Query] Q: ripe(tomato3) is True?
    [Query] T: ripe(tomato3)=True?
    [Query] A: True
    [Planner] Reduced 9 --> 3
    [Planner] Current confidence: 0.530407733656943
    [Query] Q: unripe(tomato4) is True?
    [Query] T: unripe(tomato4)=True?
    [Query] A: True
    [Planner] Reduced 3 --> 1
    [Planner] Updated confidence: 1.0
    [Belief Diff]
      + add (6): at(tomato3,stem_02), at(tomato4,stem_02), observed(tomato3), observed(tomato4), ripe(tomato3), unripe(tomato4)
      - del (0): -
[TIME] step_total=1.2348s (search=1.2284s, execute=0.0025s, update=0.0023s, interaction=0.0008s, pruning=0.0008s, overhead=0.0001s)
==================

Step: 19
[POMCP] applicable values:
        navigate(brl_robot, stem_02, dock_station): 0.0
        navigate(brl_robot, stem_02, stem_01): 0.0
        detect(brl_robot, stem_02): 0.8657196732417868
        pick(brl_robot, tomato3, stem_02): 4.329061025011407

[POMCP] Selected: pick(brl_robot, tomato3, stem_02)
[POMCP] Average simulation time:  0.0109
[POMCP] Average select time:  0.0
[Planner] Selected action: pick(brl_robot, tomato3, stem_02)
[Planner] Observation:  ['holding(brl_robot,tomato3)', 'holded(tomato3,brl_robot)']
    [Feedback] method=ours-random-when, confidence=0.9975, threshold=0.8000, trigger=False
    [Planner] Updated confidence: 0.9974826543583185
    [Belief Diff]
      + add (2): holding(brl_robot,tomato3), holded(tomato3,brl_robot)
      - del (2): handempty(brl_robot), at(tomato3,stem_02)
[TIME] step_total=1.0874s (search=1.0869s, execute=0.0002s, update=0.0001s, interaction=0.0000s, pruning=0.0002s, overhead=0.0001s)
==================

Step: 20
[POMCP] applicable values:
        scan(brl_robot, tomato3): 5.2112388611007905
        place(brl_robot, tomato3): 0.0
        discard(brl_robot, tomato3): 0.0

[POMCP] Selected: scan(brl_robot, tomato3)
[POMCP] Average simulation time:  0.0105
[POMCP] Average select time:  0.0
[Planner] Selected action: scan(brl_robot, tomato3)
[Planner] Observation:  ['ripe(tomato3)']
    [Feedback] method=ours-random-when, confidence=0.5526, threshold=0.8000, trigger=True
    [Planner] Current confidence: 0.5526389444144302
    [Query] Q: ripe(tomato3) is True?
    [Query] T: ripe(tomato3)=True?
    [Query] A: True
    [Planner] Reduced 2 --> 1
    [Planner] Updated confidence: 1.0
    [Belief Diff]
      + add (1): scanned(tomato3)
      - del (0): -
[TIME] step_total=1.0558s (search=1.0543s, execute=0.0002s, update=0.0001s, interaction=0.0003s, pruning=0.0007s, overhead=0.0001s)
==================

Step: 21
[POMCP] applicable values:
        scan(brl_robot, tomato3): 3.503125
        place(brl_robot, tomato3): 5.561480268341883
        discard(brl_robot, tomato3): 0.0

[POMCP] Selected: place(brl_robot, tomato3)
[POMCP] Average simulation time:  0.0119
[POMCP] Average select time:  0.0
[Planner] Selected action: place(brl_robot, tomato3)
[Planner] Observation:  ['loaded(tomato3,brl_robot)', 'handempty(brl_robot)']
    [Feedback] method=ours-random-when, confidence=0.9993, threshold=0.8000, trigger=True
    [Planner] Current confidence: 0.9992533932228002
    [Query] Q: handempty(brl_robot) is True?
    [Query] T: handempty(brl_robot)=True?
    [Query] A: True
    [Planner] Reduced 2 --> 1
    [Planner] Updated confidence: 1.0
    [Belief Diff]
      + add (2): loaded(tomato3,brl_robot), handempty(brl_robot)
      - del (2): holded(tomato3,brl_robot), holding(brl_robot,tomato3)
[TIME] step_total=1.1864s (search=1.1857s, execute=0.0002s, update=0.0001s, interaction=0.0003s, pruning=0.0000s, overhead=0.0001s)
[TIME SUMMARY]
avg search: 1.1033s
avg execute: 0.0007s
avg update: 0.0007s
avg interaction: 0.0005s
avg pruning: 0.0005s
avg step wall: 1.1057s
total wall clock: 23.2209s
=============Action Log=============
[STEP 1]: navigate(brl_robot, dock_station, stem_01)
[STEP 2]: detect(brl_robot, stem_01)
[STEP 3]: pick(brl_robot, tomato2, stem_01)
[STEP 4]: scan(brl_robot, tomato2)
[STEP 5]: discard(brl_robot, tomato2)
[STEP 6]: pick(brl_robot, tomato1, stem_01)
[STEP 7]: scan(brl_robot, tomato1)
[STEP 8]: place(brl_robot, tomato1)
[STEP 9]: navigate(brl_robot, stem_01, stem_02)
[STEP 10]: navigate(brl_robot, stem_02, stem_01)
[STEP 11]: detect(brl_robot, stem_01)
[STEP 12]: detect(brl_robot, stem_01)
[STEP 13]: navigate(brl_robot, stem_01, stem_02)
[STEP 14]: navigate(brl_robot, stem_02, dock_station)
[STEP 15]: navigate(brl_robot, dock_station, stem_01)
[STEP 16]: detect(brl_robot, stem_01)
[STEP 17]: navigate(brl_robot, stem_01, stem_02)
[STEP 18]: detect(brl_robot, stem_02)
[STEP 19]: pick(brl_robot, tomato3, stem_02)
[STEP 20]: scan(brl_robot, tomato3)
[STEP 21]: place(brl_robot, tomato3)
=============Final Knowledge=============
at(tomato4,stem_02)
discarded(tomato2)
handempty(brl_robot)
loaded(tomato1,brl_robot)
loaded(tomato3,brl_robot)
located(brl_robot,stem_02)
location(dock_station)
location(stem_01)
location(stem_02)
observed(tomato1)
observed(tomato2)
observed(tomato3)
observed(tomato4)
ripe(tomato1)
ripe(tomato3)
robot(brl_robot)
rotten(tomato2)
scanned(tomato1)
scanned(tomato2)
scanned(tomato3)
stem(stem_01)
stem(stem_02)
tomato(tomato1)
tomato(tomato2)
tomato(tomato3)
tomato(tomato4)
unripe(tomato4)
=============Query=============
Total Query 16
=============Action Schema Summary=============
detect: actions=5, questions=8, expected_questions_per_action=1.6000
discard: actions=1, questions=0, expected_questions_per_action=0.0000
navigate: actions=7, questions=4, expected_questions_per_action=0.5714
pick: actions=3, questions=1, expected_questions_per_action=0.3333
place: actions=2, questions=2, expected_questions_per_action=1.0000
scan: actions=3, questions=1, expected_questions_per_action=0.3333
=============Log File=============
/home/changmin/PyProject/00_BRL-CF/experiments_logs/system_log/e2_ablation/tomato/scene_01_step50/ours-random-when/oracle/exp_tomato_20260804_124445_806391.txt
