Step: 1
[POMCP] applicable values:
        detect_waste(brl_robot): 4.05641396646701

[POMCP] Selected: detect_waste(brl_robot)
[POMCP] Average simulation time:  0.0143
[POMCP] Average select time:  0.0
[Planner] Selected action: detect_waste(brl_robot)
[Planner] Observation:  ['can(waste1)', 'detected(waste1)', 'detected(waste2)', 'detected(waste3)', 'paper(waste3)', 'plastic(waste2)']
    [Feedback] method=ours-random-when, confidence=0.3281, threshold=0.8000, trigger=False
    [Planner] Updated confidence: 0.32805967633120015
    [Belief Diff]
      + add (6): can(waste1), detected(waste1), detected(waste2), detected(waste3), paper(waste3), plastic(waste2)
      - del (0): -
[TIME] step_total=1.5649s (search=1.4278s, execute=0.0063s, update=0.1303s, interaction=0.0001s, pruning=0.0004s, overhead=0.0001s)
==================

Step: 2
[POMCP] applicable values:
        detect_waste(brl_robot): 1.8377297265624999
        pick(brl_robot, waste1): 7.64853911322708
        pick(brl_robot, waste2): 1.4220002306911494
        pick(brl_robot, waste3): 2.354030347224609

[POMCP] Selected: pick(brl_robot, waste1)
[POMCP] Average simulation time:  0.0035
[POMCP] Average select time:  0.0
[Planner] Selected action: pick(brl_robot, waste1)
[Planner] Observation:  ['holding(brl_robot,waste1)']
    [Feedback] method=ours-random-when, confidence=0.9125, threshold=0.8000, trigger=True
    [Planner] Current confidence: 0.9124999316517358
    [Query] Q: handempty(brl_robot) is True?
    [Query] T: handempty(brl_robot)=True?
    [Query] A: False
    [Planner] Reduced 2 --> 1
    [Planner] Updated confidence: 1.0
    [Belief Diff]
      + add (1): holding(brl_robot,waste1)
      - del (1): handempty(brl_robot)
[TIME] step_total=0.3509s (search=0.3486s, execute=0.0001s, update=0.0001s, interaction=0.0019s, pruning=0.0001s, overhead=0.0000s)
==================

Step: 3
[POMCP] applicable values:
        place_gw_bin(brl_robot, waste1, gw_bin): 0.0
        place_paper_bin(brl_robot, waste1, pp_bin): 0.0
        place_can_bin(brl_robot, waste1, ca_bin): 10.300464663230049
        place_plastic_bin(brl_robot, waste1, pl_bin): 2.996082734806061

[POMCP] Selected: place_can_bin(brl_robot, waste1, ca_bin)
[POMCP] Average simulation time:  0.002
[POMCP] Average select time:  0.0
[Planner] Selected action: place_can_bin(brl_robot, waste1, ca_bin)
[Planner] Observation:  ['in_bin(waste1,ca_bin)', 'handempty(brl_robot)']
    [Feedback] method=ours-random-when, confidence=0.9879, threshold=0.8000, trigger=False
    [Planner] Updated confidence: 0.9879287194199593
    [Belief Diff]
      + add (2): in_bin(waste1,ca_bin), handempty(brl_robot)
      - del (2): holding(brl_robot,waste1), detected(waste1)
[TIME] step_total=0.2017s (search=0.2012s, execute=0.0001s, update=0.0001s, interaction=0.0000s, pruning=0.0002s, overhead=0.0000s)
==================

Step: 4
[POMCP] applicable values:
        detect_waste(brl_robot): 0.0
        pick(brl_robot, waste2): 0.0
        pick(brl_robot, waste3): 6.685250815547863

[POMCP] Selected: pick(brl_robot, waste3)
[POMCP] Average simulation time:  0.0023
[POMCP] Average select time:  0.0
[Planner] Selected action: pick(brl_robot, waste3)
[Planner] Observation:  ['holding(brl_robot,waste3)']
    [Feedback] method=ours-random-when, confidence=0.9094, threshold=0.8000, trigger=False
    [Planner] Updated confidence: 0.9094312239010576
    [Belief Diff]
      + add (1): holding(brl_robot,waste3)
      - del (1): handempty(brl_robot)
[TIME] step_total=0.2288s (search=0.2283s, execute=0.0001s, update=0.0001s, interaction=0.0000s, pruning=0.0002s, overhead=0.0000s)
==================

Step: 5
[POMCP] applicable values:
        place_gw_bin(brl_robot, waste3, gw_bin): 0.0
        place_paper_bin(brl_robot, waste3, pp_bin): 7.864414134478066
        place_can_bin(brl_robot, waste3, ca_bin): 3.8689046874999997
        place_plastic_bin(brl_robot, waste3, pl_bin): 0.0

[POMCP] Selected: place_paper_bin(brl_robot, waste3, pp_bin)
[POMCP] Average simulation time:  0.0019
[POMCP] Average select time:  0.0
[Planner] Selected action: place_paper_bin(brl_robot, waste3, pp_bin)
[Planner] Observation:  ['holding(brl_robot,waste3)']
    [Feedback] method=ours-random-when, confidence=0.0001, threshold=0.8000, trigger=True
    [Planner] Current confidence: 0.00010788702034036923
    [Query] Q: detected(waste3) is True?
    [Query] T: detected(waste3)=True?
    [Query] A: False
    [Planner] Reduced 2 --> 1
    [Planner] Updated confidence: 1.0
    [Belief Diff]
      + add (2): in_bin(waste3,pp_bin), handempty(brl_robot)
      - del (2): holding(brl_robot,waste3), detected(waste3)
[TIME] step_total=0.1909s (search=0.1901s, execute=0.0002s, update=0.0001s, interaction=0.0002s, pruning=0.0002s, overhead=0.0000s)
==================

Step: 6
[POMCP] applicable values:
        detect_waste(brl_robot): 3.3041251511608443
        pick(brl_robot, waste2): 0.0

[POMCP] Selected: detect_waste(brl_robot)
[POMCP] Average simulation time:  0.0019
[POMCP] Average select time:  0.0
[Planner] Selected action: detect_waste(brl_robot)
[Planner] Observation:  ['detected(waste2)', 'detected(waste4)', 'general(waste2)', 'paper(waste4)']
    [Feedback] method=ours-random-when, confidence=0.1493, threshold=0.8000, trigger=False
    [Planner] Updated confidence: 0.14925333531235796
    [Belief Diff]
      + add (3): detected(waste4), general(waste2), paper(waste4)
      - del (1): plastic(waste2)
[TIME] step_total=0.1998s (search=0.1916s, execute=0.0034s, update=0.0034s, interaction=0.0000s, pruning=0.0012s, overhead=0.0001s)
==================

Step: 7
[POMCP] applicable values:
        detect_waste(brl_robot): 0.0
        pick(brl_robot, waste2): 0.0
        pick(brl_robot, waste4): 9.25279624393857

[POMCP] Selected: pick(brl_robot, waste4)
[POMCP] Average simulation time:  0.0017
[POMCP] Average select time:  0.0
[Planner] Selected action: pick(brl_robot, waste4)
[Planner] Observation:  ['holding(brl_robot,waste4)']
    [Feedback] method=ours-random-when, confidence=0.9341, threshold=0.8000, trigger=True
    [Planner] Current confidence: 0.9340938062888202
    [Query] Q: handempty(brl_robot) is True?
    [Query] T: handempty(brl_robot)=True?
    [Query] A: False
    [Planner] Reduced 2 --> 1
    [Planner] Updated confidence: 1.0
    [Belief Diff]
      + add (1): holding(brl_robot,waste4)
      - del (1): handempty(brl_robot)
[TIME] step_total=0.1682s (search=0.1676s, execute=0.0002s, update=0.0001s, interaction=0.0002s, pruning=0.0001s, overhead=0.0001s)
==================

Step: 8
[POMCP] applicable values:
        place_gw_bin(brl_robot, waste4, gw_bin): 0.0
        place_paper_bin(brl_robot, waste4, pp_bin): 5.503125
        place_can_bin(brl_robot, waste4, ca_bin): 11.163165468778555
        place_plastic_bin(brl_robot, waste4, pl_bin): 0.0

[POMCP] Selected: place_can_bin(brl_robot, waste4, ca_bin)
[POMCP] Average simulation time:  0.0017
[POMCP] Average select time:  0.0
[Planner] Selected action: place_can_bin(brl_robot, waste4, ca_bin)
[Planner] Observation:  ['in_bin(waste4,ca_bin)', 'handempty(brl_robot)']
    [Feedback] method=ours-random-when, confidence=0.9940, threshold=0.8000, trigger=False
    [Planner] Updated confidence: 0.9940421620331379
    [Belief Diff]
      + add (2): in_bin(waste4,ca_bin), handempty(brl_robot)
      - del (2): holding(brl_robot,waste4), detected(waste4)
[TIME] step_total=0.1747s (search=0.1742s, execute=0.0002s, update=0.0001s, interaction=0.0000s, pruning=0.0002s, overhead=0.0001s)
==================

Step: 9
[POMCP] applicable values:
        detect_waste(brl_robot): 0.0
        pick(brl_robot, waste2): 12.89726798133753

[POMCP] Selected: pick(brl_robot, waste2)
[POMCP] Average simulation time:  0.0018
[POMCP] Average select time:  0.0
[Planner] Selected action: pick(brl_robot, waste2)
[Planner] Observation:  ['holding(brl_robot,waste2)']
    [Feedback] method=ours-random-when, confidence=0.9374, threshold=0.8000, trigger=True
    [Planner] Current confidence: 0.9374343521582006
    [Query] Q: handempty(brl_robot) is True?
    [Query] T: handempty(brl_robot)=True?
    [Query] A: False
    [Planner] Reduced 2 --> 1
    [Planner] Updated confidence: 1.0
    [Belief Diff]
      + add (1): holding(brl_robot,waste2)
      - del (1): handempty(brl_robot)
[TIME] step_total=0.1818s (search=0.1811s, execute=0.0002s, update=0.0001s, interaction=0.0003s, pruning=0.0001s, overhead=0.0001s)
==================

Step: 10
[POMCP] applicable values:
        place_gw_bin(brl_robot, waste2, gw_bin): 14.805882352941188
        place_paper_bin(brl_robot, waste2, pp_bin): 0.0
        place_can_bin(brl_robot, waste2, ca_bin): 0.0
        place_plastic_bin(brl_robot, waste2, pl_bin): 0.0

[POMCP] Selected: place_gw_bin(brl_robot, waste2, gw_bin)
[POMCP] Average simulation time:  0.002
[POMCP] Average select time:  0.0
[Planner] Selected action: place_gw_bin(brl_robot, waste2, gw_bin)
[Planner] Observation:  ['in_bin(waste2,gw_bin)', 'handempty(brl_robot)']
    [Feedback] method=ours-random-when, confidence=0.9880, threshold=0.8000, trigger=False
    [Planner] Updated confidence: 0.9879804739114997
    [Belief Diff]
      + add (2): in_bin(waste2,gw_bin), handempty(brl_robot)
      - del (2): detected(waste2), holding(brl_robot,waste2)
[TIME] step_total=0.1963s (search=0.1959s, execute=0.0002s, update=0.0001s, interaction=0.0000s, pruning=0.0000s, overhead=0.0001s)
[TIME SUMMARY]
avg search: 0.3307s
avg execute: 0.0011s
avg update: 0.0134s
avg interaction: 0.0003s
avg pruning: 0.0003s
avg step wall: 0.3458s
total wall clock: 3.4581s
=============Action Log=============
[STEP 1]: detect_waste(brl_robot)
[STEP 2]: pick(brl_robot, waste1)
[STEP 3]: place_can_bin(brl_robot, waste1, ca_bin)
[STEP 4]: pick(brl_robot, waste3)
[STEP 5]: place_paper_bin(brl_robot, waste3, pp_bin)
[STEP 6]: detect_waste(brl_robot)
[STEP 7]: pick(brl_robot, waste4)
[STEP 8]: place_can_bin(brl_robot, waste4, ca_bin)
[STEP 9]: pick(brl_robot, waste2)
[STEP 10]: place_gw_bin(brl_robot, waste2, gw_bin)
=============Final Knowledge=============
can(waste1)
can_bin(ca_bin)
general(waste2)
general_bin(gw_bin)
handempty(brl_robot)
in_bin(waste1,ca_bin)
in_bin(waste2,gw_bin)
in_bin(waste3,pp_bin)
in_bin(waste4,ca_bin)
paper(waste3)
paper(waste4)
paper_bin(pp_bin)
plastic_bin(pl_bin)
robot(brl_robot)
waste(waste1)
waste(waste2)
waste(waste3)
waste(waste4)
=============Query=============
Total Query 4
=============Action Schema Summary=============
detect_waste: actions=2, questions=0, expected_questions_per_action=0.0000
pick: actions=4, questions=3, expected_questions_per_action=0.7500
place_can_bin: actions=2, questions=0, expected_questions_per_action=0.0000
place_gw_bin: actions=1, questions=0, expected_questions_per_action=0.0000
place_paper_bin: actions=1, questions=1, expected_questions_per_action=1.0000
=============Log File=============
/home/changmin/PyProject/00_BRL-CF/experiments_logs/system_log/e2_ablation/wastesorting/scene_02_step50/ours-random-when/oracle/exp_wastesorting_20260804_134043_484888.txt
