Step: 1
[POMCP] applicable values:
        detect_waste(brl_robot): 3.8400413659548147

[POMCP] Selected: detect_waste(brl_robot)
[POMCP] Average simulation time:  0.0142
[POMCP] Average select time:  0.0
[Planner] Selected action: detect_waste(brl_robot)
[Planner] Observation:  ['can(waste1)', 'detected(waste1)', 'detected(waste2)', 'detected(waste3)', 'general(waste2)', 'paper(waste3)']
    [Feedback] method=ours-random-when, confidence=0.3700, threshold=0.8000, trigger=True
    [Planner] Current confidence: 0.37002823831622567
    [Query] Q: paper(waste3) is True?
    [Query] T: paper(waste3)=True?
    [Query] A: True
    [Planner] Reduced 625 --> 125
    [Planner] Current confidence: 0.44302328946458547
    [Query] Q: can(waste1) is True?
    [Query] T: can(waste1)=True?
    [Query] A: True
    [Planner] Reduced 125 --> 25
    [Planner] Current confidence: 0.47971426020841057
    [Query] Q: detected(waste4) is True?
    [Query] T: detected(waste4)=True?
    [Query] A: False
    [Planner] Reduced 25 --> 5
    [Planner] Current confidence: 0.5800654410540773
    [Query] Q: general(waste2) is True?
    [Query] T: general(waste2)=True?
    [Query] A: True
    [Planner] Reduced 5 --> 1
    [Planner] Updated confidence: 1.0
    [Belief Diff]
      + add (6): can(waste1), detected(waste1), detected(waste2), detected(waste3), general(waste2), paper(waste3)
      - del (0): -
[TIME] step_total=1.5719s (search=1.4171s, execute=0.0061s, update=0.1286s, interaction=0.0195s, pruning=0.0004s, overhead=0.0001s)
==================

Step: 2
[POMCP] applicable values:
        detect_waste(brl_robot): 0.0
        pick(brl_robot, waste1): 3.1134839843749997
        pick(brl_robot, waste2): 10.064379149594025
        pick(brl_robot, waste3): 3.2597299572536493

[POMCP] Selected: pick(brl_robot, waste2)
[POMCP] Average simulation time:  0.0031
[POMCP] Average select time:  0.0
[Planner] Selected action: pick(brl_robot, waste2)
[Planner] Observation:  ['holding(brl_robot,waste2)']
    [Feedback] method=ours-random-when, confidence=0.8993, threshold=0.8000, trigger=False
    [Planner] Updated confidence: 0.8993363420307069
    [Belief Diff]
      + add (1): holding(brl_robot,waste2)
      - del (1): handempty(brl_robot)
[TIME] step_total=0.3088s (search=0.3084s, execute=0.0001s, update=0.0001s, interaction=0.0000s, pruning=0.0001s, overhead=0.0000s)
==================

Step: 3
[POMCP] applicable values:
        place_gw_bin(brl_robot, waste2, gw_bin): 13.771517629923839
        place_paper_bin(brl_robot, waste2, pp_bin): 4.5125
        place_can_bin(brl_robot, waste2, ca_bin): 0.0
        place_plastic_bin(brl_robot, waste2, pl_bin): 3.8689046874999997

[POMCP] Selected: place_gw_bin(brl_robot, waste2, gw_bin)
[POMCP] Average simulation time:  0.0018
[POMCP] Average select time:  0.0
[Planner] Selected action: place_gw_bin(brl_robot, waste2, gw_bin)
[Planner] Observation:  ['in_bin(waste2,gw_bin)', 'handempty(brl_robot)']
    [Feedback] method=ours-random-when, confidence=0.9798, threshold=0.8000, trigger=False
    [Planner] Updated confidence: 0.9797924412116762
    [Belief Diff]
      + add (2): in_bin(waste2,gw_bin), handempty(brl_robot)
      - del (2): detected(waste2), holding(brl_robot,waste2)
[TIME] step_total=0.1759s (search=0.1755s, execute=0.0001s, update=0.0001s, interaction=0.0000s, pruning=0.0001s, overhead=0.0000s)
==================

Step: 4
[POMCP] applicable values:
        detect_waste(brl_robot): 2.25625
        pick(brl_robot, waste1): 0.0
        pick(brl_robot, waste3): 10.85080580943743

[POMCP] Selected: pick(brl_robot, waste3)
[POMCP] Average simulation time:  0.0016
[POMCP] Average select time:  0.0
[Planner] Selected action: pick(brl_robot, waste3)
[Planner] Observation:  ['handempty(brl_robot)']
    [Feedback] method=ours-random-when, confidence=0.1301, threshold=0.8000, trigger=True
    [Planner] Current confidence: 0.13011537620235247
    [Query] Q: handempty(brl_robot) is True?
    [Query] T: handempty(brl_robot)=True?
    [Query] A: False
    [Planner] Reduced 2 --> 1
    [Planner] Updated confidence: 1.0
    [Belief Diff]
      + add (1): holding(brl_robot,waste3)
      - del (1): handempty(brl_robot)
[TIME] step_total=0.1616s (search=0.1610s, execute=0.0001s, update=0.0001s, interaction=0.0002s, pruning=0.0002s, overhead=0.0001s)
==================

Step: 5
[POMCP] applicable values:
        place_gw_bin(brl_robot, waste3, gw_bin): 4.286875
        place_paper_bin(brl_robot, waste3, pp_bin): 12.612303684144551
        place_can_bin(brl_robot, waste3, ca_bin): 3.4916864804687497
        place_plastic_bin(brl_robot, waste3, pl_bin): 3.8689046874999997

[POMCP] Selected: place_paper_bin(brl_robot, waste3, pp_bin)
[POMCP] Average simulation time:  0.0016
[POMCP] Average select time:  0.0
[Planner] Selected action: place_paper_bin(brl_robot, waste3, pp_bin)
[Planner] Observation:  ['in_bin(waste3,pp_bin)', 'handempty(brl_robot)']
    [Feedback] method=ours-random-when, confidence=0.9991, threshold=0.8000, trigger=True
    [Planner] Current confidence: 0.9991231315457646
    [Query] Q: detected(waste3) is True?
    [Query] T: detected(waste3)=True?
    [Query] A: False
    [Planner] Reduced 2 --> 1
    [Planner] Updated confidence: 1.0
    [Belief Diff]
      + add (2): in_bin(waste3,pp_bin), handempty(brl_robot)
      - del (2): holding(brl_robot,waste3), detected(waste3)
[TIME] step_total=0.1619s (search=0.1612s, execute=0.0002s, update=0.0001s, interaction=0.0002s, pruning=0.0002s, overhead=0.0000s)
==================

Step: 6
[POMCP] applicable values:
        detect_waste(brl_robot): 0.0
        pick(brl_robot, waste1): 9.191072315508432

[POMCP] Selected: pick(brl_robot, waste1)
[POMCP] Average simulation time:  0.0017
[POMCP] Average select time:  0.0
[Planner] Selected action: pick(brl_robot, waste1)
[Planner] Observation:  ['holding(brl_robot,waste1)']
    [Feedback] method=ours-random-when, confidence=0.9110, threshold=0.8000, trigger=False
    [Planner] Updated confidence: 0.9109645952921144
    [Belief Diff]
      + add (1): holding(brl_robot,waste1)
      - del (1): handempty(brl_robot)
[TIME] step_total=0.1753s (search=0.1747s, execute=0.0002s, update=0.0001s, interaction=0.0000s, pruning=0.0002s, overhead=0.0001s)
==================

Step: 7
[POMCP] applicable values:
        place_gw_bin(brl_robot, waste1, gw_bin): 0.0
        place_paper_bin(brl_robot, waste1, pp_bin): 0.0
        place_can_bin(brl_robot, waste1, ca_bin): 10.400192596913
        place_plastic_bin(brl_robot, waste1, pl_bin): 0.0

[POMCP] Selected: place_can_bin(brl_robot, waste1, ca_bin)
[POMCP] Average simulation time:  0.0017
[POMCP] Average select time:  0.0
[Planner] Selected action: place_can_bin(brl_robot, waste1, ca_bin)
[Planner] Observation:  []
    [Feedback] method=ours-random-when, confidence=0.5310, threshold=0.8000, trigger=True
    [Planner] Current confidence: 0.531033259510088
    [Query] Q: detected(waste1) is True?
    [Query] T: detected(waste1)=True?
    [Query] A: False
    [Planner] Reduced 2 --> 1
    [Planner] Updated confidence: 1.0
    [Belief Diff]
      + add (2): in_bin(waste1,ca_bin), handempty(brl_robot)
      - del (2): detected(waste1), holding(brl_robot,waste1)
[TIME] step_total=0.1715s (search=0.1707s, execute=0.0002s, update=0.0001s, interaction=0.0002s, pruning=0.0003s, overhead=0.0000s)
==================

Step: 8
[POMCP] applicable values:
        detect_waste(brl_robot): 6.274263634850828

[POMCP] Selected: detect_waste(brl_robot)
[POMCP] Average simulation time:  0.0018
[POMCP] Average select time:  0.0
[Planner] Selected action: detect_waste(brl_robot)
[Planner] Observation:  ['can(waste4)', 'detected(waste4)']
    [Feedback] method=ours-random-when, confidence=0.2924, threshold=0.8000, trigger=False
    [Planner] Updated confidence: 0.29235579535663536
    [Belief Diff]
      + add (2): can(waste4), detected(waste4)
      - del (0): -
[TIME] step_total=0.1840s (search=0.1771s, execute=0.0039s, update=0.0008s, interaction=0.0001s, pruning=0.0021s, overhead=0.0001s)
==================

Step: 9
[POMCP] applicable values:
        detect_waste(brl_robot): 6.138895687048698
        pick(brl_robot, waste4): 0.0

[POMCP] Selected: detect_waste(brl_robot)
[POMCP] Average simulation time:  0.0017
[POMCP] Average select time:  0.0001
[Planner] Selected action: detect_waste(brl_robot)
[Planner] Observation:  ['detected(waste1)', 'detected(waste4)', 'general(waste1)', 'plastic(waste4)']
    [Feedback] method=ours-random-when, confidence=0.0383, threshold=0.8000, trigger=False
    [Planner] Updated confidence: 0.038290795217327145
    [Belief Diff]
      + add (0): -
      - del (0): -
[TIME] step_total=0.1776s (search=0.1724s, execute=0.0040s, update=0.0007s, interaction=0.0000s, pruning=0.0005s, overhead=0.0001s)
==================

Step: 10
[POMCP] applicable values:
        detect_waste(brl_robot): 0.0
        pick(brl_robot, waste4): 12.224910383690826

[POMCP] Selected: pick(brl_robot, waste4)
[POMCP] Average simulation time:  0.0017
[POMCP] Average select time:  0.0
[Planner] Selected action: pick(brl_robot, waste4)
[Planner] Observation:  ['holding(brl_robot,waste4)']
    [Feedback] method=ours-random-when, confidence=0.9661, threshold=0.8000, trigger=True
    [Planner] Current confidence: 0.9660912800044769
    [Query] Q: handempty(brl_robot) is True?
    [Query] T: handempty(brl_robot)=True?
    [Query] A: False
    [Planner] Reduced 2 --> 1
    [Planner] Updated confidence: 1.0
    [Belief Diff]
      + add (1): holding(brl_robot,waste4)
      - del (1): handempty(brl_robot)
[TIME] step_total=0.1743s (search=0.1737s, execute=0.0001s, update=0.0001s, interaction=0.0002s, pruning=0.0001s, overhead=0.0001s)
==================

Step: 11
[POMCP] applicable values:
        place_gw_bin(brl_robot, waste4, gw_bin): 0.0
        place_paper_bin(brl_robot, waste4, pp_bin): 0.0
        place_can_bin(brl_robot, waste4, ca_bin): 14.484908536585365
        place_plastic_bin(brl_robot, waste4, pl_bin): 0.0

[POMCP] Selected: place_can_bin(brl_robot, waste4, ca_bin)
[POMCP] Average simulation time:  0.0018
[POMCP] Average select time:  0.0
[Planner] Selected action: place_can_bin(brl_robot, waste4, ca_bin)
[Planner] Observation:  []
    [Feedback] method=ours-random-when, confidence=0.5310, threshold=0.8000, trigger=False
    [Planner] Updated confidence: 0.531033259510088
    [Belief Diff]
      + add (2): in_bin(waste4,ca_bin), handempty(brl_robot)
      - del (2): detected(waste4), holding(brl_robot,waste4)
[TIME] step_total=0.1849s (search=0.1846s, execute=0.0002s, update=0.0001s, interaction=0.0000s, pruning=0.0000s, overhead=0.0001s)
[TIME SUMMARY]
avg search: 0.2979s
avg execute: 0.0014s
avg update: 0.0119s
avg interaction: 0.0019s
avg pruning: 0.0004s
avg step wall: 0.3134s
total wall clock: 3.4479s
=============Action Log=============
[STEP 1]: detect_waste(brl_robot)
[STEP 2]: pick(brl_robot, waste2)
[STEP 3]: place_gw_bin(brl_robot, waste2, gw_bin)
[STEP 4]: pick(brl_robot, waste3)
[STEP 5]: place_paper_bin(brl_robot, waste3, pp_bin)
[STEP 6]: pick(brl_robot, waste1)
[STEP 7]: place_can_bin(brl_robot, waste1, ca_bin)
[STEP 8]: detect_waste(brl_robot)
[STEP 9]: detect_waste(brl_robot)
[STEP 10]: pick(brl_robot, waste4)
[STEP 11]: place_can_bin(brl_robot, waste4, ca_bin)
=============Final Knowledge=============
can(waste1)
can(waste4)
can_bin(ca_bin)
general(waste2)
general_bin(gw_bin)
handempty(brl_robot)
in_bin(waste1,ca_bin)
in_bin(waste2,gw_bin)
in_bin(waste3,pp_bin)
in_bin(waste4,ca_bin)
paper(waste3)
paper_bin(pp_bin)
plastic_bin(pl_bin)
robot(brl_robot)
waste(waste1)
waste(waste2)
waste(waste3)
waste(waste4)
=============Query=============
Total Query 8
=============Action Schema Summary=============
detect_waste: actions=3, questions=4, expected_questions_per_action=1.3333
pick: actions=4, questions=2, expected_questions_per_action=0.5000
place_can_bin: actions=2, questions=1, expected_questions_per_action=0.5000
place_gw_bin: actions=1, questions=0, expected_questions_per_action=0.0000
place_paper_bin: actions=1, questions=1, expected_questions_per_action=1.0000
=============Log File=============
/home/changmin/PyProject/00_BRL-CF/experiments_logs/system_log/e2_ablation/wastesorting/scene_02_step50/ours-random-when/oracle/exp_wastesorting_20260804_134244_684871.txt
