Step: 1
[POMCP] applicable values:
        detect_waste(brl_robot): 3.7021564888234475

[POMCP] Selected: detect_waste(brl_robot)
[POMCP] Average simulation time:  0.0139
[POMCP] Average select time:  0.0
[Planner] Selected action: detect_waste(brl_robot)
[Planner] Observation:  ['can(waste4)', 'detected(waste1)', 'detected(waste2)', 'detected(waste3)', 'detected(waste4)', 'paper(waste1)', 'plastic(waste2)', 'plastic(waste3)']
    [Feedback] method=ours, confidence=0.2601, threshold=0.6000, trigger=True
    [Planner] Current confidence: 0.2600783902030088
    [Query] Q: plastic(waste3) is True?
    [Query] T: plastic(waste3)=True?
    [Query] A: True
    [Planner] Reduced 625 --> 125
    [Planner] Current confidence: 0.3194860873298383
    [Query] Q: plastic(waste2) is True?
    [Query] T: plastic(waste2)=True?
    [Query] A: False
    [Planner] Reduced 125 --> 100
    [Planner] Current confidence: 0.3218850746254094
    [Query] Q: can(waste2) is True?
    [Query] T: can(waste2)=True?
    [Query] A: False
    [Planner] Reduced 100 --> 75
    [Planner] Current confidence: 0.34327534694005835
    [Query] Q: general(waste2) is True?
    [Query] T: general(waste2)=True?
    [Query] A: True
    [Planner] Reduced 75 --> 25
    [Planner] Current confidence: 0.4602815514673301
    [Query] Q: paper(waste1) is True?
    [Query] T: paper(waste1)=True?
    [Query] A: True
    [Planner] Reduced 25 --> 5
    [Planner] Current confidence: 0.4637098788245574
    [Query] Q: can(waste4) is True?
    [Query] T: can(waste4)=True?
    [Query] A: True
    [Planner] Reduced 5 --> 1
    [Planner] Updated confidence: 1.0
    [Belief Diff]
      + add (8): can(waste4), detected(waste1), detected(waste2), detected(waste3), detected(waste4), general(waste2), paper(waste1), plastic(waste3)
      - del (0): -
[TIME] step_total=1.5485s (search=1.3890s, execute=0.0057s, update=0.1299s, interaction=0.0236s, pruning=0.0002s, overhead=0.0001s)
==================

Step: 2
[POMCP] applicable values:
        detect_waste(brl_robot): 3.206511125020823
        pick(brl_robot, waste1): 0.0
        pick(brl_robot, waste2): 1.658551078222656
        pick(brl_robot, waste3): 1.2896348958333332
        pick(brl_robot, waste4): 0.0

[POMCP] Selected: detect_waste(brl_robot)
[POMCP] Average simulation time:  0.0129
[POMCP] Average select time:  0.0
[Planner] Selected action: detect_waste(brl_robot)
[Planner] Observation:  ['can(waste4)', 'detected(waste1)', 'detected(waste2)', 'detected(waste3)', 'detected(waste4)', 'paper(waste1)', 'paper(waste2)', 'plastic(waste3)']
    [Feedback] method=ours, confidence=0.4830, threshold=0.6000, trigger=True
    [Planner] Current confidence: 0.48302597590055185
    [Query] Q: general(waste2) is True?
    [Query] T: general(waste2)=True?
    [Query] A: True
    [Planner] Reduced 256 --> 64
    [Planner] Updated confidence: 0.6303140669038352
    [Belief Diff]
      + add (0): -
      - del (0): -
[TIME] step_total=1.3674s (search=1.2931s, execute=0.0058s, update=0.0624s, interaction=0.0059s, pruning=0.0002s, overhead=0.0001s)
==================

Step: 3
[POMCP] applicable values:
        detect_waste(brl_robot): 0.0
        pick(brl_robot, waste1): 0.0
        pick(brl_robot, waste2): 3.932166125957129
        pick(brl_robot, waste3): 3.3196208331987616
        pick(brl_robot, waste4): 9.952373193532232

[POMCP] Selected: pick(brl_robot, waste4)
[POMCP] Average simulation time:  0.0023
[POMCP] Average select time:  0.0
[Planner] Selected action: pick(brl_robot, waste4)
[Planner] Observation:  ['holding(brl_robot,waste4)']
    [Feedback] method=ours, confidence=0.8968, threshold=0.6000, trigger=False
    [Planner] Updated confidence: 0.896801138908516
    [Belief Diff]
      + add (1): holding(brl_robot,waste4)
      - del (1): handempty(brl_robot)
[TIME] step_total=0.2318s (search=0.2314s, execute=0.0001s, update=0.0001s, interaction=0.0000s, pruning=0.0001s, overhead=0.0001s)
==================

Step: 4
[POMCP] applicable values:
        place_gw_bin(brl_robot, waste4, gw_bin): 4.286875
        place_paper_bin(brl_robot, waste4, pp_bin): 3.151247048623046
        place_can_bin(brl_robot, waste4, ca_bin): 14.172235515095368
        place_plastic_bin(brl_robot, waste4, pl_bin): 0.0

[POMCP] Selected: place_can_bin(brl_robot, waste4, ca_bin)
[POMCP] Average simulation time:  0.0017
[POMCP] Average select time:  0.0
[Planner] Selected action: place_can_bin(brl_robot, waste4, ca_bin)
[Planner] Observation:  ['in_bin(waste4,ca_bin)', 'handempty(brl_robot)']
    [Feedback] method=ours, confidence=0.9943, threshold=0.6000, trigger=False
    [Planner] Updated confidence: 0.9942953959899183
    [Belief Diff]
      + add (2): in_bin(waste4,ca_bin), handempty(brl_robot)
      - del (2): detected(waste4), holding(brl_robot,waste4)
[TIME] step_total=0.1688s (search=0.1684s, execute=0.0001s, update=0.0001s, interaction=0.0000s, pruning=0.0001s, overhead=0.0000s)
==================

Step: 5
[POMCP] applicable values:
        detect_waste(brl_robot): 0.0
        pick(brl_robot, waste1): 0.0
        pick(brl_robot, waste2): 0.0
        pick(brl_robot, waste3): 12.351011859902234

[POMCP] Selected: pick(brl_robot, waste3)
[POMCP] Average simulation time:  0.0018
[POMCP] Average select time:  0.0
[Planner] Selected action: pick(brl_robot, waste3)
[Planner] Observation:  ['holding(brl_robot,waste3)']
    [Feedback] method=ours, confidence=0.9614, threshold=0.6000, trigger=False
    [Planner] Updated confidence: 0.9613570455361214
    [Belief Diff]
      + add (1): holding(brl_robot,waste3)
      - del (1): handempty(brl_robot)
[TIME] step_total=0.1842s (search=0.1838s, execute=0.0001s, update=0.0001s, interaction=0.0000s, pruning=0.0001s, overhead=0.0001s)
==================

Step: 6
[POMCP] applicable values:
        place_gw_bin(brl_robot, waste3, gw_bin): 2.25625
        place_paper_bin(brl_robot, waste3, pp_bin): 2.701800438313184
        place_can_bin(brl_robot, waste3, ca_bin): 0.0
        place_plastic_bin(brl_robot, waste3, pl_bin): 14.336409951103374

[POMCP] Selected: place_plastic_bin(brl_robot, waste3, pl_bin)
[POMCP] Average simulation time:  0.0017
[POMCP] Average select time:  0.0
[Planner] Selected action: place_plastic_bin(brl_robot, waste3, pl_bin)
[Planner] Observation:  ['in_bin(waste3,pl_bin)', 'handempty(brl_robot)']
    [Feedback] method=ours, confidence=0.9945, threshold=0.6000, trigger=False
    [Planner] Updated confidence: 0.9945082217781713
    [Belief Diff]
      + add (2): in_bin(waste3,pl_bin), handempty(brl_robot)
      - del (2): holding(brl_robot,waste3), detected(waste3)
[TIME] step_total=0.1722s (search=0.1718s, execute=0.0001s, update=0.0001s, interaction=0.0000s, pruning=0.0001s, overhead=0.0001s)
==================

Step: 7
[POMCP] applicable values:
        detect_waste(brl_robot): 0.0
        pick(brl_robot, waste1): 11.427709674662324
        pick(brl_robot, waste2): 0.0

[POMCP] Selected: pick(brl_robot, waste1)
[POMCP] Average simulation time:  0.0017
[POMCP] Average select time:  0.0
[Planner] Selected action: pick(brl_robot, waste1)
[Planner] Observation:  ['holding(brl_robot,waste1)']
    [Feedback] method=ours, confidence=0.9477, threshold=0.6000, trigger=False
    [Planner] Updated confidence: 0.9476779684624846
    [Belief Diff]
      + add (1): holding(brl_robot,waste1)
      - del (1): handempty(brl_robot)
[TIME] step_total=0.1733s (search=0.1730s, execute=0.0001s, update=0.0001s, interaction=0.0000s, pruning=0.0001s, overhead=0.0001s)
==================

Step: 8
[POMCP] applicable values:
        place_gw_bin(brl_robot, waste1, gw_bin): 3.8689046874999997
        place_paper_bin(brl_robot, waste1, pp_bin): 13.252418595401382
        place_can_bin(brl_robot, waste1, ca_bin): 0.0
        place_plastic_bin(brl_robot, waste1, pl_bin): 0.0

[POMCP] Selected: place_paper_bin(brl_robot, waste1, pp_bin)
[POMCP] Average simulation time:  0.0018
[POMCP] Average select time:  0.0
[Planner] Selected action: place_paper_bin(brl_robot, waste1, pp_bin)
[Planner] Observation:  ['holding(brl_robot,waste1)', 'detected(waste1)']
    [Feedback] method=ours, confidence=0.5577, threshold=0.6000, trigger=True
    [Planner] Current confidence: 0.5577167500063699
    [Query] Q: detected(waste1) is True?
    [Query] T: detected(waste1)=True?
    [Query] A: False
    [Planner] Reduced 2 --> 1
    [Planner] Updated confidence: 1.0
    [Belief Diff]
      + add (2): in_bin(waste1,pp_bin), handempty(brl_robot)
      - del (2): detected(waste1), holding(brl_robot,waste1)
[TIME] step_total=0.1842s (search=0.1835s, execute=0.0001s, update=0.0001s, interaction=0.0003s, pruning=0.0002s, overhead=0.0001s)
==================

Step: 9
[POMCP] applicable values:
        detect_waste(brl_robot): 9.055710890906775
        pick(brl_robot, waste2): 0.0

[POMCP] Selected: detect_waste(brl_robot)
[POMCP] Average simulation time:  0.0018
[POMCP] Average select time:  0.0
[Planner] Selected action: detect_waste(brl_robot)
[Planner] Observation:  ['detected(waste2)', 'general(waste2)']
    [Feedback] method=ours, confidence=0.3886, threshold=0.6000, trigger=True
    [Planner] Current confidence: 0.3885741787774679
    [Query] Q: general(waste2) is True?
    [Query] T: general(waste2)=True?
    [Query] A: True
    [Planner] Reduced 4 --> 1
    [Planner] Updated confidence: 1.0
    [Belief Diff]
      + add (0): -
      - del (0): -
[TIME] step_total=0.1910s (search=0.1842s, execute=0.0038s, update=0.0007s, interaction=0.0003s, pruning=0.0020s, overhead=0.0001s)
==================

Step: 10
[POMCP] applicable values:
        detect_waste(brl_robot): 0.0
        pick(brl_robot, waste2): 12.245186494606935

[POMCP] Selected: pick(brl_robot, waste2)
[POMCP] Average simulation time:  0.0018
[POMCP] Average select time:  0.0
[Planner] Selected action: pick(brl_robot, waste2)
[Planner] Observation:  ['holding(brl_robot,waste2)']
    [Feedback] method=ours, confidence=0.9261, threshold=0.6000, trigger=False
    [Planner] Updated confidence: 0.9260787886974636
    [Belief Diff]
      + add (1): holding(brl_robot,waste2)
      - del (1): handempty(brl_robot)
[TIME] step_total=0.1835s (search=0.1831s, execute=0.0001s, update=0.0001s, interaction=0.0000s, pruning=0.0001s, overhead=0.0001s)
==================

Step: 11
[POMCP] applicable values:
        place_gw_bin(brl_robot, waste2, gw_bin): 14.732096541786742
        place_paper_bin(brl_robot, waste2, pp_bin): 0.0
        place_can_bin(brl_robot, waste2, ca_bin): 0.0
        place_plastic_bin(brl_robot, waste2, pl_bin): 0.0

[POMCP] Selected: place_gw_bin(brl_robot, waste2, gw_bin)
[POMCP] Average simulation time:  0.0018
[POMCP] Average select time:  0.0
[Planner] Selected action: place_gw_bin(brl_robot, waste2, gw_bin)
[Planner] Observation:  ['in_bin(waste2,gw_bin)', 'handempty(brl_robot)']
    [Feedback] method=ours, confidence=0.9781, threshold=0.6000, trigger=False
    [Planner] Updated confidence: 0.978066523738616
    [Belief Diff]
      + add (2): in_bin(waste2,gw_bin), handempty(brl_robot)
      - del (2): holding(brl_robot,waste2), detected(waste2)
[TIME] step_total=0.1799s (search=0.1796s, execute=0.0001s, update=0.0001s, interaction=0.0000s, pruning=0.0000s, overhead=0.0000s)
[TIME SUMMARY]
avg search: 0.3946s
avg execute: 0.0015s
avg update: 0.0176s
avg interaction: 0.0027s
avg pruning: 0.0003s
avg step wall: 0.4168s
total wall clock: 4.5849s
=============Action Log=============
[STEP 1]: detect_waste(brl_robot)
[STEP 2]: detect_waste(brl_robot)
[STEP 3]: pick(brl_robot, waste4)
[STEP 4]: place_can_bin(brl_robot, waste4, ca_bin)
[STEP 5]: pick(brl_robot, waste3)
[STEP 6]: place_plastic_bin(brl_robot, waste3, pl_bin)
[STEP 7]: pick(brl_robot, waste1)
[STEP 8]: place_paper_bin(brl_robot, waste1, pp_bin)
[STEP 9]: detect_waste(brl_robot)
[STEP 10]: pick(brl_robot, waste2)
[STEP 11]: place_gw_bin(brl_robot, waste2, gw_bin)
=============Final Knowledge=============
can(waste4)
can_bin(ca_bin)
general(waste2)
general_bin(gw_bin)
handempty(brl_robot)
in_bin(waste1,pp_bin)
in_bin(waste2,gw_bin)
in_bin(waste3,pl_bin)
in_bin(waste4,ca_bin)
paper(waste1)
paper_bin(pp_bin)
plastic(waste3)
plastic_bin(pl_bin)
robot(brl_robot)
waste(waste1)
waste(waste2)
waste(waste3)
waste(waste4)
=============Query=============
Total Query 9
=============Action Schema Summary=============
detect_waste: actions=3, questions=8, expected_questions_per_action=2.6667
pick: actions=4, questions=0, expected_questions_per_action=0.0000
place_can_bin: actions=1, questions=0, expected_questions_per_action=0.0000
place_gw_bin: actions=1, questions=0, expected_questions_per_action=0.0000
place_paper_bin: actions=1, questions=1, expected_questions_per_action=1.0000
place_plastic_bin: actions=1, questions=0, expected_questions_per_action=0.0000
=============Log File=============
/home/changmin/PyProject/00_BRL-CF/experiments_logs/system_log/e1_threshold/wastesorting/scene_01_step50/ours/oracle/tau_0-6/exp_wastesorting_20260804_075848_145405.txt
