Step: 1
[POMCP] applicable values:
        detect_waste(brl_robot): 3.6130180235841958

[POMCP] Selected: detect_waste(brl_robot)
[POMCP] Average simulation time:  0.0139
[POMCP] Average select time:  0.0
[Planner] Selected action: detect_waste(brl_robot)
[Planner] Observation:  ['detected(waste1)', 'detected(waste2)', 'detected(waste3)', 'paper(waste3)', 'plastic(waste1)', 'plastic(waste2)']
    [Feedback] method=ours-random-when, confidence=0.3799, threshold=0.8000, trigger=True
    [Planner] Current confidence: 0.37992390534447673
    [Query] Q: plastic(waste2) is True?
    [Query] T: plastic(waste2)=True?
    [Query] A: True
    [Planner] Reduced 625 --> 125
    [Planner] Current confidence: 0.4642749938730053
    [Query] Q: paper(waste3) is True?
    [Query] T: paper(waste3)=True?
    [Query] A: True
    [Planner] Reduced 125 --> 25
    [Planner] Current confidence: 0.5627303250357584
    [Query] Q: detected(waste4) is True?
    [Query] T: detected(waste4)=True?
    [Query] A: False
    [Planner] Reduced 25 --> 5
    [Planner] Current confidence: 0.7460977280020924
    [Query] Q: plastic(waste1) is True?
    [Query] T: plastic(waste1)=True?
    [Query] A: True
    [Planner] Reduced 5 --> 1
    [Planner] Updated confidence: 1.0
    [Belief Diff]
      + add (6): detected(waste1), detected(waste2), detected(waste3), paper(waste3), plastic(waste1), plastic(waste2)
      - del (0): -
[TIME] step_total=1.5373s (search=1.3859s, execute=0.0061s, update=0.1256s, interaction=0.0193s, pruning=0.0004s, overhead=0.0001s)
==================

Step: 2
[POMCP] applicable values:
        detect_waste(brl_robot): 0.0
        pick(brl_robot, waste1): 8.207909579919042
        pick(brl_robot, waste2): 3.151247048623046
        pick(brl_robot, waste3): 4.120843240234375

[POMCP] Selected: pick(brl_robot, waste1)
[POMCP] Average simulation time:  0.0025
[POMCP] Average select time:  0.0
[Planner] Selected action: pick(brl_robot, waste1)
[Planner] Observation:  ['holding(brl_robot,waste1)']
    [Feedback] method=ours-random-when, confidence=0.9358, threshold=0.8000, trigger=False
    [Planner] Updated confidence: 0.9357616606428154
    [Belief Diff]
      + add (1): holding(brl_robot,waste1)
      - del (1): handempty(brl_robot)
[TIME] step_total=0.2541s (search=0.2537s, execute=0.0001s, update=0.0001s, interaction=0.0000s, pruning=0.0001s, overhead=0.0000s)
==================

Step: 3
[POMCP] applicable values:
        place_gw_bin(brl_robot, waste1, gw_bin): 2.993684696191894
        place_paper_bin(brl_robot, waste1, pp_bin): 4.943903641129248
        place_can_bin(brl_robot, waste1, ca_bin): 4.07253125
        place_plastic_bin(brl_robot, waste1, pl_bin): 12.018490920429656

[POMCP] Selected: place_plastic_bin(brl_robot, waste1, pl_bin)
[POMCP] Average simulation time:  0.0019
[POMCP] Average select time:  0.0
[Planner] Selected action: place_plastic_bin(brl_robot, waste1, pl_bin)
[Planner] Observation:  ['in_bin(waste1,pl_bin)', 'handempty(brl_robot)']
    [Feedback] method=ours-random-when, confidence=0.9899, threshold=0.8000, trigger=False
    [Planner] Updated confidence: 0.9899117123862545
    [Belief Diff]
      + add (2): in_bin(waste1,pl_bin), handempty(brl_robot)
      - del (2): holding(brl_robot,waste1), detected(waste1)
[TIME] step_total=0.1930s (search=0.1925s, execute=0.0001s, update=0.0001s, interaction=0.0000s, pruning=0.0001s, overhead=0.0000s)
==================

Step: 4
[POMCP] applicable values:
        detect_waste(brl_robot): 1.8401477919921874
        pick(brl_robot, waste2): 1.9
        pick(brl_robot, waste3): 9.713887089554706

[POMCP] Selected: pick(brl_robot, waste3)
[POMCP] Average simulation time:  0.0019
[POMCP] Average select time:  0.0
[Planner] Selected action: pick(brl_robot, waste3)
[Planner] Observation:  ['holding(brl_robot,waste3)']
    [Feedback] method=ours-random-when, confidence=0.9808, threshold=0.8000, trigger=True
    [Planner] Current confidence: 0.9807828434044644
    [Query] Q: handempty(brl_robot) is True?
    [Query] T: handempty(brl_robot)=True?
    [Query] A: False
    [Planner] Reduced 2 --> 1
    [Planner] Updated confidence: 1.0
    [Belief Diff]
      + add (1): holding(brl_robot,waste3)
      - del (1): handempty(brl_robot)
[TIME] step_total=0.1910s (search=0.1903s, execute=0.0001s, update=0.0001s, interaction=0.0002s, pruning=0.0002s, overhead=0.0000s)
==================

Step: 5
[POMCP] applicable values:
        place_gw_bin(brl_robot, waste3, gw_bin): 0.0
        place_paper_bin(brl_robot, waste3, pp_bin): 12.721894357818698
        place_can_bin(brl_robot, waste3, ca_bin): 2.7804009176604354
        place_plastic_bin(brl_robot, waste3, pl_bin): 2.214311176363932

[POMCP] Selected: place_paper_bin(brl_robot, waste3, pp_bin)
[POMCP] Average simulation time:  0.0016
[POMCP] Average select time:  0.0
[Planner] Selected action: place_paper_bin(brl_robot, waste3, pp_bin)
[Planner] Observation:  ['in_bin(waste3,pp_bin)', 'handempty(brl_robot)']
    [Feedback] method=ours-random-when, confidence=0.9962, threshold=0.8000, trigger=False
    [Planner] Updated confidence: 0.9962480996055969
    [Belief Diff]
      + add (2): in_bin(waste3,pp_bin), handempty(brl_robot)
      - del (2): holding(brl_robot,waste3), detected(waste3)
[TIME] step_total=0.1655s (search=0.1650s, execute=0.0001s, update=0.0001s, interaction=0.0000s, pruning=0.0002s, overhead=0.0000s)
==================

Step: 6
[POMCP] applicable values:
        detect_waste(brl_robot): 1.1969423876953125
        pick(brl_robot, waste2): 9.434419768367762

[POMCP] Selected: pick(brl_robot, waste2)
[POMCP] Average simulation time:  0.0016
[POMCP] Average select time:  0.0
[Planner] Selected action: pick(brl_robot, waste2)
[Planner] Observation:  ['holding(brl_robot,waste2)']
    [Feedback] method=ours-random-when, confidence=0.9166, threshold=0.8000, trigger=False
    [Planner] Updated confidence: 0.9166045879839149
    [Belief Diff]
      + add (1): holding(brl_robot,waste2)
      - del (1): handempty(brl_robot)
[TIME] step_total=0.1643s (search=0.1637s, execute=0.0002s, update=0.0001s, interaction=0.0000s, pruning=0.0003s, overhead=0.0000s)
==================

Step: 7
[POMCP] applicable values:
        place_gw_bin(brl_robot, waste2, gw_bin): 4.286875
        place_paper_bin(brl_robot, waste2, pp_bin): 0.0
        place_can_bin(brl_robot, waste2, ca_bin): 3.8689046874999997
        place_plastic_bin(brl_robot, waste2, pl_bin): 10.993508039798087

[POMCP] Selected: place_plastic_bin(brl_robot, waste2, pl_bin)
[POMCP] Average simulation time:  0.0018
[POMCP] Average select time:  0.0
[Planner] Selected action: place_plastic_bin(brl_robot, waste2, pl_bin)
[Planner] Observation:  ['detected(waste2)', 'holding(brl_robot,waste2)']
    [Feedback] method=ours-random-when, confidence=0.8226, threshold=0.8000, trigger=False
    [Planner] Updated confidence: 0.8225782883185653
    [Belief Diff]
      + add (0): -
      - del (0): -
[TIME] step_total=0.1808s (search=0.1784s, execute=0.0002s, update=0.0001s, interaction=0.0000s, pruning=0.0021s, overhead=0.0000s)
==================

Step: 8
[POMCP] applicable values:
        place_gw_bin(brl_robot, waste2, gw_bin): 0.0
        place_paper_bin(brl_robot, waste2, pp_bin): 0.0
        place_can_bin(brl_robot, waste2, ca_bin): 1.0430457521704222
        place_plastic_bin(brl_robot, waste2, pl_bin): 8.813824532908104

[POMCP] Selected: place_plastic_bin(brl_robot, waste2, pl_bin)
[POMCP] Average simulation time:  0.0015
[POMCP] Average select time:  0.0
[Planner] Selected action: place_plastic_bin(brl_robot, waste2, pl_bin)
[Planner] Observation:  ['in_bin(waste2,pl_bin)', 'handempty(brl_robot)']
    [Feedback] method=ours-random-when, confidence=0.9939, threshold=0.8000, trigger=False
    [Planner] Updated confidence: 0.9938950682677782
    [Belief Diff]
      + add (2): in_bin(waste2,pl_bin), handempty(brl_robot)
      - del (2): holding(brl_robot,waste2), detected(waste2)
[TIME] step_total=0.1514s (search=0.1509s, execute=0.0002s, update=0.0001s, interaction=0.0000s, pruning=0.0003s, overhead=0.0000s)
==================

Step: 9
[POMCP] applicable values:
        detect_waste(brl_robot): 5.494169693908109

[POMCP] Selected: detect_waste(brl_robot)
[POMCP] Average simulation time:  0.0017
[POMCP] Average select time:  0.0001
[Planner] Selected action: detect_waste(brl_robot)
[Planner] Observation:  ['detected(waste4)', 'general(waste4)']
    [Feedback] method=ours-random-when, confidence=0.2937, threshold=0.8000, trigger=False
    [Planner] Updated confidence: 0.2936962701755861
    [Belief Diff]
      + add (2): detected(waste4), general(waste4)
      - del (0): -
[TIME] step_total=0.1710s (search=0.1657s, execute=0.0038s, update=0.0008s, interaction=0.0000s, pruning=0.0006s, overhead=0.0001s)
==================

Step: 10
[POMCP] applicable values:
        detect_waste(brl_robot): 7.780076122606352
        pick(brl_robot, waste4): 0.0

[POMCP] Selected: detect_waste(brl_robot)
[POMCP] Average simulation time:  0.0017
[POMCP] Average select time:  0.0
[Planner] Selected action: detect_waste(brl_robot)
[Planner] Observation:  ['detected(waste4)', 'general(waste4)']
    [Feedback] method=ours-random-when, confidence=0.6828, threshold=0.8000, trigger=False
    [Planner] Updated confidence: 0.6828457396155869
    [Belief Diff]
      + add (0): -
      - del (0): -
[TIME] step_total=0.1783s (search=0.1733s, execute=0.0038s, update=0.0007s, interaction=0.0000s, pruning=0.0004s, overhead=0.0001s)
==================

Step: 11
[POMCP] applicable values:
        detect_waste(brl_robot): 0.0
        pick(brl_robot, waste4): 12.80189670241013

[POMCP] Selected: pick(brl_robot, waste4)
[POMCP] Average simulation time:  0.0017
[POMCP] Average select time:  0.0
[Planner] Selected action: pick(brl_robot, waste4)
[Planner] Observation:  ['holding(brl_robot,waste4)']
    [Feedback] method=ours-random-when, confidence=0.9300, threshold=0.8000, trigger=False
    [Planner] Updated confidence: 0.9299873043004941
    [Belief Diff]
      + add (1): holding(brl_robot,waste4)
      - del (1): handempty(brl_robot)
[TIME] step_total=0.1731s (search=0.1727s, execute=0.0002s, update=0.0001s, interaction=0.0000s, pruning=0.0001s, overhead=0.0001s)
==================

Step: 12
[POMCP] applicable values:
        place_gw_bin(brl_robot, waste4, gw_bin): 14.6298640167364
        place_paper_bin(brl_robot, waste4, pp_bin): 0.0
        place_can_bin(brl_robot, waste4, ca_bin): 0.0
        place_plastic_bin(brl_robot, waste4, pl_bin): 0.0

[POMCP] Selected: place_gw_bin(brl_robot, waste4, gw_bin)
[POMCP] Average simulation time:  0.0019
[POMCP] Average select time:  0.0
[Planner] Selected action: place_gw_bin(brl_robot, waste4, gw_bin)
[Planner] Observation:  ['in_bin(waste4,gw_bin)', 'handempty(brl_robot)']
    [Feedback] method=ours-random-when, confidence=0.9986, threshold=0.8000, trigger=False
    [Planner] Updated confidence: 0.9985577374127382
    [Belief Diff]
      + add (2): in_bin(waste4,gw_bin), handempty(brl_robot)
      - del (2): holding(brl_robot,waste4), detected(waste4)
[TIME] step_total=0.1883s (search=0.1879s, execute=0.0002s, update=0.0001s, interaction=0.0000s, pruning=0.0000s, overhead=0.0001s)
[TIME SUMMARY]
avg search: 0.2817s
avg execute: 0.0013s
avg update: 0.0106s
avg interaction: 0.0017s
avg pruning: 0.0004s
avg step wall: 0.2957s
total wall clock: 3.5482s
=============Action Log=============
[STEP 1]: detect_waste(brl_robot)
[STEP 2]: pick(brl_robot, waste1)
[STEP 3]: place_plastic_bin(brl_robot, waste1, pl_bin)
[STEP 4]: pick(brl_robot, waste3)
[STEP 5]: place_paper_bin(brl_robot, waste3, pp_bin)
[STEP 6]: pick(brl_robot, waste2)
[STEP 7]: place_plastic_bin(brl_robot, waste2, pl_bin)
[STEP 8]: place_plastic_bin(brl_robot, waste2, pl_bin)
[STEP 9]: detect_waste(brl_robot)
[STEP 10]: detect_waste(brl_robot)
[STEP 11]: pick(brl_robot, waste4)
[STEP 12]: place_gw_bin(brl_robot, waste4, gw_bin)
=============Final Knowledge=============
can_bin(ca_bin)
general(waste4)
general_bin(gw_bin)
handempty(brl_robot)
in_bin(waste1,pl_bin)
in_bin(waste2,pl_bin)
in_bin(waste3,pp_bin)
in_bin(waste4,gw_bin)
paper(waste3)
paper_bin(pp_bin)
plastic(waste1)
plastic(waste2)
plastic_bin(pl_bin)
robot(brl_robot)
waste(waste1)
waste(waste2)
waste(waste3)
waste(waste4)
=============Query=============
Total Query 5
=============Action Schema Summary=============
detect_waste: actions=3, questions=4, expected_questions_per_action=1.3333
pick: actions=4, questions=1, expected_questions_per_action=0.2500
place_gw_bin: actions=1, questions=0, expected_questions_per_action=0.0000
place_paper_bin: actions=1, questions=0, expected_questions_per_action=0.0000
place_plastic_bin: actions=3, questions=0, expected_questions_per_action=0.0000
=============Log File=============
/home/changmin/PyProject/00_BRL-CF/experiments_logs/system_log/e2_ablation/wastesorting/scene_03_step50/ours-random-when/oracle/exp_wastesorting_20260804_134513_263300.txt
