Step: 1
[POMCP] applicable values:
        navigate(brl_robot, dock_station, stem_01): 1.7673276425658382
        navigate(brl_robot, dock_station, stem_02): 1.032091322436213

[POMCP] Selected: navigate(brl_robot, dock_station, stem_01)
[POMCP] Average simulation time:  0.0081
[POMCP] Average select time:  0.0
[Planner] Selected action: navigate(brl_robot, dock_station, stem_01)
[Planner] Observation:  ['located(brl_robot,stem_01)']
    [Feedback] method=ours, confidence=0.9584, threshold=0.3000, trigger=False
    [Planner] Updated confidence: 0.9584488723138277
    [Belief Diff]
      + add (1): located(brl_robot,stem_01)
      - del (1): located(brl_robot,dock_station)
[TIME] step_total=0.8116s (search=0.8112s, execute=0.0001s, update=0.0001s, interaction=0.0000s, pruning=0.0001s, overhead=0.0001s)
==================

Step: 2
[POMCP] applicable values:
        navigate(brl_robot, stem_01, dock_station): 1.3780673311475349
        navigate(brl_robot, stem_01, stem_02): 1.6480693158124664
        detect(brl_robot, stem_01): 1.8129024342684081

[POMCP] Selected: detect(brl_robot, stem_01)
[POMCP] Average simulation time:  0.0081
[POMCP] Average select time:  0.0
[Planner] Selected action: detect(brl_robot, stem_01)
[Planner] Observation:  ['observed(tomato1)', 'observed(tomato2)', 'ripe(tomato1)', 'unripe(tomato2)']
    [Feedback] method=ours, confidence=0.3920, threshold=0.3000, trigger=False
    [Planner] Updated confidence: 0.3920281524610889
    [Belief Diff]
      + add (6): at(tomato1,stem_01), at(tomato2,stem_01), observed(tomato1), observed(tomato2), ripe(tomato1), unripe(tomato2)
      - del (0): -
[TIME] step_total=0.8156s (search=0.8110s, execute=0.0005s, update=0.0033s, interaction=0.0001s, pruning=0.0006s, overhead=0.0001s)
==================

Step: 3
[POMCP] applicable values:
        navigate(brl_robot, stem_01, dock_station): 1.0476538752177962
        navigate(brl_robot, stem_01, stem_02): 0.0
        detect(brl_robot, stem_01): 0.968798455494413
        pick(brl_robot, tomato1, stem_01): 4.669069905350743

[POMCP] Selected: pick(brl_robot, tomato1, stem_01)
[POMCP] Average simulation time:  0.0088
[POMCP] Average select time:  0.0
[Planner] Selected action: pick(brl_robot, tomato1, stem_01)
[Planner] Observation:  ['holding(brl_robot,tomato1)', 'holded(tomato1,brl_robot)']
    [Feedback] method=ours, confidence=0.9979, threshold=0.3000, trigger=False
    [Planner] Updated confidence: 0.9979210915940051
    [Belief Diff]
      + add (2): holding(brl_robot,tomato1), holded(tomato1,brl_robot)
      - del (2): at(tomato1,stem_01), handempty(brl_robot)
[TIME] step_total=0.8823s (search=0.8818s, execute=0.0001s, update=0.0001s, interaction=0.0000s, pruning=0.0001s, overhead=0.0001s)
==================

Step: 4
[POMCP] applicable values:
        scan(brl_robot, tomato1): 5.641150824257596
        place(brl_robot, tomato1): 0.0
        discard(brl_robot, tomato1): 0.0

[POMCP] Selected: scan(brl_robot, tomato1)
[POMCP] Average simulation time:  0.0102
[POMCP] Average select time:  0.0
[Planner] Selected action: scan(brl_robot, tomato1)
[Planner] Observation:  ['rotten(tomato1)']
    [Feedback] method=ours, confidence=0.6758, threshold=0.3000, trigger=False
    [Planner] Updated confidence: 0.6757678543236252
    [Belief Diff]
      + add (2): rotten(tomato1), scanned(tomato1)
      - del (1): ripe(tomato1)
[TIME] step_total=1.0251s (search=1.0244s, execute=0.0001s, update=0.0001s, interaction=0.0000s, pruning=0.0004s, overhead=0.0001s)
==================

Step: 5
[POMCP] applicable values:
        scan(brl_robot, tomato1): 5.0063348453601435
        discard(brl_robot, tomato1): 6.213586914043083

[POMCP] Selected: discard(brl_robot, tomato1)
[POMCP] Average simulation time:  0.0114
[POMCP] Average select time:  0.0
[Planner] Selected action: discard(brl_robot, tomato1)
[Planner] Observation:  ['discarded(tomato1)', 'handempty(brl_robot)']
    [Feedback] method=ours, confidence=0.9994, threshold=0.3000, trigger=False
    [Planner] Updated confidence: 0.9993768960466389
    [Belief Diff]
      + add (2): discarded(tomato1), handempty(brl_robot)
      - del (2): holded(tomato1,brl_robot), holding(brl_robot,tomato1)
[TIME] step_total=1.1389s (search=1.1385s, execute=0.0002s, update=0.0001s, interaction=0.0000s, pruning=0.0001s, overhead=0.0001s)
==================

Step: 6
[POMCP] applicable values:
        navigate(brl_robot, stem_01, dock_station): 0.8525584103963328
        navigate(brl_robot, stem_01, stem_02): 0.721307862972029
        detect(brl_robot, stem_01): 1.7791370272624991

[POMCP] Selected: detect(brl_robot, stem_01)
[POMCP] Average simulation time:  0.0123
[POMCP] Average select time:  0.0
[Planner] Selected action: detect(brl_robot, stem_01)
[Planner] Observation:  ['observed(tomato2)', 'unripe(tomato2)']
    [Feedback] method=ours, confidence=0.1671, threshold=0.3000, trigger=True
    [Planner] Current confidence: 0.16707785739511305
    [Query] Q: at(tomato4,stem_01) is True?
    [Query] T: at(tomato4,stem_01)=True?
    [Query] A: False
    [Planner] Reduced 18 --> 6
    [Planner] Current confidence: 0.26934780921921375
    [Query] Q: at(tomato3,stem_01) is True?
    [Query] T: at(tomato3,stem_01)=True?
    [Query] A: False
    [Planner] Reduced 6 --> 2
    [Planner] Updated confidence: 0.6959211638553139
    [Belief Diff]
      + add (0): -
      - del (0): -
[TIME] step_total=1.2442s (search=1.2346s, execute=0.0026s, update=0.0029s, interaction=0.0029s, pruning=0.0011s, overhead=0.0001s)
==================

Step: 7
[POMCP] applicable values:
        navigate(brl_robot, stem_01, dock_station): 1.497225667885549
        navigate(brl_robot, stem_01, stem_02): 0.49894744936531565
        detect(brl_robot, stem_01): 1.133556825408436

[POMCP] Selected: navigate(brl_robot, stem_01, dock_station)
[POMCP] Average simulation time:  0.0108
[POMCP] Average select time:  0.0
[Planner] Selected action: navigate(brl_robot, stem_01, dock_station)
[Planner] Observation:  ['located(brl_robot,dock_station)']
    [Feedback] method=ours, confidence=0.9476, threshold=0.3000, trigger=False
    [Planner] Updated confidence: 0.9475790868735143
    [Belief Diff]
      + add (1): located(brl_robot,dock_station)
      - del (1): located(brl_robot,stem_01)
[TIME] step_total=1.0825s (search=1.0819s, execute=0.0002s, update=0.0001s, interaction=0.0000s, pruning=0.0001s, overhead=0.0001s)
==================

Step: 8
[POMCP] applicable values:
        navigate(brl_robot, dock_station, stem_01): 0.744731451407765
        navigate(brl_robot, dock_station, stem_02): 1.3634691115925712

[POMCP] Selected: navigate(brl_robot, dock_station, stem_02)
[POMCP] Average simulation time:  0.0116
[POMCP] Average select time:  0.0
[Planner] Selected action: navigate(brl_robot, dock_station, stem_02)
[Planner] Observation:  ['located(brl_robot,stem_02)']
    [Feedback] method=ours, confidence=0.9790, threshold=0.3000, trigger=False
    [Planner] Updated confidence: 0.9789716780776534
    [Belief Diff]
      + add (1): located(brl_robot,stem_02)
      - del (1): located(brl_robot,dock_station)
[TIME] step_total=1.1592s (search=1.1587s, execute=0.0002s, update=0.0001s, interaction=0.0000s, pruning=0.0001s, overhead=0.0001s)
==================

Step: 9
[POMCP] applicable values:
        navigate(brl_robot, stem_02, dock_station): 1.1985020834742603
        navigate(brl_robot, stem_02, stem_01): 1.0718754007957734
        detect(brl_robot, stem_02): 1.757107458391915

[POMCP] Selected: detect(brl_robot, stem_02)
[POMCP] Average simulation time:  0.0113
[POMCP] Average select time:  0.0
[Planner] Selected action: detect(brl_robot, stem_02)
[Planner] Observation:  ['observed(tomato3)', 'observed(tomato4)', 'ripe(tomato3)', 'ripe(tomato4)']
    [Feedback] method=ours, confidence=0.3600, threshold=0.3000, trigger=False
    [Planner] Updated confidence: 0.3599879106009376
    [Belief Diff]
      + add (6): at(tomato3,stem_02), at(tomato4,stem_02), observed(tomato3), observed(tomato4), ripe(tomato3), ripe(tomato4)
      - del (0): -
[TIME] step_total=1.1372s (search=1.1308s, execute=0.0024s, update=0.0030s, interaction=0.0000s, pruning=0.0008s, overhead=0.0001s)
==================

Step: 10
[POMCP] applicable values:
        navigate(brl_robot, stem_02, dock_station): 0.0
        navigate(brl_robot, stem_02, stem_01): 0.0
        detect(brl_robot, stem_02): 0.0
        pick(brl_robot, tomato3, stem_02): 0.0
        pick(brl_robot, tomato4, stem_02): 4.764393578508465

[POMCP] Selected: pick(brl_robot, tomato4, stem_02)
[POMCP] Average simulation time:  0.0097
[POMCP] Average select time:  0.0
[Planner] Selected action: pick(brl_robot, tomato4, stem_02)
[Planner] Observation:  ['holding(brl_robot,tomato4)', 'holded(tomato4,brl_robot)']
    [Feedback] method=ours, confidence=0.9940, threshold=0.3000, trigger=False
    [Planner] Updated confidence: 0.9940435784729997
    [Belief Diff]
      + add (2): holding(brl_robot,tomato4), holded(tomato4,brl_robot)
      - del (2): handempty(brl_robot), at(tomato4,stem_02)
[TIME] step_total=0.9691s (search=0.9687s, execute=0.0002s, update=0.0001s, interaction=0.0000s, pruning=0.0001s, overhead=0.0001s)
==================

Step: 11
[POMCP] applicable values:
        scan(brl_robot, tomato4): 6.349862128854181
        place(brl_robot, tomato4): 3.185136178985058
        discard(brl_robot, tomato4): 0.0

[POMCP] Selected: scan(brl_robot, tomato4)
[POMCP] Average simulation time:  0.0095
[POMCP] Average select time:  0.0
[Planner] Selected action: scan(brl_robot, tomato4)
[Planner] Observation:  ['ripe(tomato4)']
    [Feedback] method=ours, confidence=0.5894, threshold=0.3000, trigger=False
    [Planner] Updated confidence: 0.5894490595494236
    [Belief Diff]
      + add (1): scanned(tomato4)
      - del (0): -
[TIME] step_total=0.9537s (search=0.9530s, execute=0.0001s, update=0.0001s, interaction=0.0000s, pruning=0.0003s, overhead=0.0001s)
==================

Step: 12
[POMCP] applicable values:
        scan(brl_robot, tomato4): 4.178575109578295
        place(brl_robot, tomato4): 8.541150174847157
        discard(brl_robot, tomato4): 2.036265625

[POMCP] Selected: place(brl_robot, tomato4)
[POMCP] Average simulation time:  0.0099
[POMCP] Average select time:  0.0
[Planner] Selected action: place(brl_robot, tomato4)
[Planner] Observation:  ['loaded(tomato4,brl_robot)', 'handempty(brl_robot)']
    [Feedback] method=ours, confidence=0.9997, threshold=0.3000, trigger=False
    [Planner] Updated confidence: 0.9997459474520469
    [Belief Diff]
      + add (2): loaded(tomato4,brl_robot), handempty(brl_robot)
      - del (2): holded(tomato4,brl_robot), holding(brl_robot,tomato4)
[TIME] step_total=0.9859s (search=0.9854s, execute=0.0002s, update=0.0001s, interaction=0.0000s, pruning=0.0001s, overhead=0.0001s)
==================

Step: 13
[POMCP] applicable values:
        navigate(brl_robot, stem_02, dock_station): 0.0
        navigate(brl_robot, stem_02, stem_01): 0.8365642119373248
        detect(brl_robot, stem_02): 0.7357222940003906
        pick(brl_robot, tomato3, stem_02): 4.5160707317270425

[POMCP] Selected: pick(brl_robot, tomato3, stem_02)
[POMCP] Average simulation time:  0.0098
[POMCP] Average select time:  0.0
[Planner] Selected action: pick(brl_robot, tomato3, stem_02)
[Planner] Observation:  ['holding(brl_robot,tomato3)', 'holded(tomato3,brl_robot)']
    [Feedback] method=ours, confidence=0.9929, threshold=0.3000, trigger=False
    [Planner] Updated confidence: 0.9928876788726133
    [Belief Diff]
      + add (2): holding(brl_robot,tomato3), holded(tomato3,brl_robot)
      - del (2): at(tomato3,stem_02), handempty(brl_robot)
[TIME] step_total=0.9796s (search=0.9791s, execute=0.0002s, update=0.0001s, interaction=0.0000s, pruning=0.0002s, overhead=0.0001s)
==================

Step: 14
[POMCP] applicable values:
        scan(brl_robot, tomato3): 5.0768091036033525
        place(brl_robot, tomato3): 1.4220002306911494
        discard(brl_robot, tomato3): 0.0

[POMCP] Selected: scan(brl_robot, tomato3)
[POMCP] Average simulation time:  0.011
[POMCP] Average select time:  0.0
[Planner] Selected action: scan(brl_robot, tomato3)
[Planner] Observation:  ['rotten(tomato3)']
    [Feedback] method=ours, confidence=0.0369, threshold=0.3000, trigger=True
    [Planner] Current confidence: 0.03692769025184073
    [Query] Q: ripe(tomato3) is True?
    [Query] T: ripe(tomato3)=True?
    [Query] A: True
    [Planner] Reduced 2 --> 1
    [Planner] Updated confidence: 1.0
    [Belief Diff]
      + add (1): scanned(tomato3)
      - del (0): -
[TIME] step_total=1.1050s (search=1.1036s, execute=0.0002s, update=0.0001s, interaction=0.0002s, pruning=0.0008s, overhead=0.0001s)
==================

Step: 15
[POMCP] applicable values:
        scan(brl_robot, tomato3): 4.054924979115529
        place(brl_robot, tomato3): 6.121129876280248
        discard(brl_robot, tomato3): 0.0

[POMCP] Selected: place(brl_robot, tomato3)
[POMCP] Average simulation time:  0.0105
[POMCP] Average select time:  0.0
[Planner] Selected action: place(brl_robot, tomato3)
[Planner] Observation:  ['loaded(tomato3,brl_robot)', 'handempty(brl_robot)']
    [Feedback] method=ours, confidence=0.9985, threshold=0.3000, trigger=False
    [Planner] Updated confidence: 0.9985193785300549
    [Belief Diff]
      + add (2): loaded(tomato3,brl_robot), handempty(brl_robot)
      - del (2): holding(brl_robot,tomato3), holded(tomato3,brl_robot)
[TIME] step_total=1.0476s (search=1.0473s, execute=0.0002s, update=0.0001s, interaction=0.0000s, pruning=0.0000s, overhead=0.0001s)
[TIME SUMMARY]
avg search: 1.0207s
avg execute: 0.0005s
avg update: 0.0007s
avg interaction: 0.0002s
avg pruning: 0.0003s
avg step wall: 1.0225s
total wall clock: 15.3376s
=============Action Log=============
[STEP 1]: navigate(brl_robot, dock_station, stem_01)
[STEP 2]: detect(brl_robot, stem_01)
[STEP 3]: pick(brl_robot, tomato1, stem_01)
[STEP 4]: scan(brl_robot, tomato1)
[STEP 5]: discard(brl_robot, tomato1)
[STEP 6]: detect(brl_robot, stem_01)
[STEP 7]: navigate(brl_robot, stem_01, dock_station)
[STEP 8]: navigate(brl_robot, dock_station, stem_02)
[STEP 9]: detect(brl_robot, stem_02)
[STEP 10]: pick(brl_robot, tomato4, stem_02)
[STEP 11]: scan(brl_robot, tomato4)
[STEP 12]: place(brl_robot, tomato4)
[STEP 13]: pick(brl_robot, tomato3, stem_02)
[STEP 14]: scan(brl_robot, tomato3)
[STEP 15]: place(brl_robot, tomato3)
=============Final Knowledge=============
at(tomato2,stem_01)
discarded(tomato1)
handempty(brl_robot)
loaded(tomato3,brl_robot)
loaded(tomato4,brl_robot)
located(brl_robot,stem_02)
location(dock_station)
location(stem_01)
location(stem_02)
observed(tomato1)
observed(tomato2)
observed(tomato3)
observed(tomato4)
ripe(tomato3)
ripe(tomato4)
robot(brl_robot)
rotten(tomato1)
scanned(tomato1)
scanned(tomato3)
scanned(tomato4)
stem(stem_01)
stem(stem_02)
tomato(tomato1)
tomato(tomato2)
tomato(tomato3)
tomato(tomato4)
unripe(tomato2)
=============Query=============
Total Query 3
=============Action Schema Summary=============
detect: actions=3, questions=2, expected_questions_per_action=0.6667
discard: actions=1, questions=0, expected_questions_per_action=0.0000
navigate: actions=3, questions=0, expected_questions_per_action=0.0000
pick: actions=3, questions=0, expected_questions_per_action=0.0000
place: actions=2, questions=0, expected_questions_per_action=0.0000
scan: actions=3, questions=1, expected_questions_per_action=0.3333
=============Log File=============
/home/changmin/PyProject/00_BRL-CF/experiments_logs/system_log/e1_threshold/tomato/scene_05_step50/ours/oracle/tau_0-3/exp_tomato_20260804_060406_765630.txt
