Step: 1
[POMCP] applicable values:
        detect_waste(brl_robot): 3.338543943047072

[POMCP] Selected: detect_waste(brl_robot)
[POMCP] Average simulation time:  0.0145
[POMCP] Average select time:  0.0
[Planner] Selected action: detect_waste(brl_robot)
[Planner] Observation:  ['can(waste1)', 'detected(waste1)', 'detected(waste2)', 'detected(waste3)', 'general(waste2)', 'paper(waste3)']
    [Feedback] method=ours, confidence=0.3863, threshold=1.0000, trigger=True
    [Planner] Current confidence: 0.38632346727843736
    [Query] Q: paper(waste3) is True?
    [Query] T: paper(waste3)=True?
    [Query] A: True
    [Planner] Reduced 625 --> 125
    [Planner] Current confidence: 0.3939459415640082
    [Query] Q: detected(waste4) is True?
    [Query] T: detected(waste4)=True?
    [Query] A: False
    [Planner] Reduced 125 --> 25
    [Planner] Current confidence: 0.4009918299612838
    [Query] Q: can(waste1) is True?
    [Query] T: can(waste1)=True?
    [Query] A: True
    [Planner] Reduced 25 --> 5
    [Planner] Current confidence: 0.40596908434698176
    [Query] Q: general(waste2) is True?
    [Query] T: general(waste2)=True?
    [Query] A: True
    [Planner] Reduced 5 --> 1
    [Planner] Updated confidence: 1.0
    [Belief Diff]
      + add (6): can(waste1), detected(waste1), detected(waste2), detected(waste3), general(waste2), paper(waste3)
      - del (0): -
[TIME] step_total=1.6051s (search=1.4532s, execute=0.0065s, update=0.1259s, interaction=0.0192s, pruning=0.0002s, overhead=0.0000s)
==================

Step: 2
[POMCP] applicable values:
        detect_waste(brl_robot): 3.317102156445312
        pick(brl_robot, waste1): 3.317102156445312
        pick(brl_robot, waste2): 8.427423700655078
        pick(brl_robot, waste3): 4.032826978287637

[POMCP] Selected: pick(brl_robot, waste2)
[POMCP] Average simulation time:  0.0024
[POMCP] Average select time:  0.0
[Planner] Selected action: pick(brl_robot, waste2)
[Planner] Observation:  []
    [Feedback] method=ours, confidence=0.5310, threshold=1.0000, trigger=True
    [Planner] Current confidence: 0.531033259510088
    [Query] Q: handempty(brl_robot) is True?
    [Query] T: handempty(brl_robot)=True?
    [Query] A: False
    [Planner] Reduced 2 --> 1
    [Planner] Updated confidence: 1.0
    [Belief Diff]
      + add (1): holding(brl_robot,waste2)
      - del (1): handempty(brl_robot)
[TIME] step_total=0.2437s (search=0.2432s, execute=0.0001s, update=0.0001s, interaction=0.0002s, pruning=0.0001s, overhead=0.0000s)
==================

Step: 3
[POMCP] applicable values:
        place_gw_bin(brl_robot, waste2, gw_bin): 10.41519893470281
        place_paper_bin(brl_robot, waste2, pp_bin): 0.0
        place_can_bin(brl_robot, waste2, ca_bin): 4.286875
        place_plastic_bin(brl_robot, waste2, pl_bin): 3.6754594531249998

[POMCP] Selected: place_gw_bin(brl_robot, waste2, gw_bin)
[POMCP] Average simulation time:  0.002
[POMCP] Average select time:  0.0
[Planner] Selected action: place_gw_bin(brl_robot, waste2, gw_bin)
[Planner] Observation:  []
    [Feedback] method=ours, confidence=0.5310, threshold=1.0000, trigger=True
    [Planner] Current confidence: 0.531033259510088
    [Query] Q: detected(waste2) is True?
    [Query] T: detected(waste2)=True?
    [Query] A: False
    [Planner] Reduced 2 --> 1
    [Planner] Updated confidence: 1.0
    [Belief Diff]
      + add (2): in_bin(waste2,gw_bin), handempty(brl_robot)
      - del (2): detected(waste2), holding(brl_robot,waste2)
[TIME] step_total=0.1986s (search=0.1980s, execute=0.0001s, update=0.0001s, interaction=0.0002s, pruning=0.0001s, overhead=0.0000s)
==================

Step: 4
[POMCP] applicable values:
        detect_waste(brl_robot): 1.7458432402343749
        pick(brl_robot, waste1): 6.8128579339210065
        pick(brl_robot, waste3): 1.7458432402343749

[POMCP] Selected: pick(brl_robot, waste1)
[POMCP] Average simulation time:  0.0019
[POMCP] Average select time:  0.0
[Planner] Selected action: pick(brl_robot, waste1)
[Planner] Observation:  []
    [Feedback] method=ours, confidence=0.5310, threshold=1.0000, trigger=True
    [Planner] Current confidence: 0.531033259510088
    [Query] Q: handempty(brl_robot) is True?
    [Query] T: handempty(brl_robot)=True?
    [Query] A: False
    [Planner] Reduced 2 --> 1
    [Planner] Updated confidence: 1.0
    [Belief Diff]
      + add (1): holding(brl_robot,waste1)
      - del (1): handempty(brl_robot)
[TIME] step_total=0.1934s (search=0.1929s, execute=0.0001s, update=0.0001s, interaction=0.0002s, pruning=0.0001s, overhead=0.0000s)
==================

Step: 5
[POMCP] applicable values:
        place_gw_bin(brl_robot, waste1, gw_bin): 2.25625
        place_paper_bin(brl_robot, waste1, pp_bin): 0.0
        place_can_bin(brl_robot, waste1, ca_bin): 7.939328002750729
        place_plastic_bin(brl_robot, waste1, pl_bin): 0.0

[POMCP] Selected: place_can_bin(brl_robot, waste1, ca_bin)
[POMCP] Average simulation time:  0.0019
[POMCP] Average select time:  0.0
[Planner] Selected action: place_can_bin(brl_robot, waste1, ca_bin)
[Planner] Observation:  ['in_bin(waste1,ca_bin)', 'handempty(brl_robot)']
    [Feedback] method=ours, confidence=0.9891, threshold=1.0000, trigger=True
    [Planner] Current confidence: 0.9891153464475212
    [Query] Q: detected(waste1) is True?
    [Query] T: detected(waste1)=True?
    [Query] A: False
    [Planner] Reduced 2 --> 1
    [Planner] Updated confidence: 1.0
    [Belief Diff]
      + add (2): in_bin(waste1,ca_bin), handempty(brl_robot)
      - del (2): holding(brl_robot,waste1), detected(waste1)
[TIME] step_total=0.1860s (search=0.1854s, execute=0.0001s, update=0.0001s, interaction=0.0002s, pruning=0.0001s, overhead=0.0000s)
==================

Step: 6
[POMCP] applicable values:
        detect_waste(brl_robot): 3.586603499545781
        pick(brl_robot, waste3): 0.0

[POMCP] Selected: detect_waste(brl_robot)
[POMCP] Average simulation time:  0.0019
[POMCP] Average select time:  0.0
[Planner] Selected action: detect_waste(brl_robot)
[Planner] Observation:  ['detected(waste3)', 'paper(waste3)']
    [Feedback] method=ours, confidence=0.3957, threshold=1.0000, trigger=True
    [Planner] Current confidence: 0.3956620030348701
    [Query] Q: detected(waste4) is True?
    [Query] T: detected(waste4)=True?
    [Query] A: False
    [Planner] Reduced 20 --> 4
    [Planner] Current confidence: 0.4146132019636626
    [Query] Q: paper(waste3) is True?
    [Query] T: paper(waste3)=True?
    [Query] A: True
    [Planner] Reduced 4 --> 1
    [Planner] Updated confidence: 1.0
    [Belief Diff]
      + add (0): -
      - del (0): -
[TIME] step_total=0.2010s (search=0.1920s, execute=0.0040s, update=0.0034s, interaction=0.0009s, pruning=0.0007s, overhead=0.0000s)
==================

Step: 7
[POMCP] applicable values:
        detect_waste(brl_robot): 2.7601153633359186
        pick(brl_robot, waste3): 0.0

[POMCP] Selected: detect_waste(brl_robot)
[POMCP] Average simulation time:  0.0019
[POMCP] Average select time:  0.0
[Planner] Selected action: detect_waste(brl_robot)
[Planner] Observation:  ['detected(waste3)', 'plastic(waste3)']
    [Feedback] method=ours, confidence=0.2186, threshold=1.0000, trigger=True
    [Planner] Current confidence: 0.2186146303595662
    [Query] Q: paper(waste3) is True?
    [Query] T: paper(waste3)=True?
    [Query] A: True
    [Planner] Reduced 20 --> 5
    [Planner] Current confidence: 0.3792700480096264
    [Query] Q: detected(waste4) is True?
    [Query] T: detected(waste4)=True?
    [Query] A: False
    [Planner] Reduced 5 --> 1
    [Planner] Updated confidence: 1.0
    [Belief Diff]
      + add (0): -
      - del (0): -
[TIME] step_total=0.1933s (search=0.1851s, execute=0.0037s, update=0.0033s, interaction=0.0009s, pruning=0.0002s, overhead=0.0000s)
==================

Step: 8
[POMCP] applicable values:
        detect_waste(brl_robot): 2.25625
        pick(brl_robot, waste3): 7.417965086761325

[POMCP] Selected: pick(brl_robot, waste3)
[POMCP] Average simulation time:  0.0015
[POMCP] Average select time:  0.0
[Planner] Selected action: pick(brl_robot, waste3)
[Planner] Observation:  ['holding(brl_robot,waste3)']
    [Feedback] method=ours, confidence=0.8852, threshold=1.0000, trigger=True
    [Planner] Current confidence: 0.8851748076843936
    [Query] Q: handempty(brl_robot) is True?
    [Query] T: handempty(brl_robot)=True?
    [Query] A: False
    [Planner] Reduced 2 --> 1
    [Planner] Updated confidence: 1.0
    [Belief Diff]
      + add (1): holding(brl_robot,waste3)
      - del (1): handempty(brl_robot)
[TIME] step_total=0.1522s (search=0.1517s, execute=0.0001s, update=0.0001s, interaction=0.0002s, pruning=0.0001s, overhead=0.0000s)
==================

Step: 9
[POMCP] applicable values:
        place_gw_bin(brl_robot, waste3, gw_bin): 0.0
        place_paper_bin(brl_robot, waste3, pp_bin): 9.862304121317004
        place_can_bin(brl_robot, waste3, ca_bin): 3.8689046874999997
        place_plastic_bin(brl_robot, waste3, pl_bin): 0.0

[POMCP] Selected: place_paper_bin(brl_robot, waste3, pp_bin)
[POMCP] Average simulation time:  0.0016
[POMCP] Average select time:  0.0
[Planner] Selected action: place_paper_bin(brl_robot, waste3, pp_bin)
[Planner] Observation:  []
    [Feedback] method=ours, confidence=0.5310, threshold=1.0000, trigger=True
    [Planner] Current confidence: 0.531033259510088
    [Query] Q: detected(waste3) is True?
    [Query] T: detected(waste3)=True?
    [Query] A: False
    [Planner] Reduced 2 --> 1
    [Planner] Updated confidence: 1.0
    [Belief Diff]
      + add (2): in_bin(waste3,pp_bin), handempty(brl_robot)
      - del (2): holding(brl_robot,waste3), detected(waste3)
[TIME] step_total=0.1640s (search=0.1635s, execute=0.0001s, update=0.0001s, interaction=0.0002s, pruning=0.0001s, overhead=0.0000s)
==================

Step: 10
[POMCP] applicable values:
        detect_waste(brl_robot): 5.9119757392474055

[POMCP] Selected: detect_waste(brl_robot)
[POMCP] Average simulation time:  0.0018
[POMCP] Average select time:  0.0
[Planner] Selected action: detect_waste(brl_robot)
[Planner] Observation:  ['can(waste4)', 'detected(waste4)']
    [Feedback] method=ours, confidence=0.5281, threshold=1.0000, trigger=True
    [Planner] Current confidence: 0.5280579317129945
    [Query] Q: can(waste4) is True?
    [Query] T: can(waste4)=True?
    [Query] A: True
    [Planner] Reduced 5 --> 1
    [Planner] Updated confidence: 1.0
    [Belief Diff]
      + add (2): can(waste4), detected(waste4)
      - del (0): -
[TIME] step_total=0.1824s (search=0.1769s, execute=0.0038s, update=0.0008s, interaction=0.0003s, pruning=0.0005s, overhead=0.0000s)
==================

Step: 11
[POMCP] applicable values:
        detect_waste(brl_robot): 7.302665495769161
        pick(brl_robot, waste4): 0.0

[POMCP] Selected: detect_waste(brl_robot)
[POMCP] Average simulation time:  0.0017
[POMCP] Average select time:  0.0
[Planner] Selected action: detect_waste(brl_robot)
[Planner] Observation:  ['can(waste4)', 'detected(waste4)']
    [Feedback] method=ours, confidence=0.4347, threshold=1.0000, trigger=True
    [Planner] Current confidence: 0.43466973043102575
    [Query] Q: can(waste4) is True?
    [Query] T: can(waste4)=True?
    [Query] A: True
    [Planner] Reduced 4 --> 1
    [Planner] Updated confidence: 1.0
    [Belief Diff]
      + add (0): -
      - del (0): -
[TIME] step_total=0.1721s (search=0.1674s, execute=0.0035s, update=0.0007s, interaction=0.0003s, pruning=0.0002s, overhead=0.0000s)
==================

Step: 12
[POMCP] applicable values:
        detect_waste(brl_robot): 4.512499999999999
        pick(brl_robot, waste4): 12.82564333984375

[POMCP] Selected: pick(brl_robot, waste4)
[POMCP] Average simulation time:  0.0018
[POMCP] Average select time:  0.0
[Planner] Selected action: pick(brl_robot, waste4)
[Planner] Observation:  ['holding(brl_robot,waste4)']
    [Feedback] method=ours, confidence=0.8886, threshold=1.0000, trigger=True
    [Planner] Current confidence: 0.888623915392629
    [Query] Q: handempty(brl_robot) is True?
    [Query] T: handempty(brl_robot)=True?
    [Query] A: False
    [Planner] Reduced 2 --> 1
    [Planner] Updated confidence: 1.0
    [Belief Diff]
      + add (1): holding(brl_robot,waste4)
      - del (1): handempty(brl_robot)
[TIME] step_total=0.1778s (search=0.1773s, execute=0.0001s, update=0.0001s, interaction=0.0002s, pruning=0.0001s, overhead=0.0001s)
==================

Step: 13
[POMCP] applicable values:
        place_gw_bin(brl_robot, waste4, gw_bin): 0.0
        place_paper_bin(brl_robot, waste4, pp_bin): 0.0
        place_can_bin(brl_robot, waste4, ca_bin): 14.494926778242673
        place_plastic_bin(brl_robot, waste4, pl_bin): 0.0

[POMCP] Selected: place_can_bin(brl_robot, waste4, ca_bin)
[POMCP] Average simulation time:  0.0018
[POMCP] Average select time:  0.0
[Planner] Selected action: place_can_bin(brl_robot, waste4, ca_bin)
[Planner] Observation:  ['in_bin(waste4,ca_bin)', 'handempty(brl_robot)']
    [Feedback] method=ours, confidence=0.9976, threshold=1.0000, trigger=True
    [Planner] Current confidence: 0.997624497752117
    [Query] Q: detected(waste4) is True?
    [Query] T: detected(waste4)=True?
    [Query] A: False
    [Planner] Reduced 2 --> 1
    [Planner] Updated confidence: 1.0
    [Belief Diff]
      + add (2): in_bin(waste4,ca_bin), handempty(brl_robot)
      - del (2): holding(brl_robot,waste4), detected(waste4)
[TIME] step_total=0.1818s (search=0.1814s, execute=0.0001s, update=0.0001s, interaction=0.0002s, pruning=0.0000s, overhead=0.0000s)
[TIME SUMMARY]
avg search: 0.2822s
avg execute: 0.0017s
avg update: 0.0104s
avg interaction: 0.0018s
avg pruning: 0.0002s
avg step wall: 0.2963s
total wall clock: 3.8515s
=============Action Log=============
[STEP 1]: detect_waste(brl_robot)
[STEP 2]: pick(brl_robot, waste2)
[STEP 3]: place_gw_bin(brl_robot, waste2, gw_bin)
[STEP 4]: pick(brl_robot, waste1)
[STEP 5]: place_can_bin(brl_robot, waste1, ca_bin)
[STEP 6]: detect_waste(brl_robot)
[STEP 7]: detect_waste(brl_robot)
[STEP 8]: pick(brl_robot, waste3)
[STEP 9]: place_paper_bin(brl_robot, waste3, pp_bin)
[STEP 10]: detect_waste(brl_robot)
[STEP 11]: detect_waste(brl_robot)
[STEP 12]: pick(brl_robot, waste4)
[STEP 13]: place_can_bin(brl_robot, waste4, ca_bin)
=============Final Knowledge=============
can(waste1)
can(waste4)
can_bin(ca_bin)
general(waste2)
general_bin(gw_bin)
handempty(brl_robot)
in_bin(waste1,ca_bin)
in_bin(waste2,gw_bin)
in_bin(waste3,pp_bin)
in_bin(waste4,ca_bin)
paper(waste3)
paper_bin(pp_bin)
plastic_bin(pl_bin)
robot(brl_robot)
waste(waste1)
waste(waste2)
waste(waste3)
waste(waste4)
=============Query=============
Total Query 18
=============Action Schema Summary=============
detect_waste: actions=5, questions=10, expected_questions_per_action=2.0000
pick: actions=4, questions=4, expected_questions_per_action=1.0000
place_can_bin: actions=2, questions=2, expected_questions_per_action=1.0000
place_gw_bin: actions=1, questions=1, expected_questions_per_action=1.0000
place_paper_bin: actions=1, questions=1, expected_questions_per_action=1.0000
=============Log File=============
/home/changmin/PyProject/00_BRL-CF/experiments_logs/system_log/e1_threshold/wastesorting/scene_02_step50/ours/oracle/tau_1-0/exp_wastesorting_20260804_083615_174009.txt
