Step: 1
[POMCP] applicable values:
        detect_waste(brl_robot): 4.164356510147245

[POMCP] Selected: detect_waste(brl_robot)
[POMCP] Average simulation time:  0.0145
[POMCP] Average select time:  0.0
[Planner] Selected action: detect_waste(brl_robot)
[Planner] Observation:  ['detected(waste1)', 'detected(waste2)', 'detected(waste3)', 'paper(waste1)', 'paper(waste2)', 'paper(waste3)']
    [Feedback] method=ours, confidence=0.1469, threshold=1.0000, trigger=True
    [Planner] Current confidence: 0.14691600876496302
    [Query] Q: paper(waste3) is True?
    [Query] T: paper(waste3)=True?
    [Query] A: True
    [Planner] Reduced 625 --> 125
    [Planner] Current confidence: 0.1497169727003277
    [Query] Q: paper(waste1) is True?
    [Query] T: paper(waste1)=True?
    [Query] A: False
    [Planner] Reduced 125 --> 100
    [Planner] Current confidence: 0.14138243877151446
    [Query] Q: paper(waste2) is True?
    [Query] T: paper(waste2)=True?
    [Query] A: False
    [Planner] Reduced 100 --> 80
    [Planner] Current confidence: 0.13946991187497038
    [Query] Q: detected(waste4) is True?
    [Query] T: detected(waste4)=True?
    [Query] A: False
    [Planner] Reduced 80 --> 16
    [Planner] Current confidence: 5.770318550379905e-05
    [Query] Q: can(waste1) is True?
    [Query] T: can(waste1)=True?
    [Query] A: True
    [Planner] Reduced 16 --> 4
    [Planner] Current confidence: 2.8853323755129168e-05
    [Query] Q: can(waste2) is True?
    [Query] T: can(waste2)=True?
    [Query] A: False
    [Planner] Reduced 4 --> 3
    [Planner] Current confidence: 2.730676719919778e-05
    [Query] Q: general(waste2) is True?
    [Query] T: general(waste2)=True?
    [Query] A: True
    [Planner] Reduced 3 --> 1
    [Planner] Updated confidence: 1.0
    [Belief Diff]
      + add (6): can(waste1), detected(waste1), detected(waste2), detected(waste3), general(waste2), paper(waste3)
      - del (0): -
[TIME] step_total=1.6103s (search=1.4510s, execute=0.0063s, update=0.1298s, interaction=0.0230s, pruning=0.0002s, overhead=0.0001s)
==================

Step: 2
[POMCP] applicable values:
        detect_waste(brl_robot): 0.0
        pick(brl_robot, waste1): 0.0
        pick(brl_robot, waste2): 2.8729682291666663
        pick(brl_robot, waste3): 8.521476159739066

[POMCP] Selected: pick(brl_robot, waste3)
[POMCP] Average simulation time:  0.0026
[POMCP] Average select time:  0.0
[Planner] Selected action: pick(brl_robot, waste3)
[Planner] Observation:  ['handempty(brl_robot)']
    [Feedback] method=ours, confidence=0.0022, threshold=1.0000, trigger=True
    [Planner] Current confidence: 0.0022299511975854003
    [Query] Q: handempty(brl_robot) is True?
    [Query] T: handempty(brl_robot)=True?
    [Query] A: False
    [Planner] Reduced 2 --> 1
    [Planner] Updated confidence: 1.0
    [Belief Diff]
      + add (1): holding(brl_robot,waste3)
      - del (1): handempty(brl_robot)
[TIME] step_total=0.2588s (search=0.2584s, execute=0.0001s, update=0.0001s, interaction=0.0002s, pruning=0.0001s, overhead=0.0000s)
==================

Step: 3
[POMCP] applicable values:
        place_gw_bin(brl_robot, waste3, gw_bin): 0.0
        place_paper_bin(brl_robot, waste3, pp_bin): 10.319033815866735
        place_can_bin(brl_robot, waste3, ca_bin): 0.0
        place_plastic_bin(brl_robot, waste3, pl_bin): 3.8689046874999997

[POMCP] Selected: place_paper_bin(brl_robot, waste3, pp_bin)
[POMCP] Average simulation time:  0.0018
[POMCP] Average select time:  0.0
[Planner] Selected action: place_paper_bin(brl_robot, waste3, pp_bin)
[Planner] Observation:  ['in_bin(waste3,pp_bin)', 'handempty(brl_robot)']
    [Feedback] method=ours, confidence=0.9970, threshold=1.0000, trigger=True
    [Planner] Current confidence: 0.9969994997621971
    [Query] Q: detected(waste3) is True?
    [Query] T: detected(waste3)=True?
    [Query] A: False
    [Planner] Reduced 2 --> 1
    [Planner] Updated confidence: 1.0
    [Belief Diff]
      + add (2): in_bin(waste3,pp_bin), handempty(brl_robot)
      - del (2): holding(brl_robot,waste3), detected(waste3)
[TIME] step_total=0.1806s (search=0.1800s, execute=0.0001s, update=0.0001s, interaction=0.0002s, pruning=0.0001s, overhead=0.0000s)
==================

Step: 4
[POMCP] applicable values:
        detect_waste(brl_robot): 0.0
        pick(brl_robot, waste1): 3.3871658441565913
        pick(brl_robot, waste2): 6.990357615167744

[POMCP] Selected: pick(brl_robot, waste2)
[POMCP] Average simulation time:  0.0018
[POMCP] Average select time:  0.0
[Planner] Selected action: pick(brl_robot, waste2)
[Planner] Observation:  ['holding(brl_robot,waste2)']
    [Feedback] method=ours, confidence=0.9489, threshold=1.0000, trigger=True
    [Planner] Current confidence: 0.9489411349209285
    [Query] Q: handempty(brl_robot) is True?
    [Query] T: handempty(brl_robot)=True?
    [Query] A: False
    [Planner] Reduced 2 --> 1
    [Planner] Updated confidence: 1.0
    [Belief Diff]
      + add (1): holding(brl_robot,waste2)
      - del (1): handempty(brl_robot)
[TIME] step_total=0.1846s (search=0.1841s, execute=0.0001s, update=0.0001s, interaction=0.0002s, pruning=0.0001s, overhead=0.0000s)
==================

Step: 5
[POMCP] applicable values:
        place_gw_bin(brl_robot, waste2, gw_bin): 8.009511076359901
        place_paper_bin(brl_robot, waste2, pp_bin): 3.694816703222656
        place_can_bin(brl_robot, waste2, ca_bin): 3.6754594531249998
        place_plastic_bin(brl_robot, waste2, pl_bin): 3.8689046874999997

[POMCP] Selected: place_gw_bin(brl_robot, waste2, gw_bin)
[POMCP] Average simulation time:  0.0019
[POMCP] Average select time:  0.0
[Planner] Selected action: place_gw_bin(brl_robot, waste2, gw_bin)
[Planner] Observation:  ['in_bin(waste2,gw_bin)', 'handempty(brl_robot)']
    [Feedback] method=ours, confidence=0.9992, threshold=1.0000, trigger=True
    [Planner] Current confidence: 0.9992179780809962
    [Query] Q: detected(waste2) is True?
    [Query] T: detected(waste2)=True?
    [Query] A: False
    [Planner] Reduced 2 --> 1
    [Planner] Updated confidence: 1.0
    [Belief Diff]
      + add (2): in_bin(waste2,gw_bin), handempty(brl_robot)
      - del (2): holding(brl_robot,waste2), detected(waste2)
[TIME] step_total=0.1881s (search=0.1875s, execute=0.0001s, update=0.0001s, interaction=0.0002s, pruning=0.0001s, overhead=0.0000s)
==================

Step: 6
[POMCP] applicable values:
        detect_waste(brl_robot): 3.654439557264533
        pick(brl_robot, waste1): 0.7350918906249999

[POMCP] Selected: detect_waste(brl_robot)
[POMCP] Average simulation time:  0.0018
[POMCP] Average select time:  0.0
[Planner] Selected action: detect_waste(brl_robot)
[Planner] Observation:  ['can(waste1)', 'can(waste4)', 'detected(waste1)', 'detected(waste4)']
    [Feedback] method=ours, confidence=0.2962, threshold=1.0000, trigger=True
    [Planner] Current confidence: 0.2962108346945851
    [Query] Q: can(waste4) is True?
    [Query] T: can(waste4)=True?
    [Query] A: True
    [Planner] Reduced 20 --> 4
    [Planner] Current confidence: 0.4446628684744388
    [Query] Q: can(waste1) is True?
    [Query] T: can(waste1)=True?
    [Query] A: True
    [Planner] Reduced 4 --> 1
    [Planner] Updated confidence: 1.0
    [Belief Diff]
      + add (2): can(waste4), detected(waste4)
      - del (0): -
[TIME] step_total=0.1911s (search=0.1827s, execute=0.0033s, update=0.0034s, interaction=0.0009s, pruning=0.0007s, overhead=0.0000s)
==================

Step: 7
[POMCP] applicable values:
        detect_waste(brl_robot): 0.0
        pick(brl_robot, waste1): 11.989275505106948
        pick(brl_robot, waste4): 0.0

[POMCP] Selected: pick(brl_robot, waste1)
[POMCP] Average simulation time:  0.0016
[POMCP] Average select time:  0.0
[Planner] Selected action: pick(brl_robot, waste1)
[Planner] Observation:  ['holding(brl_robot,waste1)']
    [Feedback] method=ours, confidence=0.9251, threshold=1.0000, trigger=True
    [Planner] Current confidence: 0.9251265227110428
    [Query] Q: handempty(brl_robot) is True?
    [Query] T: handempty(brl_robot)=True?
    [Query] A: True
    [Planner] Reduced 2 --> 1
    [Planner] Updated confidence: 1.0
    [Belief Diff]
      + add (0): -
      - del (0): -
[TIME] step_total=0.1639s (search=0.1631s, execute=0.0001s, update=0.0001s, interaction=0.0002s, pruning=0.0003s, overhead=0.0001s)
==================

Step: 8
[POMCP] applicable values:
        detect_waste(brl_robot): 0.0
        pick(brl_robot, waste1): 9.43636720950625
        pick(brl_robot, waste4): 0.0

[POMCP] Selected: pick(brl_robot, waste1)
[POMCP] Average simulation time:  0.0015
[POMCP] Average select time:  0.0
[Planner] Selected action: pick(brl_robot, waste1)
[Planner] Observation:  ['holding(brl_robot,waste1)']
    [Feedback] method=ours, confidence=0.9446, threshold=1.0000, trigger=True
    [Planner] Current confidence: 0.9446259875009895
    [Query] Q: handempty(brl_robot) is True?
    [Query] T: handempty(brl_robot)=True?
    [Query] A: False
    [Planner] Reduced 2 --> 1
    [Planner] Updated confidence: 1.0
    [Belief Diff]
      + add (1): holding(brl_robot,waste1)
      - del (1): handempty(brl_robot)
[TIME] step_total=0.1533s (search=0.1529s, execute=0.0001s, update=0.0001s, interaction=0.0002s, pruning=0.0001s, overhead=0.0000s)
==================

Step: 9
[POMCP] applicable values:
        place_gw_bin(brl_robot, waste1, gw_bin): 4.5125
        place_paper_bin(brl_robot, waste1, pp_bin): 4.5125
        place_can_bin(brl_robot, waste1, ca_bin): 11.901875088037343
        place_plastic_bin(brl_robot, waste1, pl_bin): 4.286875

[POMCP] Selected: place_can_bin(brl_robot, waste1, ca_bin)
[POMCP] Average simulation time:  0.0018
[POMCP] Average select time:  0.0
[Planner] Selected action: place_can_bin(brl_robot, waste1, ca_bin)
[Planner] Observation:  ['in_bin(waste1,ca_bin)', 'handempty(brl_robot)']
    [Feedback] method=ours, confidence=0.9934, threshold=1.0000, trigger=True
    [Planner] Current confidence: 0.9933857884766406
    [Query] Q: detected(waste1) is True?
    [Query] T: detected(waste1)=True?
    [Query] A: False
    [Planner] Reduced 2 --> 1
    [Planner] Updated confidence: 1.0
    [Belief Diff]
      + add (2): in_bin(waste1,ca_bin), handempty(brl_robot)
      - del (2): holding(brl_robot,waste1), detected(waste1)
[TIME] step_total=0.1768s (search=0.1761s, execute=0.0001s, update=0.0001s, interaction=0.0002s, pruning=0.0001s, overhead=0.0001s)
==================

Step: 10
[POMCP] applicable values:
        detect_waste(brl_robot): 8.614295767931957
        pick(brl_robot, waste4): 0.0

[POMCP] Selected: detect_waste(brl_robot)
[POMCP] Average simulation time:  0.0019
[POMCP] Average select time:  0.0
[Planner] Selected action: detect_waste(brl_robot)
[Planner] Observation:  ['can(waste4)', 'detected(waste4)']
    [Feedback] method=ours, confidence=0.5941, threshold=1.0000, trigger=True
    [Planner] Current confidence: 0.5941094660547845
    [Query] Q: can(waste4) is True?
    [Query] T: can(waste4)=True?
    [Query] A: True
    [Planner] Reduced 4 --> 1
    [Planner] Updated confidence: 1.0
    [Belief Diff]
      + add (0): -
      - del (0): -
[TIME] step_total=0.1967s (search=0.1914s, execute=0.0039s, update=0.0007s, interaction=0.0003s, pruning=0.0005s, overhead=0.0001s)
==================

Step: 11
[POMCP] applicable values:
        detect_waste(brl_robot): 0.0
        pick(brl_robot, waste4): 12.722585439311592

[POMCP] Selected: pick(brl_robot, waste4)
[POMCP] Average simulation time:  0.0018
[POMCP] Average select time:  0.0
[Planner] Selected action: pick(brl_robot, waste4)
[Planner] Observation:  []
    [Feedback] method=ours, confidence=0.5310, threshold=1.0000, trigger=True
    [Planner] Current confidence: 0.531033259510088
    [Query] Q: handempty(brl_robot) is True?
    [Query] T: handempty(brl_robot)=True?
    [Query] A: False
    [Planner] Reduced 2 --> 1
    [Planner] Updated confidence: 1.0
    [Belief Diff]
      + add (1): holding(brl_robot,waste4)
      - del (1): handempty(brl_robot)
[TIME] step_total=0.1759s (search=0.1754s, execute=0.0001s, update=0.0001s, interaction=0.0002s, pruning=0.0001s, overhead=0.0001s)
==================

Step: 12
[POMCP] applicable values:
        place_gw_bin(brl_robot, waste4, gw_bin): 0.0
        place_paper_bin(brl_robot, waste4, pp_bin): 0.0
        place_can_bin(brl_robot, waste4, ca_bin): 14.703180212014137
        place_plastic_bin(brl_robot, waste4, pl_bin): 0.0

[POMCP] Selected: place_can_bin(brl_robot, waste4, ca_bin)
[POMCP] Average simulation time:  0.0018
[POMCP] Average select time:  0.0
[Planner] Selected action: place_can_bin(brl_robot, waste4, ca_bin)
[Planner] Observation:  ['in_bin(waste4,ca_bin)', 'handempty(brl_robot)']
    [Feedback] method=ours, confidence=0.9984, threshold=1.0000, trigger=True
    [Planner] Current confidence: 0.9984236200817465
    [Query] Q: detected(waste4) is True?
    [Query] T: detected(waste4)=True?
    [Query] A: False
    [Planner] Reduced 2 --> 1
    [Planner] Updated confidence: 1.0
    [Belief Diff]
      + add (2): in_bin(waste4,ca_bin), handempty(brl_robot)
      - del (2): detected(waste4), holding(brl_robot,waste4)
[TIME] step_total=0.1826s (search=0.1822s, execute=0.0001s, update=0.0001s, interaction=0.0002s, pruning=0.0000s, overhead=0.0001s)
[TIME SUMMARY]
avg search: 0.2904s
avg execute: 0.0012s
avg update: 0.0112s
avg interaction: 0.0022s
avg pruning: 0.0002s
avg step wall: 0.3052s
total wall clock: 3.6627s
=============Action Log=============
[STEP 1]: detect_waste(brl_robot)
[STEP 2]: pick(brl_robot, waste3)
[STEP 3]: place_paper_bin(brl_robot, waste3, pp_bin)
[STEP 4]: pick(brl_robot, waste2)
[STEP 5]: place_gw_bin(brl_robot, waste2, gw_bin)
[STEP 6]: detect_waste(brl_robot)
[STEP 7]: pick(brl_robot, waste1)
[STEP 8]: pick(brl_robot, waste1)
[STEP 9]: place_can_bin(brl_robot, waste1, ca_bin)
[STEP 10]: detect_waste(brl_robot)
[STEP 11]: pick(brl_robot, waste4)
[STEP 12]: place_can_bin(brl_robot, waste4, ca_bin)
=============Final Knowledge=============
can(waste1)
can(waste4)
can_bin(ca_bin)
general(waste2)
general_bin(gw_bin)
handempty(brl_robot)
in_bin(waste1,ca_bin)
in_bin(waste2,gw_bin)
in_bin(waste3,pp_bin)
in_bin(waste4,ca_bin)
paper(waste3)
paper_bin(pp_bin)
plastic_bin(pl_bin)
robot(brl_robot)
waste(waste1)
waste(waste2)
waste(waste3)
waste(waste4)
=============Query=============
Total Query 19
=============Action Schema Summary=============
detect_waste: actions=3, questions=10, expected_questions_per_action=3.3333
pick: actions=5, questions=5, expected_questions_per_action=1.0000
place_can_bin: actions=2, questions=2, expected_questions_per_action=1.0000
place_gw_bin: actions=1, questions=1, expected_questions_per_action=1.0000
place_paper_bin: actions=1, questions=1, expected_questions_per_action=1.0000
=============Log File=============
/home/changmin/PyProject/00_BRL-CF/experiments_logs/system_log/e1_threshold/wastesorting/scene_02_step50/ours/oracle/tau_1-0/exp_wastesorting_20260804_083604_047901.txt
