Step: 1
[POMCP] applicable values:
        navigate(brl_robot, dock_station, stem_01): 1.1529039709675135
        navigate(brl_robot, dock_station, stem_02): 1.468444240019785

[POMCP] Selected: navigate(brl_robot, dock_station, stem_02)
[POMCP] Average simulation time:  0.0081
[POMCP] Average select time:  0.0
[Planner] Selected action: navigate(brl_robot, dock_station, stem_02)
[Planner] Observation:  ['located(brl_robot,stem_02)']
    [Feedback] method=ours, confidence=0.9235, threshold=0.2000, trigger=False
    [Planner] Updated confidence: 0.9234681925995724
    [Belief Diff]
      + add (1): located(brl_robot,stem_02)
      - del (1): located(brl_robot,dock_station)
[TIME] step_total=0.8110s (search=0.8105s, execute=0.0001s, update=0.0001s, interaction=0.0000s, pruning=0.0001s, overhead=0.0001s)
==================

Step: 2
[POMCP] applicable values:
        navigate(brl_robot, stem_02, dock_station): 0.0
        navigate(brl_robot, stem_02, stem_01): 1.053310466182422
        detect(brl_robot, stem_02): 1.9961973393808528

[POMCP] Selected: detect(brl_robot, stem_02)
[POMCP] Average simulation time:  0.0085
[POMCP] Average select time:  0.0
[Planner] Selected action: detect(brl_robot, stem_02)
[Planner] Observation:  ['observed(tomato3)', 'observed(tomato4)', 'ripe(tomato3)', 'unripe(tomato4)']
    [Feedback] method=ours, confidence=0.2403, threshold=0.2000, trigger=False
    [Planner] Updated confidence: 0.24034674275891343
    [Belief Diff]
      + add (6): at(tomato3,stem_02), at(tomato4,stem_02), observed(tomato3), observed(tomato4), ripe(tomato3), unripe(tomato4)
      - del (0): -
[TIME] step_total=0.8520s (search=0.8475s, execute=0.0005s, update=0.0034s, interaction=0.0001s, pruning=0.0005s, overhead=0.0001s)
==================

Step: 3
[POMCP] applicable values:
        navigate(brl_robot, stem_02, dock_station): 0.6289226708921787
        navigate(brl_robot, stem_02, stem_01): 1.0991096426792553
        detect(brl_robot, stem_02): 0.0
        pick(brl_robot, tomato3, stem_02): 4.901283043802133

[POMCP] Selected: pick(brl_robot, tomato3, stem_02)
[POMCP] Average simulation time:  0.0089
[POMCP] Average select time:  0.0
[Planner] Selected action: pick(brl_robot, tomato3, stem_02)
[Planner] Observation:  ['holding(brl_robot,tomato3)', 'holded(tomato3,brl_robot)']
    [Feedback] method=ours, confidence=0.9952, threshold=0.2000, trigger=False
    [Planner] Updated confidence: 0.9952143345515605
    [Belief Diff]
      + add (2): holding(brl_robot,tomato3), holded(tomato3,brl_robot)
      - del (2): at(tomato3,stem_02), handempty(brl_robot)
[TIME] step_total=0.8950s (search=0.8946s, execute=0.0002s, update=0.0001s, interaction=0.0000s, pruning=0.0001s, overhead=0.0001s)
==================

Step: 4
[POMCP] applicable values:
        scan(brl_robot, tomato3): 5.548429923848037
        place(brl_robot, tomato3): 2.1731533048357656
        discard(brl_robot, tomato3): 1.2833552081987623

[POMCP] Selected: scan(brl_robot, tomato3)
[POMCP] Average simulation time:  0.0106
[POMCP] Average select time:  0.0
[Planner] Selected action: scan(brl_robot, tomato3)
[Planner] Observation:  ['ripe(tomato3)']
    [Feedback] method=ours, confidence=0.5442, threshold=0.2000, trigger=False
    [Planner] Updated confidence: 0.5441663552912247
    [Belief Diff]
      + add (1): scanned(tomato3)
      - del (0): -
[TIME] step_total=1.0560s (search=1.0553s, execute=0.0002s, update=0.0001s, interaction=0.0000s, pruning=0.0003s, overhead=0.0001s)
==================

Step: 5
[POMCP] applicable values:
        scan(brl_robot, tomato3): 5.558162015068899
        place(brl_robot, tomato3): 6.025336065690815
        discard(brl_robot, tomato3): 0.0

[POMCP] Selected: place(brl_robot, tomato3)
[POMCP] Average simulation time:  0.0111
[POMCP] Average select time:  0.0
[Planner] Selected action: place(brl_robot, tomato3)
[Planner] Observation:  ['loaded(tomato3,brl_robot)', 'handempty(brl_robot)']
    [Feedback] method=ours, confidence=0.9998, threshold=0.2000, trigger=False
    [Planner] Updated confidence: 0.9998188233813737
    [Belief Diff]
      + add (2): loaded(tomato3,brl_robot), handempty(brl_robot)
      - del (2): holding(brl_robot,tomato3), holded(tomato3,brl_robot)
[TIME] step_total=1.1102s (search=1.1097s, execute=0.0002s, update=0.0001s, interaction=0.0000s, pruning=0.0001s, overhead=0.0001s)
==================

Step: 6
[POMCP] applicable values:
        navigate(brl_robot, stem_02, dock_station): 0.9494776093324048
        navigate(brl_robot, stem_02, stem_01): 1.1468368311357113
        detect(brl_robot, stem_02): 1.949950338402564

[POMCP] Selected: detect(brl_robot, stem_02)
[POMCP] Average simulation time:  0.0119
[POMCP] Average select time:  0.0
[Planner] Selected action: detect(brl_robot, stem_02)
[Planner] Observation:  ['observed(tomato4)', 'unripe(tomato4)']
    [Feedback] method=ours, confidence=0.1617, threshold=0.2000, trigger=True
    [Planner] Current confidence: 0.1616554786514035
    [Query] Q: at(tomato2,stem_02) is True?
    [Query] T: at(tomato2,stem_02)=True?
    [Query] A: False
    [Planner] Reduced 18 --> 6
    [Planner] Updated confidence: 0.2606007107289995
    [Belief Diff]
      + add (0): -
      - del (0): -
[TIME] step_total=1.1956s (search=1.1855s, execute=0.0035s, update=0.0028s, interaction=0.0026s, pruning=0.0010s, overhead=0.0001s)
==================

Step: 7
[POMCP] applicable values:
        navigate(brl_robot, stem_02, dock_station): 0.0
        navigate(brl_robot, stem_02, stem_01): 0.0
        detect(brl_robot, stem_02): 1.4512553287545424

[POMCP] Selected: detect(brl_robot, stem_02)
[POMCP] Average simulation time:  0.0124
[POMCP] Average select time:  0.0
[Planner] Selected action: detect(brl_robot, stem_02)
[Planner] Observation:  ['observed(tomato4)', 'ripe(tomato4)']
    [Feedback] method=ours, confidence=0.0072, threshold=0.2000, trigger=True
    [Planner] Current confidence: 0.007223565315420455
    [Query] Q: ripe(tomato4) is True?
    [Query] T: ripe(tomato4)=True?
    [Query] A: False
    [Planner] Reduced 18 --> 9
    [Planner] Current confidence: 0.00021454414913768538
    [Query] Q: at(tomato1,stem_02) is True?
    [Query] T: at(tomato1,stem_02)=True?
    [Query] A: False
    [Planner] Reduced 9 --> 3
    [Planner] Current confidence: 0.00020089199550132886
    [Query] Q: at(tomato2,stem_02) is True?
    [Query] T: at(tomato2,stem_02)=True?
    [Query] A: False
    [Planner] Reduced 3 --> 1
    [Planner] Updated confidence: 1.0
    [Belief Diff]
      + add (0): -
      - del (0): -
[TIME] step_total=1.2497s (search=1.2425s, execute=0.0026s, update=0.0028s, interaction=0.0014s, pruning=0.0003s, overhead=0.0001s)
==================

Step: 8
[POMCP] applicable values:
        navigate(brl_robot, stem_02, dock_station): 0.8087926788787594
        navigate(brl_robot, stem_02, stem_01): 0.3143761918941181
        detect(brl_robot, stem_02): 1.2231228963345813

[POMCP] Selected: detect(brl_robot, stem_02)
[POMCP] Average simulation time:  0.0114
[POMCP] Average select time:  0.0
[Planner] Selected action: detect(brl_robot, stem_02)
[Planner] Observation:  ['observed(tomato4)', 'unripe(tomato4)']
    [Feedback] method=ours, confidence=0.1790, threshold=0.2000, trigger=True
    [Planner] Current confidence: 0.17904749873359116
    [Query] Q: at(tomato2,stem_02) is True?
    [Query] T: at(tomato2,stem_02)=True?
    [Query] A: False
    [Planner] Reduced 18 --> 6
    [Planner] Updated confidence: 0.2886566125872193
    [Belief Diff]
      + add (0): -
      - del (0): -
[TIME] step_total=1.1484s (search=1.1419s, execute=0.0026s, update=0.0028s, interaction=0.0007s, pruning=0.0004s, overhead=0.0001s)
==================

Step: 9
[POMCP] applicable values:
        navigate(brl_robot, stem_02, dock_station): 0.0
        navigate(brl_robot, stem_02, stem_01): 0.0
        detect(brl_robot, stem_02): 1.5908918765677702

[POMCP] Selected: detect(brl_robot, stem_02)
[POMCP] Average simulation time:  0.0122
[POMCP] Average select time:  0.0
[Planner] Selected action: detect(brl_robot, stem_02)
[Planner] Observation:  ['observed(tomato4)', 'unripe(tomato4)']
    [Feedback] method=ours, confidence=0.0907, threshold=0.2000, trigger=True
    [Planner] Current confidence: 0.09071861667519499
    [Query] Q: at(tomato1,stem_02) is True?
    [Query] T: at(tomato1,stem_02)=True?
    [Query] A: False
    [Planner] Reduced 18 --> 6
    [Planner] Current confidence: 0.14616909058730376
    [Query] Q: at(tomato2,stem_02) is True?
    [Query] T: at(tomato2,stem_02)=True?
    [Query] A: False
    [Planner] Reduced 6 --> 2
    [Planner] Updated confidence: 0.37750878845771185
    [Belief Diff]
      + add (0): -
      - del (0): -
[TIME] step_total=1.2301s (search=1.2233s, execute=0.0025s, update=0.0028s, interaction=0.0011s, pruning=0.0003s, overhead=0.0001s)
==================

Step: 10
[POMCP] applicable values:
        navigate(brl_robot, stem_02, dock_station): 1.460062320068634
        navigate(brl_robot, stem_02, stem_01): 1.0726754188746834
        detect(brl_robot, stem_02): 0.0

[POMCP] Selected: navigate(brl_robot, stem_02, dock_station)
[POMCP] Average simulation time:  0.0103
[POMCP] Average select time:  0.0
[Planner] Selected action: navigate(brl_robot, stem_02, dock_station)
[Planner] Observation:  ['located(brl_robot,stem_02)']
    [Feedback] method=ours, confidence=0.3724, threshold=0.2000, trigger=False
    [Planner] Updated confidence: 0.37238190496182866
    [Belief Diff]
      + add (0): -
      - del (0): -
[TIME] step_total=1.0331s (search=1.0325s, execute=0.0002s, update=0.0001s, interaction=0.0000s, pruning=0.0002s, overhead=0.0001s)
==================

Step: 11
[POMCP] applicable values:
        navigate(brl_robot, stem_02, dock_station): 0.0
        navigate(brl_robot, stem_02, stem_01): 0.5122614462083726
        detect(brl_robot, stem_02): 1.9205127936344577

[POMCP] Selected: detect(brl_robot, stem_02)
[POMCP] Average simulation time:  0.0117
[POMCP] Average select time:  0.0
[Planner] Selected action: detect(brl_robot, stem_02)
[Planner] Observation:  ['observed(tomato4)', 'unripe(tomato4)']
    [Feedback] method=ours, confidence=0.1432, threshold=0.2000, trigger=True
    [Planner] Current confidence: 0.1431574128343054
    [Query] Q: at(tomato1,stem_02) is True?
    [Query] T: at(tomato1,stem_02)=True?
    [Query] A: False
    [Planner] Reduced 18 --> 6
    [Planner] Updated confidence: 0.23076059921944336
    [Belief Diff]
      + add (0): -
      - del (0): -
[TIME] step_total=1.1724s (search=1.1659s, execute=0.0025s, update=0.0029s, interaction=0.0007s, pruning=0.0003s, overhead=0.0001s)
==================

Step: 12
[POMCP] applicable values:
        navigate(brl_robot, stem_02, dock_station): 0.7188975176310718
        navigate(brl_robot, stem_02, stem_01): 1.6092624984331843
        detect(brl_robot, stem_02): 0.4965178980727728

[POMCP] Selected: navigate(brl_robot, stem_02, stem_01)
[POMCP] Average simulation time:  0.0112
[POMCP] Average select time:  0.0
[Planner] Selected action: navigate(brl_robot, stem_02, stem_01)
[Planner] Observation:  ['located(brl_robot,stem_01)']
    [Feedback] method=ours, confidence=0.9844, threshold=0.2000, trigger=False
    [Planner] Updated confidence: 0.9843545278232143
    [Belief Diff]
      + add (1): located(brl_robot,stem_01)
      - del (1): located(brl_robot,stem_02)
[TIME] step_total=1.1253s (search=1.1247s, execute=0.0002s, update=0.0001s, interaction=0.0000s, pruning=0.0001s, overhead=0.0001s)
==================

Step: 13
[POMCP] applicable values:
        navigate(brl_robot, stem_01, dock_station): 0.6302494097246092
        navigate(brl_robot, stem_01, stem_02): 0.0
        detect(brl_robot, stem_01): 1.949193013025109

[POMCP] Selected: detect(brl_robot, stem_01)
[POMCP] Average simulation time:  0.0119
[POMCP] Average select time:  0.0
[Planner] Selected action: detect(brl_robot, stem_01)
[Planner] Observation:  ['observed(tomato1)', 'observed(tomato2)', 'ripe(tomato1)', 'ripe(tomato2)']
    [Feedback] method=ours, confidence=0.4135, threshold=0.2000, trigger=False
    [Planner] Updated confidence: 0.4134914285143202
    [Belief Diff]
      + add (6): at(tomato1,stem_01), at(tomato2,stem_01), observed(tomato1), observed(tomato2), ripe(tomato1), ripe(tomato2)
      - del (0): -
[TIME] step_total=1.1978s (search=1.1915s, execute=0.0024s, update=0.0030s, interaction=0.0000s, pruning=0.0007s, overhead=0.0001s)
==================

Step: 14
[POMCP] applicable values:
        navigate(brl_robot, stem_01, dock_station): 0.9434661376143679
        navigate(brl_robot, stem_01, stem_02): 0.0
        detect(brl_robot, stem_01): 1.5961358818053202
        pick(brl_robot, tomato1, stem_01): 0.0
        pick(brl_robot, tomato2, stem_01): 4.70668968218438

[POMCP] Selected: pick(brl_robot, tomato2, stem_01)
[POMCP] Average simulation time:  0.0098
[POMCP] Average select time:  0.0
[Planner] Selected action: pick(brl_robot, tomato2, stem_01)
[Planner] Observation:  ['holding(brl_robot,tomato2)', 'holded(tomato2,brl_robot)']
    [Feedback] method=ours, confidence=0.9959, threshold=0.2000, trigger=False
    [Planner] Updated confidence: 0.9959010481067473
    [Belief Diff]
      + add (2): holding(brl_robot,tomato2), holded(tomato2,brl_robot)
      - del (2): handempty(brl_robot), at(tomato2,stem_01)
[TIME] step_total=0.9820s (search=0.9815s, execute=0.0002s, update=0.0001s, interaction=0.0000s, pruning=0.0002s, overhead=0.0001s)
==================

Step: 15
[POMCP] applicable values:
        scan(brl_robot, tomato2): 6.2692853411811695
        place(brl_robot, tomato2): 0.0
        discard(brl_robot, tomato2): 0.0

[POMCP] Selected: scan(brl_robot, tomato2)
[POMCP] Average simulation time:  0.0103
[POMCP] Average select time:  0.0
[Planner] Selected action: scan(brl_robot, tomato2)
[Planner] Observation:  ['rotten(tomato2)']
    [Feedback] method=ours, confidence=0.6956, threshold=0.2000, trigger=False
    [Planner] Updated confidence: 0.6956392881287597
    [Belief Diff]
      + add (2): rotten(tomato2), scanned(tomato2)
      - del (1): ripe(tomato2)
[TIME] step_total=1.0325s (search=1.0317s, execute=0.0002s, update=0.0001s, interaction=0.0000s, pruning=0.0004s, overhead=0.0001s)
==================

Step: 16
[POMCP] applicable values:
        scan(brl_robot, tomato2): 1.6176677248685452
        discard(brl_robot, tomato2): 6.168553802057604

[POMCP] Selected: discard(brl_robot, tomato2)
[POMCP] Average simulation time:  0.0117
[POMCP] Average select time:  0.0
[Planner] Selected action: discard(brl_robot, tomato2)
[Planner] Observation:  ['discarded(tomato2)', 'handempty(brl_robot)']
    [Feedback] method=ours, confidence=0.9997, threshold=0.2000, trigger=False
    [Planner] Updated confidence: 0.9996866281790205
    [Belief Diff]
      + add (2): discarded(tomato2), handempty(brl_robot)
      - del (2): holding(brl_robot,tomato2), holded(tomato2,brl_robot)
[TIME] step_total=1.1710s (search=1.1705s, execute=0.0002s, update=0.0001s, interaction=0.0000s, pruning=0.0001s, overhead=0.0001s)
==================

Step: 17
[POMCP] applicable values:
        navigate(brl_robot, stem_01, dock_station): 0.3859714911875977
        navigate(brl_robot, stem_01, stem_02): 0.0
        detect(brl_robot, stem_01): 1.821093230662519
        pick(brl_robot, tomato1, stem_01): 0.0

[POMCP] Selected: detect(brl_robot, stem_01)
[POMCP] Average simulation time:  0.0121
[POMCP] Average select time:  0.0
[Planner] Selected action: detect(brl_robot, stem_01)
[Planner] Observation:  ['observed(tomato1)', 'ripe(tomato1)']
    [Feedback] method=ours, confidence=0.1693, threshold=0.2000, trigger=True
    [Planner] Current confidence: 0.16932736976014984
    [Query] Q: at(tomato4,stem_01) is True?
    [Query] T: at(tomato4,stem_01)=True?
    [Query] A: False
    [Planner] Reduced 6 --> 2
    [Planner] Updated confidence: 0.4373720723372321
    [Belief Diff]
      + add (0): -
      - del (0): -
[TIME] step_total=1.2142s (search=1.2079s, execute=0.0025s, update=0.0023s, interaction=0.0004s, pruning=0.0010s, overhead=0.0001s)
==================

Step: 18
[POMCP] applicable values:
        navigate(brl_robot, stem_01, dock_station): 1.285472783144135
        navigate(brl_robot, stem_01, stem_02): 0.5839780486775448
        detect(brl_robot, stem_01): 1.3083822102325833
        pick(brl_robot, tomato1, stem_01): 0.8375058993089856

[POMCP] Selected: detect(brl_robot, stem_01)
[POMCP] Average simulation time:  0.0105
[POMCP] Average select time:  0.0
[Planner] Selected action: detect(brl_robot, stem_01)
[Planner] Observation:  ['observed(tomato1)', 'ripe(tomato1)']
    [Feedback] method=ours, confidence=0.1517, threshold=0.2000, trigger=True
    [Planner] Current confidence: 0.15171909926947214
    [Query] Q: at(tomato4,stem_01) is True?
    [Query] T: at(tomato4,stem_01)=True?
    [Query] A: False
    [Planner] Reduced 6 --> 2
    [Planner] Updated confidence: 0.39185535291941587
    [Belief Diff]
      + add (0): -
      - del (0): -
[TIME] step_total=1.0515s (search=1.0461s, execute=0.0025s, update=0.0022s, interaction=0.0004s, pruning=0.0003s, overhead=0.0001s)
==================

Step: 19
[POMCP] applicable values:
        navigate(brl_robot, stem_01, dock_station): 0.0
        navigate(brl_robot, stem_01, stem_02): 0.0
        detect(brl_robot, stem_01): 0.7683921693125589
        pick(brl_robot, tomato1, stem_01): 4.211645853137001

[POMCP] Selected: pick(brl_robot, tomato1, stem_01)
[POMCP] Average simulation time:  0.0104
[POMCP] Average select time:  0.0
[Planner] Selected action: pick(brl_robot, tomato1, stem_01)
[Planner] Observation:  ['holding(brl_robot,tomato1)', 'holded(tomato1,brl_robot)']
    [Feedback] method=ours, confidence=0.9940, threshold=0.2000, trigger=False
    [Planner] Updated confidence: 0.9940302796349404
    [Belief Diff]
      + add (2): holding(brl_robot,tomato1), holded(tomato1,brl_robot)
      - del (2): at(tomato1,stem_01), handempty(brl_robot)
[TIME] step_total=1.0378s (search=1.0373s, execute=0.0002s, update=0.0001s, interaction=0.0000s, pruning=0.0001s, overhead=0.0001s)
==================

Step: 20
[POMCP] applicable values:
        scan(brl_robot, tomato1): 5.0922486221086425
        place(brl_robot, tomato1): 0.0
        discard(brl_robot, tomato1): 1.6176677248685452

[POMCP] Selected: scan(brl_robot, tomato1)
[POMCP] Average simulation time:  0.011
[POMCP] Average select time:  0.0
[Planner] Selected action: scan(brl_robot, tomato1)
[Planner] Observation:  ['ripe(tomato1)']
    [Feedback] method=ours, confidence=0.6561, threshold=0.2000, trigger=False
    [Planner] Updated confidence: 0.6561323538266384
    [Belief Diff]
      + add (1): scanned(tomato1)
      - del (0): -
[TIME] step_total=1.1028s (search=1.1021s, execute=0.0001s, update=0.0001s, interaction=0.0000s, pruning=0.0003s, overhead=0.0001s)
==================

Step: 21
[POMCP] applicable values:
        scan(brl_robot, tomato1): 3.318384006338268
        place(brl_robot, tomato1): 6.206172593936782
        discard(brl_robot, tomato1): 0.0

[POMCP] Selected: place(brl_robot, tomato1)
[POMCP] Average simulation time:  0.0138
[POMCP] Average select time:  0.0
[Planner] Selected action: place(brl_robot, tomato1)
[Planner] Observation:  ['loaded(tomato1,brl_robot)', 'handempty(brl_robot)']
    [Feedback] method=ours, confidence=0.9993, threshold=0.2000, trigger=False
    [Planner] Updated confidence: 0.9992694339417806
    [Belief Diff]
      + add (2): loaded(tomato1,brl_robot), handempty(brl_robot)
      - del (2): holded(tomato1,brl_robot), holding(brl_robot,tomato1)
[TIME] step_total=1.3794s (search=1.3790s, execute=0.0002s, update=0.0001s, interaction=0.0000s, pruning=0.0000s, overhead=0.0001s)
[TIME SUMMARY]
avg search: 1.0944s
avg execute: 0.0011s
avg update: 0.0013s
avg interaction: 0.0004s
avg pruning: 0.0003s
avg step wall: 1.0975s
total wall clock: 23.0482s
=============Action Log=============
[STEP 1]: navigate(brl_robot, dock_station, stem_02)
[STEP 2]: detect(brl_robot, stem_02)
[STEP 3]: pick(brl_robot, tomato3, stem_02)
[STEP 4]: scan(brl_robot, tomato3)
[STEP 5]: place(brl_robot, tomato3)
[STEP 6]: detect(brl_robot, stem_02)
[STEP 7]: detect(brl_robot, stem_02)
[STEP 8]: detect(brl_robot, stem_02)
[STEP 9]: detect(brl_robot, stem_02)
[STEP 10]: navigate(brl_robot, stem_02, dock_station)
[STEP 11]: detect(brl_robot, stem_02)
[STEP 12]: navigate(brl_robot, stem_02, stem_01)
[STEP 13]: detect(brl_robot, stem_01)
[STEP 14]: pick(brl_robot, tomato2, stem_01)
[STEP 15]: scan(brl_robot, tomato2)
[STEP 16]: discard(brl_robot, tomato2)
[STEP 17]: detect(brl_robot, stem_01)
[STEP 18]: detect(brl_robot, stem_01)
[STEP 19]: pick(brl_robot, tomato1, stem_01)
[STEP 20]: scan(brl_robot, tomato1)
[STEP 21]: place(brl_robot, tomato1)
=============Final Knowledge=============
at(tomato4,stem_02)
discarded(tomato2)
handempty(brl_robot)
loaded(tomato1,brl_robot)
loaded(tomato3,brl_robot)
located(brl_robot,stem_01)
location(dock_station)
location(stem_01)
location(stem_02)
observed(tomato1)
observed(tomato2)
observed(tomato3)
observed(tomato4)
ripe(tomato1)
ripe(tomato3)
robot(brl_robot)
rotten(tomato2)
scanned(tomato1)
scanned(tomato2)
scanned(tomato3)
stem(stem_01)
stem(stem_02)
tomato(tomato1)
tomato(tomato2)
tomato(tomato3)
tomato(tomato4)
unripe(tomato4)
=============Query=============
Total Query 10
=============Action Schema Summary=============
detect: actions=9, questions=10, expected_questions_per_action=1.1111
discard: actions=1, questions=0, expected_questions_per_action=0.0000
navigate: actions=3, questions=0, expected_questions_per_action=0.0000
pick: actions=3, questions=0, expected_questions_per_action=0.0000
place: actions=2, questions=0, expected_questions_per_action=0.0000
scan: actions=3, questions=0, expected_questions_per_action=0.0000
=============Log File=============
/home/changmin/PyProject/00_BRL-CF/experiments_logs/system_log/e1_threshold/tomato/scene_01_step50/ours/oracle/tau_0-2/exp_tomato_20260803_202606_801551.txt
