Step: 1
[POMCP] applicable values:
        navigate(brl_robot, dock_station, stem_01): 1.5258748911405213
        navigate(brl_robot, dock_station, stem_02): 0.0

[POMCP] Selected: navigate(brl_robot, dock_station, stem_01)
[POMCP] Average simulation time:  0.0075
[POMCP] Average select time:  0.0
[Planner] Selected action: navigate(brl_robot, dock_station, stem_01)
[Planner] Observation:  ['located(brl_robot,stem_01)']
    [Feedback] method=ours, confidence=0.9470, threshold=0.2000, trigger=False
    [Planner] Updated confidence: 0.9469523412263321
    [Belief Diff]
      + add (1): located(brl_robot,stem_01)
      - del (1): located(brl_robot,dock_station)
[TIME] step_total=0.7471s (search=0.7466s, execute=0.0002s, update=0.0001s, interaction=0.0000s, pruning=0.0001s, overhead=0.0001s)
==================

Step: 2
[POMCP] applicable values:
        navigate(brl_robot, stem_01, dock_station): 0.7811004570602588
        navigate(brl_robot, stem_01, stem_02): 1.2444122571106728
        detect(brl_robot, stem_01): 1.6332279239334906

[POMCP] Selected: detect(brl_robot, stem_01)
[POMCP] Average simulation time:  0.0088
[POMCP] Average select time:  0.0
[Planner] Selected action: detect(brl_robot, stem_01)
[Planner] Observation:  ['observed(tomato1)', 'observed(tomato2)', 'ripe(tomato2)', 'unripe(tomato1)']
    [Feedback] method=ours, confidence=0.2257, threshold=0.2000, trigger=False
    [Planner] Updated confidence: 0.2256906665510191
    [Belief Diff]
      + add (6): at(tomato1,stem_01), at(tomato2,stem_01), observed(tomato1), observed(tomato2), ripe(tomato2), unripe(tomato1)
      - del (0): -
[TIME] step_total=0.8850s (search=0.8806s, execute=0.0005s, update=0.0032s, interaction=0.0001s, pruning=0.0005s, overhead=0.0001s)
==================

Step: 3
[POMCP] applicable values:
        navigate(brl_robot, stem_01, dock_station): 0.0
        navigate(brl_robot, stem_01, stem_02): 0.0
        detect(brl_robot, stem_01): 1.9300963575446954
        pick(brl_robot, tomato2, stem_01): 0.8729216201171873

[POMCP] Selected: detect(brl_robot, stem_01)
[POMCP] Average simulation time:  0.0091
[POMCP] Average select time:  0.0
[Planner] Selected action: detect(brl_robot, stem_01)
[Planner] Observation:  ['observed(tomato1)', 'observed(tomato2)', 'ripe(tomato1)', 'ripe(tomato2)']
    [Feedback] method=ours, confidence=0.2230, threshold=0.2000, trigger=False
    [Planner] Updated confidence: 0.22299454576045064
    [Belief Diff]
      + add (1): ripe(tomato1)
      - del (1): unripe(tomato1)
[TIME] step_total=0.9151s (search=0.9120s, execute=0.0005s, update=0.0022s, interaction=0.0000s, pruning=0.0002s, overhead=0.0001s)
==================

Step: 4
[POMCP] applicable values:
        navigate(brl_robot, stem_01, dock_station): 0.0
        navigate(brl_robot, stem_01, stem_02): 2.6948153053672206
        detect(brl_robot, stem_01): 0.0
        pick(brl_robot, tomato1, stem_01): 0.0
        pick(brl_robot, tomato2, stem_01): 6.919028781601323

[POMCP] Selected: pick(brl_robot, tomato2, stem_01)
[POMCP] Average simulation time:  0.009
[POMCP] Average select time:  0.0
[Planner] Selected action: pick(brl_robot, tomato2, stem_01)
[Planner] Observation:  []
    [Feedback] method=ours, confidence=0.7136, threshold=0.2000, trigger=False
    [Planner] Updated confidence: 0.7136318952664279
    [Belief Diff]
      + add (2): holding(brl_robot,tomato2), holded(tomato2,brl_robot)
      - del (2): at(tomato2,stem_01), handempty(brl_robot)
[TIME] step_total=0.8983s (search=0.8978s, execute=0.0002s, update=0.0001s, interaction=0.0000s, pruning=0.0001s, overhead=0.0001s)
==================

Step: 5
[POMCP] applicable values:
        scan(brl_robot, tomato2): 8.393492521297755
        place(brl_robot, tomato2): 2.5667104163975245
        discard(brl_robot, tomato2): 3.151247048623046

[POMCP] Selected: scan(brl_robot, tomato2)
[POMCP] Average simulation time:  0.0092
[POMCP] Average select time:  0.0
[Planner] Selected action: scan(brl_robot, tomato2)
[Planner] Observation:  ['rotten(tomato2)']
    [Feedback] method=ours, confidence=0.5298, threshold=0.2000, trigger=False
    [Planner] Updated confidence: 0.529766570391139
    [Belief Diff]
      + add (2): rotten(tomato2), scanned(tomato2)
      - del (1): ripe(tomato2)
[TIME] step_total=0.9185s (search=0.9178s, execute=0.0001s, update=0.0001s, interaction=0.0000s, pruning=0.0004s, overhead=0.0001s)
==================

Step: 6
[POMCP] applicable values:
        scan(brl_robot, tomato2): 4.286875
        discard(brl_robot, tomato2): 9.312759152865963

[POMCP] Selected: discard(brl_robot, tomato2)
[POMCP] Average simulation time:  0.01
[POMCP] Average select time:  0.0
[Planner] Selected action: discard(brl_robot, tomato2)
[Planner] Observation:  ['discarded(tomato2)', 'handempty(brl_robot)']
    [Feedback] method=ours, confidence=0.9991, threshold=0.2000, trigger=False
    [Planner] Updated confidence: 0.9991112914964861
    [Belief Diff]
      + add (2): discarded(tomato2), handempty(brl_robot)
      - del (2): holding(brl_robot,tomato2), holded(tomato2,brl_robot)
[TIME] step_total=1.0000s (search=0.9996s, execute=0.0002s, update=0.0001s, interaction=0.0000s, pruning=0.0001s, overhead=0.0001s)
==================

Step: 7
[POMCP] applicable values:
        navigate(brl_robot, stem_01, dock_station): 0.0
        navigate(brl_robot, stem_01, stem_02): 0.9856949439813534
        detect(brl_robot, stem_01): 0.0
        pick(brl_robot, tomato1, stem_01): 5.071134113199286

[POMCP] Selected: pick(brl_robot, tomato1, stem_01)
[POMCP] Average simulation time:  0.0104
[POMCP] Average select time:  0.0
[Planner] Selected action: pick(brl_robot, tomato1, stem_01)
[Planner] Observation:  ['holding(brl_robot,tomato1)', 'holded(tomato1,brl_robot)']
    [Feedback] method=ours, confidence=0.9990, threshold=0.2000, trigger=False
    [Planner] Updated confidence: 0.9990106432748496
    [Belief Diff]
      + add (2): holding(brl_robot,tomato1), holded(tomato1,brl_robot)
      - del (2): handempty(brl_robot), at(tomato1,stem_01)
[TIME] step_total=1.0382s (search=1.0376s, execute=0.0002s, update=0.0001s, interaction=0.0000s, pruning=0.0002s, overhead=0.0001s)
==================

Step: 8
[POMCP] applicable values:
        scan(brl_robot, tomato1): 5.940529595809852
        place(brl_robot, tomato1): 0.0
        discard(brl_robot, tomato1): 0.0

[POMCP] Selected: scan(brl_robot, tomato1)
[POMCP] Average simulation time:  0.011
[POMCP] Average select time:  0.0
[Planner] Selected action: scan(brl_robot, tomato1)
[Planner] Observation:  ['ripe(tomato1)']
    [Feedback] method=ours, confidence=0.8016, threshold=0.2000, trigger=False
    [Planner] Updated confidence: 0.8016407632050588
    [Belief Diff]
      + add (1): scanned(tomato1)
      - del (0): -
[TIME] step_total=1.1062s (search=1.1048s, execute=0.0001s, update=0.0001s, interaction=0.0000s, pruning=0.0011s, overhead=0.0001s)
==================

Step: 9
[POMCP] applicable values:
        scan(brl_robot, tomato1): 4.332400539111328
        place(brl_robot, tomato1): 6.7000547401240915
        discard(brl_robot, tomato1): 1.8867680126765363

[POMCP] Selected: place(brl_robot, tomato1)
[POMCP] Average simulation time:  0.012
[POMCP] Average select time:  0.0
[Planner] Selected action: place(brl_robot, tomato1)
[Planner] Observation:  ['loaded(tomato1,brl_robot)', 'handempty(brl_robot)']
    [Feedback] method=ours, confidence=0.9994, threshold=0.2000, trigger=False
    [Planner] Updated confidence: 0.9993535043693794
    [Belief Diff]
      + add (2): loaded(tomato1,brl_robot), handempty(brl_robot)
      - del (2): holded(tomato1,brl_robot), holding(brl_robot,tomato1)
[TIME] step_total=1.2052s (search=1.2048s, execute=0.0002s, update=0.0001s, interaction=0.0000s, pruning=0.0001s, overhead=0.0001s)
==================

Step: 10
[POMCP] applicable values:
        navigate(brl_robot, stem_01, dock_station): 0.0
        navigate(brl_robot, stem_01, stem_02): 0.0
        detect(brl_robot, stem_01): 2.0110654117362587

[POMCP] Selected: detect(brl_robot, stem_01)
[POMCP] Average simulation time:  0.0121
[POMCP] Average select time:  0.0
[Planner] Selected action: detect(brl_robot, stem_01)
[Planner] Observation:  []
    [Feedback] method=ours, confidence=0.0002, threshold=0.2000, trigger=True
    [Planner] Current confidence: 0.00021454414913757436
    [Query] Q: at(tomato3,stem_01) is True?
    [Query] T: at(tomato3,stem_01)=True?
    [Query] A: False
    [Planner] Reduced 9 --> 3
    [Planner] Current confidence: 0.00020089199550132886
    [Query] Q: at(tomato4,stem_01) is True?
    [Query] T: at(tomato4,stem_01)=True?
    [Query] A: False
    [Planner] Reduced 3 --> 1
    [Planner] Updated confidence: 1.0
    [Belief Diff]
      + add (0): -
      - del (0): -
[TIME] step_total=1.2163s (search=1.2071s, execute=0.0027s, update=0.0022s, interaction=0.0025s, pruning=0.0017s, overhead=0.0001s)
==================

Step: 11
[POMCP] applicable values:
        navigate(brl_robot, stem_01, dock_station): 1.1283948951908995
        navigate(brl_robot, stem_01, stem_02): 0.4062857801974713
        detect(brl_robot, stem_01): 1.050462315934263

[POMCP] Selected: navigate(brl_robot, stem_01, dock_station)
[POMCP] Average simulation time:  0.0109
[POMCP] Average select time:  0.0
[Planner] Selected action: navigate(brl_robot, stem_01, dock_station)
[Planner] Observation:  []
    [Feedback] method=ours, confidence=0.6410, threshold=0.2000, trigger=False
    [Planner] Updated confidence: 0.6410310556594643
    [Belief Diff]
      + add (1): located(brl_robot,dock_station)
      - del (1): located(brl_robot,stem_01)
[TIME] step_total=1.0951s (search=1.0946s, execute=0.0002s, update=0.0001s, interaction=0.0000s, pruning=0.0002s, overhead=0.0001s)
==================

Step: 12
[POMCP] applicable values:
        navigate(brl_robot, dock_station, stem_01): 0.35848592240854193
        navigate(brl_robot, dock_station, stem_02): 1.3620547829565461

[POMCP] Selected: navigate(brl_robot, dock_station, stem_02)
[POMCP] Average simulation time:  0.0112
[POMCP] Average select time:  0.0
[Planner] Selected action: navigate(brl_robot, dock_station, stem_02)
[Planner] Observation:  ['located(brl_robot,stem_02)']
    [Feedback] method=ours, confidence=0.9694, threshold=0.2000, trigger=False
    [Planner] Updated confidence: 0.9693800299436078
    [Belief Diff]
      + add (1): located(brl_robot,stem_02)
      - del (1): located(brl_robot,dock_station)
[TIME] step_total=1.1189s (search=1.1183s, execute=0.0002s, update=0.0001s, interaction=0.0000s, pruning=0.0001s, overhead=0.0001s)
==================

Step: 13
[POMCP] applicable values:
        navigate(brl_robot, stem_02, dock_station): 0.0
        navigate(brl_robot, stem_02, stem_01): 0.9504533120868124
        detect(brl_robot, stem_02): 1.9520073708332615

[POMCP] Selected: detect(brl_robot, stem_02)
[POMCP] Average simulation time:  0.0113
[POMCP] Average select time:  0.0
[Planner] Selected action: detect(brl_robot, stem_02)
[Planner] Observation:  ['observed(tomato2)', 'observed(tomato3)', 'observed(tomato4)', 'ripe(tomato2)', 'unripe(tomato3)', 'unripe(tomato4)']
    [Feedback] method=ours, confidence=0.3463, threshold=0.2000, trigger=False
    [Planner] Updated confidence: 0.346315828970421
    [Belief Diff]
      + add (6): at(tomato3,stem_02), at(tomato4,stem_02), observed(tomato3), observed(tomato4), unripe(tomato3), unripe(tomato4)
      - del (0): -
[TIME] step_total=1.1348s (search=1.1295s, execute=0.0024s, update=0.0022s, interaction=0.0000s, pruning=0.0006s, overhead=0.0001s)
==================

Step: 14
[POMCP] applicable values:
        navigate(brl_robot, stem_02, dock_station): 0.6167099495429821
        navigate(brl_robot, stem_02, stem_01): 0.0
        detect(brl_robot, stem_02): 1.331406028574984

[POMCP] Selected: detect(brl_robot, stem_02)
[POMCP] Average simulation time:  0.0116
[POMCP] Average select time:  0.0
[Planner] Selected action: detect(brl_robot, stem_02)
[Planner] Observation:  ['observed(tomato3)', 'observed(tomato4)', 'unripe(tomato3)', 'unripe(tomato4)']
    [Feedback] method=ours, confidence=0.3224, threshold=0.2000, trigger=False
    [Planner] Updated confidence: 0.3223866712498019
    [Belief Diff]
      + add (0): -
      - del (0): -
[TIME] step_total=1.1676s (search=1.1626s, execute=0.0024s, update=0.0021s, interaction=0.0000s, pruning=0.0004s, overhead=0.0001s)
==================

Step: 15
[POMCP] applicable values:
        navigate(brl_robot, stem_02, dock_station): 0.0
        navigate(brl_robot, stem_02, stem_01): 0.6328647482415346
        detect(brl_robot, stem_02): 1.320292174734595

[POMCP] Selected: detect(brl_robot, stem_02)
[POMCP] Average simulation time:  0.0108
[POMCP] Average select time:  0.0
[Planner] Selected action: detect(brl_robot, stem_02)
[Planner] Observation:  ['observed(tomato3)', 'observed(tomato4)', 'ripe(tomato3)', 'unripe(tomato4)']
    [Feedback] method=ours, confidence=0.3676, threshold=0.2000, trigger=False
    [Planner] Updated confidence: 0.36761145303223475
    [Belief Diff]
      + add (1): ripe(tomato3)
      - del (1): unripe(tomato3)
[TIME] step_total=1.0876s (search=1.0826s, execute=0.0024s, update=0.0022s, interaction=0.0000s, pruning=0.0003s, overhead=0.0001s)
==================

Step: 16
[POMCP] applicable values:
        navigate(brl_robot, stem_02, dock_station): 1.2786524320698174
        navigate(brl_robot, stem_02, stem_01): 0.0
        detect(brl_robot, stem_02): 0.0
        pick(brl_robot, tomato3, stem_02): 4.14072636955564

[POMCP] Selected: pick(brl_robot, tomato3, stem_02)
[POMCP] Average simulation time:  0.0104
[POMCP] Average select time:  0.0
[Planner] Selected action: pick(brl_robot, tomato3, stem_02)
[Planner] Observation:  ['holding(brl_robot,tomato3)', 'holded(tomato3,brl_robot)']
    [Feedback] method=ours, confidence=0.9971, threshold=0.2000, trigger=False
    [Planner] Updated confidence: 0.997069250975014
    [Belief Diff]
      + add (2): holding(brl_robot,tomato3), holded(tomato3,brl_robot)
      - del (2): handempty(brl_robot), at(tomato3,stem_02)
[TIME] step_total=1.0357s (search=1.0352s, execute=0.0002s, update=0.0001s, interaction=0.0000s, pruning=0.0001s, overhead=0.0001s)
==================

Step: 17
[POMCP] applicable values:
        scan(brl_robot, tomato3): 4.845724207645337
        place(brl_robot, tomato3): 0.0
        discard(brl_robot, tomato3): 0.0

[POMCP] Selected: scan(brl_robot, tomato3)
[POMCP] Average simulation time:  0.0103
[POMCP] Average select time:  0.0
[Planner] Selected action: scan(brl_robot, tomato3)
[Planner] Observation:  ['ripe(tomato3)']
    [Feedback] method=ours, confidence=0.7628, threshold=0.2000, trigger=False
    [Planner] Updated confidence: 0.7628030540741728
    [Belief Diff]
      + add (1): scanned(tomato3)
      - del (0): -
[TIME] step_total=1.0273s (search=1.0263s, execute=0.0002s, update=0.0001s, interaction=0.0000s, pruning=0.0006s, overhead=0.0001s)
==================

Step: 18
[POMCP] applicable values:
        scan(brl_robot, tomato3): 5.171276663097004
        place(brl_robot, tomato3): 3.75
        discard(brl_robot, tomato3): 0.0

[POMCP] Selected: scan(brl_robot, tomato3)
[POMCP] Average simulation time:  0.0103
[POMCP] Average select time:  0.0
[Planner] Selected action: scan(brl_robot, tomato3)
[Planner] Observation:  ['ripe(tomato3)']
    [Feedback] method=ours, confidence=0.6690, threshold=0.2000, trigger=False
    [Planner] Updated confidence: 0.6690215814169831
    [Belief Diff]
      + add (0): -
      - del (0): -
[TIME] step_total=1.0336s (search=1.0329s, execute=0.0001s, update=0.0001s, interaction=0.0000s, pruning=0.0004s, overhead=0.0001s)
==================

Step: 19
[POMCP] applicable values:
        scan(brl_robot, tomato3): 4.250667124217503
        place(brl_robot, tomato3): 5.996743842843667
        discard(brl_robot, tomato3): 0.0

[POMCP] Selected: place(brl_robot, tomato3)
[POMCP] Average simulation time:  0.0104
[POMCP] Average select time:  0.0
[Planner] Selected action: place(brl_robot, tomato3)
[Planner] Observation:  ['loaded(tomato3,brl_robot)', 'handempty(brl_robot)']
    [Feedback] method=ours, confidence=0.9973, threshold=0.2000, trigger=False
    [Planner] Updated confidence: 0.9972990388589618
    [Belief Diff]
      + add (2): loaded(tomato3,brl_robot), handempty(brl_robot)
      - del (2): holded(tomato3,brl_robot), holding(brl_robot,tomato3)
[TIME] step_total=1.0416s (search=1.0412s, execute=0.0002s, update=0.0001s, interaction=0.0001s, pruning=0.0000s, overhead=0.0001s)
[TIME SUMMARY]
avg search: 1.0333s
avg execute: 0.0007s
avg update: 0.0008s
avg interaction: 0.0002s
avg pruning: 0.0004s
avg step wall: 1.0354s
total wall clock: 19.6724s
=============Action Log=============
[STEP 1]: navigate(brl_robot, dock_station, stem_01)
[STEP 2]: detect(brl_robot, stem_01)
[STEP 3]: detect(brl_robot, stem_01)
[STEP 4]: pick(brl_robot, tomato2, stem_01)
[STEP 5]: scan(brl_robot, tomato2)
[STEP 6]: discard(brl_robot, tomato2)
[STEP 7]: pick(brl_robot, tomato1, stem_01)
[STEP 8]: scan(brl_robot, tomato1)
[STEP 9]: place(brl_robot, tomato1)
[STEP 10]: detect(brl_robot, stem_01)
[STEP 11]: navigate(brl_robot, stem_01, dock_station)
[STEP 12]: navigate(brl_robot, dock_station, stem_02)
[STEP 13]: detect(brl_robot, stem_02)
[STEP 14]: detect(brl_robot, stem_02)
[STEP 15]: detect(brl_robot, stem_02)
[STEP 16]: pick(brl_robot, tomato3, stem_02)
[STEP 17]: scan(brl_robot, tomato3)
[STEP 18]: scan(brl_robot, tomato3)
[STEP 19]: place(brl_robot, tomato3)
=============Final Knowledge=============
at(tomato4,stem_02)
discarded(tomato2)
handempty(brl_robot)
loaded(tomato1,brl_robot)
loaded(tomato3,brl_robot)
located(brl_robot,stem_02)
location(dock_station)
location(stem_01)
location(stem_02)
observed(tomato1)
observed(tomato2)
observed(tomato3)
observed(tomato4)
ripe(tomato1)
ripe(tomato3)
robot(brl_robot)
rotten(tomato2)
scanned(tomato1)
scanned(tomato2)
scanned(tomato3)
stem(stem_01)
stem(stem_02)
tomato(tomato1)
tomato(tomato2)
tomato(tomato3)
tomato(tomato4)
unripe(tomato4)
=============Query=============
Total Query 2
=============Action Schema Summary=============
detect: actions=6, questions=2, expected_questions_per_action=0.3333
discard: actions=1, questions=0, expected_questions_per_action=0.0000
navigate: actions=3, questions=0, expected_questions_per_action=0.0000
pick: actions=3, questions=0, expected_questions_per_action=0.0000
place: actions=2, questions=0, expected_questions_per_action=0.0000
scan: actions=4, questions=0, expected_questions_per_action=0.0000
=============Log File=============
/home/changmin/PyProject/00_BRL-CF/experiments_logs/system_log/e1_threshold/tomato/scene_01_step50/ours/oracle/tau_0-2/exp_tomato_20260803_202215_330044.txt
