Step: 1
[POMCP] applicable values:
        navigate(brl_robot, dock_station, stem_01): 0.0
        navigate(brl_robot, dock_station, stem_02): 1.5169681044668903

[POMCP] Selected: navigate(brl_robot, dock_station, stem_02)
[POMCP] Average simulation time:  0.0089
[POMCP] Average select time:  0.0
[Planner] Selected action: navigate(brl_robot, dock_station, stem_02)
[Planner] Observation:  ['located(brl_robot,dock_station)']
    [Feedback] method=ours-random-when, confidence=0.2801, threshold=0.8000, trigger=False
    [Planner] Updated confidence: 0.2800830218254893
    [Belief Diff]
      + add (0): -
      - del (0): -
[TIME] step_total=0.8883s (search=0.8873s, execute=0.0002s, update=0.0002s, interaction=0.0001s, pruning=0.0004s, overhead=0.0001s)
==================

Step: 2
[POMCP] applicable values:
        navigate(brl_robot, dock_station, stem_01): 1.5407638984139451
        navigate(brl_robot, dock_station, stem_02): 0.9582903495906704

[POMCP] Selected: navigate(brl_robot, dock_station, stem_01)
[POMCP] Average simulation time:  0.0085
[POMCP] Average select time:  0.0
[Planner] Selected action: navigate(brl_robot, dock_station, stem_01)
[Planner] Observation:  ['located(brl_robot,stem_01)']
    [Feedback] method=ours-random-when, confidence=0.9783, threshold=0.8000, trigger=False
    [Planner] Updated confidence: 0.978286134544186
    [Belief Diff]
      + add (1): located(brl_robot,stem_01)
      - del (1): located(brl_robot,dock_station)
[TIME] step_total=0.8500s (search=0.8494s, execute=0.0002s, update=0.0001s, interaction=0.0000s, pruning=0.0002s, overhead=0.0001s)
==================

Step: 3
[POMCP] applicable values:
        navigate(brl_robot, stem_01, dock_station): 0.5122614462083726
        navigate(brl_robot, stem_01, stem_02): 0.9017851462966373
        detect(brl_robot, stem_01): 1.7558697322993744

[POMCP] Selected: detect(brl_robot, stem_01)
[POMCP] Average simulation time:  0.0093
[POMCP] Average select time:  0.0
[Planner] Selected action: detect(brl_robot, stem_01)
[Planner] Observation:  ['observed(tomato1)', 'observed(tomato2)', 'ripe(tomato1)', 'unripe(tomato2)']
    [Feedback] method=ours-random-when, confidence=0.3199, threshold=0.8000, trigger=False
    [Planner] Updated confidence: 0.31992438717362914
    [Belief Diff]
      + add (6): at(tomato1,stem_01), at(tomato2,stem_01), observed(tomato1), observed(tomato2), ripe(tomato1), unripe(tomato2)
      - del (0): -
[TIME] step_total=0.9382s (search=0.9336s, execute=0.0005s, update=0.0033s, interaction=0.0001s, pruning=0.0007s, overhead=0.0001s)
==================

Step: 4
[POMCP] applicable values:
        navigate(brl_robot, stem_01, dock_station): 0.0
        navigate(brl_robot, stem_01, stem_02): 1.6238416526323405
        detect(brl_robot, stem_01): 1.3391157039390442
        pick(brl_robot, tomato1, stem_01): 0.5392225749561816

[POMCP] Selected: navigate(brl_robot, stem_01, stem_02)
[POMCP] Average simulation time:  0.0088
[POMCP] Average select time:  0.0
[Planner] Selected action: navigate(brl_robot, stem_01, stem_02)
[Planner] Observation:  ['located(brl_robot,stem_02)']
    [Feedback] method=ours-random-when, confidence=0.9716, threshold=0.8000, trigger=True
    [Planner] Current confidence: 0.971624664884115
    [Query] Q: located(brl_robot,stem_02) is True?
    [Query] T: located(brl_robot,stem_02)=True?
    [Query] A: False
    [Planner] Reduced 3 --> 2
    [Planner] Current confidence: 2.885361228244232e-05
    [Query] Q: located(brl_robot,dock_station) is True?
    [Query] T: located(brl_robot,dock_station)=True?
    [Query] A: False
    [Planner] Reduced 2 --> 1
    [Planner] Updated confidence: 1.0
    [Belief Diff]
      + add (0): -
      - del (0): -
[TIME] step_total=0.8877s (search=0.8844s, execute=0.0002s, update=0.0001s, interaction=0.0024s, pruning=0.0005s, overhead=0.0001s)
==================

Step: 5
[POMCP] applicable values:
        navigate(brl_robot, stem_01, dock_station): 0.0
        navigate(brl_robot, stem_01, stem_02): 0.0
        detect(brl_robot, stem_01): 0.0
        pick(brl_robot, tomato1, stem_01): 5.378971846255732

[POMCP] Selected: pick(brl_robot, tomato1, stem_01)
[POMCP] Average simulation time:  0.0108
[POMCP] Average select time:  0.0
[Planner] Selected action: pick(brl_robot, tomato1, stem_01)
[Planner] Observation:  ['holding(brl_robot,tomato1)', 'holded(tomato1,brl_robot)']
    [Feedback] method=ours-random-when, confidence=0.9977, threshold=0.8000, trigger=False
    [Planner] Updated confidence: 0.9977110668340035
    [Belief Diff]
      + add (2): holding(brl_robot,tomato1), holded(tomato1,brl_robot)
      - del (2): at(tomato1,stem_01), handempty(brl_robot)
[TIME] step_total=1.0777s (search=1.0772s, execute=0.0002s, update=0.0001s, interaction=0.0000s, pruning=0.0001s, overhead=0.0001s)
==================

Step: 6
[POMCP] applicable values:
        scan(brl_robot, tomato1): 5.867736104389852
        place(brl_robot, tomato1): 2.3164561507987655
        discard(brl_robot, tomato1): 0.0

[POMCP] Selected: scan(brl_robot, tomato1)
[POMCP] Average simulation time:  0.0112
[POMCP] Average select time:  0.0
[Planner] Selected action: scan(brl_robot, tomato1)
[Planner] Observation:  ['ripe(tomato1)']
    [Feedback] method=ours-random-when, confidence=0.7200, threshold=0.8000, trigger=False
    [Planner] Updated confidence: 0.7200382842516171
    [Belief Diff]
      + add (1): scanned(tomato1)
      - del (0): -
[TIME] step_total=1.1220s (search=1.1210s, execute=0.0001s, update=0.0001s, interaction=0.0000s, pruning=0.0006s, overhead=0.0001s)
==================

Step: 7
[POMCP] applicable values:
        scan(brl_robot, tomato1): 4.646635017539476
        place(brl_robot, tomato1): 6.476029650676979
        discard(brl_robot, tomato1): 2.5667104163975245

[POMCP] Selected: place(brl_robot, tomato1)
[POMCP] Average simulation time:  0.0127
[POMCP] Average select time:  0.0
[Planner] Selected action: place(brl_robot, tomato1)
[Planner] Observation:  ['loaded(tomato1,brl_robot)', 'handempty(brl_robot)']
    [Feedback] method=ours-random-when, confidence=0.9982, threshold=0.8000, trigger=False
    [Planner] Updated confidence: 0.9982312980551349
    [Belief Diff]
      + add (2): loaded(tomato1,brl_robot), handempty(brl_robot)
      - del (2): holded(tomato1,brl_robot), holding(brl_robot,tomato1)
[TIME] step_total=1.2665s (search=1.2655s, execute=0.0002s, update=0.0002s, interaction=0.0001s, pruning=0.0004s, overhead=0.0001s)
==================

Step: 8
[POMCP] applicable values:
        navigate(brl_robot, stem_01, dock_station): 0.0
        navigate(brl_robot, stem_01, stem_02): 0.552850359407552
        detect(brl_robot, stem_01): 1.8821394051563864

[POMCP] Selected: detect(brl_robot, stem_01)
[POMCP] Average simulation time:  0.0121
[POMCP] Average select time:  0.0
[Planner] Selected action: detect(brl_robot, stem_01)
[Planner] Observation:  ['observed(tomato2)', 'unripe(tomato2)']
    [Feedback] method=ours-random-when, confidence=0.1256, threshold=0.8000, trigger=True
    [Planner] Current confidence: 0.12563340284185864
    [Query] Q: at(tomato3,stem_01) is True?
    [Query] T: at(tomato3,stem_01)=True?
    [Query] A: False
    [Planner] Reduced 18 --> 6
    [Planner] Current confidence: 0.20249178638327292
    [Query] Q: at(tomato4,stem_01) is True?
    [Query] T: at(tomato4,stem_01)=True?
    [Query] A: False
    [Planner] Reduced 6 --> 2
    [Planner] Current confidence: 0.5231008468988622
    [Query] Q: ripe(tomato2) is True?
    [Query] T: ripe(tomato2)=True?
    [Query] A: False
    [Planner] Reduced 2 --> 1
    [Planner] Updated confidence: 1.0
    [Belief Diff]
      + add (0): -
      - del (0): -
[TIME] step_total=1.2211s (search=1.2123s, execute=0.0028s, update=0.0029s, interaction=0.0013s, pruning=0.0018s, overhead=0.0001s)
==================

Step: 9
[POMCP] applicable values:
        navigate(brl_robot, stem_01, dock_station): 0.0
        navigate(brl_robot, stem_01, stem_02): 0.0
        detect(brl_robot, stem_01): 1.7895868662031365

[POMCP] Selected: detect(brl_robot, stem_01)
[POMCP] Average simulation time:  0.0125
[POMCP] Average select time:  0.0
[Planner] Selected action: detect(brl_robot, stem_01)
[Planner] Observation:  ['observed(tomato2)', 'unripe(tomato2)']
    [Feedback] method=ours-random-when, confidence=0.1753, threshold=0.8000, trigger=False
    [Planner] Updated confidence: 0.1752654324183488
    [Belief Diff]
      + add (0): -
      - del (0): -
[TIME] step_total=1.2554s (search=1.2490s, execute=0.0027s, update=0.0029s, interaction=0.0001s, pruning=0.0006s, overhead=0.0002s)
==================

Step: 10
[POMCP] applicable values:
        navigate(brl_robot, stem_01, dock_station): 1.057957462623743
        navigate(brl_robot, stem_01, stem_02): 0.0
        detect(brl_robot, stem_01): 1.3556671623289835

[POMCP] Selected: detect(brl_robot, stem_01)
[POMCP] Average simulation time:  0.0112
[POMCP] Average select time:  0.0
[Planner] Selected action: detect(brl_robot, stem_01)
[Planner] Observation:  ['observed(tomato2)', 'unripe(tomato2)']
    [Feedback] method=ours-random-when, confidence=0.1325, threshold=0.8000, trigger=False
    [Planner] Updated confidence: 0.13251254836211945
    [Belief Diff]
      + add (0): -
      - del (0): -
[TIME] step_total=1.1221s (search=1.1158s, execute=0.0026s, update=0.0029s, interaction=0.0001s, pruning=0.0006s, overhead=0.0001s)
==================

Step: 11
[POMCP] applicable values:
        navigate(brl_robot, stem_01, dock_station): 0.0
        navigate(brl_robot, stem_01, stem_02): 1.4465525629367104
        detect(brl_robot, stem_01): 0.40441693121713623

[POMCP] Selected: navigate(brl_robot, stem_01, stem_02)
[POMCP] Average simulation time:  0.0118
[POMCP] Average select time:  0.0
[Planner] Selected action: navigate(brl_robot, stem_01, stem_02)
[Planner] Observation:  ['located(brl_robot,stem_02)']
    [Feedback] method=ours-random-when, confidence=0.9787, threshold=0.8000, trigger=False
    [Planner] Updated confidence: 0.9786971364270296
    [Belief Diff]
      + add (1): located(brl_robot,stem_02)
      - del (1): located(brl_robot,stem_01)
[TIME] step_total=1.1824s (search=1.1817s, execute=0.0002s, update=0.0002s, interaction=0.0000s, pruning=0.0002s, overhead=0.0001s)
==================

Step: 12
[POMCP] applicable values:
        navigate(brl_robot, stem_02, dock_station): 1.3401075566809324
        navigate(brl_robot, stem_02, stem_01): 0.0
        detect(brl_robot, stem_02): 1.9801281587022062

[POMCP] Selected: detect(brl_robot, stem_02)
[POMCP] Average simulation time:  0.0117
[POMCP] Average select time:  0.0
[Planner] Selected action: detect(brl_robot, stem_02)
[Planner] Observation:  ['observed(tomato3)', 'observed(tomato4)', 'ripe(tomato3)', 'ripe(tomato4)']
    [Feedback] method=ours-random-when, confidence=0.3825, threshold=0.8000, trigger=True
    [Planner] Current confidence: 0.38250123596970587
    [Query] Q: at(tomato2,stem_02) is True?
    [Query] T: at(tomato2,stem_02)=True?
    [Query] A: False
    [Planner] Reduced 27 --> 9
    [Planner] Current confidence: 0.5735843515071987
    [Query] Q: ripe(tomato4) is True?
    [Query] T: ripe(tomato4)=True?
    [Query] A: True
    [Planner] Reduced 9 --> 3
    [Planner] Current confidence: 0.7353705336965268
    [Query] Q: ripe(tomato3) is True?
    [Query] T: ripe(tomato3)=True?
    [Query] A: True
    [Planner] Reduced 3 --> 1
    [Planner] Updated confidence: 1.0
    [Belief Diff]
      + add (6): at(tomato3,stem_02), at(tomato4,stem_02), observed(tomato3), observed(tomato4), ripe(tomato3), ripe(tomato4)
      - del (0): -
[TIME] step_total=1.1825s (search=1.1740s, execute=0.0025s, update=0.0032s, interaction=0.0018s, pruning=0.0010s, overhead=0.0001s)
==================

Step: 13
[POMCP] applicable values:
        navigate(brl_robot, stem_02, dock_station): 1.2576438321397407
        navigate(brl_robot, stem_02, stem_01): 0.7335444477529423
        detect(brl_robot, stem_02): 1.7727879087604181
        pick(brl_robot, tomato3, stem_02): 3.2205764991154067
        pick(brl_robot, tomato4, stem_02): 1.2537887235827188

[POMCP] Selected: pick(brl_robot, tomato3, stem_02)
[POMCP] Average simulation time:  0.0112
[POMCP] Average select time:  0.0
[Planner] Selected action: pick(brl_robot, tomato3, stem_02)
[Planner] Observation:  ['holding(brl_robot,tomato3)', 'holded(tomato3,brl_robot)']
    [Feedback] method=ours-random-when, confidence=0.9985, threshold=0.8000, trigger=True
    [Planner] Current confidence: 0.9984724605102974
    [Query] Q: at(tomato3,stem_02) is True?
    [Query] T: at(tomato3,stem_02)=True?
    [Query] A: False
    [Planner] Reduced 2 --> 1
    [Planner] Updated confidence: 1.0
    [Belief Diff]
      + add (2): holding(brl_robot,tomato3), holded(tomato3,brl_robot)
      - del (2): handempty(brl_robot), at(tomato3,stem_02)
[TIME] step_total=1.1201s (search=1.1190s, execute=0.0002s, update=0.0001s, interaction=0.0003s, pruning=0.0005s, overhead=0.0001s)
==================

Step: 14
[POMCP] applicable values:
        scan(brl_robot, tomato3): 5.490543937137957
        place(brl_robot, tomato3): 0.0
        discard(brl_robot, tomato3): 1.7458432402343749

[POMCP] Selected: scan(brl_robot, tomato3)
[POMCP] Average simulation time:  0.0098
[POMCP] Average select time:  0.0
[Planner] Selected action: scan(brl_robot, tomato3)
[Planner] Observation:  ['rotten(tomato3)']
    [Feedback] method=ours-random-when, confidence=0.8245, threshold=0.8000, trigger=True
    [Planner] Current confidence: 0.8245460867738694
    [Query] Q: ripe(tomato3) is True?
    [Query] T: ripe(tomato3)=True?
    [Query] A: False
    [Planner] Reduced 2 --> 1
    [Planner] Updated confidence: 1.0
    [Belief Diff]
      + add (2): rotten(tomato3), scanned(tomato3)
      - del (1): ripe(tomato3)
[TIME] step_total=0.9855s (search=0.9845s, execute=0.0002s, update=0.0001s, interaction=0.0002s, pruning=0.0004s, overhead=0.0001s)
==================

Step: 15
[POMCP] applicable values:
        scan(brl_robot, tomato3): 3.594187447788824
        discard(brl_robot, tomato3): 8.161055451248803

[POMCP] Selected: discard(brl_robot, tomato3)
[POMCP] Average simulation time:  0.0106
[POMCP] Average select time:  0.0
[Planner] Selected action: discard(brl_robot, tomato3)
[Planner] Observation:  ['discarded(tomato3)', 'handempty(brl_robot)']
    [Feedback] method=ours-random-when, confidence=0.9998, threshold=0.8000, trigger=True
    [Planner] Current confidence: 0.9998104762976473
    [Query] Q: discarded(tomato3) is True?
    [Query] T: discarded(tomato3)=True?
    [Query] A: True
    [Planner] Reduced 2 --> 1
    [Planner] Updated confidence: 1.0
    [Belief Diff]
      + add (2): discarded(tomato3), handempty(brl_robot)
      - del (2): holded(tomato3,brl_robot), holding(brl_robot,tomato3)
[TIME] step_total=1.0627s (search=1.0619s, execute=0.0002s, update=0.0001s, interaction=0.0003s, pruning=0.0001s, overhead=0.0001s)
==================

Step: 16
[POMCP] applicable values:
        navigate(brl_robot, stem_02, dock_station): 1.0520507811770219
        navigate(brl_robot, stem_02, stem_01): 0.0
        detect(brl_robot, stem_02): 0.0
        pick(brl_robot, tomato4, stem_02): 4.867840539811522

[POMCP] Selected: pick(brl_robot, tomato4, stem_02)
[POMCP] Average simulation time:  0.0126
[POMCP] Average select time:  0.0
[Planner] Selected action: pick(brl_robot, tomato4, stem_02)
[Planner] Observation:  ['holding(brl_robot,tomato4)', 'holded(tomato4,brl_robot)']
    [Feedback] method=ours-random-when, confidence=0.9927, threshold=0.8000, trigger=False
    [Planner] Updated confidence: 0.9926970090819921
    [Belief Diff]
      + add (2): holding(brl_robot,tomato4), holded(tomato4,brl_robot)
      - del (2): handempty(brl_robot), at(tomato4,stem_02)
[TIME] step_total=1.2645s (search=1.2637s, execute=0.0002s, update=0.0001s, interaction=0.0000s, pruning=0.0004s, overhead=0.0001s)
==================

Step: 17
[POMCP] applicable values:
        scan(brl_robot, tomato4): 5.805947312906769
        place(brl_robot, tomato4): 0.0
        discard(brl_robot, tomato4): 1.1582280753993828

[POMCP] Selected: scan(brl_robot, tomato4)
[POMCP] Average simulation time:  0.0124
[POMCP] Average select time:  0.0
[Planner] Selected action: scan(brl_robot, tomato4)
[Planner] Observation:  ['ripe(tomato4)']
    [Feedback] method=ours-random-when, confidence=0.7035, threshold=0.8000, trigger=True
    [Planner] Current confidence: 0.7035230472978085
    [Query] Q: ripe(tomato4) is True?
    [Query] T: ripe(tomato4)=True?
    [Query] A: True
    [Planner] Reduced 2 --> 1
    [Planner] Updated confidence: 1.0
    [Belief Diff]
      + add (1): scanned(tomato4)
      - del (0): -
[TIME] step_total=1.2396s (search=1.2378s, execute=0.0002s, update=0.0001s, interaction=0.0002s, pruning=0.0011s, overhead=0.0001s)
==================

Step: 18
[POMCP] applicable values:
        scan(brl_robot, tomato4): 2.781113732900768
        place(brl_robot, tomato4): 7.207803200585269
        discard(brl_robot, tomato4): 0.0

[POMCP] Selected: place(brl_robot, tomato4)
[POMCP] Average simulation time:  0.0127
[POMCP] Average select time:  0.0
[Planner] Selected action: place(brl_robot, tomato4)
[Planner] Observation:  ['loaded(tomato4,brl_robot)', 'handempty(brl_robot)']
    [Feedback] method=ours-random-when, confidence=0.9963, threshold=0.8000, trigger=False
    [Planner] Updated confidence: 0.9963009688077532
    [Belief Diff]
      + add (2): loaded(tomato4,brl_robot), handempty(brl_robot)
      - del (2): holding(brl_robot,tomato4), holded(tomato4,brl_robot)
[TIME] step_total=1.2690s (search=1.2686s, execute=0.0002s, update=0.0001s, interaction=0.0000s, pruning=0.0000s, overhead=0.0001s)
[TIME SUMMARY]
avg search: 1.1048s
avg execute: 0.0007s
avg update: 0.0009s
avg interaction: 0.0004s
avg pruning: 0.0005s
avg step wall: 1.1075s
total wall clock: 19.9354s
=============Action Log=============
[STEP 1]: navigate(brl_robot, dock_station, stem_02)
[STEP 2]: navigate(brl_robot, dock_station, stem_01)
[STEP 3]: detect(brl_robot, stem_01)
[STEP 4]: navigate(brl_robot, stem_01, stem_02)
[STEP 5]: pick(brl_robot, tomato1, stem_01)
[STEP 6]: scan(brl_robot, tomato1)
[STEP 7]: place(brl_robot, tomato1)
[STEP 8]: detect(brl_robot, stem_01)
[STEP 9]: detect(brl_robot, stem_01)
[STEP 10]: detect(brl_robot, stem_01)
[STEP 11]: navigate(brl_robot, stem_01, stem_02)
[STEP 12]: detect(brl_robot, stem_02)
[STEP 13]: pick(brl_robot, tomato3, stem_02)
[STEP 14]: scan(brl_robot, tomato3)
[STEP 15]: discard(brl_robot, tomato3)
[STEP 16]: pick(brl_robot, tomato4, stem_02)
[STEP 17]: scan(brl_robot, tomato4)
[STEP 18]: place(brl_robot, tomato4)
=============Final Knowledge=============
at(tomato2,stem_01)
discarded(tomato3)
handempty(brl_robot)
loaded(tomato1,brl_robot)
loaded(tomato4,brl_robot)
located(brl_robot,stem_02)
location(dock_station)
location(stem_01)
location(stem_02)
observed(tomato1)
observed(tomato2)
observed(tomato3)
observed(tomato4)
ripe(tomato1)
ripe(tomato4)
robot(brl_robot)
rotten(tomato3)
scanned(tomato1)
scanned(tomato3)
scanned(tomato4)
stem(stem_01)
stem(stem_02)
tomato(tomato1)
tomato(tomato2)
tomato(tomato3)
tomato(tomato4)
unripe(tomato2)
=============Query=============
Total Query 12
=============Action Schema Summary=============
detect: actions=5, questions=6, expected_questions_per_action=1.2000
discard: actions=1, questions=1, expected_questions_per_action=1.0000
navigate: actions=4, questions=2, expected_questions_per_action=0.5000
pick: actions=3, questions=1, expected_questions_per_action=0.3333
place: actions=2, questions=0, expected_questions_per_action=0.0000
scan: actions=3, questions=2, expected_questions_per_action=0.6667
=============Log File=============
/home/changmin/PyProject/00_BRL-CF/experiments_logs/system_log/e2_ablation/tomato/scene_02_step50/ours-random-when/oracle/exp_tomato_20260804_125644_605455.txt
