Step: 1
[POMCP] applicable values:
        detect_waste(brl_robot): 3.6920179702422518

[POMCP] Selected: detect_waste(brl_robot)
[POMCP] Average simulation time:  0.0137
[POMCP] Average select time:  0.0
[Planner] Selected action: detect_waste(brl_robot)
[Planner] Observation:  ['can(waste1)', 'detected(waste1)', 'detected(waste2)', 'detected(waste3)', 'plastic(waste2)', 'plastic(waste3)']
    [Feedback] method=ours, confidence=0.1569, threshold=0.1000, trigger=False
    [Planner] Updated confidence: 0.15691734066571716
    [Belief Diff]
      + add (6): can(waste1), detected(waste1), detected(waste2), detected(waste3), plastic(waste2), plastic(waste3)
      - del (0): -
[TIME] step_total=1.5066s (search=1.3726s, execute=0.0062s, update=0.1274s, interaction=0.0001s, pruning=0.0002s, overhead=0.0001s)
==================

Step: 2
[POMCP] applicable values:
        detect_waste(brl_robot): 3.3000295813287934
        pick(brl_robot, waste1): 9.65603060077992
        pick(brl_robot, waste2): 2.894176625437011
        pick(brl_robot, waste3): 0.0

[POMCP] Selected: pick(brl_robot, waste1)
[POMCP] Average simulation time:  0.0033
[POMCP] Average select time:  0.0
[Planner] Selected action: pick(brl_robot, waste1)
[Planner] Observation:  ['holding(brl_robot,waste1)']
    [Feedback] method=ours, confidence=0.9435, threshold=0.1000, trigger=False
    [Planner] Updated confidence: 0.9434645921508266
    [Belief Diff]
      + add (1): holding(brl_robot,waste1)
      - del (1): handempty(brl_robot)
[TIME] step_total=0.3350s (search=0.3347s, execute=0.0001s, update=0.0001s, interaction=0.0000s, pruning=0.0001s, overhead=0.0000s)
==================

Step: 3
[POMCP] applicable values:
        place_gw_bin(brl_robot, waste1, gw_bin): 4.75
        place_paper_bin(brl_robot, waste1, pp_bin): 4.286875
        place_can_bin(brl_robot, waste1, ca_bin): 12.182597185916999
        place_plastic_bin(brl_robot, waste1, pl_bin): 3.8689046874999997

[POMCP] Selected: place_can_bin(brl_robot, waste1, ca_bin)
[POMCP] Average simulation time:  0.0017
[POMCP] Average select time:  0.0
[Planner] Selected action: place_can_bin(brl_robot, waste1, ca_bin)
[Planner] Observation:  ['in_bin(waste1,ca_bin)', 'handempty(brl_robot)']
    [Feedback] method=ours, confidence=0.9795, threshold=0.1000, trigger=False
    [Planner] Updated confidence: 0.9795213005878647
    [Belief Diff]
      + add (2): in_bin(waste1,ca_bin), handempty(brl_robot)
      - del (2): holding(brl_robot,waste1), detected(waste1)
[TIME] step_total=0.1668s (search=0.1665s, execute=0.0001s, update=0.0001s, interaction=0.0000s, pruning=0.0001s, overhead=0.0000s)
==================

Step: 4
[POMCP] applicable values:
        detect_waste(brl_robot): 1.496842348095947
        pick(brl_robot, waste2): 3.050621800078125
        pick(brl_robot, waste3): 9.200271500231716

[POMCP] Selected: pick(brl_robot, waste3)
[POMCP] Average simulation time:  0.0017
[POMCP] Average select time:  0.0
[Planner] Selected action: pick(brl_robot, waste3)
[Planner] Observation:  []
    [Feedback] method=ours, confidence=0.5310, threshold=0.1000, trigger=False
    [Planner] Updated confidence: 0.531033259510088
    [Belief Diff]
      + add (1): holding(brl_robot,waste3)
      - del (1): handempty(brl_robot)
[TIME] step_total=0.1683s (search=0.1680s, execute=0.0001s, update=0.0001s, interaction=0.0000s, pruning=0.0001s, overhead=0.0000s)
==================

Step: 5
[POMCP] applicable values:
        place_gw_bin(brl_robot, waste3, gw_bin): 0.0
        place_paper_bin(brl_robot, waste3, pp_bin): 0.0
        place_can_bin(brl_robot, waste3, ca_bin): 3.6754594531249998
        place_plastic_bin(brl_robot, waste3, pl_bin): 10.266379588193999

[POMCP] Selected: place_plastic_bin(brl_robot, waste3, pl_bin)
[POMCP] Average simulation time:  0.0016
[POMCP] Average select time:  0.0
[Planner] Selected action: place_plastic_bin(brl_robot, waste3, pl_bin)
[Planner] Observation:  ['in_bin(waste3,pl_bin)', 'handempty(brl_robot)']
    [Feedback] method=ours, confidence=0.9959, threshold=0.1000, trigger=False
    [Planner] Updated confidence: 0.9959345305390253
    [Belief Diff]
      + add (2): in_bin(waste3,pl_bin), handempty(brl_robot)
      - del (2): holding(brl_robot,waste3), detected(waste3)
[TIME] step_total=0.1651s (search=0.1649s, execute=0.0001s, update=0.0001s, interaction=0.0000s, pruning=0.0000s, overhead=0.0000s)
[TIME SUMMARY]
avg search: 0.4413s
avg execute: 0.0013s
avg update: 0.0255s
avg interaction: 0.0000s
avg pruning: 0.0001s
avg step wall: 0.4684s
total wall clock: 2.3420s
=============Action Log=============
[STEP 1]: detect_waste(brl_robot)
[STEP 2]: pick(brl_robot, waste1)
[STEP 3]: place_can_bin(brl_robot, waste1, ca_bin)
[STEP 4]: pick(brl_robot, waste3)
[STEP 5]: place_plastic_bin(brl_robot, waste3, pl_bin)
=============Final Knowledge=============
can(waste1)
can_bin(ca_bin)
detected(waste2)
general_bin(gw_bin)
handempty(brl_robot)
in_bin(waste1,ca_bin)
in_bin(waste3,pl_bin)
paper_bin(pp_bin)
plastic(waste2)
plastic(waste3)
plastic_bin(pl_bin)
robot(brl_robot)
waste(waste1)
waste(waste2)
waste(waste3)
waste(waste4)
=============Query=============
Total Query 0
=============Action Schema Summary=============
detect_waste: actions=1, questions=0, expected_questions_per_action=0.0000
pick: actions=2, questions=0, expected_questions_per_action=0.0000
place_can_bin: actions=1, questions=0, expected_questions_per_action=0.0000
place_plastic_bin: actions=1, questions=0, expected_questions_per_action=0.0000
=============Log File=============
/home/changmin/PyProject/00_BRL-CF/experiments_logs/system_log/e1_threshold/wastesorting/scene_02_step50/ours/oracle/tau_0-1/exp_wastesorting_20260804_081512_302010.txt
