Step: 1
[POMCP] applicable values:
        detect_waste(brl_robot): 3.632381377829051

[POMCP] Selected: detect_waste(brl_robot)
[POMCP] Average simulation time:  0.014
[POMCP] Average select time:  0.0
[Planner] Selected action: detect_waste(brl_robot)
[Planner] Observation:  ['can(waste1)', 'can(waste4)', 'detected(waste1)', 'detected(waste2)', 'detected(waste3)', 'detected(waste4)', 'general(waste2)', 'paper(waste3)']
    [Feedback] method=ours, confidence=0.1724, threshold=0.1000, trigger=False
    [Planner] Updated confidence: 0.17237645702546867
    [Belief Diff]
      + add (8): can(waste1), can(waste4), detected(waste1), detected(waste2), detected(waste3), detected(waste4), general(waste2), paper(waste3)
      - del (0): -
[TIME] step_total=1.5373s (search=1.4009s, execute=0.0062s, update=0.1298s, interaction=0.0001s, pruning=0.0002s, overhead=0.0001s)
==================

Step: 2
[POMCP] applicable values:
        detect_waste(brl_robot): 3.027406537124837
        pick(brl_robot, waste1): 0.0
        pick(brl_robot, waste2): 6.151979355054499
        pick(brl_robot, waste3): 1.5833333333333335
        pick(brl_robot, waste4): 2.409496736635045

[POMCP] Selected: pick(brl_robot, waste2)
[POMCP] Average simulation time:  0.0105
[POMCP] Average select time:  0.0
[Planner] Selected action: pick(brl_robot, waste2)
[Planner] Observation:  ['holding(brl_robot,waste2)']
    [Feedback] method=ours, confidence=0.9439, threshold=0.1000, trigger=False
    [Planner] Updated confidence: 0.9439109347235212
    [Belief Diff]
      + add (1): holding(brl_robot,waste2)
      - del (1): handempty(brl_robot)
[TIME] step_total=1.0456s (search=1.0451s, execute=0.0001s, update=0.0001s, interaction=0.0000s, pruning=0.0002s, overhead=0.0001s)
==================

Step: 3
[POMCP] applicable values:
        place_gw_bin(brl_robot, waste2, gw_bin): 13.318136156967505
        place_paper_bin(brl_robot, waste2, pp_bin): 0.0
        place_can_bin(brl_robot, waste2, ca_bin): 3.8689046874999997
        place_plastic_bin(brl_robot, waste2, pl_bin): 0.0

[POMCP] Selected: place_gw_bin(brl_robot, waste2, gw_bin)
[POMCP] Average simulation time:  0.0016
[POMCP] Average select time:  0.0
[Planner] Selected action: place_gw_bin(brl_robot, waste2, gw_bin)
[Planner] Observation:  ['in_bin(waste2,gw_bin)', 'handempty(brl_robot)']
    [Feedback] method=ours, confidence=0.9875, threshold=0.1000, trigger=False
    [Planner] Updated confidence: 0.987457871708932
    [Belief Diff]
      + add (2): in_bin(waste2,gw_bin), handempty(brl_robot)
      - del (2): holding(brl_robot,waste2), detected(waste2)
[TIME] step_total=0.1600s (search=0.1596s, execute=0.0001s, update=0.0001s, interaction=0.0000s, pruning=0.0001s, overhead=0.0000s)
==================

Step: 4
[POMCP] applicable values:
        detect_waste(brl_robot): 0.0
        pick(brl_robot, waste1): 0.0
        pick(brl_robot, waste3): 2.375
        pick(brl_robot, waste4): 12.745636634337801

[POMCP] Selected: pick(brl_robot, waste4)
[POMCP] Average simulation time:  0.0016
[POMCP] Average select time:  0.0
[Planner] Selected action: pick(brl_robot, waste4)
[Planner] Observation:  ['holding(brl_robot,waste4)']
    [Feedback] method=ours, confidence=0.9551, threshold=0.1000, trigger=False
    [Planner] Updated confidence: 0.9551369660551704
    [Belief Diff]
      + add (1): holding(brl_robot,waste4)
      - del (1): handempty(brl_robot)
[TIME] step_total=0.1598s (search=0.1595s, execute=0.0001s, update=0.0001s, interaction=0.0000s, pruning=0.0001s, overhead=0.0000s)
==================

Step: 5
[POMCP] applicable values:
        place_gw_bin(brl_robot, waste4, gw_bin): 3.981167226562499
        place_paper_bin(brl_robot, waste4, pp_bin): 0.0
        place_can_bin(brl_robot, waste4, ca_bin): 16.271160565401548
        place_plastic_bin(brl_robot, waste4, pl_bin): 3.8689046874999997

[POMCP] Selected: place_can_bin(brl_robot, waste4, ca_bin)
[POMCP] Average simulation time:  0.0017
[POMCP] Average select time:  0.0
[Planner] Selected action: place_can_bin(brl_robot, waste4, ca_bin)
[Planner] Observation:  ['detected(waste4)', 'holding(brl_robot,waste4)']
    [Feedback] method=ours, confidence=0.8507, threshold=0.1000, trigger=False
    [Planner] Updated confidence: 0.8506801730153011
    [Belief Diff]
      + add (0): -
      - del (0): -
[TIME] step_total=0.1717s (search=0.1707s, execute=0.0001s, update=0.0001s, interaction=0.0000s, pruning=0.0007s, overhead=0.0001s)
==================

Step: 6
[POMCP] applicable values:
        place_gw_bin(brl_robot, waste4, gw_bin): 0.0
        place_paper_bin(brl_robot, waste4, pp_bin): 0.0
        place_can_bin(brl_robot, waste4, ca_bin): 10.610425777767139
        place_plastic_bin(brl_robot, waste4, pl_bin): 0.0

[POMCP] Selected: place_can_bin(brl_robot, waste4, ca_bin)
[POMCP] Average simulation time:  0.0016
[POMCP] Average select time:  0.0
[Planner] Selected action: place_can_bin(brl_robot, waste4, ca_bin)
[Planner] Observation:  ['in_bin(waste4,ca_bin)', 'handempty(brl_robot)']
    [Feedback] method=ours, confidence=0.9759, threshold=0.1000, trigger=False
    [Planner] Updated confidence: 0.9758962953644092
    [Belief Diff]
      + add (2): in_bin(waste4,ca_bin), handempty(brl_robot)
      - del (2): holding(brl_robot,waste4), detected(waste4)
[TIME] step_total=0.1587s (search=0.1583s, execute=0.0001s, update=0.0001s, interaction=0.0000s, pruning=0.0001s, overhead=0.0000s)
==================

Step: 7
[POMCP] applicable values:
        detect_waste(brl_robot): 0.0
        pick(brl_robot, waste1): 0.0
        pick(brl_robot, waste3): 7.746706338043087

[POMCP] Selected: pick(brl_robot, waste3)
[POMCP] Average simulation time:  0.0016
[POMCP] Average select time:  0.0
[Planner] Selected action: pick(brl_robot, waste3)
[Planner] Observation:  ['holding(brl_robot,waste3)']
    [Feedback] method=ours, confidence=0.8792, threshold=0.1000, trigger=False
    [Planner] Updated confidence: 0.8792090941721988
    [Belief Diff]
      + add (1): holding(brl_robot,waste3)
      - del (1): handempty(brl_robot)
[TIME] step_total=0.1646s (search=0.1643s, execute=0.0001s, update=0.0001s, interaction=0.0000s, pruning=0.0001s, overhead=0.0000s)
==================

Step: 8
[POMCP] applicable values:
        place_gw_bin(brl_robot, waste3, gw_bin): 0.0
        place_paper_bin(brl_robot, waste3, pp_bin): 9.263620756915483
        place_can_bin(brl_robot, waste3, ca_bin): 0.0
        place_plastic_bin(brl_robot, waste3, pl_bin): 0.0

[POMCP] Selected: place_paper_bin(brl_robot, waste3, pp_bin)
[POMCP] Average simulation time:  0.0018
[POMCP] Average select time:  0.0
[Planner] Selected action: place_paper_bin(brl_robot, waste3, pp_bin)
[Planner] Observation:  ['in_bin(waste3,pp_bin)', 'handempty(brl_robot)']
    [Feedback] method=ours, confidence=0.9969, threshold=0.1000, trigger=False
    [Planner] Updated confidence: 0.9968528592248077
    [Belief Diff]
      + add (2): in_bin(waste3,pp_bin), handempty(brl_robot)
      - del (2): detected(waste3), holding(brl_robot,waste3)
[TIME] step_total=0.1763s (search=0.1760s, execute=0.0001s, update=0.0001s, interaction=0.0000s, pruning=0.0001s, overhead=0.0000s)
==================

Step: 9
[POMCP] applicable values:
        detect_waste(brl_robot): 5.031452748586838
        pick(brl_robot, waste1): 0.0

[POMCP] Selected: detect_waste(brl_robot)
[POMCP] Average simulation time:  0.0018
[POMCP] Average select time:  0.0
[Planner] Selected action: detect_waste(brl_robot)
[Planner] Observation:  ['can(waste1)', 'detected(waste1)']
    [Feedback] method=ours, confidence=0.5213, threshold=0.1000, trigger=False
    [Planner] Updated confidence: 0.5212561362500167
    [Belief Diff]
      + add (0): -
      - del (0): -
[TIME] step_total=0.1816s (search=0.1763s, execute=0.0037s, update=0.0007s, interaction=0.0000s, pruning=0.0008s, overhead=0.0001s)
==================

Step: 10
[POMCP] applicable values:
        detect_waste(brl_robot): 4.631831071898637
        pick(brl_robot, waste1): 0.0

[POMCP] Selected: detect_waste(brl_robot)
[POMCP] Average simulation time:  0.0018
[POMCP] Average select time:  0.0
[Planner] Selected action: detect_waste(brl_robot)
[Planner] Observation:  ['can(waste1)', 'detected(waste1)']
    [Feedback] method=ours, confidence=0.3524, threshold=0.1000, trigger=False
    [Planner] Updated confidence: 0.35237976390751746
    [Belief Diff]
      + add (0): -
      - del (0): -
[TIME] step_total=0.1808s (search=0.1761s, execute=0.0036s, update=0.0007s, interaction=0.0000s, pruning=0.0003s, overhead=0.0000s)
==================

Step: 11
[POMCP] applicable values:
        detect_waste(brl_robot): 6.819961677529971
        pick(brl_robot, waste1): 0.0

[POMCP] Selected: detect_waste(brl_robot)
[POMCP] Average simulation time:  0.0017
[POMCP] Average select time:  0.0
[Planner] Selected action: detect_waste(brl_robot)
[Planner] Observation:  ['can(waste1)', 'detected(waste1)']
    [Feedback] method=ours, confidence=0.4575, threshold=0.1000, trigger=False
    [Planner] Updated confidence: 0.4575346539539308
    [Belief Diff]
      + add (0): -
      - del (0): -
[TIME] step_total=0.1778s (search=0.1734s, execute=0.0034s, update=0.0007s, interaction=0.0000s, pruning=0.0003s, overhead=0.0000s)
==================

Step: 12
[POMCP] applicable values:
        detect_waste(brl_robot): 0.0
        pick(brl_robot, waste1): 12.829453125

[POMCP] Selected: pick(brl_robot, waste1)
[POMCP] Average simulation time:  0.0018
[POMCP] Average select time:  0.0
[Planner] Selected action: pick(brl_robot, waste1)
[Planner] Observation:  ['handempty(brl_robot)']
    [Feedback] method=ours, confidence=0.2397, threshold=0.1000, trigger=False
    [Planner] Updated confidence: 0.23972037399190227
    [Belief Diff]
      + add (0): -
      - del (0): -
[TIME] step_total=0.1763s (search=0.1751s, execute=0.0001s, update=0.0001s, interaction=0.0000s, pruning=0.0009s, overhead=0.0001s)
==================

Step: 13
[POMCP] applicable values:
        detect_waste(brl_robot): 0.0
        pick(brl_robot, waste1): 12.162942477876108

[POMCP] Selected: pick(brl_robot, waste1)
[POMCP] Average simulation time:  0.0017
[POMCP] Average select time:  0.0
[Planner] Selected action: pick(brl_robot, waste1)
[Planner] Observation:  ['holding(brl_robot,waste1)']
    [Feedback] method=ours, confidence=0.9085, threshold=0.1000, trigger=False
    [Planner] Updated confidence: 0.9084950869918875
    [Belief Diff]
      + add (1): holding(brl_robot,waste1)
      - del (1): handempty(brl_robot)
[TIME] step_total=0.1752s (search=0.1749s, execute=0.0001s, update=0.0001s, interaction=0.0000s, pruning=0.0000s, overhead=0.0001s)
==================

Step: 14
[POMCP] applicable values:
        place_gw_bin(brl_robot, waste1, gw_bin): 0.0
        place_paper_bin(brl_robot, waste1, pp_bin): 0.0
        place_can_bin(brl_robot, waste1, ca_bin): 14.411250000000003
        place_plastic_bin(brl_robot, waste1, pl_bin): 0.0

[POMCP] Selected: place_can_bin(brl_robot, waste1, ca_bin)
[POMCP] Average simulation time:  0.0018
[POMCP] Average select time:  0.0
[Planner] Selected action: place_can_bin(brl_robot, waste1, ca_bin)
[Planner] Observation:  ['in_bin(waste1,ca_bin)', 'handempty(brl_robot)']
    [Feedback] method=ours, confidence=0.9922, threshold=0.1000, trigger=False
    [Planner] Updated confidence: 0.9922038196425679
    [Belief Diff]
      + add (2): in_bin(waste1,ca_bin), handempty(brl_robot)
      - del (2): detected(waste1), holding(brl_robot,waste1)
[TIME] step_total=0.1818s (search=0.1815s, execute=0.0001s, update=0.0001s, interaction=0.0000s, pruning=0.0000s, overhead=0.0000s)
[TIME SUMMARY]
avg search: 0.3208s
avg execute: 0.0013s
avg update: 0.0095s
avg interaction: 0.0000s
avg pruning: 0.0003s
avg step wall: 0.3320s
total wall clock: 4.6475s
=============Action Log=============
[STEP 1]: detect_waste(brl_robot)
[STEP 2]: pick(brl_robot, waste2)
[STEP 3]: place_gw_bin(brl_robot, waste2, gw_bin)
[STEP 4]: pick(brl_robot, waste4)
[STEP 5]: place_can_bin(brl_robot, waste4, ca_bin)
[STEP 6]: place_can_bin(brl_robot, waste4, ca_bin)
[STEP 7]: pick(brl_robot, waste3)
[STEP 8]: place_paper_bin(brl_robot, waste3, pp_bin)
[STEP 9]: detect_waste(brl_robot)
[STEP 10]: detect_waste(brl_robot)
[STEP 11]: detect_waste(brl_robot)
[STEP 12]: pick(brl_robot, waste1)
[STEP 13]: pick(brl_robot, waste1)
[STEP 14]: place_can_bin(brl_robot, waste1, ca_bin)
=============Final Knowledge=============
can(waste1)
can(waste4)
can_bin(ca_bin)
general(waste2)
general_bin(gw_bin)
handempty(brl_robot)
in_bin(waste1,ca_bin)
in_bin(waste2,gw_bin)
in_bin(waste3,pp_bin)
in_bin(waste4,ca_bin)
paper(waste3)
paper_bin(pp_bin)
plastic_bin(pl_bin)
robot(brl_robot)
waste(waste1)
waste(waste2)
waste(waste3)
waste(waste4)
=============Query=============
Total Query 0
=============Action Schema Summary=============
detect_waste: actions=4, questions=0, expected_questions_per_action=0.0000
pick: actions=5, questions=0, expected_questions_per_action=0.0000
place_can_bin: actions=3, questions=0, expected_questions_per_action=0.0000
place_gw_bin: actions=1, questions=0, expected_questions_per_action=0.0000
place_paper_bin: actions=1, questions=0, expected_questions_per_action=0.0000
=============Log File=============
/home/changmin/PyProject/00_BRL-CF/experiments_logs/system_log/e1_threshold/wastesorting/scene_02_step50/ours/oracle/tau_0-1/exp_wastesorting_20260804_081441_373149.txt
