Step: 1
[POMCP] applicable values:
        navigate(brl_robot, dock_station, stem_01): 1.5669189310827174
        navigate(brl_robot, dock_station, stem_02): 1.058726083664951

[POMCP] Selected: navigate(brl_robot, dock_station, stem_01)
[POMCP] Average simulation time:  0.0069
[POMCP] Average select time:  0.0
[Planner] Selected action: navigate(brl_robot, dock_station, stem_01)
[Planner] Observation:  ['located(brl_robot,dock_station)']
    [Feedback] method=ours, confidence=0.3520, threshold=0.3000, trigger=False
    [Planner] Updated confidence: 0.35201338138787963
    [Belief Diff]
      + add (0): -
      - del (0): -
[TIME] step_total=0.6919s (search=0.6912s, execute=0.0002s, update=0.0001s, interaction=0.0000s, pruning=0.0003s, overhead=0.0001s)
==================

Step: 2
[POMCP] applicable values:
        navigate(brl_robot, dock_station, stem_01): 1.1336375547042223
        navigate(brl_robot, dock_station, stem_02): 1.9001147118876185

[POMCP] Selected: navigate(brl_robot, dock_station, stem_02)
[POMCP] Average simulation time:  0.0076
[POMCP] Average select time:  0.0
[Planner] Selected action: navigate(brl_robot, dock_station, stem_02)
[Planner] Observation:  ['located(brl_robot,stem_02)']
    [Feedback] method=ours, confidence=0.9717, threshold=0.3000, trigger=False
    [Planner] Updated confidence: 0.9716909750919895
    [Belief Diff]
      + add (1): located(brl_robot,stem_02)
      - del (1): located(brl_robot,dock_station)
[TIME] step_total=0.7616s (search=0.7610s, execute=0.0001s, update=0.0001s, interaction=0.0000s, pruning=0.0003s, overhead=0.0001s)
==================

Step: 3
[POMCP] applicable values:
        navigate(brl_robot, stem_02, dock_station): 1.4010181610409203
        navigate(brl_robot, stem_02, stem_01): 0.0
        detect(brl_robot, stem_02): 1.8770185408586135

[POMCP] Selected: detect(brl_robot, stem_02)
[POMCP] Average simulation time:  0.0085
[POMCP] Average select time:  0.0
[Planner] Selected action: detect(brl_robot, stem_02)
[Planner] Observation:  ['observed(tomato3)', 'observed(tomato4)', 'ripe(tomato3)', 'ripe(tomato4)']
    [Feedback] method=ours, confidence=0.1864, threshold=0.3000, trigger=True
    [Planner] Current confidence: 0.1864432140992055
    [Query] Q: ripe(tomato4) is True?
    [Query] T: ripe(tomato4)=True?
    [Query] A: False
    [Planner] Reduced 81 --> 54
    [Planner] Current confidence: 0.2171035506075234
    [Query] Q: at(tomato1,stem_02) is True?
    [Query] T: at(tomato1,stem_02)=True?
    [Query] A: False
    [Planner] Reduced 54 --> 18
    [Planner] Current confidence: 0.29943345596190063
    [Query] Q: at(tomato2,stem_02) is True?
    [Query] T: at(tomato2,stem_02)=True?
    [Query] A: False
    [Planner] Reduced 18 --> 6
    [Planner] Updated confidence: 0.4828569651543201
    [Belief Diff]
      + add (6): at(tomato3,stem_02), at(tomato4,stem_02), observed(tomato3), observed(tomato4), ripe(tomato3), unripe(tomato4)
      - del (0): -
[TIME] step_total=0.8571s (search=0.8472s, execute=0.0004s, update=0.0031s, interaction=0.0061s, pruning=0.0002s, overhead=0.0001s)
==================

Step: 4
[POMCP] applicable values:
        navigate(brl_robot, stem_02, dock_station): 1.2775871657301479
        navigate(brl_robot, stem_02, stem_01): 1.3544589693687614
        detect(brl_robot, stem_02): 0.0
        pick(brl_robot, tomato3, stem_02): 5.10252056593274

[POMCP] Selected: pick(brl_robot, tomato3, stem_02)
[POMCP] Average simulation time:  0.0088
[POMCP] Average select time:  0.0
[Planner] Selected action: pick(brl_robot, tomato3, stem_02)
[Planner] Observation:  ['holding(brl_robot,tomato3)', 'holded(tomato3,brl_robot)']
    [Feedback] method=ours, confidence=0.9952, threshold=0.3000, trigger=False
    [Planner] Updated confidence: 0.9951785946841204
    [Belief Diff]
      + add (2): holding(brl_robot,tomato3), holded(tomato3,brl_robot)
      - del (2): handempty(brl_robot), at(tomato3,stem_02)
[TIME] step_total=0.8812s (search=0.8807s, execute=0.0002s, update=0.0001s, interaction=0.0000s, pruning=0.0001s, overhead=0.0001s)
==================

Step: 5
[POMCP] applicable values:
        scan(brl_robot, tomato3): 5.842956175407584
        place(brl_robot, tomato3): 0.0
        discard(brl_robot, tomato3): 0.0

[POMCP] Selected: scan(brl_robot, tomato3)
[POMCP] Average simulation time:  0.0104
[POMCP] Average select time:  0.0
[Planner] Selected action: scan(brl_robot, tomato3)
[Planner] Observation:  ['ripe(tomato3)']
    [Feedback] method=ours, confidence=0.5451, threshold=0.3000, trigger=False
    [Planner] Updated confidence: 0.5451381686541565
    [Belief Diff]
      + add (1): scanned(tomato3)
      - del (0): -
[TIME] step_total=1.0432s (search=1.0426s, execute=0.0001s, update=0.0001s, interaction=0.0000s, pruning=0.0003s, overhead=0.0001s)
==================

Step: 6
[POMCP] applicable values:
        scan(brl_robot, tomato3): 4.085394898730632
        place(brl_robot, tomato3): 6.620636316651378
        discard(brl_robot, tomato3): 2.993684696191894

[POMCP] Selected: place(brl_robot, tomato3)
[POMCP] Average simulation time:  0.0109
[POMCP] Average select time:  0.0
[Planner] Selected action: place(brl_robot, tomato3)
[Planner] Observation:  ['loaded(tomato3,brl_robot)', 'handempty(brl_robot)']
    [Feedback] method=ours, confidence=0.9992, threshold=0.3000, trigger=False
    [Planner] Updated confidence: 0.9991559573608523
    [Belief Diff]
      + add (2): loaded(tomato3,brl_robot), handempty(brl_robot)
      - del (2): holded(tomato3,brl_robot), holding(brl_robot,tomato3)
[TIME] step_total=1.0931s (search=1.0927s, execute=0.0002s, update=0.0001s, interaction=0.0000s, pruning=0.0001s, overhead=0.0001s)
==================

Step: 7
[POMCP] applicable values:
        navigate(brl_robot, stem_02, dock_station): 0.0
        navigate(brl_robot, stem_02, stem_01): 0.7489894504904706
        detect(brl_robot, stem_02): 2.4459173999258192

[POMCP] Selected: detect(brl_robot, stem_02)
[POMCP] Average simulation time:  0.0108
[POMCP] Average select time:  0.0
[Planner] Selected action: detect(brl_robot, stem_02)
[Planner] Observation:  ['observed(tomato4)', 'ripe(tomato4)']
    [Feedback] method=ours, confidence=0.0107, threshold=0.3000, trigger=True
    [Planner] Current confidence: 0.010699413049874318
    [Query] Q: ripe(tomato4) is True?
    [Query] T: ripe(tomato4)=True?
    [Query] A: False
    [Planner] Reduced 18 --> 9
    [Planner] Current confidence: 0.00021454414913757436
    [Query] Q: at(tomato1,stem_02) is True?
    [Query] T: at(tomato1,stem_02)=True?
    [Query] A: False
    [Planner] Reduced 9 --> 3
    [Planner] Current confidence: 0.00020089199550132886
    [Query] Q: at(tomato2,stem_02) is True?
    [Query] T: at(tomato2,stem_02)=True?
    [Query] A: False
    [Planner] Reduced 3 --> 1
    [Planner] Updated confidence: 1.0
    [Belief Diff]
      + add (0): -
      - del (0): -
[TIME] step_total=1.0885s (search=1.0811s, execute=0.0024s, update=0.0027s, interaction=0.0013s, pruning=0.0009s, overhead=0.0001s)
==================

Step: 8
[POMCP] applicable values:
        navigate(brl_robot, stem_02, dock_station): 0.7398270764118999
        navigate(brl_robot, stem_02, stem_01): 0.3773536025353072
        detect(brl_robot, stem_02): 1.4619613295666538

[POMCP] Selected: detect(brl_robot, stem_02)
[POMCP] Average simulation time:  0.0111
[POMCP] Average select time:  0.0
[Planner] Selected action: detect(brl_robot, stem_02)
[Planner] Observation:  ['observed(tomato4)', 'unripe(tomato4)']
    [Feedback] method=ours, confidence=0.0429, threshold=0.3000, trigger=True
    [Planner] Current confidence: 0.04293129568928877
    [Query] Q: at(tomato1,stem_02) is True?
    [Query] T: at(tomato1,stem_02)=True?
    [Query] A: False
    [Planner] Reduced 18 --> 6
    [Planner] Current confidence: 0.06908110308746596
    [Query] Q: at(tomato2,stem_02) is True?
    [Query] T: at(tomato2,stem_02)=True?
    [Query] A: False
    [Planner] Reduced 6 --> 2
    [Planner] Current confidence: 0.17823923013532217
    [Query] Q: ripe(tomato4) is True?
    [Query] T: ripe(tomato4)=True?
    [Query] A: False
    [Planner] Reduced 2 --> 1
    [Planner] Updated confidence: 1.0
    [Belief Diff]
      + add (0): -
      - del (0): -
[TIME] step_total=1.1147s (search=1.1079s, execute=0.0025s, update=0.0027s, interaction=0.0012s, pruning=0.0003s, overhead=0.0001s)
==================

Step: 9
[POMCP] applicable values:
        navigate(brl_robot, stem_02, dock_station): 0.8780108316988342
        navigate(brl_robot, stem_02, stem_01): 1.482687858148833
        detect(brl_robot, stem_02): 0.0

[POMCP] Selected: navigate(brl_robot, stem_02, stem_01)
[POMCP] Average simulation time:  0.01
[POMCP] Average select time:  0.0
[Planner] Selected action: navigate(brl_robot, stem_02, stem_01)
[Planner] Observation:  ['located(brl_robot,stem_01)']
    [Feedback] method=ours, confidence=0.9653, threshold=0.3000, trigger=False
    [Planner] Updated confidence: 0.9652660505236458
    [Belief Diff]
      + add (1): located(brl_robot,stem_01)
      - del (1): located(brl_robot,stem_02)
[TIME] step_total=1.0048s (search=1.0042s, execute=0.0002s, update=0.0001s, interaction=0.0000s, pruning=0.0002s, overhead=0.0001s)
==================

Step: 10
[POMCP] applicable values:
        navigate(brl_robot, stem_01, dock_station): 0.9694838616382777
        navigate(brl_robot, stem_01, stem_02): 1.6827433463539534
        detect(brl_robot, stem_01): 1.4045193705108032

[POMCP] Selected: navigate(brl_robot, stem_01, stem_02)
[POMCP] Average simulation time:  0.0106
[POMCP] Average select time:  0.0
[Planner] Selected action: navigate(brl_robot, stem_01, stem_02)
[Planner] Observation:  ['located(brl_robot,stem_01)']
    [Feedback] method=ours, confidence=0.2704, threshold=0.3000, trigger=True
    [Planner] Current confidence: 0.2704287656444654
    [Query] Q: located(brl_robot,stem_02) is True?
    [Query] T: located(brl_robot,stem_02)=True?
    [Query] A: True
    [Planner] Reduced 3 --> 1
    [Planner] Updated confidence: 1.0
    [Belief Diff]
      + add (1): located(brl_robot,stem_02)
      - del (1): located(brl_robot,stem_01)
[TIME] step_total=1.0646s (search=1.0638s, execute=0.0002s, update=0.0001s, interaction=0.0003s, pruning=0.0002s, overhead=0.0001s)
==================

Step: 11
[POMCP] applicable values:
        navigate(brl_robot, stem_02, dock_station): 1.1417024358542955
        navigate(brl_robot, stem_02, stem_01): 0.0
        detect(brl_robot, stem_02): 2.187791500739583

[POMCP] Selected: detect(brl_robot, stem_02)
[POMCP] Average simulation time:  0.0109
[POMCP] Average select time:  0.0
[Planner] Selected action: detect(brl_robot, stem_02)
[Planner] Observation:  ['observed(tomato4)', 'unripe(tomato4)']
    [Feedback] method=ours, confidence=0.0779, threshold=0.3000, trigger=True
    [Planner] Current confidence: 0.07787945665306262
    [Query] Q: at(tomato1,stem_02) is True?
    [Query] T: at(tomato1,stem_02)=True?
    [Query] A: False
    [Planner] Reduced 18 --> 6
    [Planner] Current confidence: 0.12545763403159238
    [Query] Q: at(tomato2,stem_02) is True?
    [Query] T: at(tomato2,stem_02)=True?
    [Query] A: False
    [Planner] Reduced 6 --> 2
    [Planner] Updated confidence: 0.32397044946380493
    [Belief Diff]
      + add (0): -
      - del (0): -
[TIME] step_total=1.1005s (search=1.0932s, execute=0.0025s, update=0.0027s, interaction=0.0010s, pruning=0.0010s, overhead=0.0001s)
==================

Step: 12
[POMCP] applicable values:
        navigate(brl_robot, stem_02, dock_station): 0.9748957597142996
        navigate(brl_robot, stem_02, stem_01): 0.0
        detect(brl_robot, stem_02): 1.9246570905284757

[POMCP] Selected: detect(brl_robot, stem_02)
[POMCP] Average simulation time:  0.0114
[POMCP] Average select time:  0.0
[Planner] Selected action: detect(brl_robot, stem_02)
[Planner] Observation:  ['observed(tomato4)', 'unripe(tomato4)']
    [Feedback] method=ours, confidence=0.1591, threshold=0.3000, trigger=True
    [Planner] Current confidence: 0.15905801455592672
    [Query] Q: at(tomato1,stem_02) is True?
    [Query] T: at(tomato1,stem_02)=True?
    [Query] A: False
    [Planner] Reduced 18 --> 6
    [Planner] Current confidence: 0.25641061734729287
    [Query] Q: at(tomato2,stem_02) is True?
    [Query] T: at(tomato2,stem_02)=True?
    [Query] A: False
    [Planner] Reduced 6 --> 2
    [Planner] Updated confidence: 0.6624790065900955
    [Belief Diff]
      + add (0): -
      - del (0): -
[TIME] step_total=1.1417s (search=1.1354s, execute=0.0024s, update=0.0026s, interaction=0.0010s, pruning=0.0002s, overhead=0.0001s)
==================

Step: 13
[POMCP] applicable values:
        navigate(brl_robot, stem_02, dock_station): 0.8420186523310539
        navigate(brl_robot, stem_02, stem_01): 1.4254534026960972
        detect(brl_robot, stem_02): 0.34843361268264755

[POMCP] Selected: navigate(brl_robot, stem_02, stem_01)
[POMCP] Average simulation time:  0.0106
[POMCP] Average select time:  0.0
[Planner] Selected action: navigate(brl_robot, stem_02, stem_01)
[Planner] Observation:  []
    [Feedback] method=ours, confidence=0.6410, threshold=0.3000, trigger=False
    [Planner] Updated confidence: 0.6410310556594643
    [Belief Diff]
      + add (1): located(brl_robot,stem_01)
      - del (1): located(brl_robot,stem_02)
[TIME] step_total=1.0569s (search=1.0563s, execute=0.0002s, update=0.0001s, interaction=0.0000s, pruning=0.0002s, overhead=0.0001s)
==================

Step: 14
[POMCP] applicable values:
        navigate(brl_robot, stem_01, dock_station): 0.0
        navigate(brl_robot, stem_01, stem_02): 0.0
        detect(brl_robot, stem_01): 1.6628455077441249

[POMCP] Selected: detect(brl_robot, stem_01)
[POMCP] Average simulation time:  0.0112
[POMCP] Average select time:  0.0
[Planner] Selected action: detect(brl_robot, stem_01)
[Planner] Observation:  ['observed(tomato1)', 'observed(tomato2)', 'ripe(tomato1)', 'ripe(tomato2)']
    [Feedback] method=ours, confidence=0.5130, threshold=0.3000, trigger=False
    [Planner] Updated confidence: 0.5129907660771891
    [Belief Diff]
      + add (6): at(tomato1,stem_01), at(tomato2,stem_01), observed(tomato1), observed(tomato2), ripe(tomato1), ripe(tomato2)
      - del (0): -
[TIME] step_total=1.1293s (search=1.1236s, execute=0.0023s, update=0.0029s, interaction=0.0000s, pruning=0.0004s, overhead=0.0001s)
==================

Step: 15
[POMCP] applicable values:
        navigate(brl_robot, stem_01, dock_station): 1.105700718815104
        navigate(brl_robot, stem_01, stem_02): 1.7092916441279211
        detect(brl_robot, stem_01): 0.0
        pick(brl_robot, tomato1, stem_01): 0.0
        pick(brl_robot, tomato2, stem_01): 5.208867880261658

[POMCP] Selected: pick(brl_robot, tomato2, stem_01)
[POMCP] Average simulation time:  0.0091
[POMCP] Average select time:  0.0
[Planner] Selected action: pick(brl_robot, tomato2, stem_01)
[Planner] Observation:  ['holding(brl_robot,tomato2)', 'holded(tomato2,brl_robot)']
    [Feedback] method=ours, confidence=0.9978, threshold=0.3000, trigger=False
    [Planner] Updated confidence: 0.9978172957757107
    [Belief Diff]
      + add (2): holding(brl_robot,tomato2), holded(tomato2,brl_robot)
      - del (2): at(tomato2,stem_01), handempty(brl_robot)
[TIME] step_total=0.9143s (search=0.9138s, execute=0.0002s, update=0.0001s, interaction=0.0000s, pruning=0.0002s, overhead=0.0001s)
==================

Step: 16
[POMCP] applicable values:
        scan(brl_robot, tomato2): 6.770495297029884
        place(brl_robot, tomato2): 0.0
        discard(brl_robot, tomato2): 2.5667104163975245

[POMCP] Selected: scan(brl_robot, tomato2)
[POMCP] Average simulation time:  0.0097
[POMCP] Average select time:  0.0
[Planner] Selected action: scan(brl_robot, tomato2)
[Planner] Observation:  ['ripe(tomato2)']
    [Feedback] method=ours, confidence=0.6969, threshold=0.3000, trigger=False
    [Planner] Updated confidence: 0.69687726212271
    [Belief Diff]
      + add (1): scanned(tomato2)
      - del (0): -
[TIME] step_total=0.9733s (search=0.9727s, execute=0.0001s, update=0.0001s, interaction=0.0000s, pruning=0.0003s, overhead=0.0001s)
==================

Step: 17
[POMCP] applicable values:
        scan(brl_robot, tomato2): 3.8689046874999997
        place(brl_robot, tomato2): 9.251101104071038
        discard(brl_robot, tomato2): 1.7028081314405739

[POMCP] Selected: place(brl_robot, tomato2)
[POMCP] Average simulation time:  0.0095
[POMCP] Average select time:  0.0001
[Planner] Selected action: place(brl_robot, tomato2)
[Planner] Observation:  ['loaded(tomato2,brl_robot)', 'handempty(brl_robot)']
    [Feedback] method=ours, confidence=0.9995, threshold=0.3000, trigger=False
    [Planner] Updated confidence: 0.999475974407685
    [Belief Diff]
      + add (2): loaded(tomato2,brl_robot), handempty(brl_robot)
      - del (2): holded(tomato2,brl_robot), holding(brl_robot,tomato2)
[TIME] step_total=0.9488s (search=0.9483s, execute=0.0002s, update=0.0001s, interaction=0.0000s, pruning=0.0001s, overhead=0.0001s)
==================

Step: 18
[POMCP] applicable values:
        navigate(brl_robot, stem_01, dock_station): 0.0
        navigate(brl_robot, stem_01, stem_02): 1.2334570871810908
        detect(brl_robot, stem_01): 0.0
        pick(brl_robot, tomato1, stem_01): 4.9295436041753025

[POMCP] Selected: pick(brl_robot, tomato1, stem_01)
[POMCP] Average simulation time:  0.0107
[POMCP] Average select time:  0.0
[Planner] Selected action: pick(brl_robot, tomato1, stem_01)
[Planner] Observation:  ['holding(brl_robot,tomato1)', 'holded(tomato1,brl_robot)']
    [Feedback] method=ours, confidence=0.9982, threshold=0.3000, trigger=False
    [Planner] Updated confidence: 0.998239819587944
    [Belief Diff]
      + add (2): holding(brl_robot,tomato1), holded(tomato1,brl_robot)
      - del (2): handempty(brl_robot), at(tomato1,stem_01)
[TIME] step_total=1.0750s (search=1.0746s, execute=0.0001s, update=0.0001s, interaction=0.0000s, pruning=0.0001s, overhead=0.0001s)
==================

Step: 19
[POMCP] applicable values:
        scan(brl_robot, tomato1): 5.757022880140735
        place(brl_robot, tomato1): 1.2909465349892089
        discard(brl_robot, tomato1): 0.0

[POMCP] Selected: scan(brl_robot, tomato1)
[POMCP] Average simulation time:  0.0111
[POMCP] Average select time:  0.0
[Planner] Selected action: scan(brl_robot, tomato1)
[Planner] Observation:  ['ripe(tomato1)']
    [Feedback] method=ours, confidence=0.0530, threshold=0.3000, trigger=True
    [Planner] Current confidence: 0.05295435774210766
    [Query] Q: ripe(tomato1) is True?
    [Query] T: ripe(tomato1)=True?
    [Query] A: False
    [Planner] Reduced 2 --> 1
    [Planner] Updated confidence: 1.0
    [Belief Diff]
      + add (2): rotten(tomato1), scanned(tomato1)
      - del (1): ripe(tomato1)
[TIME] step_total=1.1129s (search=1.1115s, execute=0.0001s, update=0.0001s, interaction=0.0002s, pruning=0.0009s, overhead=0.0001s)
==================

Step: 20
[POMCP] applicable values:
        scan(brl_robot, tomato1): 2.375
        discard(brl_robot, tomato1): 6.919434128520172

[POMCP] Selected: discard(brl_robot, tomato1)
[POMCP] Average simulation time:  0.012
[POMCP] Average select time:  0.0
[Planner] Selected action: discard(brl_robot, tomato1)
[Planner] Observation:  ['discarded(tomato1)', 'handempty(brl_robot)']
    [Feedback] method=ours, confidence=0.9974, threshold=0.3000, trigger=False
    [Planner] Updated confidence: 0.9974461506734603
    [Belief Diff]
      + add (2): discarded(tomato1), handempty(brl_robot)
      - del (2): holding(brl_robot,tomato1), holded(tomato1,brl_robot)
[TIME] step_total=1.1992s (search=1.1988s, execute=0.0002s, update=0.0001s, interaction=0.0000s, pruning=0.0000s, overhead=0.0001s)
[TIME SUMMARY]
avg search: 1.0100s
avg execute: 0.0007s
avg update: 0.0009s
avg interaction: 0.0006s
avg pruning: 0.0003s
avg step wall: 1.0126s
total wall clock: 20.2530s
=============Action Log=============
[STEP 1]: navigate(brl_robot, dock_station, stem_01)
[STEP 2]: navigate(brl_robot, dock_station, stem_02)
[STEP 3]: detect(brl_robot, stem_02)
[STEP 4]: pick(brl_robot, tomato3, stem_02)
[STEP 5]: scan(brl_robot, tomato3)
[STEP 6]: place(brl_robot, tomato3)
[STEP 7]: detect(brl_robot, stem_02)
[STEP 8]: detect(brl_robot, stem_02)
[STEP 9]: navigate(brl_robot, stem_02, stem_01)
[STEP 10]: navigate(brl_robot, stem_01, stem_02)
[STEP 11]: detect(brl_robot, stem_02)
[STEP 12]: detect(brl_robot, stem_02)
[STEP 13]: navigate(brl_robot, stem_02, stem_01)
[STEP 14]: detect(brl_robot, stem_01)
[STEP 15]: pick(brl_robot, tomato2, stem_01)
[STEP 16]: scan(brl_robot, tomato2)
[STEP 17]: place(brl_robot, tomato2)
[STEP 18]: pick(brl_robot, tomato1, stem_01)
[STEP 19]: scan(brl_robot, tomato1)
[STEP 20]: discard(brl_robot, tomato1)
=============Final Knowledge=============
at(tomato4,stem_02)
discarded(tomato1)
handempty(brl_robot)
loaded(tomato2,brl_robot)
loaded(tomato3,brl_robot)
located(brl_robot,stem_01)
location(dock_station)
location(stem_01)
location(stem_02)
observed(tomato1)
observed(tomato2)
observed(tomato3)
observed(tomato4)
ripe(tomato2)
ripe(tomato3)
robot(brl_robot)
rotten(tomato1)
scanned(tomato1)
scanned(tomato2)
scanned(tomato3)
stem(stem_01)
stem(stem_02)
tomato(tomato1)
tomato(tomato2)
tomato(tomato3)
tomato(tomato4)
unripe(tomato4)
=============Query=============
Total Query 15
=============Action Schema Summary=============
detect: actions=6, questions=13, expected_questions_per_action=2.1667
discard: actions=1, questions=0, expected_questions_per_action=0.0000
navigate: actions=5, questions=1, expected_questions_per_action=0.2000
pick: actions=3, questions=0, expected_questions_per_action=0.0000
place: actions=2, questions=0, expected_questions_per_action=0.0000
scan: actions=3, questions=1, expected_questions_per_action=0.3333
=============Log File=============
/home/changmin/PyProject/00_BRL-CF/experiments_logs/system_log/e1_threshold/tomato/scene_04_step50/ours/oracle/tau_0-3/exp_tomato_20260804_033439_850625.txt
