Step: 1
[POMCP] applicable values:
        detect_waste(brl_robot): 4.403955806619234

[POMCP] Selected: detect_waste(brl_robot)
[POMCP] Average simulation time:  0.0138
[POMCP] Average select time:  0.0
[Planner] Selected action: detect_waste(brl_robot)
[Planner] Observation:  ['detected(waste1)', 'detected(waste2)', 'paper(waste1)', 'paper(waste2)']
    [Feedback] method=ours, confidence=0.3191, threshold=0.0000, trigger=False
    [Planner] Updated confidence: 0.3190826656905854
    [Belief Diff]
      + add (4): detected(waste1), detected(waste2), paper(waste1), paper(waste2)
      - del (0): -
[TIME] step_total=1.5216s (search=1.3849s, execute=0.0065s, update=0.1295s, interaction=0.0002s, pruning=0.0004s, overhead=0.0001s)
==================

Step: 2
[POMCP] applicable values:
        detect_waste(brl_robot): 0.0
        pick(brl_robot, waste1): 8.782924608969841
        pick(brl_robot, waste2): 3.3196208331987616

[POMCP] Selected: pick(brl_robot, waste1)
[POMCP] Average simulation time:  0.0027
[POMCP] Average select time:  0.0
[Planner] Selected action: pick(brl_robot, waste1)
[Planner] Observation:  ['holding(brl_robot,waste1)']
    [Feedback] method=ours, confidence=0.8976, threshold=0.0000, trigger=False
    [Planner] Updated confidence: 0.8976458373794463
    [Belief Diff]
      + add (1): holding(brl_robot,waste1)
      - del (1): handempty(brl_robot)
[TIME] step_total=0.2703s (search=0.2700s, execute=0.0001s, update=0.0001s, interaction=0.0000s, pruning=0.0000s, overhead=0.0000s)
==================

Step: 3
[POMCP] applicable values:
        place_gw_bin(brl_robot, waste1, gw_bin): 3.6754594531249998
        place_paper_bin(brl_robot, waste1, pp_bin): 10.532526547853573
        place_can_bin(brl_robot, waste1, ca_bin): 3.7530923480959464
        place_plastic_bin(brl_robot, waste1, pl_bin): 0.0

[POMCP] Selected: place_paper_bin(brl_robot, waste1, pp_bin)
[POMCP] Average simulation time:  0.002
[POMCP] Average select time:  0.0
[Planner] Selected action: place_paper_bin(brl_robot, waste1, pp_bin)
[Planner] Observation:  ['holding(brl_robot,waste1)', 'detected(waste1)']
    [Feedback] method=ours, confidence=0.8402, threshold=0.0000, trigger=False
    [Planner] Updated confidence: 0.8402487522190654
    [Belief Diff]
      + add (0): -
      - del (0): -
[TIME] step_total=0.2027s (search=0.2021s, execute=0.0001s, update=0.0001s, interaction=0.0000s, pruning=0.0003s, overhead=0.0000s)
==================

Step: 4
[POMCP] applicable values:
        place_gw_bin(brl_robot, waste1, gw_bin): 3.151247048623046
        place_paper_bin(brl_robot, waste1, pp_bin): 10.613861849450956
        place_can_bin(brl_robot, waste1, ca_bin): 0.0
        place_plastic_bin(brl_robot, waste1, pl_bin): 4.5125

[POMCP] Selected: place_paper_bin(brl_robot, waste1, pp_bin)
[POMCP] Average simulation time:  0.0021
[POMCP] Average select time:  0.0
[Planner] Selected action: place_paper_bin(brl_robot, waste1, pp_bin)
[Planner] Observation:  ['in_bin(waste1,pp_bin)', 'handempty(brl_robot)']
    [Feedback] method=ours, confidence=0.9910, threshold=0.0000, trigger=False
    [Planner] Updated confidence: 0.9910385520756503
    [Belief Diff]
      + add (2): in_bin(waste1,pp_bin), handempty(brl_robot)
      - del (2): detected(waste1), holding(brl_robot,waste1)
[TIME] step_total=0.2094s (search=0.2091s, execute=0.0001s, update=0.0001s, interaction=0.0000s, pruning=0.0000s, overhead=0.0000s)
==================

Step: 5
[POMCP] applicable values:
        detect_waste(brl_robot): 0.0
        pick(brl_robot, waste2): 6.606015954678532

[POMCP] Selected: pick(brl_robot, waste2)
[POMCP] Average simulation time:  0.0019
[POMCP] Average select time:  0.0
[Planner] Selected action: pick(brl_robot, waste2)
[Planner] Observation:  ['holding(brl_robot,waste2)']
    [Feedback] method=ours, confidence=0.9235, threshold=0.0000, trigger=False
    [Planner] Updated confidence: 0.9234844216275369
    [Belief Diff]
      + add (1): holding(brl_robot,waste2)
      - del (1): handempty(brl_robot)
[TIME] step_total=0.1877s (search=0.1873s, execute=0.0001s, update=0.0001s, interaction=0.0000s, pruning=0.0001s, overhead=0.0000s)
==================

Step: 6
[POMCP] applicable values:
        place_gw_bin(brl_robot, waste2, gw_bin): 0.0
        place_paper_bin(brl_robot, waste2, pp_bin): 7.73404744847033
        place_can_bin(brl_robot, waste2, ca_bin): 0.0
        place_plastic_bin(brl_robot, waste2, pl_bin): 3.8689046874999997

[POMCP] Selected: place_paper_bin(brl_robot, waste2, pp_bin)
[POMCP] Average simulation time:  0.0018
[POMCP] Average select time:  0.0
[Planner] Selected action: place_paper_bin(brl_robot, waste2, pp_bin)
[Planner] Observation:  ['in_bin(waste2,pp_bin)', 'handempty(brl_robot)']
    [Feedback] method=ours, confidence=0.9961, threshold=0.0000, trigger=False
    [Planner] Updated confidence: 0.9960853392763416
    [Belief Diff]
      + add (2): in_bin(waste2,pp_bin), handempty(brl_robot)
      - del (2): detected(waste2), holding(brl_robot,waste2)
[TIME] step_total=0.1849s (search=0.1845s, execute=0.0001s, update=0.0001s, interaction=0.0000s, pruning=0.0001s, overhead=0.0000s)
==================

Step: 7
[POMCP] applicable values:
        detect_waste(brl_robot): 3.1283573042991124

[POMCP] Selected: detect_waste(brl_robot)
[POMCP] Average simulation time:  0.0019
[POMCP] Average select time:  0.0
[Planner] Selected action: detect_waste(brl_robot)
[Planner] Observation:  ['can(waste4)', 'detected(waste3)', 'detected(waste4)', 'general(waste3)']
    [Feedback] method=ours, confidence=0.1287, threshold=0.0000, trigger=False
    [Planner] Updated confidence: 0.128692620195471
    [Belief Diff]
      + add (4): can(waste4), detected(waste3), detected(waste4), general(waste3)
      - del (0): -
[TIME] step_total=0.1934s (search=0.1854s, execute=0.0035s, update=0.0038s, interaction=0.0000s, pruning=0.0006s, overhead=0.0000s)
==================

Step: 8
[POMCP] applicable values:
        detect_waste(brl_robot): 2.036265625
        pick(brl_robot, waste3): 6.719665841677315
        pick(brl_robot, waste4): 0.0

[POMCP] Selected: pick(brl_robot, waste3)
[POMCP] Average simulation time:  0.0016
[POMCP] Average select time:  0.0
[Planner] Selected action: pick(brl_robot, waste3)
[Planner] Observation:  ['holding(brl_robot,waste3)']
    [Feedback] method=ours, confidence=0.9230, threshold=0.0000, trigger=False
    [Planner] Updated confidence: 0.9229665567205451
    [Belief Diff]
      + add (1): holding(brl_robot,waste3)
      - del (1): handempty(brl_robot)
[TIME] step_total=0.1556s (search=0.1553s, execute=0.0001s, update=0.0001s, interaction=0.0000s, pruning=0.0001s, overhead=0.0000s)
==================

Step: 9
[POMCP] applicable values:
        place_gw_bin(brl_robot, waste3, gw_bin): 8.50127813318063
        place_paper_bin(brl_robot, waste3, pp_bin): 0.0
        place_can_bin(brl_robot, waste3, ca_bin): 0.0
        place_plastic_bin(brl_robot, waste3, pl_bin): 2.25625

[POMCP] Selected: place_gw_bin(brl_robot, waste3, gw_bin)
[POMCP] Average simulation time:  0.0017
[POMCP] Average select time:  0.0
[Planner] Selected action: place_gw_bin(brl_robot, waste3, gw_bin)
[Planner] Observation:  ['in_bin(waste3,gw_bin)', 'handempty(brl_robot)']
    [Feedback] method=ours, confidence=0.9674, threshold=0.0000, trigger=False
    [Planner] Updated confidence: 0.9673825005325896
    [Belief Diff]
      + add (2): in_bin(waste3,gw_bin), handempty(brl_robot)
      - del (2): detected(waste3), holding(brl_robot,waste3)
[TIME] step_total=0.1660s (search=0.1657s, execute=0.0001s, update=0.0001s, interaction=0.0000s, pruning=0.0000s, overhead=0.0000s)
[TIME SUMMARY]
avg search: 0.3272s
avg execute: 0.0012s
avg update: 0.0149s
avg interaction: 0.0000s
avg pruning: 0.0002s
avg step wall: 0.3435s
total wall clock: 3.0917s
=============Action Log=============
[STEP 1]: detect_waste(brl_robot)
[STEP 2]: pick(brl_robot, waste1)
[STEP 3]: place_paper_bin(brl_robot, waste1, pp_bin)
[STEP 4]: place_paper_bin(brl_robot, waste1, pp_bin)
[STEP 5]: pick(brl_robot, waste2)
[STEP 6]: place_paper_bin(brl_robot, waste2, pp_bin)
[STEP 7]: detect_waste(brl_robot)
[STEP 8]: pick(brl_robot, waste3)
[STEP 9]: place_gw_bin(brl_robot, waste3, gw_bin)
=============Final Knowledge=============
can(waste4)
can_bin(ca_bin)
detected(waste4)
general(waste3)
general_bin(gw_bin)
handempty(brl_robot)
in_bin(waste1,pp_bin)
in_bin(waste2,pp_bin)
in_bin(waste3,gw_bin)
paper(waste1)
paper(waste2)
paper_bin(pp_bin)
plastic_bin(pl_bin)
robot(brl_robot)
waste(waste1)
waste(waste2)
waste(waste3)
waste(waste4)
=============Query=============
Total Query 0
=============Action Schema Summary=============
detect_waste: actions=2, questions=0, expected_questions_per_action=0.0000
pick: actions=3, questions=0, expected_questions_per_action=0.0000
place_gw_bin: actions=1, questions=0, expected_questions_per_action=0.0000
place_paper_bin: actions=3, questions=0, expected_questions_per_action=0.0000
=============Log File=============
/home/changmin/PyProject/00_BRL-CF/experiments_logs/system_log/e1_threshold/wastesorting/scene_05_step50/ours/oracle/tau_0-0/exp_wastesorting_20260804_093919_587739.txt
