Step: 1
[POMCP] applicable values:
        detect_waste(brl_robot): 3.1541658351158532

[POMCP] Selected: detect_waste(brl_robot)
[POMCP] Average simulation time:  0.0142
[POMCP] Average select time:  0.0
[Planner] Selected action: detect_waste(brl_robot)
[Planner] Observation:  ['can(waste1)', 'detected(waste1)', 'detected(waste2)', 'paper(waste2)']
    [Feedback] method=ours, confidence=0.2910, threshold=0.0000, trigger=False
    [Planner] Updated confidence: 0.2910124681500451
    [Belief Diff]
      + add (4): can(waste1), detected(waste1), detected(waste2), paper(waste2)
      - del (0): -
[TIME] step_total=1.5551s (search=1.4200s, execute=0.0065s, update=0.1283s, interaction=0.0001s, pruning=0.0002s, overhead=0.0000s)
==================

Step: 2
[POMCP] applicable values:
        detect_waste(brl_robot): 1.9344523437499999
        pick(brl_robot, waste1): 5.783823290314108
        pick(brl_robot, waste2): 2.7392450492895506

[POMCP] Selected: pick(brl_robot, waste1)
[POMCP] Average simulation time:  0.004
[POMCP] Average select time:  0.0
[Planner] Selected action: pick(brl_robot, waste1)
[Planner] Observation:  ['holding(brl_robot,waste1)']
    [Feedback] method=ours, confidence=0.9608, threshold=0.0000, trigger=False
    [Planner] Updated confidence: 0.9607946385312078
    [Belief Diff]
      + add (1): holding(brl_robot,waste1)
      - del (1): handempty(brl_robot)
[TIME] step_total=0.4042s (search=0.4039s, execute=0.0001s, update=0.0001s, interaction=0.0000s, pruning=0.0001s, overhead=0.0000s)
==================

Step: 3
[POMCP] applicable values:
        place_gw_bin(brl_robot, waste1, gw_bin): 2.701800438313184
        place_paper_bin(brl_robot, waste1, pp_bin): 0.0
        place_can_bin(brl_robot, waste1, ca_bin): 6.783699277493976
        place_plastic_bin(brl_robot, waste1, pl_bin): 0.0

[POMCP] Selected: place_can_bin(brl_robot, waste1, ca_bin)
[POMCP] Average simulation time:  0.0039
[POMCP] Average select time:  0.0
[Planner] Selected action: place_can_bin(brl_robot, waste1, ca_bin)
[Planner] Observation:  ['detected(waste1)', 'holding(brl_robot,waste1)']
    [Feedback] method=ours, confidence=0.8269, threshold=0.0000, trigger=False
    [Planner] Updated confidence: 0.8269123893764309
    [Belief Diff]
      + add (0): -
      - del (0): -
[TIME] step_total=0.3898s (search=0.3892s, execute=0.0001s, update=0.0001s, interaction=0.0000s, pruning=0.0003s, overhead=0.0000s)
==================

Step: 4
[POMCP] applicable values:
        place_gw_bin(brl_robot, waste1, gw_bin): 2.25625
        place_paper_bin(brl_robot, waste1, pp_bin): 5.586125922759467
        place_can_bin(brl_robot, waste1, ca_bin): 0.0
        place_plastic_bin(brl_robot, waste1, pl_bin): 0.0

[POMCP] Selected: place_paper_bin(brl_robot, waste1, pp_bin)
[POMCP] Average simulation time:  0.0022
[POMCP] Average select time:  0.0
[Planner] Selected action: place_paper_bin(brl_robot, waste1, pp_bin)
[Planner] Observation:  ['in_bin(waste1,pp_bin)', 'handempty(brl_robot)']
    [Feedback] method=ours, confidence=0.9992, threshold=0.0000, trigger=False
    [Planner] Updated confidence: 0.9992321349842125
    [Belief Diff]
      + add (2): in_bin(waste1,pp_bin), handempty(brl_robot)
      - del (2): holding(brl_robot,waste1), detected(waste1)
[TIME] step_total=0.2209s (search=0.2206s, execute=0.0001s, update=0.0001s, interaction=0.0000s, pruning=0.0000s, overhead=0.0000s)
==================

Step: 5
[POMCP] applicable values:
        detect_waste(brl_robot): 0.0
        pick(brl_robot, waste2): 6.185570086599921

[POMCP] Selected: pick(brl_robot, waste2)
[POMCP] Average simulation time:  0.0022
[POMCP] Average select time:  0.0
[Planner] Selected action: pick(brl_robot, waste2)
[Planner] Observation:  ['holding(brl_robot,waste2)']
    [Feedback] method=ours, confidence=0.9593, threshold=0.0000, trigger=False
    [Planner] Updated confidence: 0.9593003410384806
    [Belief Diff]
      + add (1): holding(brl_robot,waste2)
      - del (1): handempty(brl_robot)
[TIME] step_total=0.2166s (search=0.2162s, execute=0.0001s, update=0.0001s, interaction=0.0000s, pruning=0.0001s, overhead=0.0000s)
==================

Step: 6
[POMCP] applicable values:
        place_gw_bin(brl_robot, waste2, gw_bin): 0.0
        place_paper_bin(brl_robot, waste2, pp_bin): 7.306305282274516
        place_can_bin(brl_robot, waste2, ca_bin): 4.179703125
        place_plastic_bin(brl_robot, waste2, pl_bin): 0.0

[POMCP] Selected: place_paper_bin(brl_robot, waste2, pp_bin)
[POMCP] Average simulation time:  0.0019
[POMCP] Average select time:  0.0
[Planner] Selected action: place_paper_bin(brl_robot, waste2, pp_bin)
[Planner] Observation:  ['in_bin(waste2,pp_bin)', 'handempty(brl_robot)']
    [Feedback] method=ours, confidence=0.9990, threshold=0.0000, trigger=False
    [Planner] Updated confidence: 0.998983769077733
    [Belief Diff]
      + add (2): in_bin(waste2,pp_bin), handempty(brl_robot)
      - del (2): detected(waste2), holding(brl_robot,waste2)
[TIME] step_total=0.1899s (search=0.1894s, execute=0.0001s, update=0.0001s, interaction=0.0000s, pruning=0.0001s, overhead=0.0000s)
==================

Step: 7
[POMCP] applicable values:
        detect_waste(brl_robot): 2.888888143283734

[POMCP] Selected: detect_waste(brl_robot)
[POMCP] Average simulation time:  0.0019
[POMCP] Average select time:  0.0
[Planner] Selected action: detect_waste(brl_robot)
[Planner] Observation:  ['can(waste3)', 'can(waste4)', 'detected(waste3)', 'detected(waste4)']
    [Feedback] method=ours, confidence=0.2998, threshold=0.0000, trigger=False
    [Planner] Updated confidence: 0.29976427951666207
    [Belief Diff]
      + add (4): can(waste3), can(waste4), detected(waste3), detected(waste4)
      - del (0): -
[TIME] step_total=0.1979s (search=0.1898s, execute=0.0033s, update=0.0040s, interaction=0.0000s, pruning=0.0007s, overhead=0.0000s)
==================

Step: 8
[POMCP] applicable values:
        detect_waste(brl_robot): 3.0248481436941335
        pick(brl_robot, waste3): 0.0
        pick(brl_robot, waste4): 1.5198920454545455

[POMCP] Selected: detect_waste(brl_robot)
[POMCP] Average simulation time:  0.0018
[POMCP] Average select time:  0.0
[Planner] Selected action: detect_waste(brl_robot)
[Planner] Observation:  ['can(waste3)', 'can(waste4)', 'detected(waste3)', 'detected(waste4)']
    [Feedback] method=ours, confidence=0.6887, threshold=0.0000, trigger=False
    [Planner] Updated confidence: 0.6887135764499208
    [Belief Diff]
      + add (0): -
      - del (0): -
[TIME] step_total=0.1812s (search=0.1751s, execute=0.0031s, update=0.0028s, interaction=0.0000s, pruning=0.0002s, overhead=0.0000s)
==================

Step: 9
[POMCP] applicable values:
        detect_waste(brl_robot): 0.0
        pick(brl_robot, waste3): 1.807375
        pick(brl_robot, waste4): 9.664000432404691

[POMCP] Selected: pick(brl_robot, waste4)
[POMCP] Average simulation time:  0.0015
[POMCP] Average select time:  0.0
[Planner] Selected action: pick(brl_robot, waste4)
[Planner] Observation:  ['holding(brl_robot,waste4)']
    [Feedback] method=ours, confidence=0.9426, threshold=0.0000, trigger=False
    [Planner] Updated confidence: 0.9425731832876261
    [Belief Diff]
      + add (1): holding(brl_robot,waste4)
      - del (1): handempty(brl_robot)
[TIME] step_total=0.1543s (search=0.1540s, execute=0.0001s, update=0.0001s, interaction=0.0000s, pruning=0.0000s, overhead=0.0000s)
==================

Step: 10
[POMCP] applicable values:
        place_gw_bin(brl_robot, waste4, gw_bin): 4.286875
        place_paper_bin(brl_robot, waste4, pp_bin): 0.0
        place_can_bin(brl_robot, waste4, ca_bin): 12.188930737383576
        place_plastic_bin(brl_robot, waste4, pl_bin): 0.0

[POMCP] Selected: place_can_bin(brl_robot, waste4, ca_bin)
[POMCP] Average simulation time:  0.0017
[POMCP] Average select time:  0.0
[Planner] Selected action: place_can_bin(brl_robot, waste4, ca_bin)
[Planner] Observation:  ['in_bin(waste4,ca_bin)', 'handempty(brl_robot)']
    [Feedback] method=ours, confidence=0.9955, threshold=0.0000, trigger=False
    [Planner] Updated confidence: 0.9954818698774522
    [Belief Diff]
      + add (2): in_bin(waste4,ca_bin), handempty(brl_robot)
      - del (2): holding(brl_robot,waste4), detected(waste4)
[TIME] step_total=0.1661s (search=0.1656s, execute=0.0002s, update=0.0001s, interaction=0.0001s, pruning=0.0001s, overhead=0.0001s)
==================

Step: 11
[POMCP] applicable values:
        detect_waste(brl_robot): 8.923258751034725
        pick(brl_robot, waste3): 0.0

[POMCP] Selected: detect_waste(brl_robot)
[POMCP] Average simulation time:  0.0018
[POMCP] Average select time:  0.0
[Planner] Selected action: detect_waste(brl_robot)
[Planner] Observation:  ['can(waste3)', 'can(waste4)', 'detected(waste3)', 'detected(waste4)']
    [Feedback] method=ours, confidence=0.3674, threshold=0.0000, trigger=False
    [Planner] Updated confidence: 0.3673983360081322
    [Belief Diff]
      + add (0): -
      - del (0): -
[TIME] step_total=0.1899s (search=0.1849s, execute=0.0037s, update=0.0007s, interaction=0.0000s, pruning=0.0006s, overhead=0.0000s)
==================

Step: 12
[POMCP] applicable values:
        detect_waste(brl_robot): 3.3843749999999995
        pick(brl_robot, waste3): 12.992003048780482

[POMCP] Selected: pick(brl_robot, waste3)
[POMCP] Average simulation time:  0.0017
[POMCP] Average select time:  0.0
[Planner] Selected action: pick(brl_robot, waste3)
[Planner] Observation:  ['holding(brl_robot,waste3)']
    [Feedback] method=ours, confidence=0.9535, threshold=0.0000, trigger=False
    [Planner] Updated confidence: 0.953486467837953
    [Belief Diff]
      + add (1): holding(brl_robot,waste3)
      - del (1): handempty(brl_robot)
[TIME] step_total=0.1700s (search=0.1696s, execute=0.0001s, update=0.0001s, interaction=0.0000s, pruning=0.0001s, overhead=0.0000s)
==================

Step: 13
[POMCP] applicable values:
        place_gw_bin(brl_robot, waste3, gw_bin): 0.0
        place_paper_bin(brl_robot, waste3, pp_bin): 0.0
        place_can_bin(brl_robot, waste3, ca_bin): 14.565234375000001
        place_plastic_bin(brl_robot, waste3, pl_bin): 0.0

[POMCP] Selected: place_can_bin(brl_robot, waste3, ca_bin)
[POMCP] Average simulation time:  0.0018
[POMCP] Average select time:  0.0
[Planner] Selected action: place_can_bin(brl_robot, waste3, ca_bin)
[Planner] Observation:  ['in_bin(waste3,ca_bin)', 'handempty(brl_robot)']
    [Feedback] method=ours, confidence=0.9677, threshold=0.0000, trigger=False
    [Planner] Updated confidence: 0.9677309102043806
    [Belief Diff]
      + add (2): in_bin(waste3,ca_bin), handempty(brl_robot)
      - del (2): detected(waste3), holding(brl_robot,waste3)
[TIME] step_total=0.1786s (search=0.1783s, execute=0.0002s, update=0.0001s, interaction=0.0000s, pruning=0.0000s, overhead=0.0001s)
[TIME SUMMARY]
avg search: 0.3121s
avg execute: 0.0014s
avg update: 0.0105s
avg interaction: 0.0000s
avg pruning: 0.0002s
avg step wall: 0.3242s
total wall clock: 4.2145s
=============Action Log=============
[STEP 1]: detect_waste(brl_robot)
[STEP 2]: pick(brl_robot, waste1)
[STEP 3]: place_can_bin(brl_robot, waste1, ca_bin)
[STEP 4]: place_paper_bin(brl_robot, waste1, pp_bin)
[STEP 5]: pick(brl_robot, waste2)
[STEP 6]: place_paper_bin(brl_robot, waste2, pp_bin)
[STEP 7]: detect_waste(brl_robot)
[STEP 8]: detect_waste(brl_robot)
[STEP 9]: pick(brl_robot, waste4)
[STEP 10]: place_can_bin(brl_robot, waste4, ca_bin)
[STEP 11]: detect_waste(brl_robot)
[STEP 12]: pick(brl_robot, waste3)
[STEP 13]: place_can_bin(brl_robot, waste3, ca_bin)
=============Final Knowledge=============
can(waste1)
can(waste3)
can(waste4)
can_bin(ca_bin)
general_bin(gw_bin)
handempty(brl_robot)
in_bin(waste1,pp_bin)
in_bin(waste2,pp_bin)
in_bin(waste3,ca_bin)
in_bin(waste4,ca_bin)
paper(waste2)
paper_bin(pp_bin)
plastic_bin(pl_bin)
robot(brl_robot)
waste(waste1)
waste(waste2)
waste(waste3)
waste(waste4)
=============Query=============
Total Query 0
=============Action Schema Summary=============
detect_waste: actions=4, questions=0, expected_questions_per_action=0.0000
pick: actions=4, questions=0, expected_questions_per_action=0.0000
place_can_bin: actions=3, questions=0, expected_questions_per_action=0.0000
place_paper_bin: actions=2, questions=0, expected_questions_per_action=0.0000
=============Log File=============
/home/changmin/PyProject/00_BRL-CF/experiments_logs/system_log/e1_threshold/wastesorting/scene_05_step50/ours/oracle/tau_0-0/exp_wastesorting_20260804_093930_116722.txt
