Step: 1
[POMCP] applicable values:
        detect_waste(brl_robot): 3.887030160462701

[POMCP] Selected: detect_waste(brl_robot)
[POMCP] Average simulation time:  0.0137
[POMCP] Average select time:  0.0
[Planner] Selected action: detect_waste(brl_robot)
[Planner] Observation:  ['detected(waste1)', 'detected(waste2)', 'paper(waste1)', 'paper(waste2)']
    [Feedback] method=ours, confidence=0.3610, threshold=0.0000, trigger=False
    [Planner] Updated confidence: 0.36095137161485946
    [Belief Diff]
      + add (4): detected(waste1), detected(waste2), paper(waste1), paper(waste2)
      - del (0): -
[TIME] step_total=1.5054s (search=1.3740s, execute=0.0065s, update=0.1245s, interaction=0.0001s, pruning=0.0003s, overhead=0.0001s)
==================

Step: 2
[POMCP] applicable values:
        detect_waste(brl_robot): 0.0
        pick(brl_robot, waste1): 1.496842348095947
        pick(brl_robot, waste2): 7.759814056335655

[POMCP] Selected: pick(brl_robot, waste2)
[POMCP] Average simulation time:  0.0031
[POMCP] Average select time:  0.0
[Planner] Selected action: pick(brl_robot, waste2)
[Planner] Observation:  ['handempty(brl_robot)']
    [Feedback] method=ours, confidence=0.0697, threshold=0.0000, trigger=False
    [Planner] Updated confidence: 0.06966285862428645
    [Belief Diff]
      + add (0): -
      - del (0): -
[TIME] step_total=0.3061s (search=0.3056s, execute=0.0001s, update=0.0001s, interaction=0.0000s, pruning=0.0002s, overhead=0.0000s)
==================

Step: 3
[POMCP] applicable values:
        detect_waste(brl_robot): 0.0
        pick(brl_robot, waste1): 8.024436951521693
        pick(brl_robot, waste2): 0.0

[POMCP] Selected: pick(brl_robot, waste1)
[POMCP] Average simulation time:  0.0033
[POMCP] Average select time:  0.0
[Planner] Selected action: pick(brl_robot, waste1)
[Planner] Observation:  ['holding(brl_robot,waste1)']
    [Feedback] method=ours, confidence=0.9209, threshold=0.0000, trigger=False
    [Planner] Updated confidence: 0.9208982804731997
    [Belief Diff]
      + add (1): holding(brl_robot,waste1)
      - del (1): handempty(brl_robot)
[TIME] step_total=0.3305s (search=0.3302s, execute=0.0001s, update=0.0001s, interaction=0.0000s, pruning=0.0001s, overhead=0.0000s)
==================

Step: 4
[POMCP] applicable values:
        place_gw_bin(brl_robot, waste1, gw_bin): 0.0
        place_paper_bin(brl_robot, waste1, pp_bin): 10.39377619592737
        place_can_bin(brl_robot, waste1, ca_bin): 3.317102156445312
        place_plastic_bin(brl_robot, waste1, pl_bin): 3.7690089120410155

[POMCP] Selected: place_paper_bin(brl_robot, waste1, pp_bin)
[POMCP] Average simulation time:  0.0022
[POMCP] Average select time:  0.0
[Planner] Selected action: place_paper_bin(brl_robot, waste1, pp_bin)
[Planner] Observation:  ['in_bin(waste1,pp_bin)', 'handempty(brl_robot)']
    [Feedback] method=ours, confidence=0.9957, threshold=0.0000, trigger=False
    [Planner] Updated confidence: 0.9956876029598103
    [Belief Diff]
      + add (2): in_bin(waste1,pp_bin), handempty(brl_robot)
      - del (2): detected(waste1), holding(brl_robot,waste1)
[TIME] step_total=0.2201s (search=0.2198s, execute=0.0001s, update=0.0001s, interaction=0.0000s, pruning=0.0001s, overhead=0.0000s)
==================

Step: 5
[POMCP] applicable values:
        detect_waste(brl_robot): 1.47130009227646
        pick(brl_robot, waste2): 6.363713942336005

[POMCP] Selected: pick(brl_robot, waste2)
[POMCP] Average simulation time:  0.0018
[POMCP] Average select time:  0.0
[Planner] Selected action: pick(brl_robot, waste2)
[Planner] Observation:  ['handempty(brl_robot)']
    [Feedback] method=ours, confidence=0.0991, threshold=0.0000, trigger=False
    [Planner] Updated confidence: 0.09914981370966847
    [Belief Diff]
      + add (0): -
      - del (0): -
[TIME] step_total=0.1847s (search=0.1840s, execute=0.0001s, update=0.0001s, interaction=0.0000s, pruning=0.0004s, overhead=0.0000s)
==================

Step: 6
[POMCP] applicable values:
        detect_waste(brl_robot): 2.458247674736096
        pick(brl_robot, waste2): 5.558901603683029

[POMCP] Selected: pick(brl_robot, waste2)
[POMCP] Average simulation time:  0.0025
[POMCP] Average select time:  0.0
[Planner] Selected action: pick(brl_robot, waste2)
[Planner] Observation:  ['holding(brl_robot,waste2)']
    [Feedback] method=ours, confidence=0.9562, threshold=0.0000, trigger=False
    [Planner] Updated confidence: 0.9562418387558392
    [Belief Diff]
      + add (1): holding(brl_robot,waste2)
      - del (1): handempty(brl_robot)
[TIME] step_total=0.2506s (search=0.2501s, execute=0.0001s, update=0.0001s, interaction=0.0000s, pruning=0.0001s, overhead=0.0000s)
==================

Step: 7
[POMCP] applicable values:
        place_gw_bin(brl_robot, waste2, gw_bin): 3.6754594531249998
        place_paper_bin(brl_robot, waste2, pp_bin): 6.9144108261240556
        place_can_bin(brl_robot, waste2, ca_bin): 0.0
        place_plastic_bin(brl_robot, waste2, pl_bin): 0.0

[POMCP] Selected: place_paper_bin(brl_robot, waste2, pp_bin)
[POMCP] Average simulation time:  0.0019
[POMCP] Average select time:  0.0
[Planner] Selected action: place_paper_bin(brl_robot, waste2, pp_bin)
[Planner] Observation:  ['in_bin(waste2,pp_bin)', 'handempty(brl_robot)']
    [Feedback] method=ours, confidence=0.9840, threshold=0.0000, trigger=False
    [Planner] Updated confidence: 0.9839647347465702
    [Belief Diff]
      + add (2): in_bin(waste2,pp_bin), handempty(brl_robot)
      - del (2): holding(brl_robot,waste2), detected(waste2)
[TIME] step_total=0.1855s (search=0.1852s, execute=0.0001s, update=0.0001s, interaction=0.0000s, pruning=0.0001s, overhead=0.0000s)
==================

Step: 8
[POMCP] applicable values:
        detect_waste(brl_robot): 2.410615121701178

[POMCP] Selected: detect_waste(brl_robot)
[POMCP] Average simulation time:  0.0018
[POMCP] Average select time:  0.0
[Planner] Selected action: detect_waste(brl_robot)
[Planner] Observation:  ['can(waste3)', 'can(waste4)', 'detected(waste3)', 'detected(waste4)']
    [Feedback] method=ours, confidence=0.4655, threshold=0.0000, trigger=False
    [Planner] Updated confidence: 0.46549359329772955
    [Belief Diff]
      + add (4): can(waste3), can(waste4), detected(waste3), detected(waste4)
      - del (0): -
[TIME] step_total=0.1847s (search=0.1771s, execute=0.0033s, update=0.0039s, interaction=0.0000s, pruning=0.0004s, overhead=0.0000s)
==================

Step: 9
[POMCP] applicable values:
        detect_waste(brl_robot): 1.6235793358444939
        pick(brl_robot, waste3): 0.0
        pick(brl_robot, waste4): 5.618171643234395

[POMCP] Selected: pick(brl_robot, waste4)
[POMCP] Average simulation time:  0.0016
[POMCP] Average select time:  0.0
[Planner] Selected action: pick(brl_robot, waste4)
[Planner] Observation:  ['holding(brl_robot,waste4)']
    [Feedback] method=ours, confidence=0.9435, threshold=0.0000, trigger=False
    [Planner] Updated confidence: 0.9434645921508266
    [Belief Diff]
      + add (1): holding(brl_robot,waste4)
      - del (1): handempty(brl_robot)
[TIME] step_total=0.1574s (search=0.1571s, execute=0.0001s, update=0.0001s, interaction=0.0000s, pruning=0.0001s, overhead=0.0000s)
==================

Step: 10
[POMCP] applicable values:
        place_gw_bin(brl_robot, waste4, gw_bin): 0.0
        place_paper_bin(brl_robot, waste4, pp_bin): 0.0
        place_can_bin(brl_robot, waste4, ca_bin): 9.229587699073928
        place_plastic_bin(brl_robot, waste4, pl_bin): 0.0

[POMCP] Selected: place_can_bin(brl_robot, waste4, ca_bin)
[POMCP] Average simulation time:  0.0016
[POMCP] Average select time:  0.0
[Planner] Selected action: place_can_bin(brl_robot, waste4, ca_bin)
[Planner] Observation:  ['in_bin(waste4,ca_bin)', 'handempty(brl_robot)']
    [Feedback] method=ours, confidence=0.9959, threshold=0.0000, trigger=False
    [Planner] Updated confidence: 0.9959193006840276
    [Belief Diff]
      + add (2): in_bin(waste4,ca_bin), handempty(brl_robot)
      - del (2): holding(brl_robot,waste4), detected(waste4)
[TIME] step_total=0.1615s (search=0.1612s, execute=0.0001s, update=0.0001s, interaction=0.0000s, pruning=0.0001s, overhead=0.0000s)
==================

Step: 11
[POMCP] applicable values:
        detect_waste(brl_robot): 5.572171784978121
        pick(brl_robot, waste3): 0.0

[POMCP] Selected: detect_waste(brl_robot)
[POMCP] Average simulation time:  0.0017
[POMCP] Average select time:  0.0
[Planner] Selected action: detect_waste(brl_robot)
[Planner] Observation:  ['can(waste3)', 'detected(waste3)']
    [Feedback] method=ours, confidence=0.5337, threshold=0.0000, trigger=False
    [Planner] Updated confidence: 0.5337249353851988
    [Belief Diff]
      + add (0): -
      - del (0): -
[TIME] step_total=0.1721s (search=0.1670s, execute=0.0037s, update=0.0007s, interaction=0.0000s, pruning=0.0006s, overhead=0.0001s)
==================

Step: 12
[POMCP] applicable values:
        detect_waste(brl_robot): 6.415816514895748
        pick(brl_robot, waste3): 0.0

[POMCP] Selected: detect_waste(brl_robot)
[POMCP] Average simulation time:  0.0017
[POMCP] Average select time:  0.0
[Planner] Selected action: detect_waste(brl_robot)
[Planner] Observation:  ['detected(waste3)', 'paper(waste3)']
    [Feedback] method=ours, confidence=0.0322, threshold=0.0000, trigger=False
    [Planner] Updated confidence: 0.03223037250435401
    [Belief Diff]
      + add (0): -
      - del (0): -
[TIME] step_total=0.1770s (search=0.1725s, execute=0.0035s, update=0.0006s, interaction=0.0000s, pruning=0.0003s, overhead=0.0001s)
==================

Step: 13
[POMCP] applicable values:
        detect_waste(brl_robot): 6.557498264556923
        pick(brl_robot, waste3): 0.0

[POMCP] Selected: detect_waste(brl_robot)
[POMCP] Average simulation time:  0.0016
[POMCP] Average select time:  0.0
[Planner] Selected action: detect_waste(brl_robot)
[Planner] Observation:  ['can(waste3)', 'detected(waste3)']
    [Feedback] method=ours, confidence=0.8283, threshold=0.0000, trigger=False
    [Planner] Updated confidence: 0.8283221489178373
    [Belief Diff]
      + add (0): -
      - del (0): -
[TIME] step_total=0.1656s (search=0.1613s, execute=0.0034s, update=0.0006s, interaction=0.0000s, pruning=0.0002s, overhead=0.0000s)
==================

Step: 14
[POMCP] applicable values:
        detect_waste(brl_robot): 3.6476041666666665
        pick(brl_robot, waste3): 12.618791588879873

[POMCP] Selected: pick(brl_robot, waste3)
[POMCP] Average simulation time:  0.0017
[POMCP] Average select time:  0.0
[Planner] Selected action: pick(brl_robot, waste3)
[Planner] Observation:  ['holding(brl_robot,waste3)']
    [Feedback] method=ours, confidence=0.8861, threshold=0.0000, trigger=False
    [Planner] Updated confidence: 0.886099834737119
    [Belief Diff]
      + add (1): holding(brl_robot,waste3)
      - del (1): handempty(brl_robot)
[TIME] step_total=0.1666s (search=0.1663s, execute=0.0001s, update=0.0001s, interaction=0.0000s, pruning=0.0001s, overhead=0.0000s)
==================

Step: 15
[POMCP] applicable values:
        place_gw_bin(brl_robot, waste3, gw_bin): 0.0
        place_paper_bin(brl_robot, waste3, pp_bin): 0.0
        place_can_bin(brl_robot, waste3, ca_bin): 14.613733905579402
        place_plastic_bin(brl_robot, waste3, pl_bin): 0.0

[POMCP] Selected: place_can_bin(brl_robot, waste3, ca_bin)
[POMCP] Average simulation time:  0.0018
[POMCP] Average select time:  0.0
[Planner] Selected action: place_can_bin(brl_robot, waste3, ca_bin)
[Planner] Observation:  ['in_bin(waste3,ca_bin)', 'handempty(brl_robot)']
    [Feedback] method=ours, confidence=0.9945, threshold=0.0000, trigger=False
    [Planner] Updated confidence: 0.9944730219844443
    [Belief Diff]
      + add (2): in_bin(waste3,ca_bin), handempty(brl_robot)
      - del (2): holding(brl_robot,waste3), detected(waste3)
[TIME] step_total=0.1810s (search=0.1807s, execute=0.0001s, update=0.0001s, interaction=0.0000s, pruning=0.0000s, overhead=0.0000s)
[TIME SUMMARY]
avg search: 0.2795s
avg execute: 0.0014s
avg update: 0.0087s
avg interaction: 0.0000s
avg pruning: 0.0002s
avg step wall: 0.2899s
total wall clock: 4.3489s
=============Action Log=============
[STEP 1]: detect_waste(brl_robot)
[STEP 2]: pick(brl_robot, waste2)
[STEP 3]: pick(brl_robot, waste1)
[STEP 4]: place_paper_bin(brl_robot, waste1, pp_bin)
[STEP 5]: pick(brl_robot, waste2)
[STEP 6]: pick(brl_robot, waste2)
[STEP 7]: place_paper_bin(brl_robot, waste2, pp_bin)
[STEP 8]: detect_waste(brl_robot)
[STEP 9]: pick(brl_robot, waste4)
[STEP 10]: place_can_bin(brl_robot, waste4, ca_bin)
[STEP 11]: detect_waste(brl_robot)
[STEP 12]: detect_waste(brl_robot)
[STEP 13]: detect_waste(brl_robot)
[STEP 14]: pick(brl_robot, waste3)
[STEP 15]: place_can_bin(brl_robot, waste3, ca_bin)
=============Final Knowledge=============
can(waste3)
can(waste4)
can_bin(ca_bin)
general_bin(gw_bin)
handempty(brl_robot)
in_bin(waste1,pp_bin)
in_bin(waste2,pp_bin)
in_bin(waste3,ca_bin)
in_bin(waste4,ca_bin)
paper(waste1)
paper(waste2)
paper_bin(pp_bin)
plastic_bin(pl_bin)
robot(brl_robot)
waste(waste1)
waste(waste2)
waste(waste3)
waste(waste4)
=============Query=============
Total Query 0
=============Action Schema Summary=============
detect_waste: actions=5, questions=0, expected_questions_per_action=0.0000
pick: actions=6, questions=0, expected_questions_per_action=0.0000
place_can_bin: actions=2, questions=0, expected_questions_per_action=0.0000
place_paper_bin: actions=2, questions=0, expected_questions_per_action=0.0000
=============Log File=============
/home/changmin/PyProject/00_BRL-CF/experiments_logs/system_log/e1_threshold/wastesorting/scene_05_step50/ours/oracle/tau_0-0/exp_wastesorting_20260804_093822_178803.txt
