Step: 1
[POMCP] applicable values:
        detect_waste(brl_robot): 3.678862287827077

[POMCP] Selected: detect_waste(brl_robot)
[POMCP] Average simulation time:  0.0143
[POMCP] Average select time:  0.0
[Planner] Selected action: detect_waste(brl_robot)
[Planner] Observation:  ['detected(waste1)', 'detected(waste2)', 'paper(waste2)', 'plastic(waste1)']
    [Feedback] method=ours-random-what, confidence=0.2712, threshold=0.8000, trigger=True
    [Planner] Current confidence: 0.27124023288283283
    [Query] Q: detected(waste4) is True?
    [Query] T: detected(waste4)=True?
    [Query] A: False
    [Planner] Reduced 625 --> 125
    [Planner] Current confidence: 0.23424386343227555
    [Query] Q: paper(waste2) is True?
    [Query] T: paper(waste2)=True?
    [Query] A: True
    [Planner] Reduced 125 --> 25
    [Planner] Current confidence: 0.1973487864909187
    [Query] Q: detected(waste1) is True?
    [Query] T: detected(waste1)=True?
    [Query] A: True
    [Planner] Reduced 25 --> 20
    [Planner] Current confidence: 0.2130867482456028
    [Query] Q: paper(waste3) is True?
    [Query] T: paper(waste3)=True?
    [Query] A: False
    [Planner] Reduced 20 --> 16
    [Planner] Current confidence: 0.22232055186913002
    [Query] Q: can(waste3) is True?
    [Query] T: can(waste3)=True?
    [Query] A: False
    [Planner] Reduced 16 --> 12
    [Planner] Current confidence: 0.22424100519918932
    [Query] Q: detected(waste3) is True?
    [Query] T: detected(waste3)=True?
    [Query] A: False
    [Planner] Reduced 12 --> 4
    [Planner] Current confidence: 0.020074595544583573
    [Query] Q: paper(waste1) is True?
    [Query] T: paper(waste1)=True?
    [Query] A: True
    [Planner] Reduced 4 --> 1
    [Planner] Updated confidence: 1.0
    [Belief Diff]
      + add (4): detected(waste1), detected(waste2), paper(waste1), paper(waste2)
      - del (0): -
[TIME] step_total=1.5948s (search=1.4318s, execute=0.0117s, update=0.1328s, interaction=0.0180s, pruning=0.0004s, overhead=0.0001s)
==================

Step: 2
[POMCP] applicable values:
        detect_waste(brl_robot): 3.5295994563120447
        pick(brl_robot, waste1): 0.0
        pick(brl_robot, waste2): 0.0

[POMCP] Selected: detect_waste(brl_robot)
[POMCP] Average simulation time:  0.0152
[POMCP] Average select time:  0.0
[Planner] Selected action: detect_waste(brl_robot)
[Planner] Observation:  ['detected(waste1)', 'detected(waste2)', 'paper(waste1)', 'paper(waste2)']
    [Feedback] method=ours-random-what, confidence=0.3723, threshold=0.8000, trigger=True
    [Planner] Current confidence: 0.37226271051807813
    [Query] Q: paper(waste3) is True?
    [Query] T: paper(waste3)=True?
    [Query] A: False
    [Planner] Reduced 400 --> 320
    [Planner] Current confidence: 0.3827355159147541
    [Query] Q: plastic(waste4) is True?
    [Query] T: plastic(waste4)=True?
    [Query] A: False
    [Planner] Reduced 320 --> 256
    [Planner] Current confidence: 0.39407743363895786
    [Query] Q: general(waste1) is True?
    [Query] T: general(waste1)=True?
    [Query] A: False
    [Planner] Reduced 256 --> 192
    [Planner] Current confidence: 0.4053173221919786
    [Query] Q: paper(waste4) is True?
    [Query] T: paper(waste4)=True?
    [Query] A: False
    [Planner] Reduced 192 --> 144
    [Planner] Current confidence: 0.4167859563311265
    [Query] Q: general(waste4) is True?
    [Query] T: general(waste4)=True?
    [Query] A: False
    [Planner] Reduced 144 --> 96
    [Planner] Current confidence: 0.42244193330572033
    [Query] Q: can(waste4) is True?
    [Query] T: can(waste4)=True?
    [Query] A: False
    [Planner] Reduced 96 --> 48
    [Planner] Current confidence: 0.3980966727513612
    [Query] Q: can(waste3) is True?
    [Query] T: can(waste3)=True?
    [Query] A: False
    [Planner] Reduced 48 --> 36
    [Planner] Current confidence: 0.413517360560807
    [Query] Q: can(waste1) is True?
    [Query] T: can(waste1)=True?
    [Query] A: False
    [Planner] Reduced 36 --> 24
    [Planner] Current confidence: 0.42388077365470034
    [Query] Q: plastic(waste1) is True?
    [Query] T: plastic(waste1)=True?
    [Query] A: False
    [Planner] Reduced 24 --> 12
    [Planner] Current confidence: 0.391361487824583
    [Query] Q: plastic(waste3) is True?
    [Query] T: plastic(waste3)=True?
    [Query] A: False
    [Planner] Reduced 12 --> 8
    [Planner] Current confidence: 0.39902201604121446
    [Query] Q: can(waste2) is True?
    [Query] T: can(waste2)=True?
    [Query] A: False
    [Planner] Reduced 8 --> 6
    [Planner] Current confidence: 0.44606455382658317
    [Query] Q: general(waste2) is True?
    [Query] T: general(waste2)=True?
    [Query] A: False
    [Planner] Reduced 6 --> 4
    [Planner] Current confidence: 0.5060708303734239
    [Query] Q: detected(waste3) is True?
    [Query] T: detected(waste3)=True?
    [Query] A: False
    [Planner] Reduced 4 --> 2
    [Planner] Current confidence: 0.4543743284088012
    [Query] Q: plastic(waste2) is True?
    [Query] T: plastic(waste2)=True?
    [Query] A: False
    [Planner] Reduced 2 --> 1
    [Planner] Updated confidence: 1.0
    [Belief Diff]
      + add (0): -
      - del (0): -
[TIME] step_total=1.6531s (search=1.5249s, execute=0.0079s, update=0.0901s, interaction=0.0294s, pruning=0.0007s, overhead=0.0001s)
==================

Step: 3
[POMCP] applicable values:
        detect_waste(brl_robot): 3.6762898686757888
        pick(brl_robot, waste1): 8.202304683607405
        pick(brl_robot, waste2): 2.375

[POMCP] Selected: pick(brl_robot, waste1)
[POMCP] Average simulation time:  0.0039
[POMCP] Average select time:  0.0
[Planner] Selected action: pick(brl_robot, waste1)
[Planner] Observation:  ['holding(brl_robot,waste1)']
    [Feedback] method=ours-random-what, confidence=0.9750, threshold=0.8000, trigger=False
    [Planner] Updated confidence: 0.9749756687210379
    [Belief Diff]
      + add (1): holding(brl_robot,waste1)
      - del (1): handempty(brl_robot)
[TIME] step_total=0.3927s (search=0.3923s, execute=0.0001s, update=0.0001s, interaction=0.0000s, pruning=0.0001s, overhead=0.0000s)
==================

Step: 4
[POMCP] applicable values:
        place_gw_bin(brl_robot, waste1, gw_bin): 4.07253125
        place_paper_bin(brl_robot, waste1, pp_bin): 10.117857378883725
        place_can_bin(brl_robot, waste1, ca_bin): 3.151247048623046
        place_plastic_bin(brl_robot, waste1, pl_bin): 2.7588677498520684

[POMCP] Selected: place_paper_bin(brl_robot, waste1, pp_bin)
[POMCP] Average simulation time:  0.0022
[POMCP] Average select time:  0.0
[Planner] Selected action: place_paper_bin(brl_robot, waste1, pp_bin)
[Planner] Observation:  ['holding(brl_robot,waste1)', 'detected(waste1)']
    [Feedback] method=ours-random-what, confidence=0.5209, threshold=0.8000, trigger=True
    [Planner] Current confidence: 0.5209001146095137
    [Query] Q: detected(waste1) is True?
    [Query] T: detected(waste1)=True?
    [Query] A: False
    [Planner] Reduced 2 --> 1
    [Planner] Updated confidence: 1.0
    [Belief Diff]
      + add (2): in_bin(waste1,pp_bin), handempty(brl_robot)
      - del (2): detected(waste1), holding(brl_robot,waste1)
[TIME] step_total=0.2180s (search=0.2175s, execute=0.0001s, update=0.0001s, interaction=0.0001s, pruning=0.0001s, overhead=0.0000s)
==================

Step: 5
[POMCP] applicable values:
        detect_waste(brl_robot): 0.0
        pick(brl_robot, waste2): 6.356959850694242

[POMCP] Selected: pick(brl_robot, waste2)
[POMCP] Average simulation time:  0.0018
[POMCP] Average select time:  0.0
[Planner] Selected action: pick(brl_robot, waste2)
[Planner] Observation:  ['holding(brl_robot,waste2)']
    [Feedback] method=ours-random-what, confidence=0.9377, threshold=0.8000, trigger=False
    [Planner] Updated confidence: 0.9376989204108368
    [Belief Diff]
      + add (1): holding(brl_robot,waste2)
      - del (1): handempty(brl_robot)
[TIME] step_total=0.1824s (search=0.1819s, execute=0.0001s, update=0.0001s, interaction=0.0000s, pruning=0.0002s, overhead=0.0000s)
==================

Step: 6
[POMCP] applicable values:
        place_gw_bin(brl_robot, waste2, gw_bin): 2.5667104163975245
        place_paper_bin(brl_robot, waste2, pp_bin): 7.2306359105148665
        place_can_bin(brl_robot, waste2, ca_bin): 4.286875
        place_plastic_bin(brl_robot, waste2, pl_bin): 3.151247048623046

[POMCP] Selected: place_paper_bin(brl_robot, waste2, pp_bin)
[POMCP] Average simulation time:  0.0019
[POMCP] Average select time:  0.0001
[Planner] Selected action: place_paper_bin(brl_robot, waste2, pp_bin)
[Planner] Observation:  ['in_bin(waste2,pp_bin)', 'handempty(brl_robot)']
    [Feedback] method=ours-random-what, confidence=0.9870, threshold=0.8000, trigger=False
    [Planner] Updated confidence: 0.9870316823186821
    [Belief Diff]
      + add (2): in_bin(waste2,pp_bin), handempty(brl_robot)
      - del (2): detected(waste2), holding(brl_robot,waste2)
[TIME] step_total=0.1931s (search=0.1926s, execute=0.0002s, update=0.0001s, interaction=0.0000s, pruning=0.0002s, overhead=0.0000s)
==================

Step: 7
[POMCP] applicable values:
        detect_waste(brl_robot): 2.7952957300089025

[POMCP] Selected: detect_waste(brl_robot)
[POMCP] Average simulation time:  0.0019
[POMCP] Average select time:  0.0
[Planner] Selected action: detect_waste(brl_robot)
[Planner] Observation:  ['can(waste3)', 'can(waste4)', 'detected(waste3)', 'detected(waste4)']
    [Feedback] method=ours-random-what, confidence=0.2707, threshold=0.8000, trigger=True
    [Planner] Current confidence: 0.2706620126624584
    [Query] Q: can(waste3) is True?
    [Query] T: can(waste3)=True?
    [Query] A: True
    [Planner] Reduced 25 --> 5
    [Planner] Current confidence: 0.1687510297227316
    [Query] Q: paper(waste4) is True?
    [Query] T: paper(waste4)=True?
    [Query] A: False
    [Planner] Reduced 5 --> 4
    [Planner] Current confidence: 0.2016538454994139
    [Query] Q: detected(waste4) is True?
    [Query] T: detected(waste4)=True?
    [Query] A: True
    [Planner] Reduced 4 --> 3
    [Planner] Current confidence: 0.24863468402780364
    [Query] Q: can(waste4) is True?
    [Query] T: can(waste4)=True?
    [Query] A: True
    [Planner] Reduced 3 --> 1
    [Planner] Updated confidence: 1.0
    [Belief Diff]
      + add (4): can(waste3), can(waste4), detected(waste3), detected(waste4)
      - del (0): -
[TIME] step_total=0.1975s (search=0.1876s, execute=0.0035s, update=0.0040s, interaction=0.0010s, pruning=0.0014s, overhead=0.0001s)
==================

Step: 8
[POMCP] applicable values:
        detect_waste(brl_robot): 2.634319055021696
        pick(brl_robot, waste3): 0.0
        pick(brl_robot, waste4): 0.0

[POMCP] Selected: detect_waste(brl_robot)
[POMCP] Average simulation time:  0.0019
[POMCP] Average select time:  0.0
[Planner] Selected action: detect_waste(brl_robot)
[Planner] Observation:  ['can(waste3)', 'can(waste4)', 'detected(waste3)', 'detected(waste4)']
    [Feedback] method=ours-random-what, confidence=0.4711, threshold=0.8000, trigger=True
    [Planner] Current confidence: 0.47107810550735363
    [Query] Q: paper(waste3) is True?
    [Query] T: paper(waste3)=True?
    [Query] A: False
    [Planner] Reduced 16 --> 12
    [Planner] Current confidence: 0.4763872110852082
    [Query] Q: general(waste4) is True?
    [Query] T: general(waste4)=True?
    [Query] A: False
    [Planner] Reduced 12 --> 9
    [Planner] Current confidence: 0.5235354500910416
    [Query] Q: general(waste3) is True?
    [Query] T: general(waste3)=True?
    [Query] A: False
    [Planner] Reduced 9 --> 6
    [Planner] Current confidence: 0.5157575289879754
    [Query] Q: paper(waste4) is True?
    [Query] T: paper(waste4)=True?
    [Query] A: False
    [Planner] Reduced 6 --> 4
    [Planner] Current confidence: 0.5925513632668357
    [Query] Q: plastic(waste3) is True?
    [Query] T: plastic(waste3)=True?
    [Query] A: False
    [Planner] Reduced 4 --> 2
    [Planner] Current confidence: 0.4666841331428251
    [Query] Q: can(waste4) is True?
    [Query] T: can(waste4)=True?
    [Query] A: True
    [Planner] Reduced 2 --> 1
    [Planner] Updated confidence: 1.0
    [Belief Diff]
      + add (0): -
      - del (0): -
[TIME] step_total=0.1984s (search=0.1903s, execute=0.0036s, update=0.0028s, interaction=0.0013s, pruning=0.0004s, overhead=0.0001s)
==================

Step: 9
[POMCP] applicable values:
        detect_waste(brl_robot): 2.1434375
        pick(brl_robot, waste3): 0.0
        pick(brl_robot, waste4): 7.252714130689707

[POMCP] Selected: pick(brl_robot, waste4)
[POMCP] Average simulation time:  0.0016
[POMCP] Average select time:  0.0
[Planner] Selected action: pick(brl_robot, waste4)
[Planner] Observation:  ['holding(brl_robot,waste4)']
    [Feedback] method=ours-random-what, confidence=0.9804, threshold=0.8000, trigger=False
    [Planner] Updated confidence: 0.9803674315903025
    [Belief Diff]
      + add (1): holding(brl_robot,waste4)
      - del (1): handempty(brl_robot)
[TIME] step_total=0.1632s (search=0.1628s, execute=0.0002s, update=0.0001s, interaction=0.0000s, pruning=0.0001s, overhead=0.0001s)
==================

Step: 10
[POMCP] applicable values:
        place_gw_bin(brl_robot, waste4, gw_bin): 4.286875
        place_paper_bin(brl_robot, waste4, pp_bin): 4.298354166666666
        place_can_bin(brl_robot, waste4, ca_bin): 8.608227342427455
        place_plastic_bin(brl_robot, waste4, pl_bin): 0.0

[POMCP] Selected: place_can_bin(brl_robot, waste4, ca_bin)
[POMCP] Average simulation time:  0.0016
[POMCP] Average select time:  0.0
[Planner] Selected action: place_can_bin(brl_robot, waste4, ca_bin)
[Planner] Observation:  []
    [Feedback] method=ours-random-what, confidence=0.5310, threshold=0.8000, trigger=True
    [Planner] Current confidence: 0.531033259510088
    [Query] Q: in_bin(waste4,ca_bin) is True?
    [Query] T: in_bin(waste4,ca_bin)=True?
    [Query] A: True
    [Planner] Reduced 2 --> 1
    [Planner] Updated confidence: 1.0
    [Belief Diff]
      + add (2): in_bin(waste4,ca_bin), handempty(brl_robot)
      - del (2): detected(waste4), holding(brl_robot,waste4)
[TIME] step_total=0.1655s (search=0.1649s, execute=0.0002s, update=0.0001s, interaction=0.0001s, pruning=0.0001s, overhead=0.0001s)
==================

Step: 11
[POMCP] applicable values:
        detect_waste(brl_robot): 4.218015669238181
        pick(brl_robot, waste3): 0.0

[POMCP] Selected: detect_waste(brl_robot)
[POMCP] Average simulation time:  0.0017
[POMCP] Average select time:  0.0
[Planner] Selected action: detect_waste(brl_robot)
[Planner] Observation:  ['can(waste3)', 'detected(waste3)']
    [Feedback] method=ours-random-what, confidence=0.5582, threshold=0.8000, trigger=True
    [Planner] Current confidence: 0.5581553669396018
    [Query] Q: can(waste3) is True?
    [Query] T: can(waste3)=True?
    [Query] A: True
    [Planner] Reduced 4 --> 1
    [Planner] Updated confidence: 1.0
    [Belief Diff]
      + add (0): -
      - del (0): -
[TIME] step_total=0.1774s (search=0.1716s, execute=0.0040s, update=0.0007s, interaction=0.0002s, pruning=0.0009s, overhead=0.0001s)
==================

Step: 12
[POMCP] applicable values:
        detect_waste(brl_robot): 4.689788096007629
        pick(brl_robot, waste3): 0.0

[POMCP] Selected: detect_waste(brl_robot)
[POMCP] Average simulation time:  0.0018
[POMCP] Average select time:  0.0
[Planner] Selected action: detect_waste(brl_robot)
[Planner] Observation:  ['can(waste3)', 'detected(waste3)']
    [Feedback] method=ours-random-what, confidence=0.4639, threshold=0.8000, trigger=True
    [Planner] Current confidence: 0.46385989746680345
    [Query] Q: paper(waste3) is True?
    [Query] T: paper(waste3)=True?
    [Query] A: False
    [Planner] Reduced 4 --> 3
    [Planner] Current confidence: 0.5204005022235859
    [Query] Q: plastic(waste3) is True?
    [Query] T: plastic(waste3)=True?
    [Query] A: False
    [Planner] Reduced 3 --> 2
    [Planner] Current confidence: 0.5938471614862775
    [Query] Q: general(waste3) is True?
    [Query] T: general(waste3)=True?
    [Query] A: False
    [Planner] Reduced 2 --> 1
    [Planner] Updated confidence: 1.0
    [Belief Diff]
      + add (0): -
      - del (0): -
[TIME] step_total=0.1845s (search=0.1792s, execute=0.0039s, update=0.0007s, interaction=0.0004s, pruning=0.0004s, overhead=0.0001s)
==================

Step: 13
[POMCP] applicable values:
        detect_waste(brl_robot): 7.493131282301103
        pick(brl_robot, waste3): 0.0

[POMCP] Selected: detect_waste(brl_robot)
[POMCP] Average simulation time:  0.0017
[POMCP] Average select time:  0.0
[Planner] Selected action: detect_waste(brl_robot)
[Planner] Observation:  ['can(waste3)', 'detected(waste3)']
    [Feedback] method=ours-random-what, confidence=0.3933, threshold=0.8000, trigger=True
    [Planner] Current confidence: 0.3933179291730866
    [Query] Q: can(waste3) is True?
    [Query] T: can(waste3)=True?
    [Query] A: True
    [Planner] Reduced 4 --> 1
    [Planner] Updated confidence: 1.0
    [Belief Diff]
      + add (0): -
      - del (0): -
[TIME] step_total=0.1783s (search=0.1727s, execute=0.0041s, update=0.0007s, interaction=0.0002s, pruning=0.0006s, overhead=0.0001s)
==================

Step: 14
[POMCP] applicable values:
        detect_waste(brl_robot): 0.0
        pick(brl_robot, waste3): 12.160840923455053

[POMCP] Selected: pick(brl_robot, waste3)
[POMCP] Average simulation time:  0.0018
[POMCP] Average select time:  0.0
[Planner] Selected action: pick(brl_robot, waste3)
[Planner] Observation:  ['holding(brl_robot,waste3)']
    [Feedback] method=ours-random-what, confidence=0.9631, threshold=0.8000, trigger=False
    [Planner] Updated confidence: 0.9631457416025399
    [Belief Diff]
      + add (1): holding(brl_robot,waste3)
      - del (1): handempty(brl_robot)
[TIME] step_total=0.1841s (search=0.1836s, execute=0.0002s, update=0.0001s, interaction=0.0000s, pruning=0.0002s, overhead=0.0001s)
==================

Step: 15
[POMCP] applicable values:
        place_gw_bin(brl_robot, waste3, gw_bin): 0.0
        place_paper_bin(brl_robot, waste3, pp_bin): 0.0
        place_can_bin(brl_robot, waste3, ca_bin): 14.648809523809515
        place_plastic_bin(brl_robot, waste3, pl_bin): 0.0

[POMCP] Selected: place_can_bin(brl_robot, waste3, ca_bin)
[POMCP] Average simulation time:  0.0019
[POMCP] Average select time:  0.0
[Planner] Selected action: place_can_bin(brl_robot, waste3, ca_bin)
[Planner] Observation:  ['in_bin(waste3,ca_bin)', 'handempty(brl_robot)']
    [Feedback] method=ours-random-what, confidence=0.9964, threshold=0.8000, trigger=False
    [Planner] Updated confidence: 0.9964075803485839
    [Belief Diff]
      + add (2): in_bin(waste3,ca_bin), handempty(brl_robot)
      - del (2): holding(brl_robot,waste3), detected(waste3)
[TIME] step_total=0.1858s (search=0.1855s, execute=0.0002s, update=0.0001s, interaction=0.0000s, pruning=0.0000s, overhead=0.0001s)
[TIME SUMMARY]
avg search: 0.3693s
avg execute: 0.0027s
avg update: 0.0155s
avg interaction: 0.0034s
avg pruning: 0.0004s
avg step wall: 0.3913s
total wall clock: 5.8690s
=============Action Log=============
[STEP 1]: detect_waste(brl_robot)
[STEP 2]: detect_waste(brl_robot)
[STEP 3]: pick(brl_robot, waste1)
[STEP 4]: place_paper_bin(brl_robot, waste1, pp_bin)
[STEP 5]: pick(brl_robot, waste2)
[STEP 6]: place_paper_bin(brl_robot, waste2, pp_bin)
[STEP 7]: detect_waste(brl_robot)
[STEP 8]: detect_waste(brl_robot)
[STEP 9]: pick(brl_robot, waste4)
[STEP 10]: place_can_bin(brl_robot, waste4, ca_bin)
[STEP 11]: detect_waste(brl_robot)
[STEP 12]: detect_waste(brl_robot)
[STEP 13]: detect_waste(brl_robot)
[STEP 14]: pick(brl_robot, waste3)
[STEP 15]: place_can_bin(brl_robot, waste3, ca_bin)
=============Final Knowledge=============
can(waste3)
can(waste4)
can_bin(ca_bin)
general_bin(gw_bin)
handempty(brl_robot)
in_bin(waste1,pp_bin)
in_bin(waste2,pp_bin)
in_bin(waste3,ca_bin)
in_bin(waste4,ca_bin)
paper(waste1)
paper(waste2)
paper_bin(pp_bin)
plastic_bin(pl_bin)
robot(brl_robot)
waste(waste1)
waste(waste2)
waste(waste3)
waste(waste4)
=============Query=============
Total Query 38
=============Action Schema Summary=============
detect_waste: actions=7, questions=36, expected_questions_per_action=5.1429
pick: actions=4, questions=0, expected_questions_per_action=0.0000
place_can_bin: actions=2, questions=1, expected_questions_per_action=0.5000
place_paper_bin: actions=2, questions=1, expected_questions_per_action=0.5000
=============Log File=============
/home/changmin/PyProject/00_BRL-CF/experiments_logs/system_log/e2_ablation/wastesorting/scene_05_step50/ours-random-what/oracle/exp_wastesorting_20260804_151505_193120.txt
