Step: 1
[POMCP] applicable values:
        detect_waste(brl_robot): 3.5272864520927856

[POMCP] Selected: detect_waste(brl_robot)
[POMCP] Average simulation time:  0.0152
[POMCP] Average select time:  0.0
[Planner] Selected action: detect_waste(brl_robot)
[Planner] Observation:  ['detected(waste1)', 'detected(waste2)', 'paper(waste1)', 'paper(waste2)']
    [Feedback] method=ours-random-what, confidence=0.3351, threshold=0.8000, trigger=True
    [Planner] Current confidence: 0.3351293627474913
    [Query] Q: paper(waste1) is True?
    [Query] T: paper(waste1)=True?
    [Query] A: True
    [Planner] Reduced 625 --> 125
    [Planner] Current confidence: 0.4067687536272513
    [Query] Q: general(waste2) is True?
    [Query] T: general(waste2)=True?
    [Query] A: False
    [Planner] Reduced 125 --> 100
    [Planner] Current confidence: 0.4176081004264922
    [Query] Q: general(waste4) is True?
    [Query] T: general(waste4)=True?
    [Query] A: False
    [Planner] Reduced 100 --> 80
    [Planner] Current confidence: 0.4338292469274857
    [Query] Q: detected(waste2) is True?
    [Query] T: detected(waste2)=True?
    [Query] A: True
    [Planner] Reduced 80 --> 60
    [Planner] Current confidence: 0.44347665287350546
    [Query] Q: detected(waste4) is True?
    [Query] T: detected(waste4)=True?
    [Query] A: False
    [Planner] Reduced 60 --> 15
    [Planner] Current confidence: 0.4530364560380278
    [Query] Q: plastic(waste3) is True?
    [Query] T: plastic(waste3)=True?
    [Query] A: False
    [Planner] Reduced 15 --> 12
    [Planner] Current confidence: 0.4848906836881063
    [Query] Q: detected(waste3) is True?
    [Query] T: detected(waste3)=True?
    [Query] A: False
    [Planner] Reduced 12 --> 3
    [Planner] Current confidence: 0.5610386511070575
    [Query] Q: can(waste2) is True?
    [Query] T: can(waste2)=True?
    [Query] A: False
    [Planner] Reduced 3 --> 2
    [Planner] Current confidence: 0.6311268255420018
    [Query] Q: plastic(waste2) is True?
    [Query] T: plastic(waste2)=True?
    [Query] A: False
    [Planner] Reduced 2 --> 1
    [Planner] Updated confidence: 1.0
    [Belief Diff]
      + add (4): detected(waste1), detected(waste2), paper(waste1), paper(waste2)
      - del (0): -
[TIME] step_total=1.6900s (search=1.5237s, execute=0.0069s, update=0.1334s, interaction=0.0256s, pruning=0.0003s, overhead=0.0001s)
==================

Step: 2
[POMCP] applicable values:
        detect_waste(brl_robot): 3.517554347814536
        pick(brl_robot, waste1): 1.3575104166666665
        pick(brl_robot, waste2): 1.9344523437499999

[POMCP] Selected: detect_waste(brl_robot)
[POMCP] Average simulation time:  0.0131
[POMCP] Average select time:  0.0
[Planner] Selected action: detect_waste(brl_robot)
[Planner] Observation:  ['detected(waste1)', 'detected(waste2)', 'paper(waste1)', 'paper(waste2)']
    [Feedback] method=ours-random-what, confidence=0.4527, threshold=0.8000, trigger=True
    [Planner] Current confidence: 0.45265632551675394
    [Query] Q: can(waste2) is True?
    [Query] T: can(waste2)=True?
    [Query] A: False
    [Planner] Reduced 400 --> 300
    [Planner] Current confidence: 0.4546327756985956
    [Query] Q: plastic(waste4) is True?
    [Query] T: plastic(waste4)=True?
    [Query] A: False
    [Planner] Reduced 300 --> 240
    [Planner] Current confidence: 0.4690485561860961
    [Query] Q: general(waste3) is True?
    [Query] T: general(waste3)=True?
    [Query] A: False
    [Planner] Reduced 240 --> 192
    [Planner] Current confidence: 0.48470727189608687
    [Query] Q: paper(waste3) is True?
    [Query] T: paper(waste3)=True?
    [Query] A: False
    [Planner] Reduced 192 --> 144
    [Planner] Current confidence: 0.5007761905534986
    [Query] Q: paper(waste2) is True?
    [Query] T: paper(waste2)=True?
    [Query] A: True
    [Planner] Reduced 144 --> 48
    [Planner] Current confidence: 0.4585746252597963
    [Query] Q: can(waste3) is True?
    [Query] T: can(waste3)=True?
    [Query] A: False
    [Planner] Reduced 48 --> 32
    [Planner] Current confidence: 0.4710000804693044
    [Query] Q: general(waste4) is True?
    [Query] T: general(waste4)=True?
    [Query] A: False
    [Planner] Reduced 32 --> 24
    [Planner] Current confidence: 0.4950000453346959
    [Query] Q: plastic(waste3) is True?
    [Query] T: plastic(waste3)=True?
    [Query] A: False
    [Planner] Reduced 24 --> 12
    [Planner] Current confidence: 0.4774515569728046
    [Query] Q: general(waste1) is True?
    [Query] T: general(waste1)=True?
    [Query] A: False
    [Planner] Reduced 12 --> 9
    [Planner] Current confidence: 0.5060211834790709
    [Query] Q: paper(waste4) is True?
    [Query] T: paper(waste4)=True?
    [Query] A: False
    [Planner] Reduced 9 --> 6
    [Planner] Current confidence: 0.54086409952589
    [Query] Q: detected(waste4) is True?
    [Query] T: detected(waste4)=True?
    [Query] A: False
    [Planner] Reduced 6 --> 3
    [Planner] Current confidence: 0.5301902543867246
    [Query] Q: can(waste1) is True?
    [Query] T: can(waste1)=True?
    [Query] A: False
    [Planner] Reduced 3 --> 2
    [Planner] Current confidence: 0.6028938570920757
    [Query] Q: plastic(waste1) is True?
    [Query] T: plastic(waste1)=True?
    [Query] A: False
    [Planner] Reduced 2 --> 1
    [Planner] Updated confidence: 1.0
    [Belief Diff]
      + add (0): -
      - del (0): -
[TIME] step_total=1.4335s (search=1.3096s, execute=0.0069s, update=0.0903s, interaction=0.0262s, pruning=0.0005s, overhead=0.0001s)
==================

Step: 3
[POMCP] applicable values:
        detect_waste(brl_robot): 3.317102156445312
        pick(brl_robot, waste1): 6.507608021063012
        pick(brl_robot, waste2): 0.0

[POMCP] Selected: pick(brl_robot, waste1)
[POMCP] Average simulation time:  0.0041
[POMCP] Average select time:  0.0
[Planner] Selected action: pick(brl_robot, waste1)
[Planner] Observation:  ['holding(brl_robot,waste1)']
    [Feedback] method=ours-random-what, confidence=0.9264, threshold=0.8000, trigger=False
    [Planner] Updated confidence: 0.9264253626693447
    [Belief Diff]
      + add (1): holding(brl_robot,waste1)
      - del (1): handempty(brl_robot)
[TIME] step_total=0.4075s (search=0.4071s, execute=0.0001s, update=0.0001s, interaction=0.0000s, pruning=0.0001s, overhead=0.0000s)
==================

Step: 4
[POMCP] applicable values:
        place_gw_bin(brl_robot, waste1, gw_bin): 5.685344787547517
        place_paper_bin(brl_robot, waste1, pp_bin): 7.440582456783072
        place_can_bin(brl_robot, waste1, ca_bin): 3.4916864804687497
        place_plastic_bin(brl_robot, waste1, pl_bin): 5.498935588330321

[POMCP] Selected: place_paper_bin(brl_robot, waste1, pp_bin)
[POMCP] Average simulation time:  0.0043
[POMCP] Average select time:  0.0
[Planner] Selected action: place_paper_bin(brl_robot, waste1, pp_bin)
[Planner] Observation:  ['in_bin(waste1,pp_bin)', 'handempty(brl_robot)']
    [Feedback] method=ours-random-what, confidence=0.9748, threshold=0.8000, trigger=False
    [Planner] Updated confidence: 0.9747701718236695
    [Belief Diff]
      + add (2): in_bin(waste1,pp_bin), handempty(brl_robot)
      - del (2): detected(waste1), holding(brl_robot,waste1)
[TIME] step_total=0.4335s (search=0.4330s, execute=0.0002s, update=0.0001s, interaction=0.0000s, pruning=0.0002s, overhead=0.0000s)
==================

Step: 5
[POMCP] applicable values:
        detect_waste(brl_robot): 3.078093234730353
        pick(brl_robot, waste2): 1.7295000659117572

[POMCP] Selected: detect_waste(brl_robot)
[POMCP] Average simulation time:  0.004
[POMCP] Average select time:  0.0
[Planner] Selected action: detect_waste(brl_robot)
[Planner] Observation:  ['can(waste3)', 'detected(waste2)', 'detected(waste3)', 'paper(waste2)']
    [Feedback] method=ours-random-what, confidence=0.2961, threshold=0.8000, trigger=True
    [Planner] Current confidence: 0.29612331237185896
    [Query] Q: paper(waste4) is True?
    [Query] T: paper(waste4)=True?
    [Query] A: False
    [Planner] Reduced 100 --> 80
    [Planner] Current confidence: 0.30615786736569284
    [Query] Q: plastic(waste3) is True?
    [Query] T: plastic(waste3)=True?
    [Query] A: False
    [Planner] Reduced 80 --> 64
    [Planner] Current confidence: 0.32472664920229277
    [Query] Q: plastic(waste4) is True?
    [Query] T: plastic(waste4)=True?
    [Query] A: False
    [Planner] Reduced 64 --> 48
    [Planner] Current confidence: 0.333538685933364
    [Query] Q: can(waste2) is True?
    [Query] T: can(waste2)=True?
    [Query] A: False
    [Planner] Reduced 48 --> 36
    [Planner] Current confidence: 0.3409390208975318
    [Query] Q: general(waste3) is True?
    [Query] T: general(waste3)=True?
    [Query] A: False
    [Planner] Reduced 36 --> 27
    [Planner] Current confidence: 0.3722088475023535
    [Query] Q: can(waste3) is True?
    [Query] T: can(waste3)=True?
    [Query] A: True
    [Planner] Reduced 27 --> 9
    [Planner] Current confidence: 0.4980474570680776
    [Query] Q: plastic(waste2) is True?
    [Query] T: plastic(waste2)=True?
    [Query] A: False
    [Planner] Reduced 9 --> 6
    [Planner] Current confidence: 0.5229566539624484
    [Query] Q: paper(waste2) is True?
    [Query] T: paper(waste2)=True?
    [Query] A: True
    [Planner] Reduced 6 --> 3
    [Planner] Current confidence: 0.481824835492799
    [Query] Q: general(waste4) is True?
    [Query] T: general(waste4)=True?
    [Query] A: False
    [Planner] Reduced 3 --> 2
    [Planner] Current confidence: 0.5577673386872041
    [Query] Q: detected(waste4) is True?
    [Query] T: detected(waste4)=True?
    [Query] A: False
    [Planner] Reduced 2 --> 1
    [Planner] Updated confidence: 1.0
    [Belief Diff]
      + add (2): can(waste3), detected(waste3)
      - del (0): -
[TIME] step_total=0.4342s (search=0.4020s, execute=0.0039s, update=0.0195s, interaction=0.0075s, pruning=0.0011s, overhead=0.0001s)
==================

Step: 6
[POMCP] applicable values:
        detect_waste(brl_robot): 2.373764247669271
        pick(brl_robot, waste2): 8.824522221967374
        pick(brl_robot, waste3): 0.0

[POMCP] Selected: pick(brl_robot, waste2)
[POMCP] Average simulation time:  0.002
[POMCP] Average select time:  0.0
[Planner] Selected action: pick(brl_robot, waste2)
[Planner] Observation:  ['holding(brl_robot,waste2)']
    [Feedback] method=ours-random-what, confidence=0.9412, threshold=0.8000, trigger=False
    [Planner] Updated confidence: 0.9411503657231741
    [Belief Diff]
      + add (1): holding(brl_robot,waste2)
      - del (1): handempty(brl_robot)
[TIME] step_total=0.1958s (search=0.1954s, execute=0.0001s, update=0.0001s, interaction=0.0000s, pruning=0.0001s, overhead=0.0001s)
==================

Step: 7
[POMCP] applicable values:
        place_gw_bin(brl_robot, waste2, gw_bin): 1.9344523437499999
        place_paper_bin(brl_robot, waste2, pp_bin): 10.863507718695617
        place_can_bin(brl_robot, waste2, ca_bin): 1.7458432402343749
        place_plastic_bin(brl_robot, waste2, pl_bin): 0.0

[POMCP] Selected: place_paper_bin(brl_robot, waste2, pp_bin)
[POMCP] Average simulation time:  0.0017
[POMCP] Average select time:  0.0
[Planner] Selected action: place_paper_bin(brl_robot, waste2, pp_bin)
[Planner] Observation:  ['in_bin(waste2,pp_bin)', 'handempty(brl_robot)']
    [Feedback] method=ours-random-what, confidence=0.9959, threshold=0.8000, trigger=False
    [Planner] Updated confidence: 0.9958581104210987
    [Belief Diff]
      + add (2): in_bin(waste2,pp_bin), handempty(brl_robot)
      - del (2): detected(waste2), holding(brl_robot,waste2)
[TIME] step_total=0.1747s (search=0.1742s, execute=0.0002s, update=0.0001s, interaction=0.0000s, pruning=0.0002s, overhead=0.0001s)
==================

Step: 8
[POMCP] applicable values:
        detect_waste(brl_robot): 0.0
        pick(brl_robot, waste3): 7.55553075083675

[POMCP] Selected: pick(brl_robot, waste3)
[POMCP] Average simulation time:  0.0018
[POMCP] Average select time:  0.0
[Planner] Selected action: pick(brl_robot, waste3)
[Planner] Observation:  ['holding(brl_robot,waste3)']
    [Feedback] method=ours-random-what, confidence=0.9129, threshold=0.8000, trigger=False
    [Planner] Updated confidence: 0.9129267768860926
    [Belief Diff]
      + add (1): holding(brl_robot,waste3)
      - del (1): handempty(brl_robot)
[TIME] step_total=0.1780s (search=0.1775s, execute=0.0002s, update=0.0001s, interaction=0.0000s, pruning=0.0002s, overhead=0.0001s)
==================

Step: 9
[POMCP] applicable values:
        place_gw_bin(brl_robot, waste3, gw_bin): 0.0
        place_paper_bin(brl_robot, waste3, pp_bin): 0.0
        place_can_bin(brl_robot, waste3, ca_bin): 9.202134388223056
        place_plastic_bin(brl_robot, waste3, pl_bin): 0.0

[POMCP] Selected: place_can_bin(brl_robot, waste3, ca_bin)
[POMCP] Average simulation time:  0.0017
[POMCP] Average select time:  0.0
[Planner] Selected action: place_can_bin(brl_robot, waste3, ca_bin)
[Planner] Observation:  ['detected(waste3)', 'holding(brl_robot,waste3)']
    [Feedback] method=ours-random-what, confidence=0.4645, threshold=0.8000, trigger=True
    [Planner] Current confidence: 0.4644593284259021
    [Query] Q: handempty(brl_robot) is True?
    [Query] T: handempty(brl_robot)=True?
    [Query] A: True
    [Planner] Reduced 2 --> 1
    [Planner] Updated confidence: 1.0
    [Belief Diff]
      + add (2): in_bin(waste3,ca_bin), handempty(brl_robot)
      - del (2): holding(brl_robot,waste3), detected(waste3)
[TIME] step_total=0.1738s (search=0.1731s, execute=0.0002s, update=0.0001s, interaction=0.0002s, pruning=0.0002s, overhead=0.0001s)
==================

Step: 10
[POMCP] applicable values:
        detect_waste(brl_robot): 5.08719806734764

[POMCP] Selected: detect_waste(brl_robot)
[POMCP] Average simulation time:  0.0018
[POMCP] Average select time:  0.0
[Planner] Selected action: detect_waste(brl_robot)
[Planner] Observation:  ['can(waste4)', 'detected(waste4)']
    [Feedback] method=ours-random-what, confidence=0.5374, threshold=0.8000, trigger=True
    [Planner] Current confidence: 0.5373542878835968
    [Query] Q: general(waste4) is True?
    [Query] T: general(waste4)=True?
    [Query] A: False
    [Planner] Reduced 5 --> 4
    [Planner] Current confidence: 0.5800035067131738
    [Query] Q: paper(waste4) is True?
    [Query] T: paper(waste4)=True?
    [Query] A: False
    [Planner] Reduced 4 --> 3
    [Planner] Current confidence: 0.6308310404624549
    [Query] Q: plastic(waste4) is True?
    [Query] T: plastic(waste4)=True?
    [Query] A: False
    [Planner] Reduced 3 --> 2
    [Planner] Current confidence: 0.6935816105932016
    [Query] Q: detected(waste4) is True?
    [Query] T: detected(waste4)=True?
    [Query] A: True
    [Planner] Reduced 2 --> 1
    [Planner] Updated confidence: 1.0
    [Belief Diff]
      + add (2): can(waste4), detected(waste4)
      - del (0): -
[TIME] step_total=0.1961s (search=0.1801s, execute=0.0136s, update=0.0009s, interaction=0.0006s, pruning=0.0010s, overhead=0.0001s)
==================

Step: 11
[POMCP] applicable values:
        detect_waste(brl_robot): 5.445932976470885
        pick(brl_robot, waste4): 0.0

[POMCP] Selected: detect_waste(brl_robot)
[POMCP] Average simulation time:  0.0017
[POMCP] Average select time:  0.0
[Planner] Selected action: detect_waste(brl_robot)
[Planner] Observation:  ['can(waste4)', 'detected(waste4)']
    [Feedback] method=ours-random-what, confidence=0.3294, threshold=0.8000, trigger=True
    [Planner] Current confidence: 0.3294195070253252
    [Query] Q: plastic(waste4) is True?
    [Query] T: plastic(waste4)=True?
    [Query] A: False
    [Planner] Reduced 4 --> 3
    [Planner] Current confidence: 0.3857254052393838
    [Query] Q: paper(waste4) is True?
    [Query] T: paper(waste4)=True?
    [Query] A: False
    [Planner] Reduced 3 --> 2
    [Planner] Current confidence: 0.46453197776462196
    [Query] Q: general(waste4) is True?
    [Query] T: general(waste4)=True?
    [Query] A: False
    [Planner] Reduced 2 --> 1
    [Planner] Updated confidence: 1.0
    [Belief Diff]
      + add (0): -
      - del (0): -
[TIME] step_total=0.1777s (search=0.1721s, execute=0.0039s, update=0.0007s, interaction=0.0004s, pruning=0.0005s, overhead=0.0001s)
==================

Step: 12
[POMCP] applicable values:
        detect_waste(brl_robot): 6.850621706495803
        pick(brl_robot, waste4): 0.0

[POMCP] Selected: detect_waste(brl_robot)
[POMCP] Average simulation time:  0.0017
[POMCP] Average select time:  0.0001
[Planner] Selected action: detect_waste(brl_robot)
[Planner] Observation:  ['can(waste4)', 'detected(waste4)']
    [Feedback] method=ours-random-what, confidence=0.5022, threshold=0.8000, trigger=True
    [Planner] Current confidence: 0.5021953127060907
    [Query] Q: can(waste4) is True?
    [Query] T: can(waste4)=True?
    [Query] A: True
    [Planner] Reduced 4 --> 1
    [Planner] Updated confidence: 1.0
    [Belief Diff]
      + add (0): -
      - del (0): -
[TIME] step_total=0.1801s (search=0.1747s, execute=0.0040s, update=0.0007s, interaction=0.0002s, pruning=0.0004s, overhead=0.0001s)
==================

Step: 13
[POMCP] applicable values:
        detect_waste(brl_robot): 0.0
        pick(brl_robot, waste4): 12.266316074828831

[POMCP] Selected: pick(brl_robot, waste4)
[POMCP] Average simulation time:  0.0019
[POMCP] Average select time:  0.0
[Planner] Selected action: pick(brl_robot, waste4)
[Planner] Observation:  ['holding(brl_robot,waste4)']
    [Feedback] method=ours-random-what, confidence=0.9444, threshold=0.8000, trigger=False
    [Planner] Updated confidence: 0.9443577109668776
    [Belief Diff]
      + add (1): holding(brl_robot,waste4)
      - del (1): handempty(brl_robot)
[TIME] step_total=0.1872s (search=0.1867s, execute=0.0002s, update=0.0001s, interaction=0.0000s, pruning=0.0001s, overhead=0.0001s)
==================

Step: 14
[POMCP] applicable values:
        place_gw_bin(brl_robot, waste4, gw_bin): 0.0
        place_paper_bin(brl_robot, waste4, pp_bin): 0.0
        place_can_bin(brl_robot, waste4, ca_bin): 14.628365384615384
        place_plastic_bin(brl_robot, waste4, pl_bin): 0.0

[POMCP] Selected: place_can_bin(brl_robot, waste4, ca_bin)
[POMCP] Average simulation time:  0.0019
[POMCP] Average select time:  0.0
[Planner] Selected action: place_can_bin(brl_robot, waste4, ca_bin)
[Planner] Observation:  ['in_bin(waste4,ca_bin)', 'handempty(brl_robot)']
    [Feedback] method=ours-random-what, confidence=0.9896, threshold=0.8000, trigger=False
    [Planner] Updated confidence: 0.9896016038848074
    [Belief Diff]
      + add (2): in_bin(waste4,ca_bin), handempty(brl_robot)
      - del (2): holding(brl_robot,waste4), detected(waste4)
[TIME] step_total=0.1864s (search=0.1861s, execute=0.0002s, update=0.0001s, interaction=0.0000s, pruning=0.0000s, overhead=0.0001s)
[TIME SUMMARY]
avg search: 0.4068s
avg execute: 0.0029s
avg update: 0.0176s
avg interaction: 0.0044s
avg pruning: 0.0003s
avg step wall: 0.4320s
total wall clock: 6.0487s
=============Action Log=============
[STEP 1]: detect_waste(brl_robot)
[STEP 2]: detect_waste(brl_robot)
[STEP 3]: pick(brl_robot, waste1)
[STEP 4]: place_paper_bin(brl_robot, waste1, pp_bin)
[STEP 5]: detect_waste(brl_robot)
[STEP 6]: pick(brl_robot, waste2)
[STEP 7]: place_paper_bin(brl_robot, waste2, pp_bin)
[STEP 8]: pick(brl_robot, waste3)
[STEP 9]: place_can_bin(brl_robot, waste3, ca_bin)
[STEP 10]: detect_waste(brl_robot)
[STEP 11]: detect_waste(brl_robot)
[STEP 12]: detect_waste(brl_robot)
[STEP 13]: pick(brl_robot, waste4)
[STEP 14]: place_can_bin(brl_robot, waste4, ca_bin)
=============Final Knowledge=============
can(waste3)
can(waste4)
can_bin(ca_bin)
general_bin(gw_bin)
handempty(brl_robot)
in_bin(waste1,pp_bin)
in_bin(waste2,pp_bin)
in_bin(waste3,ca_bin)
in_bin(waste4,ca_bin)
paper(waste1)
paper(waste2)
paper_bin(pp_bin)
plastic_bin(pl_bin)
robot(brl_robot)
waste(waste1)
waste(waste2)
waste(waste3)
waste(waste4)
=============Query=============
Total Query 41
=============Action Schema Summary=============
detect_waste: actions=6, questions=40, expected_questions_per_action=6.6667
pick: actions=4, questions=0, expected_questions_per_action=0.0000
place_can_bin: actions=2, questions=1, expected_questions_per_action=0.5000
place_paper_bin: actions=2, questions=0, expected_questions_per_action=0.0000
=============Log File=============
/home/changmin/PyProject/00_BRL-CF/experiments_logs/system_log/e2_ablation/wastesorting/scene_05_step50/ours-random-what/oracle/exp_wastesorting_20260804_151649_334117.txt
