Step: 1
[POMCP] applicable values:
        detect_waste(brl_robot): 4.403955806619234

[POMCP] Selected: detect_waste(brl_robot)
[POMCP] Average simulation time:  0.0141
[POMCP] Average select time:  0.0
[Planner] Selected action: detect_waste(brl_robot)
[Planner] Observation:  ['detected(waste1)', 'detected(waste2)', 'paper(waste1)', 'paper(waste2)']
    [Feedback] method=ours-random-what, confidence=0.3191, threshold=0.8000, trigger=True
    [Planner] Current confidence: 0.3190826656905854
    [Query] Q: detected(waste1) is True?
    [Query] T: detected(waste1)=True?
    [Query] A: True
    [Planner] Reduced 625 --> 500
    [Planner] Current confidence: 0.3307669107494604
    [Query] Q: general(waste1) is True?
    [Query] T: general(waste1)=True?
    [Query] A: False
    [Planner] Reduced 500 --> 375
    [Planner] Current confidence: 0.3434537031898598
    [Query] Q: plastic(waste4) is True?
    [Query] T: plastic(waste4)=True?
    [Query] A: False
    [Planner] Reduced 375 --> 300
    [Planner] Current confidence: 0.3529239408855115
    [Query] Q: plastic(waste3) is True?
    [Query] T: plastic(waste3)=True?
    [Query] A: False
    [Planner] Reduced 300 --> 240
    [Planner] Current confidence: 0.3631908856307996
    [Query] Q: general(waste2) is True?
    [Query] T: general(waste2)=True?
    [Query] A: False
    [Planner] Reduced 240 --> 192
    [Planner] Current confidence: 0.37760863117110577
    [Query] Q: detected(waste2) is True?
    [Query] T: detected(waste2)=True?
    [Query] A: True
    [Planner] Reduced 192 --> 144
    [Planner] Current confidence: 0.3928711732062704
    [Query] Q: general(waste4) is True?
    [Query] T: general(waste4)=True?
    [Query] A: False
    [Planner] Reduced 144 --> 108
    [Planner] Current confidence: 0.4043030965453349
    [Query] Q: can(waste3) is True?
    [Query] T: can(waste3)=True?
    [Query] A: False
    [Planner] Reduced 108 --> 81
    [Planner] Current confidence: 0.4172514960433581
    [Query] Q: paper(waste3) is True?
    [Query] T: paper(waste3)=True?
    [Query] A: False
    [Planner] Reduced 81 --> 54
    [Planner] Current confidence: 0.423820133346106
    [Query] Q: detected(waste4) is True?
    [Query] T: detected(waste4)=True?
    [Query] A: False
    [Planner] Reduced 54 --> 18
    [Planner] Current confidence: 0.4016603128219898
    [Query] Q: paper(waste2) is True?
    [Query] T: paper(waste2)=True?
    [Query] A: True
    [Planner] Reduced 18 --> 6
    [Planner] Current confidence: 0.4128703403436539
    [Query] Q: general(waste3) is True?
    [Query] T: general(waste3)=True?
    [Query] A: False
    [Planner] Reduced 6 --> 3
    [Planner] Current confidence: 0.3214414184517085
    [Query] Q: plastic(waste1) is True?
    [Query] T: plastic(waste1)=True?
    [Query] A: False
    [Planner] Reduced 3 --> 2
    [Planner] Current confidence: 0.39901705510888386
    [Query] Q: can(waste1) is True?
    [Query] T: can(waste1)=True?
    [Query] A: False
    [Planner] Reduced 2 --> 1
    [Planner] Updated confidence: 1.0
    [Belief Diff]
      + add (4): detected(waste1), detected(waste2), paper(waste1), paper(waste2)
      - del (0): -
[TIME] step_total=1.5934s (search=1.4143s, execute=0.0066s, update=0.1251s, interaction=0.0470s, pruning=0.0004s, overhead=0.0001s)
==================

Step: 2
[POMCP] applicable values:
        detect_waste(brl_robot): 0.0
        pick(brl_robot, waste1): 8.782924608969841
        pick(brl_robot, waste2): 3.3196208331987616

[POMCP] Selected: pick(brl_robot, waste1)
[POMCP] Average simulation time:  0.0027
[POMCP] Average select time:  0.0
[Planner] Selected action: pick(brl_robot, waste1)
[Planner] Observation:  ['holding(brl_robot,waste1)']
    [Feedback] method=ours-random-what, confidence=0.8976, threshold=0.8000, trigger=False
    [Planner] Updated confidence: 0.8976458373794463
    [Belief Diff]
      + add (1): holding(brl_robot,waste1)
      - del (1): handempty(brl_robot)
[TIME] step_total=0.2718s (search=0.2714s, execute=0.0001s, update=0.0001s, interaction=0.0000s, pruning=0.0001s, overhead=0.0000s)
==================

Step: 3
[POMCP] applicable values:
        place_gw_bin(brl_robot, waste1, gw_bin): 3.6754594531249998
        place_paper_bin(brl_robot, waste1, pp_bin): 10.532526547853573
        place_can_bin(brl_robot, waste1, ca_bin): 3.7530923480959464
        place_plastic_bin(brl_robot, waste1, pl_bin): 0.0

[POMCP] Selected: place_paper_bin(brl_robot, waste1, pp_bin)
[POMCP] Average simulation time:  0.0021
[POMCP] Average select time:  0.0
[Planner] Selected action: place_paper_bin(brl_robot, waste1, pp_bin)
[Planner] Observation:  ['holding(brl_robot,waste1)', 'detected(waste1)']
    [Feedback] method=ours-random-what, confidence=0.8402, threshold=0.8000, trigger=False
    [Planner] Updated confidence: 0.8402487522190654
    [Belief Diff]
      + add (0): -
      - del (0): -
[TIME] step_total=0.2085s (search=0.2075s, execute=0.0001s, update=0.0001s, interaction=0.0000s, pruning=0.0007s, overhead=0.0000s)
==================

Step: 4
[POMCP] applicable values:
        place_gw_bin(brl_robot, waste1, gw_bin): 3.151247048623046
        place_paper_bin(brl_robot, waste1, pp_bin): 10.613861849450956
        place_can_bin(brl_robot, waste1, ca_bin): 0.0
        place_plastic_bin(brl_robot, waste1, pl_bin): 4.5125

[POMCP] Selected: place_paper_bin(brl_robot, waste1, pp_bin)
[POMCP] Average simulation time:  0.0022
[POMCP] Average select time:  0.0
[Planner] Selected action: place_paper_bin(brl_robot, waste1, pp_bin)
[Planner] Observation:  ['in_bin(waste1,pp_bin)', 'handempty(brl_robot)']
    [Feedback] method=ours-random-what, confidence=0.9910, threshold=0.8000, trigger=False
    [Planner] Updated confidence: 0.9910385520756503
    [Belief Diff]
      + add (2): in_bin(waste1,pp_bin), handempty(brl_robot)
      - del (2): detected(waste1), holding(brl_robot,waste1)
[TIME] step_total=0.2207s (search=0.2203s, execute=0.0001s, update=0.0001s, interaction=0.0000s, pruning=0.0001s, overhead=0.0000s)
==================

Step: 5
[POMCP] applicable values:
        detect_waste(brl_robot): 0.0
        pick(brl_robot, waste2): 6.606015954678532

[POMCP] Selected: pick(brl_robot, waste2)
[POMCP] Average simulation time:  0.0019
[POMCP] Average select time:  0.0
[Planner] Selected action: pick(brl_robot, waste2)
[Planner] Observation:  ['holding(brl_robot,waste2)']
    [Feedback] method=ours-random-what, confidence=0.9235, threshold=0.8000, trigger=False
    [Planner] Updated confidence: 0.9234844216275369
    [Belief Diff]
      + add (1): holding(brl_robot,waste2)
      - del (1): handempty(brl_robot)
[TIME] step_total=0.1949s (search=0.1944s, execute=0.0001s, update=0.0001s, interaction=0.0000s, pruning=0.0001s, overhead=0.0000s)
==================

Step: 6
[POMCP] applicable values:
        place_gw_bin(brl_robot, waste2, gw_bin): 0.0
        place_paper_bin(brl_robot, waste2, pp_bin): 7.73404744847033
        place_can_bin(brl_robot, waste2, ca_bin): 0.0
        place_plastic_bin(brl_robot, waste2, pl_bin): 3.8689046874999997

[POMCP] Selected: place_paper_bin(brl_robot, waste2, pp_bin)
[POMCP] Average simulation time:  0.0019
[POMCP] Average select time:  0.0
[Planner] Selected action: place_paper_bin(brl_robot, waste2, pp_bin)
[Planner] Observation:  ['in_bin(waste2,pp_bin)', 'handempty(brl_robot)']
    [Feedback] method=ours-random-what, confidence=0.9961, threshold=0.8000, trigger=False
    [Planner] Updated confidence: 0.9960853392763416
    [Belief Diff]
      + add (2): in_bin(waste2,pp_bin), handempty(brl_robot)
      - del (2): detected(waste2), holding(brl_robot,waste2)
[TIME] step_total=0.1911s (search=0.1906s, execute=0.0001s, update=0.0001s, interaction=0.0000s, pruning=0.0002s, overhead=0.0000s)
==================

Step: 7
[POMCP] applicable values:
        detect_waste(brl_robot): 3.1283573042991124

[POMCP] Selected: detect_waste(brl_robot)
[POMCP] Average simulation time:  0.0019
[POMCP] Average select time:  0.0
[Planner] Selected action: detect_waste(brl_robot)
[Planner] Observation:  ['can(waste4)', 'detected(waste3)', 'detected(waste4)', 'general(waste3)']
    [Feedback] method=ours-random-what, confidence=0.1287, threshold=0.8000, trigger=True
    [Planner] Current confidence: 0.128692620195471
    [Query] Q: plastic(waste4) is True?
    [Query] T: plastic(waste4)=True?
    [Query] A: False
    [Planner] Reduced 25 --> 20
    [Planner] Current confidence: 0.13956316689445325
    [Query] Q: paper(waste4) is True?
    [Query] T: paper(waste4)=True?
    [Query] A: False
    [Planner] Reduced 20 --> 15
    [Planner] Current confidence: 0.14843623148777618
    [Query] Q: can(waste3) is True?
    [Query] T: can(waste3)=True?
    [Query] A: True
    [Planner] Reduced 15 --> 3
    [Planner] Current confidence: 0.30730414002284356
    [Query] Q: can(waste4) is True?
    [Query] T: can(waste4)=True?
    [Query] A: True
    [Planner] Reduced 3 --> 1
    [Planner] Updated confidence: 1.0
    [Belief Diff]
      + add (4): can(waste3), can(waste4), detected(waste3), detected(waste4)
      - del (0): -
[TIME] step_total=0.2050s (search=0.1939s, execute=0.0045s, update=0.0040s, interaction=0.0014s, pruning=0.0012s, overhead=0.0001s)
==================

Step: 8
[POMCP] applicable values:
        detect_waste(brl_robot): 2.9331250000000004
        pick(brl_robot, waste3): 8.71737309417068
        pick(brl_robot, waste4): 0.0

[POMCP] Selected: pick(brl_robot, waste3)
[POMCP] Average simulation time:  0.0015
[POMCP] Average select time:  0.0
[Planner] Selected action: pick(brl_robot, waste3)
[Planner] Observation:  ['holding(brl_robot,waste3)']
    [Feedback] method=ours-random-what, confidence=0.9233, threshold=0.8000, trigger=False
    [Planner] Updated confidence: 0.9233117637148742
    [Belief Diff]
      + add (1): holding(brl_robot,waste3)
      - del (1): handempty(brl_robot)
[TIME] step_total=0.1530s (search=0.1525s, execute=0.0002s, update=0.0001s, interaction=0.0000s, pruning=0.0001s, overhead=0.0001s)
==================

Step: 9
[POMCP] applicable values:
        place_gw_bin(brl_robot, waste3, gw_bin): 4.286875
        place_paper_bin(brl_robot, waste3, pp_bin): 4.5125
        place_can_bin(brl_robot, waste3, ca_bin): 11.404720664098779
        place_plastic_bin(brl_robot, waste3, pl_bin): 4.286875

[POMCP] Selected: place_can_bin(brl_robot, waste3, ca_bin)
[POMCP] Average simulation time:  0.0017
[POMCP] Average select time:  0.0
[Planner] Selected action: place_can_bin(brl_robot, waste3, ca_bin)
[Planner] Observation:  ['detected(waste3)', 'holding(brl_robot,waste3)']
    [Feedback] method=ours-random-what, confidence=0.8376, threshold=0.8000, trigger=False
    [Planner] Updated confidence: 0.8376073030313742
    [Belief Diff]
      + add (0): -
      - del (0): -
[TIME] step_total=0.1753s (search=0.1740s, execute=0.0002s, update=0.0001s, interaction=0.0000s, pruning=0.0010s, overhead=0.0001s)
==================

Step: 10
[POMCP] applicable values:
        place_gw_bin(brl_robot, waste3, gw_bin): 0.0
        place_paper_bin(brl_robot, waste3, pp_bin): 1.0291666666666666
        place_can_bin(brl_robot, waste3, ca_bin): 8.90649539212907
        place_plastic_bin(brl_robot, waste3, pl_bin): 0.0

[POMCP] Selected: place_can_bin(brl_robot, waste3, ca_bin)
[POMCP] Average simulation time:  0.0017
[POMCP] Average select time:  0.0
[Planner] Selected action: place_can_bin(brl_robot, waste3, ca_bin)
[Planner] Observation:  ['in_bin(waste3,ca_bin)', 'handempty(brl_robot)']
    [Feedback] method=ours-random-what, confidence=0.9725, threshold=0.8000, trigger=False
    [Planner] Updated confidence: 0.9724747219546759
    [Belief Diff]
      + add (2): in_bin(waste3,ca_bin), handempty(brl_robot)
      - del (2): detected(waste3), holding(brl_robot,waste3)
[TIME] step_total=0.1721s (search=0.1716s, execute=0.0002s, update=0.0001s, interaction=0.0000s, pruning=0.0001s, overhead=0.0001s)
==================

Step: 11
[POMCP] applicable values:
        detect_waste(brl_robot): 5.574793185805724
        pick(brl_robot, waste4): 0.0

[POMCP] Selected: detect_waste(brl_robot)
[POMCP] Average simulation time:  0.0018
[POMCP] Average select time:  0.0
[Planner] Selected action: detect_waste(brl_robot)
[Planner] Observation:  ['can(waste4)', 'detected(waste4)']
    [Feedback] method=ours-random-what, confidence=0.6112, threshold=0.8000, trigger=True
    [Planner] Current confidence: 0.6111781843567567
    [Query] Q: plastic(waste4) is True?
    [Query] T: plastic(waste4)=True?
    [Query] A: False
    [Planner] Reduced 4 --> 3
    [Planner] Current confidence: 0.6597006808333381
    [Query] Q: general(waste4) is True?
    [Query] T: general(waste4)=True?
    [Query] A: False
    [Planner] Reduced 3 --> 2
    [Planner] Current confidence: 0.7188898681086805
    [Query] Q: paper(waste4) is True?
    [Query] T: paper(waste4)=True?
    [Query] A: False
    [Planner] Reduced 2 --> 1
    [Planner] Updated confidence: 1.0
    [Belief Diff]
      + add (0): -
      - del (0): -
[TIME] step_total=0.1849s (search=0.1792s, execute=0.0039s, update=0.0007s, interaction=0.0004s, pruning=0.0007s, overhead=0.0001s)
==================

Step: 12
[POMCP] applicable values:
        detect_waste(brl_robot): 7.943408599022241
        pick(brl_robot, waste4): 0.0

[POMCP] Selected: detect_waste(brl_robot)
[POMCP] Average simulation time:  0.0021
[POMCP] Average select time:  0.0
[Planner] Selected action: detect_waste(brl_robot)
[Planner] Observation:  ['can(waste4)', 'detected(waste4)']
    [Feedback] method=ours-random-what, confidence=0.5128, threshold=0.8000, trigger=True
    [Planner] Current confidence: 0.5127609059122878
    [Query] Q: paper(waste4) is True?
    [Query] T: paper(waste4)=True?
    [Query] A: False
    [Planner] Reduced 4 --> 3
    [Planner] Current confidence: 0.5674837366474017
    [Query] Q: can(waste4) is True?
    [Query] T: can(waste4)=True?
    [Query] A: True
    [Planner] Reduced 3 --> 1
    [Planner] Updated confidence: 1.0
    [Belief Diff]
      + add (0): -
      - del (0): -
[TIME] step_total=0.2153s (search=0.2092s, execute=0.0044s, update=0.0007s, interaction=0.0003s, pruning=0.0006s, overhead=0.0001s)
==================

Step: 13
[POMCP] applicable values:
        detect_waste(brl_robot): 0.0
        pick(brl_robot, waste4): 12.286126305272065

[POMCP] Selected: pick(brl_robot, waste4)
[POMCP] Average simulation time:  0.0018
[POMCP] Average select time:  0.0
[Planner] Selected action: pick(brl_robot, waste4)
[Planner] Observation:  ['holding(brl_robot,waste4)']
    [Feedback] method=ours-random-what, confidence=0.9571, threshold=0.8000, trigger=False
    [Planner] Updated confidence: 0.9570729820139702
    [Belief Diff]
      + add (1): holding(brl_robot,waste4)
      - del (1): handempty(brl_robot)
[TIME] step_total=0.1771s (search=0.1767s, execute=0.0002s, update=0.0001s, interaction=0.0000s, pruning=0.0001s, overhead=0.0001s)
==================

Step: 14
[POMCP] applicable values:
        place_gw_bin(brl_robot, waste4, gw_bin): 0.0
        place_paper_bin(brl_robot, waste4, pp_bin): 0.0
        place_can_bin(brl_robot, waste4, ca_bin): 14.57553191489362
        place_plastic_bin(brl_robot, waste4, pl_bin): 0.0

[POMCP] Selected: place_can_bin(brl_robot, waste4, ca_bin)
[POMCP] Average simulation time:  0.0019
[POMCP] Average select time:  0.0
[Planner] Selected action: place_can_bin(brl_robot, waste4, ca_bin)
[Planner] Observation:  ['in_bin(waste4,ca_bin)', 'handempty(brl_robot)']
    [Feedback] method=ours-random-what, confidence=0.9747, threshold=0.8000, trigger=False
    [Planner] Updated confidence: 0.9746941175182696
    [Belief Diff]
      + add (2): in_bin(waste4,ca_bin), handempty(brl_robot)
      - del (2): detected(waste4), holding(brl_robot,waste4)
[TIME] step_total=0.1870s (search=0.1867s, execute=0.0002s, update=0.0001s, interaction=0.0000s, pruning=0.0000s, overhead=0.0001s)
[TIME SUMMARY]
avg search: 0.2816s
avg execute: 0.0015s
avg update: 0.0094s
avg interaction: 0.0035s
avg pruning: 0.0004s
avg step wall: 0.2964s
total wall clock: 4.1502s
=============Action Log=============
[STEP 1]: detect_waste(brl_robot)
[STEP 2]: pick(brl_robot, waste1)
[STEP 3]: place_paper_bin(brl_robot, waste1, pp_bin)
[STEP 4]: place_paper_bin(brl_robot, waste1, pp_bin)
[STEP 5]: pick(brl_robot, waste2)
[STEP 6]: place_paper_bin(brl_robot, waste2, pp_bin)
[STEP 7]: detect_waste(brl_robot)
[STEP 8]: pick(brl_robot, waste3)
[STEP 9]: place_can_bin(brl_robot, waste3, ca_bin)
[STEP 10]: place_can_bin(brl_robot, waste3, ca_bin)
[STEP 11]: detect_waste(brl_robot)
[STEP 12]: detect_waste(brl_robot)
[STEP 13]: pick(brl_robot, waste4)
[STEP 14]: place_can_bin(brl_robot, waste4, ca_bin)
=============Final Knowledge=============
can(waste3)
can(waste4)
can_bin(ca_bin)
general_bin(gw_bin)
handempty(brl_robot)
in_bin(waste1,pp_bin)
in_bin(waste2,pp_bin)
in_bin(waste3,ca_bin)
in_bin(waste4,ca_bin)
paper(waste1)
paper(waste2)
paper_bin(pp_bin)
plastic_bin(pl_bin)
robot(brl_robot)
waste(waste1)
waste(waste2)
waste(waste3)
waste(waste4)
=============Query=============
Total Query 23
=============Action Schema Summary=============
detect_waste: actions=4, questions=23, expected_questions_per_action=5.7500
pick: actions=4, questions=0, expected_questions_per_action=0.0000
place_can_bin: actions=3, questions=0, expected_questions_per_action=0.0000
place_paper_bin: actions=3, questions=0, expected_questions_per_action=0.0000
=============Log File=============
/home/changmin/PyProject/00_BRL-CF/experiments_logs/system_log/e2_ablation/wastesorting/scene_05_step50/ours-random-what/oracle/exp_wastesorting_20260804_151542_689133.txt
